
****** Vitis HLS - High-Level Synthesis from C, C++ and OpenCL v2022.2 (64-bit)
  **** SW Build 3670227 on Oct 13 2022
  **** IP Build 3669848 on Fri Oct 14 08:30:02 MDT 2022
    ** Copyright 1986-2022 Xilinx, Inc. All Rights Reserved.

source /home/advent/Vivado/Vitis_HLS/2022.2/scripts/vitis_hls/hls.tcl -notrace
INFO: [HLS 200-10] Running '/home/advent/Vivado/Vitis_HLS/2022.2/bin/unwrapped/lnx64.o/vitis_hls'
INFO: [HLS 200-10] For user 'advent' on host 'advent' (Linux_x86_64 version 5.4.0-148-generic) on Mon Apr 27 18:42:25 MST 2026
INFO: [HLS 200-10] On os Ubuntu 20.04.6 LTS
INFO: [HLS 200-10] In directory '/home/advent/Desktop/RC19/_x/score_scale_u55c_kernel/score_scale_u55c_kernel'
Sourcing Tcl script 'score_scale_u55c_kernel.tcl'
INFO: [HLS 200-1510] Running: open_project score_scale_u55c_kernel 
INFO: [HLS 200-10] Creating and opening project '/home/advent/Desktop/RC19/_x/score_scale_u55c_kernel/score_scale_u55c_kernel/score_scale_u55c_kernel'.
INFO: [HLS 200-1510] Running: set_top score_scale_u55c_kernel 
INFO: [HLS 200-1510] Running: add_files /home/advent/Desktop/RC19/attention_score_u55c/hls/score_scale/score_scale_core_hls.cpp 
INFO: [HLS 200-10] Adding design file '/home/advent/Desktop/RC19/attention_score_u55c/hls/score_scale/score_scale_core_hls.cpp' to the project
INFO: [HLS 200-1510] Running: open_solution -flow_target vitis solution 
INFO: [HLS 200-10] Creating and opening solution '/home/advent/Desktop/RC19/_x/score_scale_u55c_kernel/score_scale_u55c_kernel/score_scale_u55c_kernel/solution'.
INFO: [HLS 200-1505] Using flow_target 'vitis'
Resolution: For help on HLS 200-1505 see www.xilinx.com/cgi-bin/docs/rdoc?v=2022.2;t=hls+guidance;d=200-1505.html
INFO: [HLS 200-435] Setting 'open_solution -flow_target vitis' configuration: config_interface -m_axi_latency=64
INFO: [HLS 200-435] Setting 'open_solution -flow_target vitis' configuration: config_interface -m_axi_alignment_byte_size=64
INFO: [HLS 200-435] Setting 'open_solution -flow_target vitis' configuration: config_interface -m_axi_max_widen_bitwidth=512
INFO: [HLS 200-435] Setting 'open_solution -flow_target vitis' configuration: config_rtl -register_reset_num=3
INFO: [HLS 200-1510] Running: set_part xcu55c-fsvh2892-2L-e 
INFO: [HLS 200-1611] Setting target device to 'xcu55c-fsvh2892-2L-e'
INFO: [HLS 200-1510] Running: create_clock -period 300.000000MHz -name default 
INFO: [SYN 201-201] Setting up clock 'default' with a period of 3.333ns.
INFO: [HLS 200-1510] Running: config_dataflow -strict_mode warning 
INFO: [HLS 200-1510] Running: config_export -deadlock_detection sim 
WARNING: [HLS 200-483] The 'config_export -deadlock_detection' command is deprecated and will be removed in a future release. Use 'config_rtl -deadlock_detection' as its replacement.
INFO: [HLS 200-1907] Replacing 'config_export -deadlock_detection=sim' with 'config_rtl -deadlock_detection=sim' in current solution file
INFO: [HLS 200-1510] Running: config_interface -m_axi_conservative_mode=1 
INFO: [HLS 200-1510] Running: config_interface -m_axi_addr64 
INFO: [HLS 200-1510] Running: config_interface -m_axi_auto_max_ports=0 
INFO: [HLS 200-1510] Running: config_export -format xo -ipname score_scale_u55c_kernel 
INFO: [HLS 200-1907] Replacing 'config_export -deadlock_detection=sim' with 'config_rtl -deadlock_detection=sim' in current solution file
INFO: [HLS 200-1510] Running: csynth_design 
INFO: [HLS 200-111] Finished File checks and directory preparation: CPU user time: 0.01 seconds. CPU system time: 0 seconds. Elapsed time: 0.01 seconds; current allocated memory: 315.863 MB.
INFO: [HLS 200-10] Analyzing design file '/home/advent/Desktop/RC19/attention_score_u55c/hls/score_scale/score_scale_core_hls.cpp' ... 
INFO: [HLS 200-111] Finished Source Code Analysis and Preprocessing: CPU user time: 1.32 seconds. CPU system time: 0.22 seconds. Elapsed time: 1.56 seconds; current allocated memory: 317.602 MB.
INFO: [HLS 200-777] Using interface defaults for 'Vitis' flow target.
INFO: [HLS 214-115] Multiple burst reads of length 32 and bit width 512 has been inferred on bundle 'gmem0'. These burst requests might be further partitioned into multiple requests during RTL generation, based on max_read_burst_length or max_write_burst_length settings. (/home/advent/Desktop/RC19/attention_score_u55c/hls/score_scale/score_scale_core_hls.cpp:36:20)
INFO: [HLS 214-115] Multiple burst writes of length 32 and bit width 512 has been inferred on bundle 'gmem1'. These burst requests might be further partitioned into multiple requests during RTL generation, based on max_read_burst_length or max_write_burst_length settings. (/home/advent/Desktop/RC19/attention_score_u55c/hls/score_scale/score_scale_core_hls.cpp:45:20)
INFO: [HLS 200-111] Finished Compiling Optimization and Transform: CPU user time: 1.68 seconds. CPU system time: 0.18 seconds. Elapsed time: 1.84 seconds; current allocated memory: 318.426 MB.
INFO: [HLS 200-111] Finished Checking Pragmas: CPU user time: 0 seconds. CPU system time: 0 seconds. Elapsed time: 0 seconds; current allocated memory: 318.426 MB.
INFO: [HLS 200-10] Starting code transformations ...
INFO: [HLS 200-111] Finished Standard Transforms: CPU user time: 0.02 seconds. CPU system time: 0 seconds. Elapsed time: 0.02 seconds; current allocated memory: 320.250 MB.
INFO: [HLS 200-10] Checking synthesizability ...
INFO: [HLS 200-111] Finished Checking Synthesizability: CPU user time: 0.01 seconds. CPU system time: 0.01 seconds. Elapsed time: 0.02 seconds; current allocated memory: 322.383 MB.
INFO: [HLS 200-111] Finished Loop, function and other optimizations: CPU user time: 0.04 seconds. CPU system time: 0 seconds. Elapsed time: 0.04 seconds; current allocated memory: 346.379 MB.
INFO: [XFORM 203-541] Flattening a loop nest 'VITIS_LOOP_36_1' (/home/advent/Desktop/RC19/attention_score_u55c/hls/score_scale/score_scale_core_hls.cpp:36:29) in function 'attention_score_u55c::score_scale::score_scale_u55c_kernel'.
INFO: [XFORM 203-541] Flattening a loop nest 'VITIS_LOOP_45_3' (/home/advent/Desktop/RC19/attention_score_u55c/hls/score_scale/score_scale_core_hls.cpp:45:29) in function 'attention_score_u55c::score_scale::score_scale_u55c_kernel'.
INFO: [XFORM 203-541] Flattening a loop nest 'VITIS_LOOP_14_1' (/home/advent/Desktop/RC19/attention_score_u55c/hls/score_scale/score_scale_core_hls.cpp:14:28) in function 'attention_score_u55c::score_scale::score_scale_core_hls'.
INFO: [HLS 200-472] Inferring partial write operation for 'score_out' (/home/advent/Desktop/RC19/attention_score_u55c/hls/score_scale/score_scale_core_hls.cpp:17:22)
INFO: [HLS 200-472] Inferring partial write operation for 'score_in_local.V' (/home/advent/Desktop/RC19/attention_score_u55c/hls/score_scale/score_scale_core_hls.cpp:39:27)
INFO: [HLS 200-111] Finished Architecture Synthesis: CPU user time: 0.03 seconds. CPU system time: 0 seconds. Elapsed time: 0.03 seconds; current allocated memory: 367.059 MB.
INFO: [HLS 200-10] Starting hardware synthesis ...
INFO: [HLS 200-10] Synthesizing 'score_scale_u55c_kernel' ...
INFO: [HLS 200-10] ----------------------------------------------------------------
INFO: [HLS 200-42] -- Implementing module 'score_scale_u55c_kernel_Pipeline_VITIS_LOOP_36_1_VITIS_LOOP_37_2' 
INFO: [HLS 200-10] ----------------------------------------------------------------
INFO: [SCHED 204-11] Starting scheduling ...
INFO: [SCHED 204-61] Pipelining loop 'VITIS_LOOP_36_1_VITIS_LOOP_37_2'.
INFO: [HLS 200-1470] Pipelining result : Target II = 1, Final II = 1, Depth = 3, loop 'VITIS_LOOP_36_1_VITIS_LOOP_37_2'
INFO: [SCHED 204-11] Finished scheduling.
INFO: [HLS 200-111] Finished Scheduling: CPU user time: 0.02 seconds. CPU system time: 0.01 seconds. Elapsed time: 0.04 seconds; current allocated memory: 368.688 MB.
INFO: [BIND 205-100] Starting micro-architecture generation ...
INFO: [BIND 205-101] Performing variable lifetime analysis.
INFO: [BIND 205-101] Exploring resource sharing.
INFO: [BIND 205-101] Binding ...
INFO: [BIND 205-100] Finished micro-architecture generation.
INFO: [HLS 200-111] Finished Binding: CPU user time: 0.02 seconds. CPU system time: 0 seconds. Elapsed time: 0.01 seconds; current allocated memory: 368.688 MB.
INFO: [HLS 200-10] ----------------------------------------------------------------
INFO: [HLS 200-42] -- Implementing module 'score_scale_core_hls' 
INFO: [HLS 200-10] ----------------------------------------------------------------
INFO: [SCHED 204-11] Starting scheduling ...
INFO: [SCHED 204-61] Pipelining loop 'VITIS_LOOP_14_1_VITIS_LOOP_15_2'.
INFO: [HLS 200-1470] Pipelining result : Target II = 1, Final II = 1, Depth = 13, loop 'VITIS_LOOP_14_1_VITIS_LOOP_15_2'
INFO: [SCHED 204-11] Finished scheduling.
INFO: [HLS 200-111] Finished Scheduling: CPU user time: 0.04 seconds. CPU system time: 0 seconds. Elapsed time: 0.05 seconds; current allocated memory: 369.035 MB.
INFO: [BIND 205-100] Starting micro-architecture generation ...
INFO: [BIND 205-101] Performing variable lifetime analysis.
INFO: [BIND 205-101] Exploring resource sharing.
INFO: [BIND 205-101] Binding ...
INFO: [BIND 205-100] Finished micro-architecture generation.
INFO: [HLS 200-111] Finished Binding: CPU user time: 0.05 seconds. CPU system time: 0 seconds. Elapsed time: 0.04 seconds; current allocated memory: 369.035 MB.
INFO: [HLS 200-10] ----------------------------------------------------------------
INFO: [HLS 200-42] -- Implementing module 'score_scale_u55c_kernel_Pipeline_VITIS_LOOP_45_3_VITIS_LOOP_46_4' 
INFO: [HLS 200-10] ----------------------------------------------------------------
INFO: [SCHED 204-11] Starting scheduling ...
INFO: [SCHED 204-61] Pipelining loop 'VITIS_LOOP_45_3_VITIS_LOOP_46_4'.
INFO: [HLS 200-1470] Pipelining result : Target II = 1, Final II = 1, Depth = 4, loop 'VITIS_LOOP_45_3_VITIS_LOOP_46_4'
INFO: [SCHED 204-11] Finished scheduling.
INFO: [HLS 200-111] Finished Scheduling: CPU user time: 0.04 seconds. CPU system time: 0 seconds. Elapsed time: 0.05 seconds; current allocated memory: 369.562 MB.
INFO: [BIND 205-100] Starting micro-architecture generation ...
INFO: [BIND 205-101] Performing variable lifetime analysis.
INFO: [BIND 205-101] Exploring resource sharing.
INFO: [BIND 205-101] Binding ...
INFO: [BIND 205-100] Finished micro-architecture generation.
INFO: [HLS 200-111] Finished Binding: CPU user time: 0.02 seconds. CPU system time: 0 seconds. Elapsed time: 0.02 seconds; current allocated memory: 369.562 MB.
INFO: [HLS 200-10] ----------------------------------------------------------------
INFO: [HLS 200-42] -- Implementing module 'score_scale_u55c_kernel' 
INFO: [HLS 200-10] ----------------------------------------------------------------
INFO: [SCHED 204-11] Starting scheduling ...
INFO: [SCHED 204-11] Finished scheduling.
INFO: [HLS 200-111] Finished Scheduling: CPU user time: 0.11 seconds. CPU system time: 0 seconds. Elapsed time: 0.11 seconds; current allocated memory: 369.738 MB.
INFO: [BIND 205-100] Starting micro-architecture generation ...
INFO: [BIND 205-101] Performing variable lifetime analysis.
INFO: [BIND 205-101] Exploring resource sharing.
INFO: [BIND 205-101] Binding ...
INFO: [BIND 205-100] Finished micro-architecture generation.
INFO: [HLS 200-111] Finished Binding: CPU user time: 0.26 seconds. CPU system time: 0.01 seconds. Elapsed time: 0.26 seconds; current allocated memory: 369.738 MB.
INFO: [HLS 200-10] ----------------------------------------------------------------
INFO: [HLS 200-10] -- Generating RTL for module 'score_scale_u55c_kernel_Pipeline_VITIS_LOOP_36_1_VITIS_LOOP_37_2' 
INFO: [HLS 200-10] ----------------------------------------------------------------
INFO: [HLS 200-1030] Apply Unified Pipeline Control on module 'score_scale_u55c_kernel_Pipeline_VITIS_LOOP_36_1_VITIS_LOOP_37_2' pipeline 'VITIS_LOOP_36_1_VITIS_LOOP_37_2' pipeline type 'loop pipeline'
WARNING: [RTGEN 206-101] Setting dangling out port 'score_scale_u55c_kernel_Pipeline_VITIS_LOOP_36_1_VITIS_LOOP_37_2/m_axi_gmem0_ARVALID' to 0.
WARNING: [RTGEN 206-101] Setting dangling out port 'score_scale_u55c_kernel_Pipeline_VITIS_LOOP_36_1_VITIS_LOOP_37_2/m_axi_gmem0_ARADDR' to 0.
WARNING: [RTGEN 206-101] Setting dangling out port 'score_scale_u55c_kernel_Pipeline_VITIS_LOOP_36_1_VITIS_LOOP_37_2/m_axi_gmem0_ARID' to 0.
WARNING: [RTGEN 206-101] Setting dangling out port 'score_scale_u55c_kernel_Pipeline_VITIS_LOOP_36_1_VITIS_LOOP_37_2/m_axi_gmem0_ARLEN' to 0.
WARNING: [RTGEN 206-101] Setting dangling out port 'score_scale_u55c_kernel_Pipeline_VITIS_LOOP_36_1_VITIS_LOOP_37_2/m_axi_gmem0_ARSIZE' to 0.
WARNING: [RTGEN 206-101] Setting dangling out port 'score_scale_u55c_kernel_Pipeline_VITIS_LOOP_36_1_VITIS_LOOP_37_2/m_axi_gmem0_ARBURST' to 0.
WARNING: [RTGEN 206-101] Setting dangling out port 'score_scale_u55c_kernel_Pipeline_VITIS_LOOP_36_1_VITIS_LOOP_37_2/m_axi_gmem0_ARLOCK' to 0.
WARNING: [RTGEN 206-101] Setting dangling out port 'score_scale_u55c_kernel_Pipeline_VITIS_LOOP_36_1_VITIS_LOOP_37_2/m_axi_gmem0_ARCACHE' to 0.
WARNING: [RTGEN 206-101] Setting dangling out port 'score_scale_u55c_kernel_Pipeline_VITIS_LOOP_36_1_VITIS_LOOP_37_2/m_axi_gmem0_ARPROT' to 0.
WARNING: [RTGEN 206-101] Setting dangling out port 'score_scale_u55c_kernel_Pipeline_VITIS_LOOP_36_1_VITIS_LOOP_37_2/m_axi_gmem0_ARQOS' to 0.
WARNING: [RTGEN 206-101] Setting dangling out port 'score_scale_u55c_kernel_Pipeline_VITIS_LOOP_36_1_VITIS_LOOP_37_2/m_axi_gmem0_ARREGION' to 0.
WARNING: [RTGEN 206-101] Setting dangling out port 'score_scale_u55c_kernel_Pipeline_VITIS_LOOP_36_1_VITIS_LOOP_37_2/m_axi_gmem0_ARUSER' to 0.
INFO: [RTGEN 206-100] Finished creating RTL model for 'score_scale_u55c_kernel_Pipeline_VITIS_LOOP_36_1_VITIS_LOOP_37_2'.
INFO: [HLS 200-111] Finished Creating RTL model: CPU user time: 0.09 seconds. CPU system time: 0 seconds. Elapsed time: 0.09 seconds; current allocated memory: 370.223 MB.
INFO: [HLS 200-10] ----------------------------------------------------------------
INFO: [HLS 200-10] -- Generating RTL for module 'score_scale_core_hls' 
INFO: [HLS 200-10] ----------------------------------------------------------------
INFO: [HLS 200-1030] Apply Unified Pipeline Control on module 'score_scale_core_hls' pipeline 'VITIS_LOOP_14_1_VITIS_LOOP_15_2' pipeline type 'loop pipeline'
INFO: [RTGEN 206-100] Generating core module 'fmul_32ns_32ns_32_4_max_dsp_1': 1 instance(s).
INFO: [RTGEN 206-100] Generating core module 'sitofp_32ns_32_5_no_dsp_1': 1 instance(s).
INFO: [RTGEN 206-100] Finished creating RTL model for 'score_scale_core_hls'.
INFO: [HLS 200-111] Finished Creating RTL model: CPU user time: 0.06 seconds. CPU system time: 0 seconds. Elapsed time: 0.06 seconds; current allocated memory: 371.742 MB.
INFO: [HLS 200-10] ----------------------------------------------------------------
INFO: [HLS 200-10] -- Generating RTL for module 'score_scale_u55c_kernel_Pipeline_VITIS_LOOP_45_3_VITIS_LOOP_46_4' 
INFO: [HLS 200-10] ----------------------------------------------------------------
INFO: [HLS 200-1030] Apply Unified Pipeline Control on module 'score_scale_u55c_kernel_Pipeline_VITIS_LOOP_45_3_VITIS_LOOP_46_4' pipeline 'VITIS_LOOP_45_3_VITIS_LOOP_46_4' pipeline type 'loop pipeline'
WARNING: [RTGEN 206-101] Setting dangling out port 'score_scale_u55c_kernel_Pipeline_VITIS_LOOP_45_3_VITIS_LOOP_46_4/m_axi_gmem1_AWVALID' to 0.
WARNING: [RTGEN 206-101] Setting dangling out port 'score_scale_u55c_kernel_Pipeline_VITIS_LOOP_45_3_VITIS_LOOP_46_4/m_axi_gmem1_AWADDR' to 0.
WARNING: [RTGEN 206-101] Setting dangling out port 'score_scale_u55c_kernel_Pipeline_VITIS_LOOP_45_3_VITIS_LOOP_46_4/m_axi_gmem1_AWID' to 0.
WARNING: [RTGEN 206-101] Setting dangling out port 'score_scale_u55c_kernel_Pipeline_VITIS_LOOP_45_3_VITIS_LOOP_46_4/m_axi_gmem1_AWLEN' to 0.
WARNING: [RTGEN 206-101] Setting dangling out port 'score_scale_u55c_kernel_Pipeline_VITIS_LOOP_45_3_VITIS_LOOP_46_4/m_axi_gmem1_AWSIZE' to 0.
WARNING: [RTGEN 206-101] Setting dangling out port 'score_scale_u55c_kernel_Pipeline_VITIS_LOOP_45_3_VITIS_LOOP_46_4/m_axi_gmem1_AWBURST' to 0.
WARNING: [RTGEN 206-101] Setting dangling out port 'score_scale_u55c_kernel_Pipeline_VITIS_LOOP_45_3_VITIS_LOOP_46_4/m_axi_gmem1_AWLOCK' to 0.
WARNING: [RTGEN 206-101] Setting dangling out port 'score_scale_u55c_kernel_Pipeline_VITIS_LOOP_45_3_VITIS_LOOP_46_4/m_axi_gmem1_AWCACHE' to 0.
WARNING: [RTGEN 206-101] Setting dangling out port 'score_scale_u55c_kernel_Pipeline_VITIS_LOOP_45_3_VITIS_LOOP_46_4/m_axi_gmem1_AWPROT' to 0.
WARNING: [RTGEN 206-101] Setting dangling out port 'score_scale_u55c_kernel_Pipeline_VITIS_LOOP_45_3_VITIS_LOOP_46_4/m_axi_gmem1_AWQOS' to 0.
WARNING: [RTGEN 206-101] Setting dangling out port 'score_scale_u55c_kernel_Pipeline_VITIS_LOOP_45_3_VITIS_LOOP_46_4/m_axi_gmem1_AWREGION' to 0.
WARNING: [RTGEN 206-101] Setting dangling out port 'score_scale_u55c_kernel_Pipeline_VITIS_LOOP_45_3_VITIS_LOOP_46_4/m_axi_gmem1_AWUSER' to 0.
WARNING: [RTGEN 206-101] Setting dangling out port 'score_scale_u55c_kernel_Pipeline_VITIS_LOOP_45_3_VITIS_LOOP_46_4/m_axi_gmem1_BREADY' to 0.
INFO: [RTGEN 206-100] Finished creating RTL model for 'score_scale_u55c_kernel_Pipeline_VITIS_LOOP_45_3_VITIS_LOOP_46_4'.
INFO: [HLS 200-111] Finished Creating RTL model: CPU user time: 0.07 seconds. CPU system time: 0 seconds. Elapsed time: 0.08 seconds; current allocated memory: 373.137 MB.
INFO: [HLS 200-10] ----------------------------------------------------------------
INFO: [HLS 200-10] -- Generating RTL for module 'score_scale_u55c_kernel' 
INFO: [HLS 200-10] ----------------------------------------------------------------
WARNING: [RTGEN 206-101] Design contains AXI ports. Reset is fixed to synchronous and active low.
INFO: [RTGEN 206-500] Setting interface mode on port 'score_scale_u55c_kernel/gmem0' to 'm_axi'.
INFO: [RTGEN 206-500] Setting interface mode on port 'score_scale_u55c_kernel/gmem1' to 'm_axi'.
INFO: [RTGEN 206-500] Setting interface mode on port 'score_scale_u55c_kernel/score_in' to 's_axilite & ap_none'.
INFO: [RTGEN 206-500] Setting interface mode on port 'score_scale_u55c_kernel/score_out' to 's_axilite & ap_none'.
INFO: [RTGEN 206-500] Setting interface mode on port 'score_scale_u55c_kernel/total_scale' to 's_axilite & ap_none'.
INFO: [RTGEN 206-500] Setting interface mode on function 'score_scale_u55c_kernel' to 's_axilite & ap_ctrl_chain'.
INFO: [RTGEN 206-100] Bundling port 'score_in', 'score_out', 'total_scale' to AXI-Lite port control.
INFO: [RTGEN 206-100] Finished creating RTL model for 'score_scale_u55c_kernel'.
INFO: [RTMG 210-278] Implementing memory 'score_scale_u55c_kernel_score_in_local_V_RAM_AUTO_1R1W' using auto RAMs.
INFO: [HLS 200-111] Finished Creating RTL model: CPU user time: 0.08 seconds. CPU system time: 0 seconds. Elapsed time: 0.08 seconds; current allocated memory: 377.273 MB.
INFO: [HLS 200-111] Finished Generating all RTL models: CPU user time: 0.24 seconds. CPU system time: 0.01 seconds. Elapsed time: 0.25 seconds; current allocated memory: 380.938 MB.
INFO: [HLS 200-1603] Design has inferred MAXI bursts, see Vitis HLS GUI synthesis summary report for detailed information.
INFO: [HLS 200-111] Finished Updating report files: CPU user time: 0.31 seconds. CPU system time: 0 seconds. Elapsed time: 0.32 seconds; current allocated memory: 387.105 MB.
INFO: [VHDL 208-304] Generating VHDL RTL for score_scale_u55c_kernel.
INFO: [VLOG 209-307] Generating Verilog RTL for score_scale_u55c_kernel.
INFO: [HLS 200-790] **** Loop Constraint Status: All loop constraints were satisfied.
INFO: [HLS 200-789] **** Estimated Fmax: 411.00 MHz
INFO: [HLS 200-111] Finished Command csynth_design CPU user time: 4.53 seconds. CPU system time: 0.44 seconds. Elapsed time: 4.98 seconds; current allocated memory: 71.316 MB.
INFO: [HLS 200-1510] Running: export_design 
INFO: [IMPL 213-8] Exporting RTL as a Vivado IP.

****** Vivado v2022.2 (64-bit)
  **** SW Build 3671981 on Fri Oct 14 04:59:54 MDT 2022
  **** IP Build 3669848 on Fri Oct 14 08:30:02 MDT 2022
    ** Copyright 1986-2022 Xilinx, Inc. All Rights Reserved.

source run_ippack.tcl -notrace
INFO: [IP_Flow 19-234] Refreshing IP repositories
INFO: [IP_Flow 19-1704] No user IP repositories specified
INFO: [IP_Flow 19-2313] Loaded Vivado IP repository '/home/advent/Vivado/Vivado/2022.2/data/ip'.
WARNING: [IP_Flow 19-4832] The IP name 'score_scale_u55c_kernel_fmul_32ns_32ns_32_4_max_dsp_1_ip' you have specified is long. The Windows operating system has path length limitations. It is recommended you use shorter names to reduce the likelihood of issues.
INFO: [IP_Flow 19-1686] Generating 'Synthesis' target for IP 'score_scale_u55c_kernel_fmul_32ns_32ns_32_4_max_dsp_1_ip'...
INFO: [IP_Flow 19-1686] Generating 'Simulation' target for IP 'score_scale_u55c_kernel_fmul_32ns_32ns_32_4_max_dsp_1_ip'...
WARNING: [IP_Flow 19-4832] The IP name 'score_scale_u55c_kernel_sitofp_32ns_32_5_no_dsp_1_ip' you have specified is long. The Windows operating system has path length limitations. It is recommended you use shorter names to reduce the likelihood of issues.
INFO: [IP_Flow 19-1686] Generating 'Synthesis' target for IP 'score_scale_u55c_kernel_sitofp_32ns_32_5_no_dsp_1_ip'...
INFO: [IP_Flow 19-1686] Generating 'Simulation' target for IP 'score_scale_u55c_kernel_sitofp_32ns_32_5_no_dsp_1_ip'...
INFO: [IP_Flow 19-234] Refreshing IP repositories
INFO: [IP_Flow 19-1704] No user IP repositories specified
INFO: [IP_Flow 19-2313] Loaded Vivado IP repository '/home/advent/Vivado/Vivado/2022.2/data/ip'.
Running package_xo -xo_path /home/advent/Desktop/RC19/_x/score_scale_u55c_kernel/score_scale_u55c_kernel/score_scale_u55c_kernel/solution/impl/export.xo -kernel_name score_scale_u55c_kernel -kernel_xml /home/advent/Desktop/RC19/_x/score_scale_u55c_kernel/score_scale_u55c_kernel/score_scale_u55c_kernel/solution/impl/ip/../kernel/kernel.xml -kernel_files /home/advent/Desktop/RC19/attention_score_u55c/hls/score_scale/score_scale_core_hls.cpp -ip_directory /home/advent/Desktop/RC19/_x/score_scale_u55c_kernel/score_scale_u55c_kernel/score_scale_u55c_kernel/solution/impl/ip/ip_unzip_dir -design_xml /home/advent/Desktop/RC19/_x/score_scale_u55c_kernel/score_scale_u55c_kernel/score_scale_u55c_kernel/solution/.autopilot/db/score_scale_u55c_kernel.design.xml -debug_directory /home/advent/Desktop/RC19/_x/score_scale_u55c_kernel/score_scale_u55c_kernel/score_scale_u55c_kernel/solution/.debug -hls_directory /home/advent/Desktop/RC19/_x/score_scale_u55c_kernel/score_scale_u55c_kernel/score_scale_u55c_kernel/solution/impl/ip/hls_files
INFO: [Common 17-206] Exiting Vivado at Mon Apr 27 18:42:38 2026...
INFO: [HLS 200-802] Generated output file score_scale_u55c_kernel/solution/impl/export.xo
INFO: [HLS 200-111] Finished Command export_design CPU user time: 7.34 seconds. CPU system time: 0.63 seconds. Elapsed time: 10.39 seconds; current allocated memory: 6.801 MB.
INFO: [HLS 200-1510] Running: close_project 
HLS completed successfully
INFO: [HLS 200-112] Total CPU user time: 12.68 seconds. Total CPU system time: 1.19 seconds. Total elapsed time: 16.21 seconds; peak allocated memory: 393.980 MB.
INFO: [Common 17-206] Exiting vitis_hls at Mon Apr 27 18:42:41 2026...
