
****** Vitis HLS - High-Level Synthesis from C, C++ and OpenCL v2022.2 (64-bit)
  **** SW Build 3670227 on Oct 13 2022
  **** IP Build 3669848 on Fri Oct 14 08:30:02 MDT 2022
    ** Copyright 1986-2022 Xilinx, Inc. All Rights Reserved.

source /home/advent/Vivado/Vitis_HLS/2022.2/scripts/vitis_hls/hls.tcl -notrace
INFO: [HLS 200-10] Running '/home/advent/Vivado/Vitis_HLS/2022.2/bin/unwrapped/lnx64.o/vitis_hls'
INFO: [HLS 200-10] For user 'advent' on host 'advent' (Linux_x86_64 version 5.4.0-148-generic) on Mon Apr 27 18:42:55 MST 2026
INFO: [HLS 200-10] On os Ubuntu 20.04.6 LTS
INFO: [HLS 200-10] In directory '/home/advent/Desktop/RC19/_x/softmax_u55c_kernel/softmax_u55c_kernel'
Sourcing Tcl script 'softmax_u55c_kernel.tcl'
INFO: [HLS 200-1510] Running: open_project softmax_u55c_kernel 
INFO: [HLS 200-10] Creating and opening project '/home/advent/Desktop/RC19/_x/softmax_u55c_kernel/softmax_u55c_kernel/softmax_u55c_kernel'.
INFO: [HLS 200-1510] Running: set_top softmax_u55c_kernel 
INFO: [HLS 200-1510] Running: add_files /home/advent/Desktop/RC19/attention_score_u55c/hls/softmax/softmax_core_hls.cpp 
INFO: [HLS 200-10] Adding design file '/home/advent/Desktop/RC19/attention_score_u55c/hls/softmax/softmax_core_hls.cpp' to the project
INFO: [HLS 200-1510] Running: open_solution -flow_target vitis solution 
INFO: [HLS 200-10] Creating and opening solution '/home/advent/Desktop/RC19/_x/softmax_u55c_kernel/softmax_u55c_kernel/softmax_u55c_kernel/solution'.
INFO: [HLS 200-1505] Using flow_target 'vitis'
Resolution: For help on HLS 200-1505 see www.xilinx.com/cgi-bin/docs/rdoc?v=2022.2;t=hls+guidance;d=200-1505.html
INFO: [HLS 200-435] Setting 'open_solution -flow_target vitis' configuration: config_interface -m_axi_latency=64
INFO: [HLS 200-435] Setting 'open_solution -flow_target vitis' configuration: config_interface -m_axi_alignment_byte_size=64
INFO: [HLS 200-435] Setting 'open_solution -flow_target vitis' configuration: config_interface -m_axi_max_widen_bitwidth=512
INFO: [HLS 200-435] Setting 'open_solution -flow_target vitis' configuration: config_rtl -register_reset_num=3
INFO: [HLS 200-1510] Running: set_part xcu55c-fsvh2892-2L-e 
INFO: [HLS 200-1611] Setting target device to 'xcu55c-fsvh2892-2L-e'
INFO: [HLS 200-1510] Running: create_clock -period 300.000000MHz -name default 
INFO: [SYN 201-201] Setting up clock 'default' with a period of 3.333ns.
INFO: [HLS 200-1510] Running: config_dataflow -strict_mode warning 
INFO: [HLS 200-1510] Running: config_export -deadlock_detection sim 
WARNING: [HLS 200-483] The 'config_export -deadlock_detection' command is deprecated and will be removed in a future release. Use 'config_rtl -deadlock_detection' as its replacement.
INFO: [HLS 200-1907] Replacing 'config_export -deadlock_detection=sim' with 'config_rtl -deadlock_detection=sim' in current solution file
INFO: [HLS 200-1510] Running: config_interface -m_axi_conservative_mode=1 
INFO: [HLS 200-1510] Running: config_interface -m_axi_addr64 
INFO: [HLS 200-1510] Running: config_interface -m_axi_auto_max_ports=0 
INFO: [HLS 200-1510] Running: config_export -format xo -ipname softmax_u55c_kernel 
INFO: [HLS 200-1907] Replacing 'config_export -deadlock_detection=sim' with 'config_rtl -deadlock_detection=sim' in current solution file
INFO: [HLS 200-1510] Running: csynth_design 
INFO: [HLS 200-111] Finished File checks and directory preparation: CPU user time: 0 seconds. CPU system time: 0 seconds. Elapsed time: 0.01 seconds; current allocated memory: 315.852 MB.
INFO: [HLS 200-10] Analyzing design file '/home/advent/Desktop/RC19/attention_score_u55c/hls/softmax/softmax_core_hls.cpp' ... 
INFO: [HLS 200-111] Finished Source Code Analysis and Preprocessing: CPU user time: 10.25 seconds. CPU system time: 0.54 seconds. Elapsed time: 10.8 seconds; current allocated memory: 322.168 MB.
INFO: [HLS 200-777] Using interface defaults for 'Vitis' flow target.
INFO: [HLS 214-131] Inlining function 'exp_reduce_::exp(float)' into 'hls::expf(float)' (/wrk/ci/prod/2022.2/hls_product/continuous/608/2022.2/src/shared/hls/clib/hlsmath/src/c++/expfloat.cpp:22:9)
INFO: [HLS 214-131] Inlining function 'hls::expf(float)' into 'attention_score_u55c::softmax::(anonymous namespace)::softmax_exp(float)' (/home/advent/Desktop/RC19/attention_score_u55c/hls/softmax/softmax_core_hls.cpp:18:10)
INFO: [HLS 214-178] Inlining function 'attention_score_u55c::softmax::(anonymous namespace)::softmax_exp(float)' into 'attention_score_u55c::softmax::softmax_core_hls(float const (*) [64], float (*) [64], unsigned short, unsigned short)' (/home/advent/Desktop/RC19/attention_score_u55c/hls/softmax/softmax_core_hls.cpp:30:0)
INFO: [HLS 214-115] Multiple burst reads of length 32 and bit width 512 has been inferred on bundle 'gmem0'. These burst requests might be further partitioned into multiple requests during RTL generation, based on max_read_burst_length or max_write_burst_length settings. (/home/advent/Desktop/RC19/attention_score_u55c/hls/softmax/softmax_core_hls.cpp:91:20)
INFO: [HLS 214-115] Multiple burst writes of length 32 and bit width 512 has been inferred on bundle 'gmem1'. These burst requests might be further partitioned into multiple requests during RTL generation, based on max_read_burst_length or max_write_burst_length settings. (/home/advent/Desktop/RC19/attention_score_u55c/hls/softmax/softmax_core_hls.cpp:104:21)
INFO: [HLS 200-111] Finished Compiling Optimization and Transform: CPU user time: 1.7 seconds. CPU system time: 0.23 seconds. Elapsed time: 1.9 seconds; current allocated memory: 322.301 MB.
INFO: [HLS 200-111] Finished Checking Pragmas: CPU user time: 0 seconds. CPU system time: 0 seconds. Elapsed time: 0 seconds; current allocated memory: 322.301 MB.
INFO: [HLS 200-10] Starting code transformations ...
INFO: [HLS 200-111] Finished Standard Transforms: CPU user time: 0.03 seconds. CPU system time: 0 seconds. Elapsed time: 0.05 seconds; current allocated memory: 339.383 MB.
INFO: [HLS 200-10] Checking synthesizability ...
INFO: [HLS 200-111] Finished Checking Synthesizability: CPU user time: 0.09 seconds. CPU system time: 0 seconds. Elapsed time: 0.09 seconds; current allocated memory: 359.930 MB.
INFO: [XFORM 203-510] Pipelining loop 'VITIS_LOOP_39_2' (/home/advent/Desktop/RC19/attention_score_u55c/hls/softmax/softmax_core_hls.cpp:39) in function 'attention_score_u55c::softmax::softmax_core_hls' automatically.
INFO: [HLS 200-111] Finished Loop, function and other optimizations: CPU user time: 0.12 seconds. CPU system time: 0.02 seconds. Elapsed time: 0.13 seconds; current allocated memory: 401.434 MB.
WARNING: [XFORM 203-561] Updating loop upper bound from 65535 to 127 for loop 'VITIS_LOOP_57_5' in function 'attention_score_u55c::softmax::softmax_core_hls'.
INFO: [XFORM 203-541] Flattening a loop nest 'VITIS_LOOP_91_1' (/home/advent/Desktop/RC19/attention_score_u55c/hls/softmax/softmax_core_hls.cpp:91:29) in function 'attention_score_u55c::softmax::softmax_u55c_kernel'.
INFO: [XFORM 203-541] Flattening a loop nest 'VITIS_LOOP_104_3' (/home/advent/Desktop/RC19/attention_score_u55c/hls/softmax/softmax_core_hls.cpp:104:30) in function 'attention_score_u55c::softmax::softmax_u55c_kernel'.
WARNING: [HLS 200-960] Cannot flatten loop 'VITIS_LOOP_35_1' (/home/advent/Desktop/RC19/attention_score_u55c/hls/softmax/softmax_core_hls.cpp:36:11) in function 'attention_score_u55c::softmax::softmax_core_hls' more than one sub loop.
Resolution: For help on HLS 200-960 see www.xilinx.com/cgi-bin/docs/rdoc?v=2022.2;t=hls+guidance;d=200-960.html
INFO: [HLS 200-472] Inferring partial write operation for 'exp_buf' (/home/advent/Desktop/RC19/attention_score_u55c/hls/softmax/softmax_core_hls.cpp:48:15)
INFO: [HLS 200-472] Inferring partial write operation for 'exp_buf' (/home/advent/Desktop/RC19/attention_score_u55c/hls/softmax/softmax_core_hls.cpp:54:15)
INFO: [HLS 200-472] Inferring partial write operation for 'prob_out' (/home/advent/Desktop/RC19/attention_score_u55c/hls/softmax/softmax_core_hls.cpp:59:21)
INFO: [HLS 200-472] Inferring partial write operation for 'prob_out' (/home/advent/Desktop/RC19/attention_score_u55c/hls/softmax/softmax_core_hls.cpp:64:21)
INFO: [HLS 200-472] Inferring partial write operation for 'prob_out' (/home/advent/Desktop/RC19/attention_score_u55c/hls/softmax/softmax_core_hls.cpp:69:21)
INFO: [HLS 200-472] Inferring partial write operation for 'score_in_local' (/home/advent/Desktop/RC19/attention_score_u55c/hls/softmax/softmax_core_hls.cpp:94:27)
INFO: [HLS 200-111] Finished Architecture Synthesis: CPU user time: 0.09 seconds. CPU system time: 0.02 seconds. Elapsed time: 0.11 seconds; current allocated memory: 484.559 MB.
INFO: [HLS 200-10] Starting hardware synthesis ...
INFO: [HLS 200-10] Synthesizing 'softmax_u55c_kernel' ...
INFO: [HLS 200-10] ----------------------------------------------------------------
INFO: [HLS 200-42] -- Implementing module 'softmax_u55c_kernel_Pipeline_VITIS_LOOP_91_1_VITIS_LOOP_92_2' 
INFO: [HLS 200-10] ----------------------------------------------------------------
INFO: [SCHED 204-11] Starting scheduling ...
INFO: [SCHED 204-61] Pipelining loop 'VITIS_LOOP_91_1_VITIS_LOOP_92_2'.
INFO: [HLS 200-1470] Pipelining result : Target II = 1, Final II = 1, Depth = 3, loop 'VITIS_LOOP_91_1_VITIS_LOOP_92_2'
INFO: [SCHED 204-11] Finished scheduling.
INFO: [HLS 200-111] Finished Scheduling: CPU user time: 0.04 seconds. CPU system time: 0.01 seconds. Elapsed time: 0.05 seconds; current allocated memory: 485.672 MB.
INFO: [BIND 205-100] Starting micro-architecture generation ...
INFO: [BIND 205-101] Performing variable lifetime analysis.
INFO: [BIND 205-101] Exploring resource sharing.
INFO: [BIND 205-101] Binding ...
INFO: [BIND 205-100] Finished micro-architecture generation.
INFO: [HLS 200-111] Finished Binding: CPU user time: 0.01 seconds. CPU system time: 0 seconds. Elapsed time: 0.02 seconds; current allocated memory: 485.672 MB.
INFO: [HLS 200-10] ----------------------------------------------------------------
INFO: [HLS 200-42] -- Implementing module 'softmax_core_hls_Pipeline_VITIS_LOOP_67_7' 
INFO: [HLS 200-10] ----------------------------------------------------------------
INFO: [SCHED 204-11] Starting scheduling ...
INFO: [SCHED 204-61] Pipelining loop 'VITIS_LOOP_67_7'.
INFO: [HLS 200-1470] Pipelining result : Target II = 1, Final II = 1, Depth = 1, loop 'VITIS_LOOP_67_7'
INFO: [SCHED 204-11] Finished scheduling.
INFO: [HLS 200-111] Finished Scheduling: CPU user time: 0.02 seconds. CPU system time: 0 seconds. Elapsed time: 0.03 seconds; current allocated memory: 485.824 MB.
INFO: [BIND 205-100] Starting micro-architecture generation ...
INFO: [BIND 205-101] Performing variable lifetime analysis.
INFO: [BIND 205-101] Exploring resource sharing.
INFO: [BIND 205-101] Binding ...
INFO: [BIND 205-100] Finished micro-architecture generation.
INFO: [HLS 200-111] Finished Binding: CPU user time: 0.01 seconds. CPU system time: 0 seconds. Elapsed time: 0 seconds; current allocated memory: 485.824 MB.
INFO: [HLS 200-10] ----------------------------------------------------------------
INFO: [HLS 200-42] -- Implementing module 'softmax_core_hls_Pipeline_VITIS_LOOP_39_2' 
INFO: [HLS 200-10] ----------------------------------------------------------------
INFO: [SCHED 204-11] Starting scheduling ...
INFO: [SCHED 204-61] Pipelining loop 'VITIS_LOOP_39_2'.
INFO: [HLS 200-1470] Pipelining result : Target II = NA, Final II = 1, Depth = 5, loop 'VITIS_LOOP_39_2'
INFO: [SCHED 204-11] Finished scheduling.
INFO: [HLS 200-111] Finished Scheduling: CPU user time: 0.02 seconds. CPU system time: 0 seconds. Elapsed time: 0.03 seconds; current allocated memory: 486.219 MB.
INFO: [BIND 205-100] Starting micro-architecture generation ...
INFO: [BIND 205-101] Performing variable lifetime analysis.
INFO: [BIND 205-101] Exploring resource sharing.
INFO: [BIND 205-101] Binding ...
INFO: [BIND 205-100] Finished micro-architecture generation.
INFO: [HLS 200-111] Finished Binding: CPU user time: 0.02 seconds. CPU system time: 0 seconds. Elapsed time: 0.02 seconds; current allocated memory: 486.219 MB.
INFO: [HLS 200-10] ----------------------------------------------------------------
INFO: [HLS 200-42] -- Implementing module 'softmax_core_hls_Pipeline_VITIS_LOOP_46_3' 
INFO: [HLS 200-10] ----------------------------------------------------------------
INFO: [SCHED 204-11] Starting scheduling ...
INFO: [SCHED 204-61] Pipelining loop 'VITIS_LOOP_46_3'.
WARNING: [HLS 200-880] The II Violation in module 'softmax_core_hls_Pipeline_VITIS_LOOP_46_3' (loop 'VITIS_LOOP_46_3'): Unable to enforce a carried dependence constraint (II = 3, distance = 1, offset = 0) between 'store' operation ('sum_exp_write_ln46', /home/advent/Desktop/RC19/attention_score_u55c/hls/softmax/softmax_core_hls.cpp:46) of variable 'sum_exp', /home/advent/Desktop/RC19/attention_score_u55c/hls/softmax/softmax_core_hls.cpp:49 on local variable 'sum_exp' and 'load' operation ('sum_exp_load', /home/advent/Desktop/RC19/attention_score_u55c/hls/softmax/softmax_core_hls.cpp:49) on local variable 'sum_exp'.
Resolution: For help on HLS 200-880 see www.xilinx.com/cgi-bin/docs/rdoc?v=2022.2;t=hls+guidance;d=200-880.html
INFO: [HLS 200-1470] Pipelining result : Target II = 3, Final II = 4, Depth = 28, loop 'VITIS_LOOP_46_3'
WARNING: [HLS 200-871] Estimated clock period (2.47ns) exceeds the target (target clock period: 3.333ns, clock uncertainty: 0.89991ns, effective delay budget: 2.43309ns).
Resolution: For help on HLS 200-871 see www.xilinx.com/cgi-bin/docs/rdoc?v=2022.2;t=hls+guidance;d=200-871.html
WARNING: [HLS 200-1016] The critical path in module 'softmax_core_hls_Pipeline_VITIS_LOOP_46_3' consists of the following:	'fadd' operation ('sum_exp', /home/advent/Desktop/RC19/attention_score_u55c/hls/softmax/softmax_core_hls.cpp:49) [36]  (2.08 ns)
	'store' operation ('sum_exp_write_ln46', /home/advent/Desktop/RC19/attention_score_u55c/hls/softmax/softmax_core_hls.cpp:46) of variable 'sum_exp', /home/advent/Desktop/RC19/attention_score_u55c/hls/softmax/softmax_core_hls.cpp:49 on local variable 'sum_exp' [38]  (0.387 ns)

Resolution: For help on HLS 200-1016 see www.xilinx.com/cgi-bin/docs/rdoc?v=2022.2;t=hls+guidance;d=200-1016.html
INFO: [SCHED 204-11] Finished scheduling.
INFO: [HLS 200-111] Finished Scheduling: CPU user time: 0.06 seconds. CPU system time: 0 seconds. Elapsed time: 0.07 seconds; current allocated memory: 486.602 MB.
INFO: [BIND 205-100] Starting micro-architecture generation ...
INFO: [BIND 205-101] Performing variable lifetime analysis.
INFO: [BIND 205-101] Exploring resource sharing.
INFO: [BIND 205-101] Binding ...
INFO: [BIND 205-100] Finished micro-architecture generation.
INFO: [HLS 200-111] Finished Binding: CPU user time: 0.07 seconds. CPU system time: 0.01 seconds. Elapsed time: 0.06 seconds; current allocated memory: 486.602 MB.
INFO: [HLS 200-10] ----------------------------------------------------------------
INFO: [HLS 200-42] -- Implementing module 'softmax_core_hls_Pipeline_VITIS_LOOP_52_4' 
INFO: [HLS 200-10] ----------------------------------------------------------------
INFO: [SCHED 204-11] Starting scheduling ...
INFO: [SCHED 204-61] Pipelining loop 'VITIS_LOOP_52_4'.
INFO: [HLS 200-1470] Pipelining result : Target II = 1, Final II = 1, Depth = 1, loop 'VITIS_LOOP_52_4'
INFO: [SCHED 204-11] Finished scheduling.
INFO: [HLS 200-111] Finished Scheduling: CPU user time: 0.04 seconds. CPU system time: 0 seconds. Elapsed time: 0.04 seconds; current allocated memory: 486.891 MB.
INFO: [BIND 205-100] Starting micro-architecture generation ...
INFO: [BIND 205-101] Performing variable lifetime analysis.
INFO: [BIND 205-101] Exploring resource sharing.
INFO: [BIND 205-101] Binding ...
INFO: [BIND 205-100] Finished micro-architecture generation.
INFO: [HLS 200-111] Finished Binding: CPU user time: 0.01 seconds. CPU system time: 0 seconds. Elapsed time: 0.01 seconds; current allocated memory: 486.891 MB.
INFO: [HLS 200-10] ----------------------------------------------------------------
INFO: [HLS 200-42] -- Implementing module 'softmax_core_hls_Pipeline_VITIS_LOOP_57_5' 
INFO: [HLS 200-10] ----------------------------------------------------------------
INFO: [SCHED 204-11] Starting scheduling ...
INFO: [SCHED 204-61] Pipelining loop 'VITIS_LOOP_57_5'.
INFO: [HLS 200-1470] Pipelining result : Target II = 1, Final II = 1, Depth = 15, loop 'VITIS_LOOP_57_5'
INFO: [SCHED 204-11] Finished scheduling.
INFO: [HLS 200-111] Finished Scheduling: CPU user time: 0.02 seconds. CPU system time: 0 seconds. Elapsed time: 0.03 seconds; current allocated memory: 487.160 MB.
INFO: [BIND 205-100] Starting micro-architecture generation ...
INFO: [BIND 205-101] Performing variable lifetime analysis.
INFO: [BIND 205-101] Exploring resource sharing.
INFO: [BIND 205-101] Binding ...
INFO: [BIND 205-100] Finished micro-architecture generation.
INFO: [HLS 200-111] Finished Binding: CPU user time: 0.04 seconds. CPU system time: 0 seconds. Elapsed time: 0.04 seconds; current allocated memory: 487.160 MB.
INFO: [HLS 200-10] ----------------------------------------------------------------
INFO: [HLS 200-42] -- Implementing module 'softmax_core_hls_Pipeline_VITIS_LOOP_62_6' 
INFO: [HLS 200-10] ----------------------------------------------------------------
INFO: [SCHED 204-11] Starting scheduling ...
INFO: [SCHED 204-61] Pipelining loop 'VITIS_LOOP_62_6'.
INFO: [HLS 200-1470] Pipelining result : Target II = 1, Final II = 1, Depth = 1, loop 'VITIS_LOOP_62_6'
INFO: [SCHED 204-11] Finished scheduling.
INFO: [HLS 200-111] Finished Scheduling: CPU user time: 0.03 seconds. CPU system time: 0 seconds. Elapsed time: 0.03 seconds; current allocated memory: 487.504 MB.
INFO: [BIND 205-100] Starting micro-architecture generation ...
INFO: [BIND 205-101] Performing variable lifetime analysis.
INFO: [BIND 205-101] Exploring resource sharing.
INFO: [BIND 205-101] Binding ...
INFO: [BIND 205-100] Finished micro-architecture generation.
INFO: [HLS 200-111] Finished Binding: CPU user time: 0.01 seconds. CPU system time: 0 seconds. Elapsed time: 0.01 seconds; current allocated memory: 487.504 MB.
INFO: [HLS 200-10] ----------------------------------------------------------------
INFO: [HLS 200-42] -- Implementing module 'softmax_core_hls' 
INFO: [HLS 200-10] ----------------------------------------------------------------
INFO: [SCHED 204-11] Starting scheduling ...
INFO: [SCHED 204-11] Finished scheduling.
INFO: [HLS 200-111] Finished Scheduling: CPU user time: 0.03 seconds. CPU system time: 0 seconds. Elapsed time: 0.02 seconds; current allocated memory: 487.793 MB.
INFO: [BIND 205-100] Starting micro-architecture generation ...
INFO: [BIND 205-101] Performing variable lifetime analysis.
INFO: [BIND 205-101] Exploring resource sharing.
INFO: [BIND 205-101] Binding ...
INFO: [BIND 205-100] Finished micro-architecture generation.
INFO: [HLS 200-111] Finished Binding: CPU user time: 0.05 seconds. CPU system time: 0 seconds. Elapsed time: 0.05 seconds; current allocated memory: 487.793 MB.
INFO: [HLS 200-10] ----------------------------------------------------------------
INFO: [HLS 200-42] -- Implementing module 'softmax_u55c_kernel_Pipeline_VITIS_LOOP_104_3_VITIS_LOOP_105_4' 
INFO: [HLS 200-10] ----------------------------------------------------------------
INFO: [SCHED 204-11] Starting scheduling ...
INFO: [SCHED 204-61] Pipelining loop 'VITIS_LOOP_104_3_VITIS_LOOP_105_4'.
INFO: [HLS 200-1470] Pipelining result : Target II = 1, Final II = 1, Depth = 4, loop 'VITIS_LOOP_104_3_VITIS_LOOP_105_4'
INFO: [SCHED 204-11] Finished scheduling.
INFO: [HLS 200-111] Finished Scheduling: CPU user time: 0.07 seconds. CPU system time: 0 seconds. Elapsed time: 0.06 seconds; current allocated memory: 488.293 MB.
INFO: [BIND 205-100] Starting micro-architecture generation ...
INFO: [BIND 205-101] Performing variable lifetime analysis.
INFO: [BIND 205-101] Exploring resource sharing.
INFO: [BIND 205-101] Binding ...
INFO: [BIND 205-100] Finished micro-architecture generation.
INFO: [HLS 200-111] Finished Binding: CPU user time: 0.02 seconds. CPU system time: 0 seconds. Elapsed time: 0.02 seconds; current allocated memory: 488.293 MB.
INFO: [HLS 200-10] ----------------------------------------------------------------
INFO: [HLS 200-42] -- Implementing module 'softmax_u55c_kernel' 
INFO: [HLS 200-10] ----------------------------------------------------------------
INFO: [SCHED 204-11] Starting scheduling ...
INFO: [SCHED 204-11] Finished scheduling.
INFO: [HLS 200-111] Finished Scheduling: CPU user time: 0.11 seconds. CPU system time: 0 seconds. Elapsed time: 0.11 seconds; current allocated memory: 488.629 MB.
INFO: [BIND 205-100] Starting micro-architecture generation ...
INFO: [BIND 205-101] Performing variable lifetime analysis.
INFO: [BIND 205-101] Exploring resource sharing.
INFO: [BIND 205-101] Binding ...
INFO: [BIND 205-100] Finished micro-architecture generation.
INFO: [HLS 200-111] Finished Binding: CPU user time: 0.27 seconds. CPU system time: 0 seconds. Elapsed time: 0.26 seconds; current allocated memory: 488.629 MB.
INFO: [HLS 200-10] ----------------------------------------------------------------
INFO: [HLS 200-10] -- Generating RTL for module 'softmax_u55c_kernel_Pipeline_VITIS_LOOP_91_1_VITIS_LOOP_92_2' 
INFO: [HLS 200-10] ----------------------------------------------------------------
INFO: [HLS 200-1030] Apply Unified Pipeline Control on module 'softmax_u55c_kernel_Pipeline_VITIS_LOOP_91_1_VITIS_LOOP_92_2' pipeline 'VITIS_LOOP_91_1_VITIS_LOOP_92_2' pipeline type 'loop pipeline'
WARNING: [RTGEN 206-101] Setting dangling out port 'softmax_u55c_kernel_Pipeline_VITIS_LOOP_91_1_VITIS_LOOP_92_2/m_axi_gmem0_ARVALID' to 0.
WARNING: [RTGEN 206-101] Setting dangling out port 'softmax_u55c_kernel_Pipeline_VITIS_LOOP_91_1_VITIS_LOOP_92_2/m_axi_gmem0_ARADDR' to 0.
WARNING: [RTGEN 206-101] Setting dangling out port 'softmax_u55c_kernel_Pipeline_VITIS_LOOP_91_1_VITIS_LOOP_92_2/m_axi_gmem0_ARID' to 0.
WARNING: [RTGEN 206-101] Setting dangling out port 'softmax_u55c_kernel_Pipeline_VITIS_LOOP_91_1_VITIS_LOOP_92_2/m_axi_gmem0_ARLEN' to 0.
WARNING: [RTGEN 206-101] Setting dangling out port 'softmax_u55c_kernel_Pipeline_VITIS_LOOP_91_1_VITIS_LOOP_92_2/m_axi_gmem0_ARSIZE' to 0.
WARNING: [RTGEN 206-101] Setting dangling out port 'softmax_u55c_kernel_Pipeline_VITIS_LOOP_91_1_VITIS_LOOP_92_2/m_axi_gmem0_ARBURST' to 0.
WARNING: [RTGEN 206-101] Setting dangling out port 'softmax_u55c_kernel_Pipeline_VITIS_LOOP_91_1_VITIS_LOOP_92_2/m_axi_gmem0_ARLOCK' to 0.
WARNING: [RTGEN 206-101] Setting dangling out port 'softmax_u55c_kernel_Pipeline_VITIS_LOOP_91_1_VITIS_LOOP_92_2/m_axi_gmem0_ARCACHE' to 0.
WARNING: [RTGEN 206-101] Setting dangling out port 'softmax_u55c_kernel_Pipeline_VITIS_LOOP_91_1_VITIS_LOOP_92_2/m_axi_gmem0_ARPROT' to 0.
WARNING: [RTGEN 206-101] Setting dangling out port 'softmax_u55c_kernel_Pipeline_VITIS_LOOP_91_1_VITIS_LOOP_92_2/m_axi_gmem0_ARQOS' to 0.
WARNING: [RTGEN 206-101] Setting dangling out port 'softmax_u55c_kernel_Pipeline_VITIS_LOOP_91_1_VITIS_LOOP_92_2/m_axi_gmem0_ARREGION' to 0.
WARNING: [RTGEN 206-101] Setting dangling out port 'softmax_u55c_kernel_Pipeline_VITIS_LOOP_91_1_VITIS_LOOP_92_2/m_axi_gmem0_ARUSER' to 0.
INFO: [RTGEN 206-100] Finished creating RTL model for 'softmax_u55c_kernel_Pipeline_VITIS_LOOP_91_1_VITIS_LOOP_92_2'.
INFO: [HLS 200-111] Finished Creating RTL model: CPU user time: 0.12 seconds. CPU system time: 0 seconds. Elapsed time: 0.12 seconds; current allocated memory: 489.297 MB.
INFO: [HLS 200-10] ----------------------------------------------------------------
INFO: [HLS 200-10] -- Generating RTL for module 'softmax_core_hls_Pipeline_VITIS_LOOP_67_7' 
INFO: [HLS 200-10] ----------------------------------------------------------------
INFO: [RTGEN 206-100] Finished creating RTL model for 'softmax_core_hls_Pipeline_VITIS_LOOP_67_7'.
INFO: [HLS 200-111] Finished Creating RTL model: CPU user time: 0.06 seconds. CPU system time: 0 seconds. Elapsed time: 0.06 seconds; current allocated memory: 490.441 MB.
INFO: [HLS 200-10] ----------------------------------------------------------------
INFO: [HLS 200-10] -- Generating RTL for module 'softmax_core_hls_Pipeline_VITIS_LOOP_39_2' 
INFO: [HLS 200-10] ----------------------------------------------------------------
INFO: [HLS 200-1030] Apply Unified Pipeline Control on module 'softmax_core_hls_Pipeline_VITIS_LOOP_39_2' pipeline 'VITIS_LOOP_39_2' pipeline type 'loop pipeline'
INFO: [RTGEN 206-100] Generating core module 'fcmp_32ns_32ns_1_2_no_dsp_1': 1 instance(s).
INFO: [RTGEN 206-100] Finished creating RTL model for 'softmax_core_hls_Pipeline_VITIS_LOOP_39_2'.
INFO: [HLS 200-111] Finished Creating RTL model: CPU user time: 0.03 seconds. CPU system time: 0 seconds. Elapsed time: 0.03 seconds; current allocated memory: 491.285 MB.
INFO: [HLS 200-10] ----------------------------------------------------------------
INFO: [HLS 200-10] -- Generating RTL for module 'softmax_core_hls_Pipeline_VITIS_LOOP_46_3' 
INFO: [HLS 200-10] ----------------------------------------------------------------
INFO: [HLS 200-1030] Apply Unified Pipeline Control on module 'softmax_core_hls_Pipeline_VITIS_LOOP_46_3' pipeline 'VITIS_LOOP_46_3' pipeline type 'loop pipeline'
INFO: [RTGEN 206-100] Generating core module 'fadd_32ns_32ns_32_5_no_dsp_1': 1 instance(s).
INFO: [RTGEN 206-100] Generating core module 'fexp_32ns_32ns_32_14_full_dsp_1': 1 instance(s).
INFO: [RTGEN 206-100] Generating core module 'fsub_32ns_32ns_32_7_full_dsp_1': 1 instance(s).
INFO: [RTGEN 206-100] Finished creating RTL model for 'softmax_core_hls_Pipeline_VITIS_LOOP_46_3'.
INFO: [HLS 200-111] Finished Creating RTL model: CPU user time: 0.07 seconds. CPU system time: 0 seconds. Elapsed time: 0.06 seconds; current allocated memory: 492.629 MB.
INFO: [HLS 200-10] ----------------------------------------------------------------
INFO: [HLS 200-10] -- Generating RTL for module 'softmax_core_hls_Pipeline_VITIS_LOOP_52_4' 
INFO: [HLS 200-10] ----------------------------------------------------------------
INFO: [RTGEN 206-100] Finished creating RTL model for 'softmax_core_hls_Pipeline_VITIS_LOOP_52_4'.
INFO: [HLS 200-111] Finished Creating RTL model: CPU user time: 0.07 seconds. CPU system time: 0 seconds. Elapsed time: 0.07 seconds; current allocated memory: 493.500 MB.
INFO: [HLS 200-10] ----------------------------------------------------------------
INFO: [HLS 200-10] -- Generating RTL for module 'softmax_core_hls_Pipeline_VITIS_LOOP_57_5' 
INFO: [HLS 200-10] ----------------------------------------------------------------
INFO: [HLS 200-1030] Apply Unified Pipeline Control on module 'softmax_core_hls_Pipeline_VITIS_LOOP_57_5' pipeline 'VITIS_LOOP_57_5' pipeline type 'loop pipeline'
INFO: [RTGEN 206-100] Generating core module 'fdiv_32ns_32ns_32_12_no_dsp_1': 1 instance(s).
INFO: [RTGEN 206-100] Finished creating RTL model for 'softmax_core_hls_Pipeline_VITIS_LOOP_57_5'.
INFO: [HLS 200-111] Finished Creating RTL model: CPU user time: 0.02 seconds. CPU system time: 0 seconds. Elapsed time: 0.02 seconds; current allocated memory: 494.348 MB.
INFO: [HLS 200-10] ----------------------------------------------------------------
INFO: [HLS 200-10] -- Generating RTL for module 'softmax_core_hls_Pipeline_VITIS_LOOP_62_6' 
INFO: [HLS 200-10] ----------------------------------------------------------------
INFO: [RTGEN 206-100] Finished creating RTL model for 'softmax_core_hls_Pipeline_VITIS_LOOP_62_6'.
INFO: [HLS 200-111] Finished Creating RTL model: CPU user time: 0.03 seconds. CPU system time: 0.01 seconds. Elapsed time: 0.04 seconds; current allocated memory: 495.109 MB.
INFO: [HLS 200-10] ----------------------------------------------------------------
INFO: [HLS 200-10] -- Generating RTL for module 'softmax_core_hls' 
INFO: [HLS 200-10] ----------------------------------------------------------------
INFO: [RTGEN 206-100] Finished creating RTL model for 'softmax_core_hls'.
INFO: [RTMG 210-278] Implementing memory 'softmax_u55c_kernel_softmax_core_hls_exp_buf_RAM_AUTO_1R1W' using auto RAMs.
INFO: [HLS 200-111] Finished Creating RTL model: CPU user time: 0.03 seconds. CPU system time: 0 seconds. Elapsed time: 0.02 seconds; current allocated memory: 496.285 MB.
INFO: [HLS 200-10] ----------------------------------------------------------------
INFO: [HLS 200-10] -- Generating RTL for module 'softmax_u55c_kernel_Pipeline_VITIS_LOOP_104_3_VITIS_LOOP_105_4' 
INFO: [HLS 200-10] ----------------------------------------------------------------
INFO: [HLS 200-1030] Apply Unified Pipeline Control on module 'softmax_u55c_kernel_Pipeline_VITIS_LOOP_104_3_VITIS_LOOP_105_4' pipeline 'VITIS_LOOP_104_3_VITIS_LOOP_105_4' pipeline type 'loop pipeline'
WARNING: [RTGEN 206-101] Setting dangling out port 'softmax_u55c_kernel_Pipeline_VITIS_LOOP_104_3_VITIS_LOOP_105_4/m_axi_gmem1_AWVALID' to 0.
WARNING: [RTGEN 206-101] Setting dangling out port 'softmax_u55c_kernel_Pipeline_VITIS_LOOP_104_3_VITIS_LOOP_105_4/m_axi_gmem1_AWADDR' to 0.
WARNING: [RTGEN 206-101] Setting dangling out port 'softmax_u55c_kernel_Pipeline_VITIS_LOOP_104_3_VITIS_LOOP_105_4/m_axi_gmem1_AWID' to 0.
WARNING: [RTGEN 206-101] Setting dangling out port 'softmax_u55c_kernel_Pipeline_VITIS_LOOP_104_3_VITIS_LOOP_105_4/m_axi_gmem1_AWLEN' to 0.
WARNING: [RTGEN 206-101] Setting dangling out port 'softmax_u55c_kernel_Pipeline_VITIS_LOOP_104_3_VITIS_LOOP_105_4/m_axi_gmem1_AWSIZE' to 0.
WARNING: [RTGEN 206-101] Setting dangling out port 'softmax_u55c_kernel_Pipeline_VITIS_LOOP_104_3_VITIS_LOOP_105_4/m_axi_gmem1_AWBURST' to 0.
WARNING: [RTGEN 206-101] Setting dangling out port 'softmax_u55c_kernel_Pipeline_VITIS_LOOP_104_3_VITIS_LOOP_105_4/m_axi_gmem1_AWLOCK' to 0.
WARNING: [RTGEN 206-101] Setting dangling out port 'softmax_u55c_kernel_Pipeline_VITIS_LOOP_104_3_VITIS_LOOP_105_4/m_axi_gmem1_AWCACHE' to 0.
WARNING: [RTGEN 206-101] Setting dangling out port 'softmax_u55c_kernel_Pipeline_VITIS_LOOP_104_3_VITIS_LOOP_105_4/m_axi_gmem1_AWPROT' to 0.
WARNING: [RTGEN 206-101] Setting dangling out port 'softmax_u55c_kernel_Pipeline_VITIS_LOOP_104_3_VITIS_LOOP_105_4/m_axi_gmem1_AWQOS' to 0.
WARNING: [RTGEN 206-101] Setting dangling out port 'softmax_u55c_kernel_Pipeline_VITIS_LOOP_104_3_VITIS_LOOP_105_4/m_axi_gmem1_AWREGION' to 0.
WARNING: [RTGEN 206-101] Setting dangling out port 'softmax_u55c_kernel_Pipeline_VITIS_LOOP_104_3_VITIS_LOOP_105_4/m_axi_gmem1_AWUSER' to 0.
WARNING: [RTGEN 206-101] Setting dangling out port 'softmax_u55c_kernel_Pipeline_VITIS_LOOP_104_3_VITIS_LOOP_105_4/m_axi_gmem1_BREADY' to 0.
INFO: [RTGEN 206-100] Finished creating RTL model for 'softmax_u55c_kernel_Pipeline_VITIS_LOOP_104_3_VITIS_LOOP_105_4'.
INFO: [HLS 200-111] Finished Creating RTL model: CPU user time: 0.1 seconds. CPU system time: 0 seconds. Elapsed time: 0.1 seconds; current allocated memory: 497.648 MB.
INFO: [HLS 200-10] ----------------------------------------------------------------
INFO: [HLS 200-10] -- Generating RTL for module 'softmax_u55c_kernel' 
INFO: [HLS 200-10] ----------------------------------------------------------------
WARNING: [RTGEN 206-101] Design contains AXI ports. Reset is fixed to synchronous and active low.
INFO: [RTGEN 206-500] Setting interface mode on port 'softmax_u55c_kernel/gmem0' to 'm_axi'.
INFO: [RTGEN 206-500] Setting interface mode on port 'softmax_u55c_kernel/gmem1' to 'm_axi'.
INFO: [RTGEN 206-500] Setting interface mode on port 'softmax_u55c_kernel/score_in' to 's_axilite & ap_none'.
INFO: [RTGEN 206-500] Setting interface mode on port 'softmax_u55c_kernel/prob_out' to 's_axilite & ap_none'.
INFO: [RTGEN 206-500] Setting interface mode on port 'softmax_u55c_kernel/query_row_count' to 's_axilite & ap_none'.
INFO: [RTGEN 206-500] Setting interface mode on port 'softmax_u55c_kernel/key_col_count' to 's_axilite & ap_none'.
INFO: [RTGEN 206-500] Setting interface mode on function 'softmax_u55c_kernel' to 's_axilite & ap_ctrl_chain'.
INFO: [RTGEN 206-100] Bundling port 'score_in', 'prob_out', 'query_row_count', 'key_col_count' and 'return' to AXI-Lite port control.
INFO: [RTGEN 206-100] Finished creating RTL model for 'softmax_u55c_kernel'.
INFO: [RTMG 210-278] Implementing memory 'softmax_u55c_kernel_score_in_local_RAM_AUTO_1R1W' using auto RAMs.
INFO: [HLS 200-111] Finished Creating RTL model: CPU user time: 0.08 seconds. CPU system time: 0 seconds. Elapsed time: 0.09 seconds; current allocated memory: 501.543 MB.
INFO: [HLS 200-111] Finished Generating all RTL models: CPU user time: 0.33 seconds. CPU system time: 0.01 seconds. Elapsed time: 0.33 seconds; current allocated memory: 505.105 MB.
INFO: [HLS 200-1603] Design has inferred MAXI bursts, see Vitis HLS GUI synthesis summary report for detailed information.
INFO: [HLS 200-111] Finished Updating report files: CPU user time: 0.57 seconds. CPU system time: 0 seconds. Elapsed time: 0.57 seconds; current allocated memory: 512.648 MB.
INFO: [VHDL 208-304] Generating VHDL RTL for softmax_u55c_kernel.
INFO: [VLOG 209-307] Generating Verilog RTL for softmax_u55c_kernel.
INFO: [HLS 200-790] **** Loop Constraint Status: All loop constraints were NOT satisfied.
INFO: [HLS 200-789] **** Estimated Fmax: 404.86 MHz
INFO: [HLS 200-111] Finished Command csynth_design CPU user time: 14.75 seconds. CPU system time: 0.85 seconds. Elapsed time: 15.61 seconds; current allocated memory: 197.074 MB.
INFO: [HLS 200-1510] Running: export_design 
INFO: [IMPL 213-8] Exporting RTL as a Vivado IP.

****** Vivado v2022.2 (64-bit)
  **** SW Build 3671981 on Fri Oct 14 04:59:54 MDT 2022
  **** IP Build 3669848 on Fri Oct 14 08:30:02 MDT 2022
    ** Copyright 1986-2022 Xilinx, Inc. All Rights Reserved.

source run_ippack.tcl -notrace
INFO: [IP_Flow 19-234] Refreshing IP repositories
INFO: [IP_Flow 19-1704] No user IP repositories specified
INFO: [IP_Flow 19-2313] Loaded Vivado IP repository '/home/advent/Vivado/Vivado/2022.2/data/ip'.
WARNING: [IP_Flow 19-4832] The IP name 'softmax_u55c_kernel_fadd_32ns_32ns_32_5_no_dsp_1_ip' you have specified is long. The Windows operating system has path length limitations. It is recommended you use shorter names to reduce the likelihood of issues.
INFO: [IP_Flow 19-1686] Generating 'Synthesis' target for IP 'softmax_u55c_kernel_fadd_32ns_32ns_32_5_no_dsp_1_ip'...
INFO: [IP_Flow 19-1686] Generating 'Simulation' target for IP 'softmax_u55c_kernel_fadd_32ns_32ns_32_5_no_dsp_1_ip'...
WARNING: [IP_Flow 19-4832] The IP name 'softmax_u55c_kernel_fcmp_32ns_32ns_1_2_no_dsp_1_ip' you have specified is long. The Windows operating system has path length limitations. It is recommended you use shorter names to reduce the likelihood of issues.
INFO: [IP_Flow 19-1686] Generating 'Synthesis' target for IP 'softmax_u55c_kernel_fcmp_32ns_32ns_1_2_no_dsp_1_ip'...
INFO: [IP_Flow 19-1686] Generating 'Simulation' target for IP 'softmax_u55c_kernel_fcmp_32ns_32ns_1_2_no_dsp_1_ip'...
WARNING: [IP_Flow 19-4832] The IP name 'softmax_u55c_kernel_fdiv_32ns_32ns_32_12_no_dsp_1_ip' you have specified is long. The Windows operating system has path length limitations. It is recommended you use shorter names to reduce the likelihood of issues.
INFO: [IP_Flow 19-1686] Generating 'Synthesis' target for IP 'softmax_u55c_kernel_fdiv_32ns_32ns_32_12_no_dsp_1_ip'...
INFO: [IP_Flow 19-1686] Generating 'Simulation' target for IP 'softmax_u55c_kernel_fdiv_32ns_32ns_32_12_no_dsp_1_ip'...
WARNING: [IP_Flow 19-4832] The IP name 'softmax_u55c_kernel_fexp_32ns_32ns_32_14_full_dsp_1_ip' you have specified is long. The Windows operating system has path length limitations. It is recommended you use shorter names to reduce the likelihood of issues.
INFO: [IP_Flow 19-1686] Generating 'Synthesis' target for IP 'softmax_u55c_kernel_fexp_32ns_32ns_32_14_full_dsp_1_ip'...
INFO: [IP_Flow 19-1686] Generating 'Simulation' target for IP 'softmax_u55c_kernel_fexp_32ns_32ns_32_14_full_dsp_1_ip'...
WARNING: [IP_Flow 19-4832] The IP name 'softmax_u55c_kernel_fsub_32ns_32ns_32_7_full_dsp_1_ip' you have specified is long. The Windows operating system has path length limitations. It is recommended you use shorter names to reduce the likelihood of issues.
INFO: [IP_Flow 19-1686] Generating 'Synthesis' target for IP 'softmax_u55c_kernel_fsub_32ns_32ns_32_7_full_dsp_1_ip'...
INFO: [IP_Flow 19-1686] Generating 'Simulation' target for IP 'softmax_u55c_kernel_fsub_32ns_32ns_32_7_full_dsp_1_ip'...
INFO: [IP_Flow 19-234] Refreshing IP repositories
INFO: [IP_Flow 19-1704] No user IP repositories specified
INFO: [IP_Flow 19-2313] Loaded Vivado IP repository '/home/advent/Vivado/Vivado/2022.2/data/ip'.
Running package_xo -xo_path /home/advent/Desktop/RC19/_x/softmax_u55c_kernel/softmax_u55c_kernel/softmax_u55c_kernel/solution/impl/export.xo -kernel_name softmax_u55c_kernel -kernel_xml /home/advent/Desktop/RC19/_x/softmax_u55c_kernel/softmax_u55c_kernel/softmax_u55c_kernel/solution/impl/ip/../kernel/kernel.xml -kernel_files /home/advent/Desktop/RC19/attention_score_u55c/hls/softmax/softmax_core_hls.cpp -ip_directory /home/advent/Desktop/RC19/_x/softmax_u55c_kernel/softmax_u55c_kernel/softmax_u55c_kernel/solution/impl/ip/ip_unzip_dir -design_xml /home/advent/Desktop/RC19/_x/softmax_u55c_kernel/softmax_u55c_kernel/softmax_u55c_kernel/solution/.autopilot/db/softmax_u55c_kernel.design.xml -debug_directory /home/advent/Desktop/RC19/_x/softmax_u55c_kernel/softmax_u55c_kernel/softmax_u55c_kernel/solution/.debug -hls_directory /home/advent/Desktop/RC19/_x/softmax_u55c_kernel/softmax_u55c_kernel/softmax_u55c_kernel/solution/impl/ip/hls_files
INFO: [Common 17-206] Exiting Vivado at Mon Apr 27 18:43:20 2026...
INFO: [HLS 200-802] Generated output file softmax_u55c_kernel/solution/impl/export.xo
INFO: [HLS 200-111] Finished Command export_design CPU user time: 8.38 seconds. CPU system time: 0.59 seconds. Elapsed time: 11.41 seconds; current allocated memory: 7.027 MB.
INFO: [HLS 200-1510] Running: close_project 
HLS completed successfully
INFO: [HLS 200-112] Total CPU user time: 23.91 seconds. Total CPU system time: 1.59 seconds. Total elapsed time: 27.86 seconds; peak allocated memory: 519.953 MB.
INFO: [Common 17-206] Exiting vitis_hls at Mon Apr 27 18:43:23 2026...
