

================================================================
== Vitis HLS Report for 'causal_mask_u55c_kernel'
================================================================
* Date:           Mon Apr 27 18:42:01 2026

* Version:        2022.2 (Build 3670227 on Oct 13 2022)
* Project:        causal_mask_u55c_kernel
* Solution:       solution (Vitis Kernel Flow Target)
* Product family: virtexuplus
* Target device:  xcu55c-fsvh2892-2L-e


================================================================
== Performance Estimates
================================================================
+ Timing: 
    * Summary: 
    +--------+---------+----------+------------+
    |  Clock |  Target | Estimated| Uncertainty|
    +--------+---------+----------+------------+
    |ap_clk  |  3.33 ns|  2.433 ns|     0.90 ns|
    +--------+---------+----------+------------+

+ Latency: 
    * Summary: 
    +---------+---------+----------+----------+------+------+---------+
    |  Latency (cycles) |  Latency (absolute) |   Interval  | Pipeline|
    |   min   |   max   |    min   |    max   |  min |  max |   Type  |
    +---------+---------+----------+----------+------+------+---------+
    |     1691|     1691|  5.636 us|  5.636 us|  1692|  1692|       no|
    +---------+---------+----------+----------+------+------+---------+

    + Detail: 
        * Instance: 
        +-----------------------------------------------------------------------------+------------------------------------------------------------------+---------+---------+----------+----------+-----+-----+---------+
        |                                                                             |                                                                  |  Latency (cycles) |  Latency (absolute) |  Interval | Pipeline|
        |                                   Instance                                  |                              Module                              |   min   |   max   |    min   |    max   | min | max |   Type  |
        +-----------------------------------------------------------------------------+------------------------------------------------------------------+---------+---------+----------+----------+-----+-----+---------+
        |grp_causal_mask_u55c_kernel_Pipeline_VITIS_LOOP_55_1_VITIS_LOOP_56_2_fu_153  |causal_mask_u55c_kernel_Pipeline_VITIS_LOOP_55_1_VITIS_LOOP_56_2  |      515|      515|  1.716 us|  1.716 us|  515|  515|       no|
        |grp_causal_mask_core_hls_fu_161                                              |causal_mask_core_hls                                              |      516|      516|  1.720 us|  1.720 us|  516|  516|       no|
        |grp_causal_mask_u55c_kernel_Pipeline_VITIS_LOOP_70_3_VITIS_LOOP_71_4_fu_171  |causal_mask_u55c_kernel_Pipeline_VITIS_LOOP_70_3_VITIS_LOOP_71_4  |      516|      516|  1.720 us|  1.720 us|  516|  516|       no|
        +-----------------------------------------------------------------------------+------------------------------------------------------------------+---------+---------+----------+----------+-----+-----+---------+

        * Loop: 
        N/A



================================================================
== Utilization Estimates
================================================================
* Summary: 
+---------------------+---------+------+---------+---------+-----+
|         Name        | BRAM_18K|  DSP |    FF   |   LUT   | URAM|
+---------------------+---------+------+---------+---------+-----+
|DSP                  |        -|     -|        -|        -|    -|
|Expression           |        -|     -|        0|        2|    -|
|FIFO                 |        -|     -|        -|        -|    -|
|Instance             |        0|     -|    11733|    18517|    0|
|Memory               |        2|     -|        0|        0|    0|
|Multiplexer          |        -|     -|        -|      995|    -|
|Register             |        -|     -|      332|        -|    -|
+---------------------+---------+------+---------+---------+-----+
|Total                |        2|     0|    12065|    19514|    0|
+---------------------+---------+------+---------+---------+-----+
|Available SLR        |     1344|  3008|   869120|   434560|  320|
+---------------------+---------+------+---------+---------+-----+
|Utilization SLR (%)  |       ~0|     0|        1|        4|    0|
+---------------------+---------+------+---------+---------+-----+
|Available            |     4032|  9024|  2607360|  1303680|  960|
+---------------------+---------+------+---------+---------+-----+
|Utilization (%)      |       ~0|     0|       ~0|        1|    0|
+---------------------+---------+------+---------+---------+-----+

+ Detail: 
    * Instance: 
    +-----------------------------------------------------------------------------+------------------------------------------------------------------+---------+----+------+------+-----+
    |                                   Instance                                  |                              Module                              | BRAM_18K| DSP|  FF  |  LUT | URAM|
    +-----------------------------------------------------------------------------+------------------------------------------------------------------+---------+----+------+------+-----+
    |grp_causal_mask_core_hls_fu_161                                              |causal_mask_core_hls                                              |        0|   0|   133|   306|    0|
    |grp_causal_mask_u55c_kernel_Pipeline_VITIS_LOOP_55_1_VITIS_LOOP_56_2_fu_153  |causal_mask_u55c_kernel_Pipeline_VITIS_LOOP_55_1_VITIS_LOOP_56_2  |        0|   0|  1040|   612|    0|
    |grp_causal_mask_u55c_kernel_Pipeline_VITIS_LOOP_70_3_VITIS_LOOP_71_4_fu_171  |causal_mask_u55c_kernel_Pipeline_VITIS_LOOP_70_3_VITIS_LOOP_71_4  |        0|   0|  1098|  1045|    0|
    |control_s_axi_U                                                              |control_s_axi                                                     |        0|   0|   328|   552|    0|
    |gmem0_m_axi_U                                                                |gmem0_m_axi                                                       |        0|   0|  4567|  8001|    0|
    |gmem1_m_axi_U                                                                |gmem1_m_axi                                                       |        0|   0|  4567|  8001|    0|
    +-----------------------------------------------------------------------------+------------------------------------------------------------------+---------+----+------+------+-----+
    |Total                                                                        |                                                                  |        0|   0| 11733| 18517|    0|
    +-----------------------------------------------------------------------------+------------------------------------------------------------------+---------+----+------+------+-----+

    * DSP: 
    N/A

    * Memory: 
    +--------------------+--------------------------------+---------+---+----+-----+------+-----+------+-------------+
    |       Memory       |             Module             | BRAM_18K| FF| LUT| URAM| Words| Bits| Banks| W*Bits*Banks|
    +--------------------+--------------------------------+---------+---+----+-----+------+-----+------+-------------+
    |score_in_local_V_U  |score_in_local_V_RAM_AUTO_1R1W  |        1|  0|   0|    0|   512|   32|     1|        16384|
    |score_out_local_U   |score_in_local_V_RAM_AUTO_1R1W  |        1|  0|   0|    0|   512|   32|     1|        16384|
    +--------------------+--------------------------------+---------+---+----+-----+------+-----+------+-------------+
    |Total               |                                |        2|  0|   0|    0|  1024|   64|     2|        32768|
    +--------------------+--------------------------------+---------+---+----+-----+------+-----+------+-------------+

    * FIFO: 
    N/A

    * Expression: 
    +-----------------+----------+----+---+----+------------+------------+
    |  Variable Name  | Operation| DSP| FF| LUT| Bitwidth P0| Bitwidth P1|
    +-----------------+----------+----+---+----+------------+------------+
    |ap_block_state1  |        or|   0|  0|   2|           1|           1|
    +-----------------+----------+----+---+----+------------+------------+
    |Total            |          |   0|  0|   2|           1|           1|
    +-----------------+----------+----+---+----+------------+------------+

    * Multiplexer: 
    +---------------------------+-----+-----------+-----+-----------+
    |            Name           | LUT | Input Size| Bits| Total Bits|
    +---------------------------+-----+-----------+-----+-----------+
    |ap_NS_fsm                  |  769|        146|    1|        146|
    |ap_done                    |    9|          2|    1|          2|
    |gmem0_ARADDR               |   14|          3|   64|        192|
    |gmem0_ARLEN                |   14|          3|   32|         96|
    |gmem0_ARVALID              |   14|          3|    1|          3|
    |gmem0_RREADY               |    9|          2|    1|          2|
    |gmem0_blk_n_AR             |    9|          2|    1|          2|
    |gmem1_AWADDR               |   14|          3|   64|        192|
    |gmem1_AWLEN                |   14|          3|   32|         96|
    |gmem1_AWVALID              |   14|          3|    1|          3|
    |gmem1_BREADY               |   14|          3|    1|          3|
    |gmem1_WVALID               |    9|          2|    1|          2|
    |gmem1_blk_n_AW             |    9|          2|    1|          2|
    |gmem1_blk_n_B              |    9|          2|    1|          2|
    |score_in_local_V_address0  |   14|          3|    9|         27|
    |score_in_local_V_ce0       |   14|          3|    1|          3|
    |score_in_local_V_we0       |    9|          2|    1|          2|
    |score_out_local_address0   |   14|          3|    9|         27|
    |score_out_local_ce0        |   14|          3|    1|          3|
    |score_out_local_we0        |    9|          2|    1|          2|
    +---------------------------+-----+-----------+-----+-----------+
    |Total                      |  995|        195|  224|        807|
    +---------------------------+-----+-----------+-----+-----------+

    * Register: 
    +------------------------------------------------------------------------------------------+-----+----+-----+-----------+
    |                                           Name                                           |  FF | LUT| Bits| Const Bits|
    +------------------------------------------------------------------------------------------+-----+----+-----+-----------+
    |ap_CS_fsm                                                                                 |  145|   0|  145|          0|
    |ap_done_reg                                                                               |    1|   0|    1|          0|
    |ap_rst_n_inv                                                                              |    1|   0|    1|          0|
    |ap_rst_reg_1                                                                              |    1|   0|    1|          0|
    |ap_rst_reg_2                                                                              |    1|   0|    1|          0|
    |grp_causal_mask_core_hls_fu_161_ap_start_reg                                              |    1|   0|    1|          0|
    |grp_causal_mask_u55c_kernel_Pipeline_VITIS_LOOP_55_1_VITIS_LOOP_56_2_fu_153_ap_start_reg  |    1|   0|    1|          0|
    |grp_causal_mask_u55c_kernel_Pipeline_VITIS_LOOP_70_3_VITIS_LOOP_71_4_fu_171_ap_start_reg  |    1|   0|    1|          0|
    |trunc_ln5_reg_245                                                                         |   58|   0|   58|          0|
    |trunc_ln65_reg_256                                                                        |   16|   0|   16|          0|
    |trunc_ln66_reg_261                                                                        |   16|   0|   16|          0|
    |trunc_ln67_reg_266                                                                        |   16|   0|   16|          0|
    |trunc_ln68_reg_271                                                                        |   16|   0|   16|          0|
    |trunc_ln_reg_239                                                                          |   58|   0|   58|          0|
    +------------------------------------------------------------------------------------------+-----+----+-----+-----------+
    |Total                                                                                     |  332|   0|  332|          0|
    +------------------------------------------------------------------------------------------+-----+----+-----+-----------+



================================================================
== Interface
================================================================
* Summary: 
+-----------------------+-----+-----+---------------+------------------------------------------------------------+--------------+
|       RTL Ports       | Dir | Bits|    Protocol   |                        Source Object                       |    C Type    |
+-----------------------+-----+-----+---------------+------------------------------------------------------------+--------------+
|s_axi_control_AWVALID  |   in|    1|          s_axi|                                                     control|        scalar|
|s_axi_control_AWREADY  |  out|    1|          s_axi|                                                     control|        scalar|
|s_axi_control_AWADDR   |   in|    7|          s_axi|                                                     control|        scalar|
|s_axi_control_WVALID   |   in|    1|          s_axi|                                                     control|        scalar|
|s_axi_control_WREADY   |  out|    1|          s_axi|                                                     control|        scalar|
|s_axi_control_WDATA    |   in|   32|          s_axi|                                                     control|        scalar|
|s_axi_control_WSTRB    |   in|    4|          s_axi|                                                     control|        scalar|
|s_axi_control_ARVALID  |   in|    1|          s_axi|                                                     control|        scalar|
|s_axi_control_ARREADY  |  out|    1|          s_axi|                                                     control|        scalar|
|s_axi_control_ARADDR   |   in|    7|          s_axi|                                                     control|        scalar|
|s_axi_control_RVALID   |  out|    1|          s_axi|                                                     control|        scalar|
|s_axi_control_RREADY   |   in|    1|          s_axi|                                                     control|        scalar|
|s_axi_control_RDATA    |  out|   32|          s_axi|                                                     control|        scalar|
|s_axi_control_RRESP    |  out|    2|          s_axi|                                                     control|        scalar|
|s_axi_control_BVALID   |  out|    1|          s_axi|                                                     control|        scalar|
|s_axi_control_BREADY   |   in|    1|          s_axi|                                                     control|        scalar|
|s_axi_control_BRESP    |  out|    2|          s_axi|                                                     control|        scalar|
|ap_clk                 |   in|    1|  ap_ctrl_chain|  attention_score_u55c::causal_mask::causal_mask_u55c_kernel|  return value|
|ap_rst_n               |   in|    1|  ap_ctrl_chain|  attention_score_u55c::causal_mask::causal_mask_u55c_kernel|  return value|
|interrupt              |  out|    1|  ap_ctrl_chain|  attention_score_u55c::causal_mask::causal_mask_u55c_kernel|  return value|
|m_axi_gmem0_AWVALID    |  out|    1|          m_axi|                                                       gmem0|       pointer|
|m_axi_gmem0_AWREADY    |   in|    1|          m_axi|                                                       gmem0|       pointer|
|m_axi_gmem0_AWADDR     |  out|   64|          m_axi|                                                       gmem0|       pointer|
|m_axi_gmem0_AWID       |  out|    1|          m_axi|                                                       gmem0|       pointer|
|m_axi_gmem0_AWLEN      |  out|    8|          m_axi|                                                       gmem0|       pointer|
|m_axi_gmem0_AWSIZE     |  out|    3|          m_axi|                                                       gmem0|       pointer|
|m_axi_gmem0_AWBURST    |  out|    2|          m_axi|                                                       gmem0|       pointer|
|m_axi_gmem0_AWLOCK     |  out|    2|          m_axi|                                                       gmem0|       pointer|
|m_axi_gmem0_AWCACHE    |  out|    4|          m_axi|                                                       gmem0|       pointer|
|m_axi_gmem0_AWPROT     |  out|    3|          m_axi|                                                       gmem0|       pointer|
|m_axi_gmem0_AWQOS      |  out|    4|          m_axi|                                                       gmem0|       pointer|
|m_axi_gmem0_AWREGION   |  out|    4|          m_axi|                                                       gmem0|       pointer|
|m_axi_gmem0_AWUSER     |  out|    1|          m_axi|                                                       gmem0|       pointer|
|m_axi_gmem0_WVALID     |  out|    1|          m_axi|                                                       gmem0|       pointer|
|m_axi_gmem0_WREADY     |   in|    1|          m_axi|                                                       gmem0|       pointer|
|m_axi_gmem0_WDATA      |  out|  512|          m_axi|                                                       gmem0|       pointer|
|m_axi_gmem0_WSTRB      |  out|   64|          m_axi|                                                       gmem0|       pointer|
|m_axi_gmem0_WLAST      |  out|    1|          m_axi|                                                       gmem0|       pointer|
|m_axi_gmem0_WID        |  out|    1|          m_axi|                                                       gmem0|       pointer|
|m_axi_gmem0_WUSER      |  out|    1|          m_axi|                                                       gmem0|       pointer|
|m_axi_gmem0_ARVALID    |  out|    1|          m_axi|                                                       gmem0|       pointer|
|m_axi_gmem0_ARREADY    |   in|    1|          m_axi|                                                       gmem0|       pointer|
|m_axi_gmem0_ARADDR     |  out|   64|          m_axi|                                                       gmem0|       pointer|
|m_axi_gmem0_ARID       |  out|    1|          m_axi|                                                       gmem0|       pointer|
|m_axi_gmem0_ARLEN      |  out|    8|          m_axi|                                                       gmem0|       pointer|
|m_axi_gmem0_ARSIZE     |  out|    3|          m_axi|                                                       gmem0|       pointer|
|m_axi_gmem0_ARBURST    |  out|    2|          m_axi|                                                       gmem0|       pointer|
|m_axi_gmem0_ARLOCK     |  out|    2|          m_axi|                                                       gmem0|       pointer|
|m_axi_gmem0_ARCACHE    |  out|    4|          m_axi|                                                       gmem0|       pointer|
|m_axi_gmem0_ARPROT     |  out|    3|          m_axi|                                                       gmem0|       pointer|
|m_axi_gmem0_ARQOS      |  out|    4|          m_axi|                                                       gmem0|       pointer|
|m_axi_gmem0_ARREGION   |  out|    4|          m_axi|                                                       gmem0|       pointer|
|m_axi_gmem0_ARUSER     |  out|    1|          m_axi|                                                       gmem0|       pointer|
|m_axi_gmem0_RVALID     |   in|    1|          m_axi|                                                       gmem0|       pointer|
|m_axi_gmem0_RREADY     |  out|    1|          m_axi|                                                       gmem0|       pointer|
|m_axi_gmem0_RDATA      |   in|  512|          m_axi|                                                       gmem0|       pointer|
|m_axi_gmem0_RLAST      |   in|    1|          m_axi|                                                       gmem0|       pointer|
|m_axi_gmem0_RID        |   in|    1|          m_axi|                                                       gmem0|       pointer|
|m_axi_gmem0_RUSER      |   in|    1|          m_axi|                                                       gmem0|       pointer|
|m_axi_gmem0_RRESP      |   in|    2|          m_axi|                                                       gmem0|       pointer|
|m_axi_gmem0_BVALID     |   in|    1|          m_axi|                                                       gmem0|       pointer|
|m_axi_gmem0_BREADY     |  out|    1|          m_axi|                                                       gmem0|       pointer|
|m_axi_gmem0_BRESP      |   in|    2|          m_axi|                                                       gmem0|       pointer|
|m_axi_gmem0_BID        |   in|    1|          m_axi|                                                       gmem0|       pointer|
|m_axi_gmem0_BUSER      |   in|    1|          m_axi|                                                       gmem0|       pointer|
|m_axi_gmem1_AWVALID    |  out|    1|          m_axi|                                                       gmem1|       pointer|
|m_axi_gmem1_AWREADY    |   in|    1|          m_axi|                                                       gmem1|       pointer|
|m_axi_gmem1_AWADDR     |  out|   64|          m_axi|                                                       gmem1|       pointer|
|m_axi_gmem1_AWID       |  out|    1|          m_axi|                                                       gmem1|       pointer|
|m_axi_gmem1_AWLEN      |  out|    8|          m_axi|                                                       gmem1|       pointer|
|m_axi_gmem1_AWSIZE     |  out|    3|          m_axi|                                                       gmem1|       pointer|
|m_axi_gmem1_AWBURST    |  out|    2|          m_axi|                                                       gmem1|       pointer|
|m_axi_gmem1_AWLOCK     |  out|    2|          m_axi|                                                       gmem1|       pointer|
|m_axi_gmem1_AWCACHE    |  out|    4|          m_axi|                                                       gmem1|       pointer|
|m_axi_gmem1_AWPROT     |  out|    3|          m_axi|                                                       gmem1|       pointer|
|m_axi_gmem1_AWQOS      |  out|    4|          m_axi|                                                       gmem1|       pointer|
|m_axi_gmem1_AWREGION   |  out|    4|          m_axi|                                                       gmem1|       pointer|
|m_axi_gmem1_AWUSER     |  out|    1|          m_axi|                                                       gmem1|       pointer|
|m_axi_gmem1_WVALID     |  out|    1|          m_axi|                                                       gmem1|       pointer|
|m_axi_gmem1_WREADY     |   in|    1|          m_axi|                                                       gmem1|       pointer|
|m_axi_gmem1_WDATA      |  out|  512|          m_axi|                                                       gmem1|       pointer|
|m_axi_gmem1_WSTRB      |  out|   64|          m_axi|                                                       gmem1|       pointer|
|m_axi_gmem1_WLAST      |  out|    1|          m_axi|                                                       gmem1|       pointer|
|m_axi_gmem1_WID        |  out|    1|          m_axi|                                                       gmem1|       pointer|
|m_axi_gmem1_WUSER      |  out|    1|          m_axi|                                                       gmem1|       pointer|
|m_axi_gmem1_ARVALID    |  out|    1|          m_axi|                                                       gmem1|       pointer|
|m_axi_gmem1_ARREADY    |   in|    1|          m_axi|                                                       gmem1|       pointer|
|m_axi_gmem1_ARADDR     |  out|   64|          m_axi|                                                       gmem1|       pointer|
|m_axi_gmem1_ARID       |  out|    1|          m_axi|                                                       gmem1|       pointer|
|m_axi_gmem1_ARLEN      |  out|    8|          m_axi|                                                       gmem1|       pointer|
|m_axi_gmem1_ARSIZE     |  out|    3|          m_axi|                                                       gmem1|       pointer|
|m_axi_gmem1_ARBURST    |  out|    2|          m_axi|                                                       gmem1|       pointer|
|m_axi_gmem1_ARLOCK     |  out|    2|          m_axi|                                                       gmem1|       pointer|
|m_axi_gmem1_ARCACHE    |  out|    4|          m_axi|                                                       gmem1|       pointer|
|m_axi_gmem1_ARPROT     |  out|    3|          m_axi|                                                       gmem1|       pointer|
|m_axi_gmem1_ARQOS      |  out|    4|          m_axi|                                                       gmem1|       pointer|
|m_axi_gmem1_ARREGION   |  out|    4|          m_axi|                                                       gmem1|       pointer|
|m_axi_gmem1_ARUSER     |  out|    1|          m_axi|                                                       gmem1|       pointer|
|m_axi_gmem1_RVALID     |   in|    1|          m_axi|                                                       gmem1|       pointer|
|m_axi_gmem1_RREADY     |  out|    1|          m_axi|                                                       gmem1|       pointer|
|m_axi_gmem1_RDATA      |   in|  512|          m_axi|                                                       gmem1|       pointer|
|m_axi_gmem1_RLAST      |   in|    1|          m_axi|                                                       gmem1|       pointer|
|m_axi_gmem1_RID        |   in|    1|          m_axi|                                                       gmem1|       pointer|
|m_axi_gmem1_RUSER      |   in|    1|          m_axi|                                                       gmem1|       pointer|
|m_axi_gmem1_RRESP      |   in|    2|          m_axi|                                                       gmem1|       pointer|
|m_axi_gmem1_BVALID     |   in|    1|          m_axi|                                                       gmem1|       pointer|
|m_axi_gmem1_BREADY     |  out|    1|          m_axi|                                                       gmem1|       pointer|
|m_axi_gmem1_BRESP      |   in|    2|          m_axi|                                                       gmem1|       pointer|
|m_axi_gmem1_BID        |   in|    1|          m_axi|                                                       gmem1|       pointer|
|m_axi_gmem1_BUSER      |   in|    1|          m_axi|                                                       gmem1|       pointer|
+-----------------------+-----+-----+---------------+------------------------------------------------------------+--------------+

