

================================================================
== Vitis HLS Report for 'attention_score_u55c_kernel'
================================================================
* Date:           Mon Apr 27 18:41:31 2026

* Version:        2022.2 (Build 3670227 on Oct 13 2022)
* Project:        attention_score_u55c_kernel
* Solution:       solution (Vitis Kernel Flow Target)
* Product family: virtexuplus
* Target device:  xcu55c-fsvh2892-2L-e


================================================================
== Performance Estimates
================================================================
+ Timing: 
    * Summary: 
    +--------+---------+----------+------------+
    |  Clock |  Target | Estimated| Uncertainty|
    +--------+---------+----------+------------+
    |ap_clk  |  3.33 ns|  2.433 ns|     0.90 ns|
    +--------+---------+----------+------------+

+ Latency: 
    * Summary: 
    +---------+---------+-----------+-----------+------+------+---------+
    |  Latency (cycles) |   Latency (absolute)  |   Interval  | Pipeline|
    |   min   |   max   |    min    |    max    |  min |  max |   Type  |
    +---------+---------+-----------+-----------+------+------+---------+
    |     6288|     6288|  20.958 us|  20.958 us|  6289|  6289|       no|
    +---------+---------+-----------+-----------+------+------+---------+

    + Detail: 
        * Instance: 
        +---------------------------------------------------------------------------------+----------------------------------------------------------------------+---------+---------+----------+----------+-----+-----+---------+
        |                                                                                 |                                                                      |  Latency (cycles) |  Latency (absolute) |  Interval | Pipeline|
        |                                     Instance                                    |                                Module                                |   min   |   max   |    min   |    max   | min | max |   Type  |
        +---------------------------------------------------------------------------------+----------------------------------------------------------------------+---------+---------+----------+----------+-----+-----+---------+
        |grp_attention_score_u55c_kernel_Pipeline_VITIS_LOOP_58_2_fu_262                  |attention_score_u55c_kernel_Pipeline_VITIS_LOOP_58_2                  |       66|       66|  0.220 us|  0.220 us|   66|   66|       no|
        |grp_attention_score_core_hls_fu_277                                              |attention_score_core_hls                                              |      519|      519|  1.730 us|  1.730 us|  519|  519|       no|
        |grp_attention_score_u55c_kernel_Pipeline_VITIS_LOOP_65_4_fu_300                  |attention_score_u55c_kernel_Pipeline_VITIS_LOOP_65_4                  |       66|       66|  0.220 us|  0.220 us|   66|   66|       no|
        |grp_attention_score_u55c_kernel_Pipeline_VITIS_LOOP_78_5_VITIS_LOOP_79_6_fu_315  |attention_score_u55c_kernel_Pipeline_VITIS_LOOP_78_5_VITIS_LOOP_79_6  |      516|      516|  1.720 us|  1.720 us|  516|  516|       no|
        +---------------------------------------------------------------------------------+----------------------------------------------------------------------+---------+---------+----------+----------+-----+-----+---------+

        * Loop: 
        +-------------------+---------+---------+----------+-----------+-----------+------+----------+
        |                   |  Latency (cycles) | Iteration|  Initiation Interval  | Trip |          |
        |     Loop Name     |   min   |   max   |  Latency |  achieved |   target  | Count| Pipelined|
        +-------------------+---------+---------+----------+-----------+-----------+------+----------+
        |- VITIS_LOOP_57_1  |      560|      560|        70|          -|          -|     8|        no|
        |- VITIS_LOOP_64_3  |     4480|     4480|        70|          -|          -|    64|        no|
        +-------------------+---------+---------+----------+-----------+-----------+------+----------+



================================================================
== Utilization Estimates
================================================================
* Summary: 
+---------------------+---------+------+---------+---------+-----+
|         Name        | BRAM_18K|  DSP |    FF   |   LUT   | URAM|
+---------------------+---------+------+---------+---------+-----+
|DSP                  |        -|     -|        -|        -|    -|
|Expression           |        -|     -|        0|       48|    -|
|FIFO                 |        -|     -|        -|        -|    -|
|Instance             |        0|    32|    17700|    28337|    0|
|Memory               |       57|     -|       64|       72|    0|
|Multiplexer          |        -|     -|        -|     2956|    -|
|Register             |        -|     -|     1609|        -|    -|
+---------------------+---------+------+---------+---------+-----+
|Total                |       57|    32|    19373|    31413|    0|
+---------------------+---------+------+---------+---------+-----+
|Available SLR        |     1344|  3008|   869120|   434560|  320|
+---------------------+---------+------+---------+---------+-----+
|Utilization SLR (%)  |        4|     1|        2|        7|    0|
+---------------------+---------+------+---------+---------+-----+
|Available            |     4032|  9024|  2607360|  1303680|  960|
+---------------------+---------+------+---------+---------+-----+
|Utilization (%)      |        1|    ~0|       ~0|        2|    0|
+---------------------+---------+------+---------+---------+-----+

+ Detail: 
    * Instance: 
    +---------------------------------------------------------------------------------+----------------------------------------------------------------------+---------+----+------+------+-----+
    |                                     Instance                                    |                                Module                                | BRAM_18K| DSP|  FF  |  LUT | URAM|
    +---------------------------------------------------------------------------------+----------------------------------------------------------------------+---------+----+------+------+-----+
    |grp_attention_score_core_hls_fu_277                                              |attention_score_core_hls                                              |        0|  32|  1565|  2625|    0|
    |grp_attention_score_u55c_kernel_Pipeline_VITIS_LOOP_58_2_fu_262                  |attention_score_u55c_kernel_Pipeline_VITIS_LOOP_58_2                  |        0|   0|   522|    63|    0|
    |grp_attention_score_u55c_kernel_Pipeline_VITIS_LOOP_65_4_fu_300                  |attention_score_u55c_kernel_Pipeline_VITIS_LOOP_65_4                  |        0|   0|   522|    63|    0|
    |grp_attention_score_u55c_kernel_Pipeline_VITIS_LOOP_78_5_VITIS_LOOP_79_6_fu_315  |attention_score_u55c_kernel_Pipeline_VITIS_LOOP_78_5_VITIS_LOOP_79_6  |        0|   0|  1068|  1031|    0|
    |control_s_axi_U                                                                  |control_s_axi                                                         |        0|   0|   322|   552|    0|
    |gmem0_m_axi_U                                                                    |gmem0_m_axi                                                           |        0|   0|  4567|  8001|    0|
    |gmem1_m_axi_U                                                                    |gmem1_m_axi                                                           |        0|   0|  4567|  8001|    0|
    |gmem2_m_axi_U                                                                    |gmem2_m_axi                                                           |        0|   0|  4567|  8001|    0|
    +---------------------------------------------------------------------------------+----------------------------------------------------------------------+---------+----+------+------+-----+
    |Total                                                                            |                                                                      |        0|  32| 17700| 28337|    0|
    +---------------------------------------------------------------------------------+----------------------------------------------------------------------+---------+----+------+------+-----+

    * DSP: 
    N/A

    * Memory: 
    +---------------+------------------------------+---------+---+----+-----+------+-----+------+-------------+
    |     Memory    |            Module            | BRAM_18K| FF| LUT| URAM| Words| Bits| Banks| W*Bits*Banks|
    +---------------+------------------------------+---------+---+----+-----+------+-----+------+-------------+
    |k_local_V_U    |k_local_V_RAM_1WNR_AUTO_1R1W  |        7|  0|   0|    0|   512|    8|     1|         4096|
    |k_local_V_1_U  |k_local_V_RAM_1WNR_AUTO_1R1W  |        7|  0|   0|    0|   512|    8|     1|         4096|
    |k_local_V_2_U  |k_local_V_RAM_1WNR_AUTO_1R1W  |        7|  0|   0|    0|   512|    8|     1|         4096|
    |k_local_V_3_U  |k_local_V_RAM_1WNR_AUTO_1R1W  |        7|  0|   0|    0|   512|    8|     1|         4096|
    |k_local_V_4_U  |k_local_V_RAM_1WNR_AUTO_1R1W  |        7|  0|   0|    0|   512|    8|     1|         4096|
    |k_local_V_5_U  |k_local_V_RAM_1WNR_AUTO_1R1W  |        7|  0|   0|    0|   512|    8|     1|         4096|
    |k_local_V_6_U  |k_local_V_RAM_1WNR_AUTO_1R1W  |        7|  0|   0|    0|   512|    8|     1|         4096|
    |k_local_V_7_U  |k_local_V_RAM_1WNR_AUTO_1R1W  |        7|  0|   0|    0|   512|    8|     1|         4096|
    |q_local_V_U    |q_local_V_RAM_1WNR_AUTO_1R1W  |        0|  8|   9|    0|    64|    8|     1|          512|
    |q_local_V_1_U  |q_local_V_RAM_1WNR_AUTO_1R1W  |        0|  8|   9|    0|    64|    8|     1|          512|
    |q_local_V_2_U  |q_local_V_RAM_1WNR_AUTO_1R1W  |        0|  8|   9|    0|    64|    8|     1|          512|
    |q_local_V_3_U  |q_local_V_RAM_1WNR_AUTO_1R1W  |        0|  8|   9|    0|    64|    8|     1|          512|
    |q_local_V_4_U  |q_local_V_RAM_1WNR_AUTO_1R1W  |        0|  8|   9|    0|    64|    8|     1|          512|
    |q_local_V_5_U  |q_local_V_RAM_1WNR_AUTO_1R1W  |        0|  8|   9|    0|    64|    8|     1|          512|
    |q_local_V_6_U  |q_local_V_RAM_1WNR_AUTO_1R1W  |        0|  8|   9|    0|    64|    8|     1|          512|
    |q_local_V_7_U  |q_local_V_RAM_1WNR_AUTO_1R1W  |        0|  8|   9|    0|    64|    8|     1|          512|
    |score_local_U  |score_local_RAM_AUTO_1R1W     |        1|  0|   0|    0|   512|   22|     1|        11264|
    +---------------+------------------------------+---------+---+----+-----+------+-----+------+-------------+
    |Total          |                              |       57| 64|  72|    0|  5120|  150|    17|        48128|
    +---------------+------------------------------+---------+---+----+-----+------+-----+------+-------------+

    * FIFO: 
    N/A

    * Expression: 
    +---------------------+----------+----+---+----+------------+------------+
    |    Variable Name    | Operation| DSP| FF| LUT| Bitwidth P0| Bitwidth P1|
    +---------------------+----------+----+---+----+------------+------------+
    |add_ln57_fu_361_p2   |         +|   0|  0|  12|           4|           1|
    |add_ln64_fu_409_p2   |         +|   0|  0|  14|           7|           1|
    |icmp_ln57_fu_355_p2  |      icmp|   0|  0|   9|           4|           5|
    |icmp_ln64_fu_403_p2  |      icmp|   0|  0|  11|           7|           8|
    |ap_block_state1      |        or|   0|  0|   2|           1|           1|
    +---------------------+----------+----+---+----+------------+------------+
    |Total                |          |   0|  0|  48|          23|          16|
    +---------------------+----------+----+---+----+------------+------------+

    * Multiplexer: 
    +----------------------+------+-----------+-----+-----------+
    |         Name         |  LUT | Input Size| Bits| Total Bits|
    +----------------------+------+-----------+-----+-----------+
    |ap_NS_fsm             |  1173|        221|    1|        221|
    |ap_done               |     9|          2|    1|          2|
    |col_fu_196            |     9|          2|    7|         14|
    |gmem0_blk_n_AR        |     9|          2|    1|          2|
    |gmem0_blk_n_R         |     9|          2|    1|          2|
    |gmem1_blk_n_AR        |     9|          2|    1|          2|
    |gmem1_blk_n_R         |     9|          2|    1|          2|
    |gmem2_AWADDR          |    14|          3|   64|        192|
    |gmem2_AWLEN           |    14|          3|   32|         96|
    |gmem2_AWVALID         |    14|          3|    1|          3|
    |gmem2_BREADY          |    14|          3|    1|          3|
    |gmem2_WVALID          |     9|          2|    1|          2|
    |gmem2_blk_n_AW        |     9|          2|    1|          2|
    |gmem2_blk_n_B         |     9|          2|    1|          2|
    |k_local_V_1_address0  |    14|          3|    9|         27|
    |k_local_V_1_ce0       |    14|          3|    1|          3|
    |k_local_V_1_ce1       |     9|          2|    1|          2|
    |k_local_V_1_ce2       |     9|          2|    1|          2|
    |k_local_V_1_ce3       |     9|          2|    1|          2|
    |k_local_V_1_ce4       |     9|          2|    1|          2|
    |k_local_V_1_ce5       |     9|          2|    1|          2|
    |k_local_V_1_ce6       |     9|          2|    1|          2|
    |k_local_V_1_ce7       |     9|          2|    1|          2|
    |k_local_V_1_we0       |     9|          2|    1|          2|
    |k_local_V_2_address0  |    14|          3|    9|         27|
    |k_local_V_2_ce0       |    14|          3|    1|          3|
    |k_local_V_2_ce1       |     9|          2|    1|          2|
    |k_local_V_2_ce2       |     9|          2|    1|          2|
    |k_local_V_2_ce3       |     9|          2|    1|          2|
    |k_local_V_2_ce4       |     9|          2|    1|          2|
    |k_local_V_2_ce5       |     9|          2|    1|          2|
    |k_local_V_2_ce6       |     9|          2|    1|          2|
    |k_local_V_2_ce7       |     9|          2|    1|          2|
    |k_local_V_2_we0       |     9|          2|    1|          2|
    |k_local_V_3_address0  |    14|          3|    9|         27|
    |k_local_V_3_ce0       |    14|          3|    1|          3|
    |k_local_V_3_ce1       |     9|          2|    1|          2|
    |k_local_V_3_ce2       |     9|          2|    1|          2|
    |k_local_V_3_ce3       |     9|          2|    1|          2|
    |k_local_V_3_ce4       |     9|          2|    1|          2|
    |k_local_V_3_ce5       |     9|          2|    1|          2|
    |k_local_V_3_ce6       |     9|          2|    1|          2|
    |k_local_V_3_ce7       |     9|          2|    1|          2|
    |k_local_V_3_we0       |     9|          2|    1|          2|
    |k_local_V_4_address0  |    14|          3|    9|         27|
    |k_local_V_4_ce0       |    14|          3|    1|          3|
    |k_local_V_4_ce1       |     9|          2|    1|          2|
    |k_local_V_4_ce2       |     9|          2|    1|          2|
    |k_local_V_4_ce3       |     9|          2|    1|          2|
    |k_local_V_4_ce4       |     9|          2|    1|          2|
    |k_local_V_4_ce5       |     9|          2|    1|          2|
    |k_local_V_4_ce6       |     9|          2|    1|          2|
    |k_local_V_4_ce7       |     9|          2|    1|          2|
    |k_local_V_4_we0       |     9|          2|    1|          2|
    |k_local_V_5_address0  |    14|          3|    9|         27|
    |k_local_V_5_ce0       |    14|          3|    1|          3|
    |k_local_V_5_ce1       |     9|          2|    1|          2|
    |k_local_V_5_ce2       |     9|          2|    1|          2|
    |k_local_V_5_ce3       |     9|          2|    1|          2|
    |k_local_V_5_ce4       |     9|          2|    1|          2|
    |k_local_V_5_ce5       |     9|          2|    1|          2|
    |k_local_V_5_ce6       |     9|          2|    1|          2|
    |k_local_V_5_ce7       |     9|          2|    1|          2|
    |k_local_V_5_we0       |     9|          2|    1|          2|
    |k_local_V_6_address0  |    14|          3|    9|         27|
    |k_local_V_6_ce0       |    14|          3|    1|          3|
    |k_local_V_6_ce1       |     9|          2|    1|          2|
    |k_local_V_6_ce2       |     9|          2|    1|          2|
    |k_local_V_6_ce3       |     9|          2|    1|          2|
    |k_local_V_6_ce4       |     9|          2|    1|          2|
    |k_local_V_6_ce5       |     9|          2|    1|          2|
    |k_local_V_6_ce6       |     9|          2|    1|          2|
    |k_local_V_6_ce7       |     9|          2|    1|          2|
    |k_local_V_6_we0       |     9|          2|    1|          2|
    |k_local_V_7_address0  |    14|          3|    9|         27|
    |k_local_V_7_ce0       |    14|          3|    1|          3|
    |k_local_V_7_ce1       |     9|          2|    1|          2|
    |k_local_V_7_ce2       |     9|          2|    1|          2|
    |k_local_V_7_ce3       |     9|          2|    1|          2|
    |k_local_V_7_ce4       |     9|          2|    1|          2|
    |k_local_V_7_ce5       |     9|          2|    1|          2|
    |k_local_V_7_ce6       |     9|          2|    1|          2|
    |k_local_V_7_ce7       |     9|          2|    1|          2|
    |k_local_V_7_we0       |     9|          2|    1|          2|
    |k_local_V_address0    |    14|          3|    9|         27|
    |k_local_V_ce0         |    14|          3|    1|          3|
    |k_local_V_ce1         |     9|          2|    1|          2|
    |k_local_V_ce2         |     9|          2|    1|          2|
    |k_local_V_ce3         |     9|          2|    1|          2|
    |k_local_V_ce4         |     9|          2|    1|          2|
    |k_local_V_ce5         |     9|          2|    1|          2|
    |k_local_V_ce6         |     9|          2|    1|          2|
    |k_local_V_ce7         |     9|          2|    1|          2|
    |k_local_V_we0         |     9|          2|    1|          2|
    |q_local_V_1_address0  |    14|          3|    6|         18|
    |q_local_V_1_ce0       |    14|          3|    1|          3|
    |q_local_V_1_ce1       |     9|          2|    1|          2|
    |q_local_V_1_ce2       |     9|          2|    1|          2|
    |q_local_V_1_ce3       |     9|          2|    1|          2|
    |q_local_V_1_ce4       |     9|          2|    1|          2|
    |q_local_V_1_ce5       |     9|          2|    1|          2|
    |q_local_V_1_ce6       |     9|          2|    1|          2|
    |q_local_V_1_ce7       |     9|          2|    1|          2|
    |q_local_V_1_we0       |     9|          2|    1|          2|
    |q_local_V_2_address0  |    14|          3|    6|         18|
    |q_local_V_2_ce0       |    14|          3|    1|          3|
    |q_local_V_2_ce1       |     9|          2|    1|          2|
    |q_local_V_2_ce2       |     9|          2|    1|          2|
    |q_local_V_2_ce3       |     9|          2|    1|          2|
    |q_local_V_2_ce4       |     9|          2|    1|          2|
    |q_local_V_2_ce5       |     9|          2|    1|          2|
    |q_local_V_2_ce6       |     9|          2|    1|          2|
    |q_local_V_2_ce7       |     9|          2|    1|          2|
    |q_local_V_2_we0       |     9|          2|    1|          2|
    |q_local_V_3_address0  |    14|          3|    6|         18|
    |q_local_V_3_ce0       |    14|          3|    1|          3|
    |q_local_V_3_ce1       |     9|          2|    1|          2|
    |q_local_V_3_ce2       |     9|          2|    1|          2|
    |q_local_V_3_ce3       |     9|          2|    1|          2|
    |q_local_V_3_ce4       |     9|          2|    1|          2|
    |q_local_V_3_ce5       |     9|          2|    1|          2|
    |q_local_V_3_ce6       |     9|          2|    1|          2|
    |q_local_V_3_ce7       |     9|          2|    1|          2|
    |q_local_V_3_we0       |     9|          2|    1|          2|
    |q_local_V_4_address0  |    14|          3|    6|         18|
    |q_local_V_4_ce0       |    14|          3|    1|          3|
    |q_local_V_4_ce1       |     9|          2|    1|          2|
    |q_local_V_4_ce2       |     9|          2|    1|          2|
    |q_local_V_4_ce3       |     9|          2|    1|          2|
    |q_local_V_4_ce4       |     9|          2|    1|          2|
    |q_local_V_4_ce5       |     9|          2|    1|          2|
    |q_local_V_4_ce6       |     9|          2|    1|          2|
    |q_local_V_4_ce7       |     9|          2|    1|          2|
    |q_local_V_4_we0       |     9|          2|    1|          2|
    |q_local_V_5_address0  |    14|          3|    6|         18|
    |q_local_V_5_ce0       |    14|          3|    1|          3|
    |q_local_V_5_ce1       |     9|          2|    1|          2|
    |q_local_V_5_ce2       |     9|          2|    1|          2|
    |q_local_V_5_ce3       |     9|          2|    1|          2|
    |q_local_V_5_ce4       |     9|          2|    1|          2|
    |q_local_V_5_ce5       |     9|          2|    1|          2|
    |q_local_V_5_ce6       |     9|          2|    1|          2|
    |q_local_V_5_ce7       |     9|          2|    1|          2|
    |q_local_V_5_we0       |     9|          2|    1|          2|
    |q_local_V_6_address0  |    14|          3|    6|         18|
    |q_local_V_6_ce0       |    14|          3|    1|          3|
    |q_local_V_6_ce1       |     9|          2|    1|          2|
    |q_local_V_6_ce2       |     9|          2|    1|          2|
    |q_local_V_6_ce3       |     9|          2|    1|          2|
    |q_local_V_6_ce4       |     9|          2|    1|          2|
    |q_local_V_6_ce5       |     9|          2|    1|          2|
    |q_local_V_6_ce6       |     9|          2|    1|          2|
    |q_local_V_6_ce7       |     9|          2|    1|          2|
    |q_local_V_6_we0       |     9|          2|    1|          2|
    |q_local_V_7_address0  |    14|          3|    6|         18|
    |q_local_V_7_ce0       |    14|          3|    1|          3|
    |q_local_V_7_ce1       |     9|          2|    1|          2|
    |q_local_V_7_ce2       |     9|          2|    1|          2|
    |q_local_V_7_ce3       |     9|          2|    1|          2|
    |q_local_V_7_ce4       |     9|          2|    1|          2|
    |q_local_V_7_ce5       |     9|          2|    1|          2|
    |q_local_V_7_ce6       |     9|          2|    1|          2|
    |q_local_V_7_ce7       |     9|          2|    1|          2|
    |q_local_V_7_we0       |     9|          2|    1|          2|
    |q_local_V_address0    |    14|          3|    6|         18|
    |q_local_V_ce0         |    14|          3|    1|          3|
    |q_local_V_ce1         |     9|          2|    1|          2|
    |q_local_V_ce2         |     9|          2|    1|          2|
    |q_local_V_ce3         |     9|          2|    1|          2|
    |q_local_V_ce4         |     9|          2|    1|          2|
    |q_local_V_ce5         |     9|          2|    1|          2|
    |q_local_V_ce6         |     9|          2|    1|          2|
    |q_local_V_ce7         |     9|          2|    1|          2|
    |q_local_V_we0         |     9|          2|    1|          2|
    |row_fu_124            |     9|          2|    4|          8|
    |score_local_address0  |    14|          3|    9|         27|
    |score_local_ce0       |    14|          3|    1|          3|
    |score_local_we0       |     9|          2|    1|          2|
    +----------------------+------+-----------+-----+-----------+
    |Total                 |  2956|        613|  393|       1249|
    +----------------------+------+-----------+-----+-----------+

    * Register: 
    +----------------------------------------------------------------------------------------------+-----+----+-----+-----------+
    |                                             Name                                             |  FF | LUT| Bits| Const Bits|
    +----------------------------------------------------------------------------------------------+-----+----+-----+-----------+
    |ap_CS_fsm                                                                                     |  220|   0|  220|          0|
    |ap_done_reg                                                                                   |    1|   0|    1|          0|
    |ap_rst_n_inv                                                                                  |    1|   0|    1|          0|
    |ap_rst_reg_1                                                                                  |    1|   0|    1|          0|
    |ap_rst_reg_2                                                                                  |    1|   0|    1|          0|
    |col_fu_196                                                                                    |    7|   0|    7|          0|
    |gmem0_addr_read_reg_510                                                                       |  512|   0|  512|          0|
    |gmem1_addr_read_reg_550                                                                       |  512|   0|  512|          0|
    |grp_attention_score_core_hls_fu_277_ap_start_reg                                              |    1|   0|    1|          0|
    |grp_attention_score_u55c_kernel_Pipeline_VITIS_LOOP_58_2_fu_262_ap_start_reg                  |    1|   0|    1|          0|
    |grp_attention_score_u55c_kernel_Pipeline_VITIS_LOOP_65_4_fu_300_ap_start_reg                  |    1|   0|    1|          0|
    |grp_attention_score_u55c_kernel_Pipeline_VITIS_LOOP_78_5_VITIS_LOOP_79_6_fu_315_ap_start_reg  |    1|   0|    1|          0|
    |k_tile_read_reg_463                                                                           |   64|   0|   64|          0|
    |row_fu_124                                                                                    |    4|   0|    4|          0|
    |score_tile_read_reg_458                                                                       |   64|   0|   64|          0|
    |trunc_ln1_reg_505                                                                             |   58|   0|   58|          0|
    |trunc_ln4_reg_544                                                                             |   58|   0|   58|          0|
    |trunc_ln57_reg_489                                                                            |    3|   0|    3|          0|
    |trunc_ln64_reg_521                                                                            |    6|   0|    6|          0|
    |trunc_ln67_reg_529                                                                            |    3|   0|    3|          0|
    |trunc_ln75_reg_534                                                                            |   16|   0|   16|          0|
    |trunc_ln76_reg_539                                                                            |   16|   0|   16|          0|
    |trunc_ln_reg_468                                                                              |   58|   0|   58|          0|
    +----------------------------------------------------------------------------------------------+-----+----+-----+-----------+
    |Total                                                                                         | 1609|   0| 1609|          0|
    +----------------------------------------------------------------------------------------------+-----+----+-----+-----------+



================================================================
== Interface
================================================================
* Summary: 
+-----------------------+-----+-----+---------------+--------------------------------------------------------------------+--------------+
|       RTL Ports       | Dir | Bits|    Protocol   |                            Source Object                           |    C Type    |
+-----------------------+-----+-----+---------------+--------------------------------------------------------------------+--------------+
|s_axi_control_AWVALID  |   in|    1|          s_axi|                                                             control|        scalar|
|s_axi_control_AWREADY  |  out|    1|          s_axi|                                                             control|        scalar|
|s_axi_control_AWADDR   |   in|    7|          s_axi|                                                             control|        scalar|
|s_axi_control_WVALID   |   in|    1|          s_axi|                                                             control|        scalar|
|s_axi_control_WREADY   |  out|    1|          s_axi|                                                             control|        scalar|
|s_axi_control_WDATA    |   in|   32|          s_axi|                                                             control|        scalar|
|s_axi_control_WSTRB    |   in|    4|          s_axi|                                                             control|        scalar|
|s_axi_control_ARVALID  |   in|    1|          s_axi|                                                             control|        scalar|
|s_axi_control_ARREADY  |  out|    1|          s_axi|                                                             control|        scalar|
|s_axi_control_ARADDR   |   in|    7|          s_axi|                                                             control|        scalar|
|s_axi_control_RVALID   |  out|    1|          s_axi|                                                             control|        scalar|
|s_axi_control_RREADY   |   in|    1|          s_axi|                                                             control|        scalar|
|s_axi_control_RDATA    |  out|   32|          s_axi|                                                             control|        scalar|
|s_axi_control_RRESP    |  out|    2|          s_axi|                                                             control|        scalar|
|s_axi_control_BVALID   |  out|    1|          s_axi|                                                             control|        scalar|
|s_axi_control_BREADY   |   in|    1|          s_axi|                                                             control|        scalar|
|s_axi_control_BRESP    |  out|    2|          s_axi|                                                             control|        scalar|
|ap_clk                 |   in|    1|  ap_ctrl_chain|  attention_score_u55c::attention_score::attention_score_u55c_kernel|  return value|
|ap_rst_n               |   in|    1|  ap_ctrl_chain|  attention_score_u55c::attention_score::attention_score_u55c_kernel|  return value|
|interrupt              |  out|    1|  ap_ctrl_chain|  attention_score_u55c::attention_score::attention_score_u55c_kernel|  return value|
|m_axi_gmem0_AWVALID    |  out|    1|          m_axi|                                                               gmem0|       pointer|
|m_axi_gmem0_AWREADY    |   in|    1|          m_axi|                                                               gmem0|       pointer|
|m_axi_gmem0_AWADDR     |  out|   64|          m_axi|                                                               gmem0|       pointer|
|m_axi_gmem0_AWID       |  out|    1|          m_axi|                                                               gmem0|       pointer|
|m_axi_gmem0_AWLEN      |  out|    8|          m_axi|                                                               gmem0|       pointer|
|m_axi_gmem0_AWSIZE     |  out|    3|          m_axi|                                                               gmem0|       pointer|
|m_axi_gmem0_AWBURST    |  out|    2|          m_axi|                                                               gmem0|       pointer|
|m_axi_gmem0_AWLOCK     |  out|    2|          m_axi|                                                               gmem0|       pointer|
|m_axi_gmem0_AWCACHE    |  out|    4|          m_axi|                                                               gmem0|       pointer|
|m_axi_gmem0_AWPROT     |  out|    3|          m_axi|                                                               gmem0|       pointer|
|m_axi_gmem0_AWQOS      |  out|    4|          m_axi|                                                               gmem0|       pointer|
|m_axi_gmem0_AWREGION   |  out|    4|          m_axi|                                                               gmem0|       pointer|
|m_axi_gmem0_AWUSER     |  out|    1|          m_axi|                                                               gmem0|       pointer|
|m_axi_gmem0_WVALID     |  out|    1|          m_axi|                                                               gmem0|       pointer|
|m_axi_gmem0_WREADY     |   in|    1|          m_axi|                                                               gmem0|       pointer|
|m_axi_gmem0_WDATA      |  out|  512|          m_axi|                                                               gmem0|       pointer|
|m_axi_gmem0_WSTRB      |  out|   64|          m_axi|                                                               gmem0|       pointer|
|m_axi_gmem0_WLAST      |  out|    1|          m_axi|                                                               gmem0|       pointer|
|m_axi_gmem0_WID        |  out|    1|          m_axi|                                                               gmem0|       pointer|
|m_axi_gmem0_WUSER      |  out|    1|          m_axi|                                                               gmem0|       pointer|
|m_axi_gmem0_ARVALID    |  out|    1|          m_axi|                                                               gmem0|       pointer|
|m_axi_gmem0_ARREADY    |   in|    1|          m_axi|                                                               gmem0|       pointer|
|m_axi_gmem0_ARADDR     |  out|   64|          m_axi|                                                               gmem0|       pointer|
|m_axi_gmem0_ARID       |  out|    1|          m_axi|                                                               gmem0|       pointer|
|m_axi_gmem0_ARLEN      |  out|    8|          m_axi|                                                               gmem0|       pointer|
|m_axi_gmem0_ARSIZE     |  out|    3|          m_axi|                                                               gmem0|       pointer|
|m_axi_gmem0_ARBURST    |  out|    2|          m_axi|                                                               gmem0|       pointer|
|m_axi_gmem0_ARLOCK     |  out|    2|          m_axi|                                                               gmem0|       pointer|
|m_axi_gmem0_ARCACHE    |  out|    4|          m_axi|                                                               gmem0|       pointer|
|m_axi_gmem0_ARPROT     |  out|    3|          m_axi|                                                               gmem0|       pointer|
|m_axi_gmem0_ARQOS      |  out|    4|          m_axi|                                                               gmem0|       pointer|
|m_axi_gmem0_ARREGION   |  out|    4|          m_axi|                                                               gmem0|       pointer|
|m_axi_gmem0_ARUSER     |  out|    1|          m_axi|                                                               gmem0|       pointer|
|m_axi_gmem0_RVALID     |   in|    1|          m_axi|                                                               gmem0|       pointer|
|m_axi_gmem0_RREADY     |  out|    1|          m_axi|                                                               gmem0|       pointer|
|m_axi_gmem0_RDATA      |   in|  512|          m_axi|                                                               gmem0|       pointer|
|m_axi_gmem0_RLAST      |   in|    1|          m_axi|                                                               gmem0|       pointer|
|m_axi_gmem0_RID        |   in|    1|          m_axi|                                                               gmem0|       pointer|
|m_axi_gmem0_RUSER      |   in|    1|          m_axi|                                                               gmem0|       pointer|
|m_axi_gmem0_RRESP      |   in|    2|          m_axi|                                                               gmem0|       pointer|
|m_axi_gmem0_BVALID     |   in|    1|          m_axi|                                                               gmem0|       pointer|
|m_axi_gmem0_BREADY     |  out|    1|          m_axi|                                                               gmem0|       pointer|
|m_axi_gmem0_BRESP      |   in|    2|          m_axi|                                                               gmem0|       pointer|
|m_axi_gmem0_BID        |   in|    1|          m_axi|                                                               gmem0|       pointer|
|m_axi_gmem0_BUSER      |   in|    1|          m_axi|                                                               gmem0|       pointer|
|m_axi_gmem1_AWVALID    |  out|    1|          m_axi|                                                               gmem1|       pointer|
|m_axi_gmem1_AWREADY    |   in|    1|          m_axi|                                                               gmem1|       pointer|
|m_axi_gmem1_AWADDR     |  out|   64|          m_axi|                                                               gmem1|       pointer|
|m_axi_gmem1_AWID       |  out|    1|          m_axi|                                                               gmem1|       pointer|
|m_axi_gmem1_AWLEN      |  out|    8|          m_axi|                                                               gmem1|       pointer|
|m_axi_gmem1_AWSIZE     |  out|    3|          m_axi|                                                               gmem1|       pointer|
|m_axi_gmem1_AWBURST    |  out|    2|          m_axi|                                                               gmem1|       pointer|
|m_axi_gmem1_AWLOCK     |  out|    2|          m_axi|                                                               gmem1|       pointer|
|m_axi_gmem1_AWCACHE    |  out|    4|          m_axi|                                                               gmem1|       pointer|
|m_axi_gmem1_AWPROT     |  out|    3|          m_axi|                                                               gmem1|       pointer|
|m_axi_gmem1_AWQOS      |  out|    4|          m_axi|                                                               gmem1|       pointer|
|m_axi_gmem1_AWREGION   |  out|    4|          m_axi|                                                               gmem1|       pointer|
|m_axi_gmem1_AWUSER     |  out|    1|          m_axi|                                                               gmem1|       pointer|
|m_axi_gmem1_WVALID     |  out|    1|          m_axi|                                                               gmem1|       pointer|
|m_axi_gmem1_WREADY     |   in|    1|          m_axi|                                                               gmem1|       pointer|
|m_axi_gmem1_WDATA      |  out|  512|          m_axi|                                                               gmem1|       pointer|
|m_axi_gmem1_WSTRB      |  out|   64|          m_axi|                                                               gmem1|       pointer|
|m_axi_gmem1_WLAST      |  out|    1|          m_axi|                                                               gmem1|       pointer|
|m_axi_gmem1_WID        |  out|    1|          m_axi|                                                               gmem1|       pointer|
|m_axi_gmem1_WUSER      |  out|    1|          m_axi|                                                               gmem1|       pointer|
|m_axi_gmem1_ARVALID    |  out|    1|          m_axi|                                                               gmem1|       pointer|
|m_axi_gmem1_ARREADY    |   in|    1|          m_axi|                                                               gmem1|       pointer|
|m_axi_gmem1_ARADDR     |  out|   64|          m_axi|                                                               gmem1|       pointer|
|m_axi_gmem1_ARID       |  out|    1|          m_axi|                                                               gmem1|       pointer|
|m_axi_gmem1_ARLEN      |  out|    8|          m_axi|                                                               gmem1|       pointer|
|m_axi_gmem1_ARSIZE     |  out|    3|          m_axi|                                                               gmem1|       pointer|
|m_axi_gmem1_ARBURST    |  out|    2|          m_axi|                                                               gmem1|       pointer|
|m_axi_gmem1_ARLOCK     |  out|    2|          m_axi|                                                               gmem1|       pointer|
|m_axi_gmem1_ARCACHE    |  out|    4|          m_axi|                                                               gmem1|       pointer|
|m_axi_gmem1_ARPROT     |  out|    3|          m_axi|                                                               gmem1|       pointer|
|m_axi_gmem1_ARQOS      |  out|    4|          m_axi|                                                               gmem1|       pointer|
|m_axi_gmem1_ARREGION   |  out|    4|          m_axi|                                                               gmem1|       pointer|
|m_axi_gmem1_ARUSER     |  out|    1|          m_axi|                                                               gmem1|       pointer|
|m_axi_gmem1_RVALID     |   in|    1|          m_axi|                                                               gmem1|       pointer|
|m_axi_gmem1_RREADY     |  out|    1|          m_axi|                                                               gmem1|       pointer|
|m_axi_gmem1_RDATA      |   in|  512|          m_axi|                                                               gmem1|       pointer|
|m_axi_gmem1_RLAST      |   in|    1|          m_axi|                                                               gmem1|       pointer|
|m_axi_gmem1_RID        |   in|    1|          m_axi|                                                               gmem1|       pointer|
|m_axi_gmem1_RUSER      |   in|    1|          m_axi|                                                               gmem1|       pointer|
|m_axi_gmem1_RRESP      |   in|    2|          m_axi|                                                               gmem1|       pointer|
|m_axi_gmem1_BVALID     |   in|    1|          m_axi|                                                               gmem1|       pointer|
|m_axi_gmem1_BREADY     |  out|    1|          m_axi|                                                               gmem1|       pointer|
|m_axi_gmem1_BRESP      |   in|    2|          m_axi|                                                               gmem1|       pointer|
|m_axi_gmem1_BID        |   in|    1|          m_axi|                                                               gmem1|       pointer|
|m_axi_gmem1_BUSER      |   in|    1|          m_axi|                                                               gmem1|       pointer|
|m_axi_gmem2_AWVALID    |  out|    1|          m_axi|                                                               gmem2|       pointer|
|m_axi_gmem2_AWREADY    |   in|    1|          m_axi|                                                               gmem2|       pointer|
|m_axi_gmem2_AWADDR     |  out|   64|          m_axi|                                                               gmem2|       pointer|
|m_axi_gmem2_AWID       |  out|    1|          m_axi|                                                               gmem2|       pointer|
|m_axi_gmem2_AWLEN      |  out|    8|          m_axi|                                                               gmem2|       pointer|
|m_axi_gmem2_AWSIZE     |  out|    3|          m_axi|                                                               gmem2|       pointer|
|m_axi_gmem2_AWBURST    |  out|    2|          m_axi|                                                               gmem2|       pointer|
|m_axi_gmem2_AWLOCK     |  out|    2|          m_axi|                                                               gmem2|       pointer|
|m_axi_gmem2_AWCACHE    |  out|    4|          m_axi|                                                               gmem2|       pointer|
|m_axi_gmem2_AWPROT     |  out|    3|          m_axi|                                                               gmem2|       pointer|
|m_axi_gmem2_AWQOS      |  out|    4|          m_axi|                                                               gmem2|       pointer|
|m_axi_gmem2_AWREGION   |  out|    4|          m_axi|                                                               gmem2|       pointer|
|m_axi_gmem2_AWUSER     |  out|    1|          m_axi|                                                               gmem2|       pointer|
|m_axi_gmem2_WVALID     |  out|    1|          m_axi|                                                               gmem2|       pointer|
|m_axi_gmem2_WREADY     |   in|    1|          m_axi|                                                               gmem2|       pointer|
|m_axi_gmem2_WDATA      |  out|  512|          m_axi|                                                               gmem2|       pointer|
|m_axi_gmem2_WSTRB      |  out|   64|          m_axi|                                                               gmem2|       pointer|
|m_axi_gmem2_WLAST      |  out|    1|          m_axi|                                                               gmem2|       pointer|
|m_axi_gmem2_WID        |  out|    1|          m_axi|                                                               gmem2|       pointer|
|m_axi_gmem2_WUSER      |  out|    1|          m_axi|                                                               gmem2|       pointer|
|m_axi_gmem2_ARVALID    |  out|    1|          m_axi|                                                               gmem2|       pointer|
|m_axi_gmem2_ARREADY    |   in|    1|          m_axi|                                                               gmem2|       pointer|
|m_axi_gmem2_ARADDR     |  out|   64|          m_axi|                                                               gmem2|       pointer|
|m_axi_gmem2_ARID       |  out|    1|          m_axi|                                                               gmem2|       pointer|
|m_axi_gmem2_ARLEN      |  out|    8|          m_axi|                                                               gmem2|       pointer|
|m_axi_gmem2_ARSIZE     |  out|    3|          m_axi|                                                               gmem2|       pointer|
|m_axi_gmem2_ARBURST    |  out|    2|          m_axi|                                                               gmem2|       pointer|
|m_axi_gmem2_ARLOCK     |  out|    2|          m_axi|                                                               gmem2|       pointer|
|m_axi_gmem2_ARCACHE    |  out|    4|          m_axi|                                                               gmem2|       pointer|
|m_axi_gmem2_ARPROT     |  out|    3|          m_axi|                                                               gmem2|       pointer|
|m_axi_gmem2_ARQOS      |  out|    4|          m_axi|                                                               gmem2|       pointer|
|m_axi_gmem2_ARREGION   |  out|    4|          m_axi|                                                               gmem2|       pointer|
|m_axi_gmem2_ARUSER     |  out|    1|          m_axi|                                                               gmem2|       pointer|
|m_axi_gmem2_RVALID     |   in|    1|          m_axi|                                                               gmem2|       pointer|
|m_axi_gmem2_RREADY     |  out|    1|          m_axi|                                                               gmem2|       pointer|
|m_axi_gmem2_RDATA      |   in|  512|          m_axi|                                                               gmem2|       pointer|
|m_axi_gmem2_RLAST      |   in|    1|          m_axi|                                                               gmem2|       pointer|
|m_axi_gmem2_RID        |   in|    1|          m_axi|                                                               gmem2|       pointer|
|m_axi_gmem2_RUSER      |   in|    1|          m_axi|                                                               gmem2|       pointer|
|m_axi_gmem2_RRESP      |   in|    2|          m_axi|                                                               gmem2|       pointer|
|m_axi_gmem2_BVALID     |   in|    1|          m_axi|                                                               gmem2|       pointer|
|m_axi_gmem2_BREADY     |  out|    1|          m_axi|                                                               gmem2|       pointer|
|m_axi_gmem2_BRESP      |   in|    2|          m_axi|                                                               gmem2|       pointer|
|m_axi_gmem2_BID        |   in|    1|          m_axi|                                                               gmem2|       pointer|
|m_axi_gmem2_BUSER      |   in|    1|          m_axi|                                                               gmem2|       pointer|
+-----------------------+-----+-----+---------------+--------------------------------------------------------------------+--------------+

