
****** Vitis HLS - High-Level Synthesis from C, C++ and OpenCL v2022.2 (64-bit)
  **** SW Build 3670227 on Oct 13 2022
  **** IP Build 3669848 on Fri Oct 14 08:30:02 MDT 2022
    ** Copyright 1986-2022 Xilinx, Inc. All Rights Reserved.

source /home/advent/Vivado/Vitis_HLS/2022.2/scripts/vitis_hls/hls.tcl -notrace
INFO: [HLS 200-10] Running '/home/advent/Vivado/Vitis_HLS/2022.2/bin/unwrapped/lnx64.o/vitis_hls'
INFO: [HLS 200-10] For user 'advent' on host 'advent' (Linux_x86_64 version 5.4.0-148-generic) on Mon Apr 27 18:41:23 MST 2026
INFO: [HLS 200-10] On os Ubuntu 20.04.6 LTS
INFO: [HLS 200-10] In directory '/home/advent/Desktop/RC19/_x/attention_score_u55c_kernel/attention_score_u55c_kernel'
Sourcing Tcl script 'attention_score_u55c_kernel.tcl'
INFO: [HLS 200-1510] Running: open_project attention_score_u55c_kernel 
INFO: [HLS 200-10] Creating and opening project '/home/advent/Desktop/RC19/_x/attention_score_u55c_kernel/attention_score_u55c_kernel/attention_score_u55c_kernel'.
INFO: [HLS 200-1510] Running: set_top attention_score_u55c_kernel 
INFO: [HLS 200-1510] Running: add_files /home/advent/Desktop/RC19/attention_score_u55c/hls/attention_score/attention_score_core_hls.cpp 
INFO: [HLS 200-10] Adding design file '/home/advent/Desktop/RC19/attention_score_u55c/hls/attention_score/attention_score_core_hls.cpp' to the project
INFO: [HLS 200-1510] Running: open_solution -flow_target vitis solution 
INFO: [HLS 200-10] Creating and opening solution '/home/advent/Desktop/RC19/_x/attention_score_u55c_kernel/attention_score_u55c_kernel/attention_score_u55c_kernel/solution'.
INFO: [HLS 200-1505] Using flow_target 'vitis'
Resolution: For help on HLS 200-1505 see www.xilinx.com/cgi-bin/docs/rdoc?v=2022.2;t=hls+guidance;d=200-1505.html
INFO: [HLS 200-435] Setting 'open_solution -flow_target vitis' configuration: config_interface -m_axi_latency=64
INFO: [HLS 200-435] Setting 'open_solution -flow_target vitis' configuration: config_interface -m_axi_alignment_byte_size=64
INFO: [HLS 200-435] Setting 'open_solution -flow_target vitis' configuration: config_interface -m_axi_max_widen_bitwidth=512
INFO: [HLS 200-435] Setting 'open_solution -flow_target vitis' configuration: config_rtl -register_reset_num=3
INFO: [HLS 200-1510] Running: set_part xcu55c-fsvh2892-2L-e 
INFO: [HLS 200-1611] Setting target device to 'xcu55c-fsvh2892-2L-e'
INFO: [HLS 200-1510] Running: create_clock -period 300.000000MHz -name default 
INFO: [SYN 201-201] Setting up clock 'default' with a period of 3.333ns.
INFO: [HLS 200-1510] Running: config_dataflow -strict_mode warning 
INFO: [HLS 200-1510] Running: config_export -deadlock_detection sim 
WARNING: [HLS 200-483] The 'config_export -deadlock_detection' command is deprecated and will be removed in a future release. Use 'config_rtl -deadlock_detection' as its replacement.
INFO: [HLS 200-1907] Replacing 'config_export -deadlock_detection=sim' with 'config_rtl -deadlock_detection=sim' in current solution file
INFO: [HLS 200-1510] Running: config_interface -m_axi_conservative_mode=1 
INFO: [HLS 200-1510] Running: config_interface -m_axi_addr64 
INFO: [HLS 200-1510] Running: config_interface -m_axi_auto_max_ports=0 
INFO: [HLS 200-1510] Running: config_export -format xo -ipname attention_score_u55c_kernel 
INFO: [HLS 200-1907] Replacing 'config_export -deadlock_detection=sim' with 'config_rtl -deadlock_detection=sim' in current solution file
INFO: [HLS 200-1510] Running: csynth_design 
INFO: [HLS 200-111] Finished File checks and directory preparation: CPU user time: 0 seconds. CPU system time: 0 seconds. Elapsed time: 0.01 seconds; current allocated memory: 315.902 MB.
INFO: [HLS 200-10] Analyzing design file '/home/advent/Desktop/RC19/attention_score_u55c/hls/attention_score/attention_score_core_hls.cpp' ... 
INFO: [HLS 200-111] Finished Source Code Analysis and Preprocessing: CPU user time: 1.4 seconds. CPU system time: 0.19 seconds. Elapsed time: 1.59 seconds; current allocated memory: 317.730 MB.
INFO: [HLS 200-777] Using interface defaults for 'Vitis' flow target.
INFO: [HLS 214-291] Loop 'VITIS_LOOP_22_3' is marked as complete unroll implied by the pipeline pragma (/home/advent/Desktop/RC19/attention_score_u55c/hls/attention_score/attention_score_core_hls.cpp:22:26)
INFO: [HLS 214-186] Unrolling loop 'VITIS_LOOP_22_3' (/home/advent/Desktop/RC19/attention_score_u55c/hls/attention_score/attention_score_core_hls.cpp:22:26) in function 'attention_score_u55c::attention_score::attention_score_core_hls' completely with a factor of 64 (/home/advent/Desktop/RC19/attention_score_u55c/hls/attention_score/attention_score_core_hls.cpp:13:0)
INFO: [HLS 214-248] Applying array_partition to 'q_local': Cyclic partitioning with factor 8 on dimension 2. (/home/advent/Desktop/RC19/attention_score_u55c/hls/attention_score/attention_score_core_hls.cpp:50:13)
INFO: [HLS 214-248] Applying array_partition to 'k_local': Cyclic partitioning with factor 8 on dimension 2. (/home/advent/Desktop/RC19/attention_score_u55c/hls/attention_score/attention_score_core_hls.cpp:51:14)
INFO: [HLS 214-115] Multiple burst reads of length 8 and bit width 512 in loop 'VITIS_LOOP_57_1'(/home/advent/Desktop/RC19/attention_score_u55c/hls/attention_score/attention_score_core_hls.cpp:57:19) has been inferred on bundle 'gmem0'. These burst requests might be further partitioned into multiple requests during RTL generation, based on max_read_burst_length or max_write_burst_length settings. (/home/advent/Desktop/RC19/attention_score_u55c/hls/attention_score/attention_score_core_hls.cpp:57:19)
INFO: [HLS 214-115] Multiple burst reads of length 64 and bit width 512 in loop 'VITIS_LOOP_64_3'(/home/advent/Desktop/RC19/attention_score_u55c/hls/attention_score/attention_score_core_hls.cpp:64:20) has been inferred on bundle 'gmem1'. These burst requests might be further partitioned into multiple requests during RTL generation, based on max_read_burst_length or max_write_burst_length settings. (/home/advent/Desktop/RC19/attention_score_u55c/hls/attention_score/attention_score_core_hls.cpp:64:20)
INFO: [HLS 214-115] Multiple burst writes of length 32 and bit width 512 has been inferred on bundle 'gmem2'. These burst requests might be further partitioned into multiple requests during RTL generation, based on max_read_burst_length or max_write_burst_length settings. (/home/advent/Desktop/RC19/attention_score_u55c/hls/attention_score/attention_score_core_hls.cpp:78:20)
INFO: [HLS 200-111] Finished Compiling Optimization and Transform: CPU user time: 1.8 seconds. CPU system time: 0.22 seconds. Elapsed time: 2.03 seconds; current allocated memory: 318.711 MB.
INFO: [HLS 200-111] Finished Checking Pragmas: CPU user time: 0 seconds. CPU system time: 0 seconds. Elapsed time: 0 seconds; current allocated memory: 318.711 MB.
INFO: [HLS 200-10] Starting code transformations ...
INFO: [HLS 200-111] Finished Standard Transforms: CPU user time: 0.08 seconds. CPU system time: 0 seconds. Elapsed time: 0.07 seconds; current allocated memory: 325.754 MB.
INFO: [HLS 200-10] Checking synthesizability ...
INFO: [HLS 200-111] Finished Checking Synthesizability: CPU user time: 0.08 seconds. CPU system time: 0 seconds. Elapsed time: 0.1 seconds; current allocated memory: 331.375 MB.
INFO: [XFORM 203-401] Performing if-conversion on hyperblock from (/home/advent/Desktop/RC19/attention_score_u55c/hls/attention_score/attention_score_core_hls.cpp:18:9) to (/home/advent/Desktop/RC19/attention_score_u55c/hls/attention_score/attention_score_core_hls.cpp:17:22) in function 'attention_score_u55c::attention_score::attention_score_core_hls'... converting 3 basic blocks.
INFO: [XFORM 203-11] Balancing expressions in function 'attention_score_u55c::attention_score::attention_score_core_hls' (/home/advent/Desktop/RC19/attention_score_u55c/hls/attention_score/attention_score_core_hls.cpp:16:22)...63 expression(s) balanced.
INFO: [HLS 200-111] Finished Loop, function and other optimizations: CPU user time: 0.15 seconds. CPU system time: 0.02 seconds. Elapsed time: 0.16 seconds; current allocated memory: 362.164 MB.
WARNING: [HLS 200-960] Cannot flatten loop 'VITIS_LOOP_57_1' (/home/advent/Desktop/RC19/attention_score_u55c/hls/attention_score/attention_score_core_hls.cpp:57:28) in function 'attention_score_u55c::attention_score::attention_score_u55c_kernel' the outer loop is not a perfect loop.
Resolution: For help on HLS 200-960 see www.xilinx.com/cgi-bin/docs/rdoc?v=2022.2;t=hls+guidance;d=200-960.html
WARNING: [HLS 200-960] Cannot flatten loop 'VITIS_LOOP_64_3' (/home/advent/Desktop/RC19/attention_score_u55c/hls/attention_score/attention_score_core_hls.cpp:64:29) in function 'attention_score_u55c::attention_score::attention_score_u55c_kernel' the outer loop is not a perfect loop.
Resolution: For help on HLS 200-960 see www.xilinx.com/cgi-bin/docs/rdoc?v=2022.2;t=hls+guidance;d=200-960.html
INFO: [XFORM 203-541] Flattening a loop nest 'VITIS_LOOP_78_5' (/home/advent/Desktop/RC19/attention_score_u55c/hls/attention_score/attention_score_core_hls.cpp:78:29) in function 'attention_score_u55c::attention_score::attention_score_u55c_kernel'.
INFO: [XFORM 203-541] Flattening a loop nest 'VITIS_LOOP_16_1' (/home/advent/Desktop/RC19/attention_score_u55c/hls/attention_score/attention_score_core_hls.cpp:16:28) in function 'attention_score_u55c::attention_score::attention_score_core_hls'.
INFO: [HLS 200-472] Inferring partial write operation for 'q_local.V' (/home/advent/Desktop/RC19/attention_score_u55c/hls/attention_score/attention_score_core_hls.cpp:60:20)
INFO: [HLS 200-472] Inferring partial write operation for 'k_local.V' (/home/advent/Desktop/RC19/attention_score_u55c/hls/attention_score/attention_score_core_hls.cpp:67:20)
INFO: [HLS 200-472] Inferring partial write operation for 'score_tile' (/home/advent/Desktop/RC19/attention_score_u55c/hls/attention_score/attention_score_core_hls.cpp:29:28)
INFO: [HLS 200-111] Finished Architecture Synthesis: CPU user time: 0.14 seconds. CPU system time: 0.01 seconds. Elapsed time: 0.14 seconds; current allocated memory: 395.320 MB.
INFO: [HLS 200-10] Starting hardware synthesis ...
INFO: [HLS 200-10] Synthesizing 'attention_score_u55c_kernel' ...
INFO: [HLS 200-10] ----------------------------------------------------------------
INFO: [HLS 200-42] -- Implementing module 'attention_score_u55c_kernel_Pipeline_VITIS_LOOP_58_2' 
INFO: [HLS 200-10] ----------------------------------------------------------------
INFO: [SCHED 204-11] Starting scheduling ...
INFO: [HLS 200-1457] Automatically inferring inferring RAM_1WNR storage type for array 'q_local_V_7'. Use bind_storage pragma to override this type.
INFO: [HLS 200-1457] Automatically inferring inferring RAM_1WNR storage type for array 'q_local_V'. Use bind_storage pragma to override this type.
INFO: [HLS 200-1457] Automatically inferring inferring RAM_1WNR storage type for array 'q_local_V_1'. Use bind_storage pragma to override this type.
INFO: [HLS 200-1457] Automatically inferring inferring RAM_1WNR storage type for array 'q_local_V_2'. Use bind_storage pragma to override this type.
INFO: [HLS 200-1457] Automatically inferring inferring RAM_1WNR storage type for array 'q_local_V_3'. Use bind_storage pragma to override this type.
INFO: [HLS 200-1457] Automatically inferring inferring RAM_1WNR storage type for array 'q_local_V_4'. Use bind_storage pragma to override this type.
INFO: [HLS 200-1457] Automatically inferring inferring RAM_1WNR storage type for array 'q_local_V_5'. Use bind_storage pragma to override this type.
INFO: [HLS 200-1457] Automatically inferring inferring RAM_1WNR storage type for array 'q_local_V_6'. Use bind_storage pragma to override this type.
INFO: [SCHED 204-61] Pipelining loop 'VITIS_LOOP_58_2'.
INFO: [HLS 200-1470] Pipelining result : Target II = 1, Final II = 1, Depth = 2, loop 'VITIS_LOOP_58_2'
INFO: [SCHED 204-11] Finished scheduling.
INFO: [HLS 200-111] Finished Scheduling: CPU user time: 0.03 seconds. CPU system time: 0.02 seconds. Elapsed time: 0.06 seconds; current allocated memory: 397.254 MB.
INFO: [BIND 205-100] Starting micro-architecture generation ...
INFO: [BIND 205-101] Performing variable lifetime analysis.
INFO: [BIND 205-101] Exploring resource sharing.
INFO: [BIND 205-101] Binding ...
INFO: [BIND 205-100] Finished micro-architecture generation.
INFO: [HLS 200-111] Finished Binding: CPU user time: 0.02 seconds. CPU system time: 0 seconds. Elapsed time: 0.02 seconds; current allocated memory: 397.254 MB.
INFO: [HLS 200-10] ----------------------------------------------------------------
INFO: [HLS 200-42] -- Implementing module 'attention_score_u55c_kernel_Pipeline_VITIS_LOOP_65_4' 
INFO: [HLS 200-10] ----------------------------------------------------------------
INFO: [SCHED 204-11] Starting scheduling ...
INFO: [HLS 200-1457] Automatically inferring inferring RAM_1WNR storage type for array 'k_local_V_7'. Use bind_storage pragma to override this type.
INFO: [HLS 200-1457] Automatically inferring inferring RAM_1WNR storage type for array 'k_local_V'. Use bind_storage pragma to override this type.
INFO: [HLS 200-1457] Automatically inferring inferring RAM_1WNR storage type for array 'k_local_V_1'. Use bind_storage pragma to override this type.
INFO: [HLS 200-1457] Automatically inferring inferring RAM_1WNR storage type for array 'k_local_V_2'. Use bind_storage pragma to override this type.
INFO: [HLS 200-1457] Automatically inferring inferring RAM_1WNR storage type for array 'k_local_V_3'. Use bind_storage pragma to override this type.
INFO: [HLS 200-1457] Automatically inferring inferring RAM_1WNR storage type for array 'k_local_V_4'. Use bind_storage pragma to override this type.
INFO: [HLS 200-1457] Automatically inferring inferring RAM_1WNR storage type for array 'k_local_V_5'. Use bind_storage pragma to override this type.
INFO: [HLS 200-1457] Automatically inferring inferring RAM_1WNR storage type for array 'k_local_V_6'. Use bind_storage pragma to override this type.
INFO: [SCHED 204-61] Pipelining loop 'VITIS_LOOP_65_4'.
INFO: [HLS 200-1470] Pipelining result : Target II = 1, Final II = 1, Depth = 2, loop 'VITIS_LOOP_65_4'
INFO: [SCHED 204-11] Finished scheduling.
INFO: [HLS 200-111] Finished Scheduling: CPU user time: 0.04 seconds. CPU system time: 0 seconds. Elapsed time: 0.04 seconds; current allocated memory: 397.754 MB.
INFO: [BIND 205-100] Starting micro-architecture generation ...
INFO: [BIND 205-101] Performing variable lifetime analysis.
INFO: [BIND 205-101] Exploring resource sharing.
INFO: [BIND 205-101] Binding ...
INFO: [BIND 205-100] Finished micro-architecture generation.
INFO: [HLS 200-111] Finished Binding: CPU user time: 0.02 seconds. CPU system time: 0 seconds. Elapsed time: 0.02 seconds; current allocated memory: 397.754 MB.
INFO: [HLS 200-10] ----------------------------------------------------------------
INFO: [HLS 200-42] -- Implementing module 'attention_score_core_hls' 
INFO: [HLS 200-10] ----------------------------------------------------------------
INFO: [SCHED 204-11] Starting scheduling ...
INFO: [HLS 200-486] Changing DSP latency (root=mul_ln840_62) to 3 in order to utilize available DSP registers.
INFO: [HLS 200-486] Changing DSP latency (root=mul_ln840_60) to 3 in order to utilize available DSP registers.
INFO: [HLS 200-486] Changing DSP latency (root=mul_ln840_58) to 3 in order to utilize available DSP registers.
INFO: [HLS 200-486] Changing DSP latency (root=mul_ln840_56) to 3 in order to utilize available DSP registers.
INFO: [HLS 200-486] Changing DSP latency (root=mul_ln840_54) to 3 in order to utilize available DSP registers.
INFO: [HLS 200-486] Changing DSP latency (root=mul_ln840_52) to 3 in order to utilize available DSP registers.
INFO: [HLS 200-486] Changing DSP latency (root=mul_ln840_50) to 3 in order to utilize available DSP registers.
INFO: [HLS 200-486] Changing DSP latency (root=mul_ln840_48) to 3 in order to utilize available DSP registers.
INFO: [HLS 200-486] Changing DSP latency (root=mul_ln840_46) to 3 in order to utilize available DSP registers.
INFO: [HLS 200-486] Changing DSP latency (root=mul_ln840_44) to 3 in order to utilize available DSP registers.
INFO: [HLS 200-486] Changing DSP latency (root=mul_ln840_42) to 3 in order to utilize available DSP registers.
INFO: [HLS 200-486] Changing DSP latency (root=mul_ln840_40) to 3 in order to utilize available DSP registers.
INFO: [HLS 200-486] Changing DSP latency (root=mul_ln840_38) to 3 in order to utilize available DSP registers.
INFO: [HLS 200-486] Changing DSP latency (root=mul_ln840_36) to 3 in order to utilize available DSP registers.
INFO: [HLS 200-486] Changing DSP latency (root=mul_ln840_34) to 3 in order to utilize available DSP registers.
INFO: [HLS 200-486] Changing DSP latency (root=mul_ln840_32) to 3 in order to utilize available DSP registers.
INFO: [HLS 200-486] Changing DSP latency (root=mul_ln840_30) to 3 in order to utilize available DSP registers.
INFO: [HLS 200-486] Changing DSP latency (root=mul_ln840_28) to 3 in order to utilize available DSP registers.
INFO: [HLS 200-486] Changing DSP latency (root=mul_ln840_26) to 3 in order to utilize available DSP registers.
INFO: [HLS 200-486] Changing DSP latency (root=mul_ln840_24) to 3 in order to utilize available DSP registers.
INFO: [HLS 200-486] Changing DSP latency (root=mul_ln840_22) to 3 in order to utilize available DSP registers.
INFO: [HLS 200-486] Changing DSP latency (root=mul_ln840_20) to 3 in order to utilize available DSP registers.
INFO: [HLS 200-486] Changing DSP latency (root=mul_ln840_18) to 3 in order to utilize available DSP registers.
INFO: [HLS 200-486] Changing DSP latency (root=mul_ln840_16) to 3 in order to utilize available DSP registers.
INFO: [HLS 200-486] Changing DSP latency (root=mul_ln840_14) to 3 in order to utilize available DSP registers.
INFO: [HLS 200-486] Changing DSP latency (root=mul_ln840_12) to 3 in order to utilize available DSP registers.
INFO: [HLS 200-486] Changing DSP latency (root=mul_ln840_10) to 3 in order to utilize available DSP registers.
INFO: [HLS 200-486] Changing DSP latency (root=mul_ln840_8) to 3 in order to utilize available DSP registers.
INFO: [HLS 200-486] Changing DSP latency (root=mul_ln840_6) to 3 in order to utilize available DSP registers.
INFO: [HLS 200-486] Changing DSP latency (root=mul_ln840_4) to 3 in order to utilize available DSP registers.
INFO: [HLS 200-486] Changing DSP latency (root=mul_ln840_2) to 3 in order to utilize available DSP registers.
INFO: [HLS 200-486] Changing DSP latency (root=accum_V) to 3 in order to utilize available DSP registers.
INFO: [HLS 200-1457] Automatically inferring inferring RAM_1WNR storage type for array 'k_tile_7'. Use bind_storage pragma to override this type.
INFO: [HLS 200-1457] Automatically inferring inferring RAM_1WNR storage type for array 'k_tile_6'. Use bind_storage pragma to override this type.
INFO: [HLS 200-1457] Automatically inferring inferring RAM_1WNR storage type for array 'k_tile_5'. Use bind_storage pragma to override this type.
INFO: [HLS 200-1457] Automatically inferring inferring RAM_1WNR storage type for array 'k_tile_4'. Use bind_storage pragma to override this type.
INFO: [HLS 200-1457] Automatically inferring inferring RAM_1WNR storage type for array 'k_tile_3'. Use bind_storage pragma to override this type.
INFO: [HLS 200-1457] Automatically inferring inferring RAM_1WNR storage type for array 'k_tile_2'. Use bind_storage pragma to override this type.
INFO: [HLS 200-1457] Automatically inferring inferring RAM_1WNR storage type for array 'k_tile_1'. Use bind_storage pragma to override this type.
INFO: [HLS 200-1457] Automatically inferring inferring RAM_1WNR storage type for array 'k_tile_0'. Use bind_storage pragma to override this type.
INFO: [HLS 200-1457] Automatically inferring inferring RAM_1WNR storage type for array 'q_tile_7'. Use bind_storage pragma to override this type.
INFO: [HLS 200-1457] Automatically inferring inferring RAM_1WNR storage type for array 'q_tile_6'. Use bind_storage pragma to override this type.
INFO: [HLS 200-1457] Automatically inferring inferring RAM_1WNR storage type for array 'q_tile_5'. Use bind_storage pragma to override this type.
INFO: [HLS 200-1457] Automatically inferring inferring RAM_1WNR storage type for array 'q_tile_4'. Use bind_storage pragma to override this type.
INFO: [HLS 200-1457] Automatically inferring inferring RAM_1WNR storage type for array 'q_tile_3'. Use bind_storage pragma to override this type.
INFO: [HLS 200-1457] Automatically inferring inferring RAM_1WNR storage type for array 'q_tile_2'. Use bind_storage pragma to override this type.
INFO: [HLS 200-1457] Automatically inferring inferring RAM_1WNR storage type for array 'q_tile_1'. Use bind_storage pragma to override this type.
INFO: [HLS 200-1457] Automatically inferring inferring RAM_1WNR storage type for array 'q_tile_0'. Use bind_storage pragma to override this type.
INFO: [SCHED 204-61] Pipelining loop 'VITIS_LOOP_16_1_VITIS_LOOP_17_2'.
INFO: [HLS 200-1470] Pipelining result : Target II = 1, Final II = 1, Depth = 7, loop 'VITIS_LOOP_16_1_VITIS_LOOP_17_2'
INFO: [SCHED 204-11] Finished scheduling.
INFO: [HLS 200-111] Finished Scheduling: CPU user time: 0.41 seconds. CPU system time: 0 seconds. Elapsed time: 0.41 seconds; current allocated memory: 403.371 MB.
INFO: [BIND 205-100] Starting micro-architecture generation ...
INFO: [BIND 205-101] Performing variable lifetime analysis.
INFO: [BIND 205-101] Exploring resource sharing.
INFO: [BIND 205-101] Binding ...
INFO: [BIND 205-100] Finished micro-architecture generation.
INFO: [HLS 200-111] Finished Binding: CPU user time: 0.33 seconds. CPU system time: 0 seconds. Elapsed time: 0.33 seconds; current allocated memory: 403.371 MB.
INFO: [HLS 200-10] ----------------------------------------------------------------
INFO: [HLS 200-42] -- Implementing module 'attention_score_u55c_kernel_Pipeline_VITIS_LOOP_78_5_VITIS_LOOP_79_6' 
INFO: [HLS 200-10] ----------------------------------------------------------------
INFO: [SCHED 204-11] Starting scheduling ...
INFO: [SCHED 204-61] Pipelining loop 'VITIS_LOOP_78_5_VITIS_LOOP_79_6'.
INFO: [HLS 200-1470] Pipelining result : Target II = 1, Final II = 1, Depth = 4, loop 'VITIS_LOOP_78_5_VITIS_LOOP_79_6'
INFO: [SCHED 204-11] Finished scheduling.
INFO: [HLS 200-111] Finished Scheduling: CPU user time: 0.37 seconds. CPU system time: 0 seconds. Elapsed time: 0.38 seconds; current allocated memory: 403.543 MB.
INFO: [BIND 205-100] Starting micro-architecture generation ...
INFO: [BIND 205-101] Performing variable lifetime analysis.
INFO: [BIND 205-101] Exploring resource sharing.
INFO: [BIND 205-101] Binding ...
INFO: [BIND 205-100] Finished micro-architecture generation.
INFO: [HLS 200-111] Finished Binding: CPU user time: 0.03 seconds. CPU system time: 0 seconds. Elapsed time: 0.02 seconds; current allocated memory: 403.543 MB.
INFO: [HLS 200-10] ----------------------------------------------------------------
INFO: [HLS 200-42] -- Implementing module 'attention_score_u55c_kernel' 
INFO: [HLS 200-10] ----------------------------------------------------------------
INFO: [SCHED 204-11] Starting scheduling ...
INFO: [SCHED 204-11] Finished scheduling.
INFO: [HLS 200-111] Finished Scheduling: CPU user time: 0.16 seconds. CPU system time: 0 seconds. Elapsed time: 0.17 seconds; current allocated memory: 404.199 MB.
INFO: [BIND 205-100] Starting micro-architecture generation ...
INFO: [BIND 205-101] Performing variable lifetime analysis.
INFO: [BIND 205-101] Exploring resource sharing.
INFO: [BIND 205-101] Binding ...
INFO: [BIND 205-100] Finished micro-architecture generation.
INFO: [HLS 200-111] Finished Binding: CPU user time: 0.46 seconds. CPU system time: 0 seconds. Elapsed time: 0.46 seconds; current allocated memory: 404.605 MB.
INFO: [HLS 200-10] ----------------------------------------------------------------
INFO: [HLS 200-10] -- Generating RTL for module 'attention_score_u55c_kernel_Pipeline_VITIS_LOOP_58_2' 
INFO: [HLS 200-10] ----------------------------------------------------------------
INFO: [HLS 200-1030] Apply Unified Pipeline Control on module 'attention_score_u55c_kernel_Pipeline_VITIS_LOOP_58_2' pipeline 'VITIS_LOOP_58_2' pipeline type 'loop pipeline'
INFO: [RTGEN 206-100] Finished creating RTL model for 'attention_score_u55c_kernel_Pipeline_VITIS_LOOP_58_2'.
INFO: [HLS 200-111] Finished Creating RTL model: CPU user time: 0.23 seconds. CPU system time: 0 seconds. Elapsed time: 0.22 seconds; current allocated memory: 405.207 MB.
INFO: [HLS 200-10] ----------------------------------------------------------------
INFO: [HLS 200-10] -- Generating RTL for module 'attention_score_u55c_kernel_Pipeline_VITIS_LOOP_65_4' 
INFO: [HLS 200-10] ----------------------------------------------------------------
INFO: [HLS 200-1030] Apply Unified Pipeline Control on module 'attention_score_u55c_kernel_Pipeline_VITIS_LOOP_65_4' pipeline 'VITIS_LOOP_65_4' pipeline type 'loop pipeline'
INFO: [RTGEN 206-100] Finished creating RTL model for 'attention_score_u55c_kernel_Pipeline_VITIS_LOOP_65_4'.
INFO: [HLS 200-111] Finished Creating RTL model: CPU user time: 0.04 seconds. CPU system time: 0 seconds. Elapsed time: 0.04 seconds; current allocated memory: 406.680 MB.
INFO: [HLS 200-10] ----------------------------------------------------------------
INFO: [HLS 200-10] -- Generating RTL for module 'attention_score_core_hls' 
INFO: [HLS 200-10] ----------------------------------------------------------------
INFO: [HLS 200-1030] Apply Unified Pipeline Control on module 'attention_score_core_hls' pipeline 'VITIS_LOOP_16_1_VITIS_LOOP_17_2' pipeline type 'loop pipeline'
INFO: [RTGEN 206-100] Generating core module 'mac_muladd_8s_8s_16s_17_4_1': 32 instance(s).
INFO: [RTGEN 206-100] Generating core module 'mul_8s_8s_16_1_1': 32 instance(s).
INFO: [RTGEN 206-100] Finished creating RTL model for 'attention_score_core_hls'.
INFO: [HLS 200-111] Finished Creating RTL model: CPU user time: 0.07 seconds. CPU system time: 0.01 seconds. Elapsed time: 0.08 seconds; current allocated memory: 412.973 MB.
INFO: [HLS 200-10] ----------------------------------------------------------------
INFO: [HLS 200-10] -- Generating RTL for module 'attention_score_u55c_kernel_Pipeline_VITIS_LOOP_78_5_VITIS_LOOP_79_6' 
INFO: [HLS 200-10] ----------------------------------------------------------------
INFO: [HLS 200-1030] Apply Unified Pipeline Control on module 'attention_score_u55c_kernel_Pipeline_VITIS_LOOP_78_5_VITIS_LOOP_79_6' pipeline 'VITIS_LOOP_78_5_VITIS_LOOP_79_6' pipeline type 'loop pipeline'
WARNING: [RTGEN 206-101] Setting dangling out port 'attention_score_u55c_kernel_Pipeline_VITIS_LOOP_78_5_VITIS_LOOP_79_6/m_axi_gmem2_AWVALID' to 0.
WARNING: [RTGEN 206-101] Setting dangling out port 'attention_score_u55c_kernel_Pipeline_VITIS_LOOP_78_5_VITIS_LOOP_79_6/m_axi_gmem2_AWADDR' to 0.
WARNING: [RTGEN 206-101] Setting dangling out port 'attention_score_u55c_kernel_Pipeline_VITIS_LOOP_78_5_VITIS_LOOP_79_6/m_axi_gmem2_AWID' to 0.
WARNING: [RTGEN 206-101] Setting dangling out port 'attention_score_u55c_kernel_Pipeline_VITIS_LOOP_78_5_VITIS_LOOP_79_6/m_axi_gmem2_AWLEN' to 0.
WARNING: [RTGEN 206-101] Setting dangling out port 'attention_score_u55c_kernel_Pipeline_VITIS_LOOP_78_5_VITIS_LOOP_79_6/m_axi_gmem2_AWSIZE' to 0.
WARNING: [RTGEN 206-101] Setting dangling out port 'attention_score_u55c_kernel_Pipeline_VITIS_LOOP_78_5_VITIS_LOOP_79_6/m_axi_gmem2_AWBURST' to 0.
WARNING: [RTGEN 206-101] Setting dangling out port 'attention_score_u55c_kernel_Pipeline_VITIS_LOOP_78_5_VITIS_LOOP_79_6/m_axi_gmem2_AWLOCK' to 0.
WARNING: [RTGEN 206-101] Setting dangling out port 'attention_score_u55c_kernel_Pipeline_VITIS_LOOP_78_5_VITIS_LOOP_79_6/m_axi_gmem2_AWCACHE' to 0.
WARNING: [RTGEN 206-101] Setting dangling out port 'attention_score_u55c_kernel_Pipeline_VITIS_LOOP_78_5_VITIS_LOOP_79_6/m_axi_gmem2_AWPROT' to 0.
WARNING: [RTGEN 206-101] Setting dangling out port 'attention_score_u55c_kernel_Pipeline_VITIS_LOOP_78_5_VITIS_LOOP_79_6/m_axi_gmem2_AWQOS' to 0.
WARNING: [RTGEN 206-101] Setting dangling out port 'attention_score_u55c_kernel_Pipeline_VITIS_LOOP_78_5_VITIS_LOOP_79_6/m_axi_gmem2_AWREGION' to 0.
WARNING: [RTGEN 206-101] Setting dangling out port 'attention_score_u55c_kernel_Pipeline_VITIS_LOOP_78_5_VITIS_LOOP_79_6/m_axi_gmem2_AWUSER' to 0.
WARNING: [RTGEN 206-101] Setting dangling out port 'attention_score_u55c_kernel_Pipeline_VITIS_LOOP_78_5_VITIS_LOOP_79_6/m_axi_gmem2_BREADY' to 0.
INFO: [RTGEN 206-100] Finished creating RTL model for 'attention_score_u55c_kernel_Pipeline_VITIS_LOOP_78_5_VITIS_LOOP_79_6'.
INFO: [HLS 200-111] Finished Creating RTL model: CPU user time: 0.64 seconds. CPU system time: 0.02 seconds. Elapsed time: 0.68 seconds; current allocated memory: 427.406 MB.
INFO: [HLS 200-10] ----------------------------------------------------------------
INFO: [HLS 200-10] -- Generating RTL for module 'attention_score_u55c_kernel' 
INFO: [HLS 200-10] ----------------------------------------------------------------
WARNING: [RTGEN 206-101] Design contains AXI ports. Reset is fixed to synchronous and active low.
INFO: [RTGEN 206-500] Setting interface mode on port 'attention_score_u55c_kernel/gmem0' to 'm_axi'.
INFO: [RTGEN 206-500] Setting interface mode on port 'attention_score_u55c_kernel/gmem1' to 'm_axi'.
INFO: [RTGEN 206-500] Setting interface mode on port 'attention_score_u55c_kernel/gmem2' to 'm_axi'.
INFO: [RTGEN 206-500] Setting interface mode on port 'attention_score_u55c_kernel/q_tile' to 's_axilite & ap_none'.
INFO: [RTGEN 206-500] Setting interface mode on port 'attention_score_u55c_kernel/k_tile' to 's_axilite & ap_none'.
INFO: [RTGEN 206-500] Setting interface mode on port 'attention_score_u55c_kernel/score_tile' to 's_axilite & ap_none'.
INFO: [RTGEN 206-500] Setting interface mode on port 'attention_score_u55c_kernel/query_row_count' to 's_axilite & ap_none'.
INFO: [RTGEN 206-500] Setting interface mode on port 'attention_score_u55c_kernel/key_col_count' to 's_axilite & ap_none'.
INFO: [RTGEN 206-500] Setting interface mode on function 'attention_score_u55c_kernel' to 's_axilite & ap_ctrl_chain'.
INFO: [RTGEN 206-100] Bundling port 'q_tile', 'k_tile', 'score_tile', 'query_row_count', 'key_col_count' to AXI-Lite port control.
INFO: [RTGEN 206-100] Finished creating RTL model for 'attention_score_u55c_kernel'.
INFO: [RTMG 210-278] Implementing memory 'attention_score_u55c_kernel_q_local_V_RAM_1WNR_AUTO_1R1W' using auto RAMs.
INFO: [RTMG 210-278] Implementing memory 'attention_score_u55c_kernel_k_local_V_RAM_1WNR_AUTO_1R1W' using auto RAMs.
INFO: [RTMG 210-278] Implementing memory 'attention_score_u55c_kernel_score_local_RAM_AUTO_1R1W' using auto RAMs.
INFO: [HLS 200-111] Finished Creating RTL model: CPU user time: 0.11 seconds. CPU system time: 0.01 seconds. Elapsed time: 0.12 seconds; current allocated memory: 432.270 MB.
INFO: [HLS 200-111] Finished Generating all RTL models: CPU user time: 0.8 seconds. CPU system time: 0.02 seconds. Elapsed time: 0.82 seconds; current allocated memory: 437.344 MB.
INFO: [HLS 200-1603] Design has inferred MAXI bursts and missed bursts, see Vitis HLS GUI synthesis summary report for detailed information.
INFO: [HLS 200-111] Finished Updating report files: CPU user time: 0.52 seconds. CPU system time: 0.01 seconds. Elapsed time: 0.53 seconds; current allocated memory: 448.215 MB.
INFO: [VHDL 208-304] Generating VHDL RTL for attention_score_u55c_kernel.
INFO: [VLOG 209-307] Generating Verilog RTL for attention_score_u55c_kernel.
INFO: [HLS 200-790] **** Loop Constraint Status: All loop constraints were satisfied.
INFO: [HLS 200-789] **** Estimated Fmax: 411.00 MHz
INFO: [HLS 200-111] Finished Command csynth_design CPU user time: 7.96 seconds. CPU system time: 0.53 seconds. Elapsed time: 8.51 seconds; current allocated memory: 132.324 MB.
INFO: [HLS 200-1510] Running: export_design 
INFO: [IMPL 213-8] Exporting RTL as a Vivado IP.

****** Vivado v2022.2 (64-bit)
  **** SW Build 3671981 on Fri Oct 14 04:59:54 MDT 2022
  **** IP Build 3669848 on Fri Oct 14 08:30:02 MDT 2022
    ** Copyright 1986-2022 Xilinx, Inc. All Rights Reserved.

source run_ippack.tcl -notrace
INFO: [IP_Flow 19-234] Refreshing IP repositories
INFO: [IP_Flow 19-1704] No user IP repositories specified
INFO: [IP_Flow 19-2313] Loaded Vivado IP repository '/home/advent/Vivado/Vivado/2022.2/data/ip'.
Running package_xo -xo_path /home/advent/Desktop/RC19/_x/attention_score_u55c_kernel/attention_score_u55c_kernel/attention_score_u55c_kernel/solution/impl/export.xo -kernel_name attention_score_u55c_kernel -kernel_xml /home/advent/Desktop/RC19/_x/attention_score_u55c_kernel/attention_score_u55c_kernel/attention_score_u55c_kernel/solution/impl/ip/../kernel/kernel.xml -kernel_files /home/advent/Desktop/RC19/attention_score_u55c/hls/attention_score/attention_score_core_hls.cpp -ip_directory /home/advent/Desktop/RC19/_x/attention_score_u55c_kernel/attention_score_u55c_kernel/attention_score_u55c_kernel/solution/impl/ip/ip_unzip_dir -design_xml /home/advent/Desktop/RC19/_x/attention_score_u55c_kernel/attention_score_u55c_kernel/attention_score_u55c_kernel/solution/.autopilot/db/attention_score_u55c_kernel.design.xml -debug_directory /home/advent/Desktop/RC19/_x/attention_score_u55c_kernel/attention_score_u55c_kernel/attention_score_u55c_kernel/solution/.debug -hls_directory /home/advent/Desktop/RC19/_x/attention_score_u55c_kernel/attention_score_u55c_kernel/attention_score_u55c_kernel/solution/impl/ip/hls_files
INFO: [Common 17-206] Exiting Vivado at Mon Apr 27 18:41:39 2026...
INFO: [HLS 200-802] Generated output file attention_score_u55c_kernel/solution/impl/export.xo
INFO: [HLS 200-111] Finished Command export_design CPU user time: 7.31 seconds. CPU system time: 0.42 seconds. Elapsed time: 10.14 seconds; current allocated memory: 7.750 MB.
INFO: [HLS 200-1510] Running: close_project 
HLS completed successfully
INFO: [HLS 200-112] Total CPU user time: 16.08 seconds. Total CPU system time: 1.07 seconds. Total elapsed time: 19.48 seconds; peak allocated memory: 455.977 MB.
INFO: [Common 17-206] Exiting vitis_hls at Mon Apr 27 18:41:42 2026...
