Copyright 1986-2022 Xilinx, Inc. All Rights Reserved.
------------------------------------------------------------------------------------------
| Tool Version : Vivado v.2022.2 (lin64) Build 3671981 Fri Oct 14 04:59:54 MDT 2022
| Date         : Mon May  4 12:28:29 2026
| Host         : advent running 64-bit Ubuntu 20.04.6 LTS
| Command      : report_utilization -slr -file slr_util_routed.rpt -pb slr_util_routed.pb
| Design       : level0_wrapper
| Device       : xcu55c-fsvh2892-2L-e
| Speed File   : -2L
| Design State : Routed
------------------------------------------------------------------------------------------

Utilization Design Information

Table of Contents
-----------------
1. SLR Connectivity
2. SLR Connectivity Matrix
3. SLR CLB Logic and Dedicated Block Utilization
4. SLR IO Utilization

1. SLR Connectivity
-------------------

+----------------------------------+-------+-------+-----------+-------+
|                                  |  Used | Fixed | Available | Util% |
+----------------------------------+-------+-------+-----------+-------+
| SLR2 <-> SLR1                    |  5113 |       |     23040 | 22.19 |
|   SLR1 -> SLR2                   |  2596 |       |           | 11.27 |
|     Using TX_REG only            |     0 |     0 |           |       |
|     Using RX_REG only            |     0 |     0 |           |       |
|     Using Both TX_REG and RX_REG |     0 |     0 |           |       |
|   SLR2 -> SLR1                   |  2517 |       |           | 10.92 |
|     Using TX_REG only            |     0 |     0 |           |       |
|     Using RX_REG only            |     0 |     0 |           |       |
|     Using Both TX_REG and RX_REG |     0 |     0 |           |       |
| SLR1 <-> SLR0                    |  5327 |       |     23040 | 23.12 |
|   SLR0 -> SLR1                   |  2793 |       |           | 12.12 |
|     Using TX_REG only            |     0 |     0 |           |       |
|     Using RX_REG only            |     0 |     0 |           |       |
|     Using Both TX_REG and RX_REG |     0 |     0 |           |       |
|   SLR1 -> SLR0                   |  2534 |       |           | 11.00 |
|     Using TX_REG only            |     0 |     0 |           |       |
|     Using RX_REG only            |     0 |     0 |           |       |
|     Using Both TX_REG and RX_REG |     0 |     0 |           |       |
+----------------------------------+-------+-------+-----------+-------+
| Total SLLs Used                  | 10440 |       |           |       |
+----------------------------------+-------+-------+-----------+-------+


2. SLR Connectivity Matrix
--------------------------

+-----------+------+------+------+
| FROM \ TO | SLR2 | SLR1 | SLR0 |
+-----------+------+------+------+
| SLR2      |    0 | 2364 |  153 |
| SLR1      | 2500 |    0 | 2381 |
| SLR0      |   96 | 2697 |    0 |
+-----------+------+------+------+


3. SLR CLB Logic and Dedicated Block Utilization
------------------------------------------------

+----------------------------+--------+-------+-------+--------+--------+--------+
|          Site Type         |  SLR0  |  SLR1 |  SLR2 | SLR0 % | SLR1 % | SLR2 % |
+----------------------------+--------+-------+-------+--------+--------+--------+
| CLB                        |  23816 |  9904 |  7079 |  43.33 |  18.34 |  13.11 |
|   CLBL                     |  12056 |  5478 |  3603 |  41.17 |  18.71 |  12.31 |
|   CLBM                     |  11760 |  4426 |  3476 |  45.79 |  17.90 |  14.06 |
| CLB LUTs                   | 108121 | 57874 | 25653 |  24.59 |  13.40 |   5.94 |
|   LUT as Logic             |  76350 | 54206 | 24132 |  17.36 |  12.55 |   5.59 |
|     using O5 output only   |   1655 |   855 |   444 |   0.38 |   0.20 |   0.10 |
|     using O6 output only   |  53111 | 40203 | 17120 |  12.08 |   9.31 |   3.96 |
|     using O5 and O6        |  21584 | 13148 |  6568 |   4.91 |   3.04 |   1.52 |
|   LUT as Memory            |  31771 |  3668 |  1521 |  15.46 |   1.85 |   0.77 |
|     LUT as Distributed RAM |   8319 |  3532 |   820 |   4.05 |   1.79 |   0.41 |
|       using O5 output only |      0 |     0 |     0 |   0.00 |   0.00 |   0.00 |
|       using O6 output only |   2503 |   386 |     0 |   1.22 |   0.20 |   0.00 |
|       using O5 and O6      |   5816 |  3146 |   820 |   2.83 |   1.59 |   0.41 |
|     LUT as Shift Register  |  23452 |   136 |   701 |  11.42 |   0.07 |   0.35 |
|       using O5 output only |      0 |     0 |     0 |   0.00 |   0.00 |   0.00 |
|       using O6 output only |  20369 |    80 |   667 |   9.91 |   0.04 |   0.34 |
|       using O5 and O6      |   3083 |    56 |    34 |   1.50 |   0.03 |   0.02 |
| CLB Registers              | 151874 | 65964 | 35550 |  17.27 |   7.63 |   4.11 |
| CARRY8                     |   2004 |   577 |   107 |   3.65 |   1.07 |   0.20 |
| F7 Muxes                   |   2790 |  1037 |   437 |   1.27 |   0.48 |   0.20 |
| F8 Muxes                   |    459 |   260 |     0 |   0.42 |   0.24 |   0.00 |
| F9 Muxes                   |      0 |     0 |     0 |   0.00 |   0.00 |   0.00 |
| Block RAM Tile             |  169.5 |    90 |    50 |  25.22 |  13.39 |   7.44 |
|   RAMB36/FIFO              |    145 |    90 |    50 |  21.58 |  13.39 |   7.44 |
|   RAMB18                   |     49 |     0 |     0 |   3.65 |   0.00 |   0.00 |
| URAM                       |      2 |     0 |     0 |   0.63 |   0.00 |   0.00 |
| DSPs                       |    405 |     0 |     4 |  14.06 |   0.00 |   0.13 |
| Unique Control Sets        |   4045 |  3147 |  1113 |   3.68 |   2.91 |   1.03 |
+----------------------------+--------+-------+-------+--------+--------+--------+
* Note: Available Control Sets based on CLB Registers / 8


4. SLR IO Utilization
---------------------

+-----------+-----------+---------+------------+----------+------------+----------+-----+
| SLR Index | Used IOBs | (%)IOBs | Used IPADs | (%)IPADs | Used OPADs | (%)OPADs | GTs |
+-----------+-----------+---------+------------+----------+------------+----------+-----+
| SLR2      |         0 |    0.00 |          0 |     0.00 |          0 |     0.00 |   0 |
| SLR1      |         0 |    0.00 |          0 |     0.00 |          0 |     0.00 |   0 |
| SLR0      |        12 |    5.77 |          0 |     0.00 |          0 |     0.00 |  16 |
+-----------+-----------+---------+------------+----------+------------+----------+-----+
| Total     |        12 |         |          0 |          |          0 |          |  16 |
+-----------+-----------+---------+------------+----------+------------+----------+-----+


