
*** Running vivado
    with args -log bd_097b_user_debug_bridge_0.vds -m64 -product Vivado -mode batch -messageDb vivado.pb -notrace -source bd_097b_user_debug_bridge_0.tcl


****** Vivado v2022.2 (64-bit)
  **** SW Build 3671981 on Fri Oct 14 04:59:54 MDT 2022
  **** IP Build 3669848 on Fri Oct 14 08:30:02 MDT 2022
    ** Copyright 1986-2022 Xilinx, Inc. All Rights Reserved.

source bd_097b_user_debug_bridge_0.tcl -notrace
INFO: Dispatch client connection id - 37729
INFO: [IP_Flow 19-234] Refreshing IP repositories
INFO: [IP_Flow 19-1700] Loaded user IP repository '/home/advent/Desktop/RC19/_x/link/int/xo/ip_repo/xilinx_com_hls_softmax_u55c_kernel_1_0'.
INFO: [IP_Flow 19-1700] Loaded user IP repository '/home/advent/Desktop/RC19/_x/link/int/xo/ip_repo/xilinx_com_hls_attention_score_u55c_kernel_1_0'.
INFO: [IP_Flow 19-1700] Loaded user IP repository '/home/advent/Desktop/RC19/_x/link/int/xo/ip_repo/xilinx_com_hls_causal_mask_u55c_kernel_1_0'.
INFO: [IP_Flow 19-1700] Loaded user IP repository '/home/advent/Desktop/RC19/_x/link/int/xo/ip_repo/xilinx_com_hls_score_scale_u55c_kernel_1_0'.
INFO: [IP_Flow 19-1700] Loaded user IP repository '/home/advent/Desktop/RC19/_x/link/vivado/vpl/.local/hw_platform/iprepo'.
INFO: [IP_Flow 19-1700] Loaded user IP repository '/home/advent/Desktop/RC19/_x/link/vivado/vpl/.local/hw_platform/ipcache'.
INFO: [IP_Flow 19-1700] Loaded user IP repository '/home/advent/Vivado/Vitis/2022.2/data/ip'.
INFO: [IP_Flow 19-2313] Loaded Vivado IP repository '/home/advent/Vivado/Vivado/2022.2/data/ip'.
WARNING: [IP_Flow 19-1663] Duplicate IP found for 'xilinx.com:ip:clk_metadata_adapter:1.0'. The one found in IP location '/home/advent/Desktop/RC19/_x/link/vivado/vpl/.local/hw_platform/iprepo/ipdefs/pxi_ii_infra/clk_metadata_adapter_v1_0' will take precedence over the same IP in location /home/advent/Desktop/RC19/_x/link/vivado/vpl/.local/hw_platform/iprepo/ipdefs/other_ipdefs/clk_metadata_adapter_v1_0
WARNING: [IP_Flow 19-1663] Duplicate IP found for 'xilinx.com:ip:pipeline_reg:1.0'. The one found in IP location '/home/advent/Desktop/RC19/_x/link/vivado/vpl/.local/hw_platform/iprepo/ipdefs/pxi_ii_infra/pipeline_reg_v1_0' will take precedence over the same IP in location /home/advent/Desktop/RC19/_x/link/vivado/vpl/.local/hw_platform/iprepo/ipdefs/other_ipdefs/pipeline_reg_v1_0
WARNING: [IP_Flow 19-1663] Duplicate IP found for 'xilinx.com:ip:axi_clk_metadata_adapter:1.0'. The one found in IP location '/home/advent/Desktop/RC19/_x/link/vivado/vpl/.local/hw_platform/iprepo/ipdefs/other_ipdefs/axi_clk_metadata_adapter_v1_0' will take precedence over the same IP in location /home/advent/Desktop/RC19/_x/link/vivado/vpl/.local/hw_platform/iprepo/ipdefs/pxi_ii_infra/axi_clk_metadata_adapter_v1_0
WARNING: [IP_Flow 19-1663] Duplicate IP found for 'xilinx.com:ip:shell_utils_build_info:1.0'. The one found in IP location '/home/advent/Desktop/RC19/_x/link/vivado/vpl/.local/hw_platform/iprepo/ipdefs/other_ipdefs/shell_utils_build_info_v1_0' will take precedence over the same IP in the Xilinx installed IP.
WARNING: [IP_Flow 19-1663] Duplicate IP found for 'xilinx.com:ip:axis_clk_metadata_adapter:1.0'. The one found in IP location '/home/advent/Desktop/RC19/_x/link/vivado/vpl/.local/hw_platform/iprepo/ipdefs/other_ipdefs/axis_clk_metadata_adapter_v1_0' will take precedence over the same IP in location /home/advent/Desktop/RC19/_x/link/vivado/vpl/.local/hw_platform/iprepo/ipdefs/pxi_ii_infra/axis_clk_metadata_adapter_v1_0
INFO: [IP_Flow 19-6924] IPCACHE: Running cache check for IP inst: bd_097b_user_debug_bridge_0
Command: synth_design -top bd_097b_user_debug_bridge_0 -part xcu55c-fsvh2892-2L-e -incremental_mode off -mode out_of_context
Starting synth_design
Attempting to get a license for feature 'Synthesis' and/or device 'xcu55c'
INFO: [Common 17-349] Got license for feature 'Synthesis' and/or device 'xcu55c'
INFO: [Device 21-403] Loading part xcu55c-fsvh2892-2L-e
INFO: [Synth 8-7079] Multithreading enabled for synth_design using a maximum of 1 processes.
INFO: [Synth 8-7078] Launching helper process for spawning children vivado processes
INFO: [Synth 8-7075] Helper process launched with PID 60747
INFO: [Synth 8-11241] undeclared symbol 'REGCCE', assumed default net type 'wire' [/home/advent/Vivado/Vivado/2022.2/data/verilog/src/unimacro/BRAM_SINGLE_MACRO.v:2170]
---------------------------------------------------------------------------------
Starting RTL Elaboration : Time (s): cpu = 00:00:03 ; elapsed = 00:00:03 . Memory (MB): peak = 3091.391 ; gain = 357.734 ; free physical = 8746 ; free virtual = 12548
Synthesis current peak Physical Memory [PSS] (MB): peak = 2306.291; parent = 2167.265; children = 139.026
Synthesis current peak Virtual Memory [VSS] (MB): peak = 4065.125; parent = 3095.363; children = 969.762
---------------------------------------------------------------------------------
INFO: [Synth 8-6157] synthesizing module 'bd_097b_user_debug_bridge_0' [/home/advent/Desktop/RC19/_x/link/vivado/vpl/prj/prj.gen/my_rm/bd/ulp/ip/ulp_ulp_cmp_0/bd_0/ip/ip_2/synth/bd_097b_user_debug_bridge_0.v:53]
INFO: [Synth 8-6157] synthesizing module 'bd_7cf0' [/home/advent/Desktop/RC19/_x/link/vivado/vpl/prj/prj.gen/my_rm/bd/ulp/ip/ulp_ulp_cmp_0/bd_1/synth/bd_7cf0.v:9]
INFO: [Synth 8-6157] synthesizing module 'bd_7cf0_axi_jtag_0' [/home/advent/Desktop/RC19/_x/link/vivado/vpl/prj/prj.runs/bd_097b_user_debug_bridge_0_synth_1/.Xil/Vivado-60338-advent/realtime/bd_7cf0_axi_jtag_0_stub.v:5]
INFO: [Synth 8-6155] done synthesizing module 'bd_7cf0_axi_jtag_0' (0#1) [/home/advent/Desktop/RC19/_x/link/vivado/vpl/prj/prj.runs/bd_097b_user_debug_bridge_0_synth_1/.Xil/Vivado-60338-advent/realtime/bd_7cf0_axi_jtag_0_stub.v:5]
INFO: [Synth 8-6157] synthesizing module 'bd_7cf0_bs_switch_1_0' [/home/advent/Desktop/RC19/_x/link/vivado/vpl/prj/prj.runs/bd_097b_user_debug_bridge_0_synth_1/.Xil/Vivado-60338-advent/realtime/bd_7cf0_bs_switch_1_0_stub.v:5]
INFO: [Synth 8-6155] done synthesizing module 'bd_7cf0_bs_switch_1_0' (0#1) [/home/advent/Desktop/RC19/_x/link/vivado/vpl/prj/prj.runs/bd_097b_user_debug_bridge_0_synth_1/.Xil/Vivado-60338-advent/realtime/bd_7cf0_bs_switch_1_0_stub.v:5]
INFO: [Synth 8-6157] synthesizing module 'bd_7cf0_bsip_0' [/home/advent/Desktop/RC19/_x/link/vivado/vpl/prj/prj.runs/bd_097b_user_debug_bridge_0_synth_1/.Xil/Vivado-60338-advent/realtime/bd_7cf0_bsip_0_stub.v:5]
INFO: [Synth 8-6155] done synthesizing module 'bd_7cf0_bsip_0' (0#1) [/home/advent/Desktop/RC19/_x/link/vivado/vpl/prj/prj.runs/bd_097b_user_debug_bridge_0_synth_1/.Xil/Vivado-60338-advent/realtime/bd_7cf0_bsip_0_stub.v:5]
INFO: [Synth 8-6155] done synthesizing module 'bd_7cf0' (0#1) [/home/advent/Desktop/RC19/_x/link/vivado/vpl/prj/prj.gen/my_rm/bd/ulp/ip/ulp_ulp_cmp_0/bd_1/synth/bd_7cf0.v:9]
INFO: [Synth 8-6155] done synthesizing module 'bd_097b_user_debug_bridge_0' (0#1) [/home/advent/Desktop/RC19/_x/link/vivado/vpl/prj/prj.gen/my_rm/bd/ulp/ip/ulp_ulp_cmp_0/bd_0/ip/ip_2/synth/bd_097b_user_debug_bridge_0.v:53]
---------------------------------------------------------------------------------
Finished RTL Elaboration : Time (s): cpu = 00:00:04 ; elapsed = 00:00:04 . Memory (MB): peak = 3162.328 ; gain = 428.672 ; free physical = 8919 ; free virtual = 12725
Synthesis current peak Physical Memory [PSS] (MB): peak = 2306.291; parent = 2167.265; children = 139.026
Synthesis current peak Virtual Memory [VSS] (MB): peak = 4132.094; parent = 3162.332; children = 969.762
---------------------------------------------------------------------------------
---------------------------------------------------------------------------------
Start Handling Custom Attributes
---------------------------------------------------------------------------------
---------------------------------------------------------------------------------
Finished Handling Custom Attributes : Time (s): cpu = 00:00:04 ; elapsed = 00:00:04 . Memory (MB): peak = 3180.141 ; gain = 446.484 ; free physical = 8886 ; free virtual = 12692
Synthesis current peak Physical Memory [PSS] (MB): peak = 2306.291; parent = 2167.265; children = 139.026
Synthesis current peak Virtual Memory [VSS] (MB): peak = 4149.906; parent = 3180.145; children = 969.762
---------------------------------------------------------------------------------
---------------------------------------------------------------------------------
Finished RTL Optimization Phase 1 : Time (s): cpu = 00:00:04 ; elapsed = 00:00:04 . Memory (MB): peak = 3180.141 ; gain = 446.484 ; free physical = 8866 ; free virtual = 12673
Synthesis current peak Physical Memory [PSS] (MB): peak = 2306.291; parent = 2167.265; children = 139.026
Synthesis current peak Virtual Memory [VSS] (MB): peak = 4149.906; parent = 3180.145; children = 969.762
---------------------------------------------------------------------------------
Netlist sorting complete. Time (s): cpu = 00:00:00 ; elapsed = 00:00:00 . Memory (MB): peak = 3180.141 ; gain = 0.000 ; free physical = 8843 ; free virtual = 12650
INFO: [Project 1-570] Preparing netlist for logic optimization

Processing XDC Constraints
Initializing timing engine
Parsing XDC File [/home/advent/Desktop/RC19/_x/link/vivado/vpl/prj/prj.gen/my_rm/bd/ulp/ip/ulp_ulp_cmp_0/bd_1/ip/ip_0/bd_7cf0_axi_jtag_0/bd_7cf0_axi_jtag_0_in_context.xdc] for cell 'inst/axi_jtag'
0V85_VCCINT { VCCINT }  -supply_current_budget  100.000 A -voltage  0.850 V -direct
0V85_VCCINT_IO { VCCINT_IO VCCBRAM }  -supply_current_budget  30.000 A -voltage  0.850 V -direct
0V9_AVCC { MGTYAVCC }  -supply_current_budget  0.000 A -voltage  0.900 V -direct
1V2_AVTT { MGTYAVTT }  -supply_current_budget  0.000 A -voltage  1.200 V -direct
1V2_HBM { VCC_HBM }  -supply_current_budget  0.000 A -voltage  1.200 V -direct
1V8 { VCCAUX VCCAUX_IO MGTYVCCAUX VCCO18 VCCADC }  -supply_current_budget  4.000 A -voltage  1.800 V -direct
2V5_VPP { VCCAUX_HBM }  -supply_current_budget  0.300 A -voltage  2.500 V -direct
Finished Parsing XDC File [/home/advent/Desktop/RC19/_x/link/vivado/vpl/prj/prj.gen/my_rm/bd/ulp/ip/ulp_ulp_cmp_0/bd_1/ip/ip_0/bd_7cf0_axi_jtag_0/bd_7cf0_axi_jtag_0_in_context.xdc] for cell 'inst/axi_jtag'
Parsing XDC File [/home/advent/Desktop/RC19/_x/link/vivado/vpl/prj/prj.gen/my_rm/bd/ulp/ip/ulp_ulp_cmp_0/bd_1/ip/ip_1/bd_7cf0_bsip_0/bd_7cf0_bsip_0_in_context.xdc] for cell 'inst/bsip'
Finished Parsing XDC File [/home/advent/Desktop/RC19/_x/link/vivado/vpl/prj/prj.gen/my_rm/bd/ulp/ip/ulp_ulp_cmp_0/bd_1/ip/ip_1/bd_7cf0_bsip_0/bd_7cf0_bsip_0_in_context.xdc] for cell 'inst/bsip'
Parsing XDC File [/home/advent/Desktop/RC19/_x/link/vivado/vpl/prj/prj.gen/my_rm/bd/ulp/ip/ulp_ulp_cmp_0/bd_1/ip/ip_2/bd_7cf0_bs_switch_1_0/bd_7cf0_bs_switch_1_0_in_context.xdc] for cell 'inst/bs_switch_1'
Finished Parsing XDC File [/home/advent/Desktop/RC19/_x/link/vivado/vpl/prj/prj.gen/my_rm/bd/ulp/ip/ulp_ulp_cmp_0/bd_1/ip/ip_2/bd_7cf0_bs_switch_1_0/bd_7cf0_bs_switch_1_0_in_context.xdc] for cell 'inst/bs_switch_1'
Parsing XDC File [/home/advent/Desktop/RC19/_x/link/vivado/vpl/prj/prj.gen/my_rm/bd/ulp/ip/ulp_ulp_cmp_0/bd_0/ip/ip_2/bd_097b_user_debug_bridge_0_ooc.xdc] for cell 'inst'
Finished Parsing XDC File [/home/advent/Desktop/RC19/_x/link/vivado/vpl/prj/prj.gen/my_rm/bd/ulp/ip/ulp_ulp_cmp_0/bd_0/ip/ip_2/bd_097b_user_debug_bridge_0_ooc.xdc] for cell 'inst'
Parsing XDC File [/home/advent/Desktop/RC19/_x/link/vivado/vpl/prj/prj.runs/bd_097b_user_debug_bridge_0_synth_1/dont_touch.xdc]
Finished Parsing XDC File [/home/advent/Desktop/RC19/_x/link/vivado/vpl/prj/prj.runs/bd_097b_user_debug_bridge_0_synth_1/dont_touch.xdc]
Completed Processing XDC Constraints

Netlist sorting complete. Time (s): cpu = 00:00:00 ; elapsed = 00:00:00 . Memory (MB): peak = 3220.801 ; gain = 0.000 ; free physical = 6799 ; free virtual = 10607
INFO: [Project 1-111] Unisim Transformation Summary:
No Unisim elements were transformed.

Constraint Validation Runtime : Time (s): cpu = 00:00:00.01 ; elapsed = 00:00:00.01 . Memory (MB): peak = 3220.801 ; gain = 0.000 ; free physical = 6797 ; free virtual = 10605
INFO: [Designutils 20-5008] Incremental synthesis strategy off
INFO: [Synth 8-11241] undeclared symbol 'REGCCE', assumed default net type 'wire' [/home/advent/Vivado/Vivado/2022.2/data/verilog/src/unimacro/BRAM_SINGLE_MACRO.v:2170]
---------------------------------------------------------------------------------
Finished Constraint Validation : Time (s): cpu = 00:00:11 ; elapsed = 00:00:12 . Memory (MB): peak = 3220.801 ; gain = 487.145 ; free physical = 10137 ; free virtual = 13946
Synthesis current peak Physical Memory [PSS] (MB): peak = 2307.065; parent = 2167.265; children = 141.961
Synthesis current peak Virtual Memory [VSS] (MB): peak = 4190.566; parent = 3220.805; children = 969.762
---------------------------------------------------------------------------------
---------------------------------------------------------------------------------
Start Loading Part and Timing Information
---------------------------------------------------------------------------------
Loading part: xcu55c-fsvh2892-2L-e
INFO: [Synth 8-6742] Reading net delay rules and data
---------------------------------------------------------------------------------
Finished Loading Part and Timing Information : Time (s): cpu = 00:00:11 ; elapsed = 00:00:12 . Memory (MB): peak = 3220.801 ; gain = 487.145 ; free physical = 10115 ; free virtual = 13924
Synthesis current peak Physical Memory [PSS] (MB): peak = 2307.065; parent = 2167.265; children = 141.961
Synthesis current peak Virtual Memory [VSS] (MB): peak = 4190.566; parent = 3220.805; children = 969.762
---------------------------------------------------------------------------------
---------------------------------------------------------------------------------
Start Applying 'set_property' XDC Constraints
---------------------------------------------------------------------------------
Applied set_property KEEP_HIERARCHY = SOFT for inst. (constraint file  auto generated constraint).
Applied set_property KEEP_HIERARCHY = SOFT for inst/axi_jtag. (constraint file  auto generated constraint).
Applied set_property KEEP_HIERARCHY = SOFT for inst/bsip. (constraint file  auto generated constraint).
Applied set_property KEEP_HIERARCHY = SOFT for inst/bs_switch_1. (constraint file  auto generated constraint).
---------------------------------------------------------------------------------
Finished applying 'set_property' XDC Constraints : Time (s): cpu = 00:00:11 ; elapsed = 00:00:12 . Memory (MB): peak = 3220.801 ; gain = 487.145 ; free physical = 10111 ; free virtual = 13920
Synthesis current peak Physical Memory [PSS] (MB): peak = 2307.065; parent = 2167.265; children = 141.961
Synthesis current peak Virtual Memory [VSS] (MB): peak = 4190.566; parent = 3220.805; children = 969.762
---------------------------------------------------------------------------------
---------------------------------------------------------------------------------
Finished RTL Optimization Phase 2 : Time (s): cpu = 00:00:11 ; elapsed = 00:00:12 . Memory (MB): peak = 3220.801 ; gain = 487.145 ; free physical = 10079 ; free virtual = 13888
Synthesis current peak Physical Memory [PSS] (MB): peak = 2307.065; parent = 2167.265; children = 141.961
Synthesis current peak Virtual Memory [VSS] (MB): peak = 4190.566; parent = 3220.805; children = 969.762
---------------------------------------------------------------------------------
---------------------------------------------------------------------------------
Start RTL Component Statistics 
---------------------------------------------------------------------------------
Detailed RTL Component Info : 
---------------------------------------------------------------------------------
Finished RTL Component Statistics 
---------------------------------------------------------------------------------
---------------------------------------------------------------------------------
Start Part Resource Summary
---------------------------------------------------------------------------------
Part Resources:
DSPs: 9024 (col length:94)
BRAMs: 4032 (col length: RAMB18 288 RAMB36 144)
---------------------------------------------------------------------------------
Finished Part Resource Summary
---------------------------------------------------------------------------------
---------------------------------------------------------------------------------
Start Cross Boundary and Area Optimization
---------------------------------------------------------------------------------
WARNING: [Synth 8-7080] Parallel synthesis criteria is not met
---------------------------------------------------------------------------------
Finished Cross Boundary and Area Optimization : Time (s): cpu = 00:00:12 ; elapsed = 00:00:13 . Memory (MB): peak = 3220.801 ; gain = 487.145 ; free physical = 9190 ; free virtual = 13003
Synthesis current peak Physical Memory [PSS] (MB): peak = 2307.065; parent = 2167.265; children = 141.961
Synthesis current peak Virtual Memory [VSS] (MB): peak = 4190.566; parent = 3220.805; children = 969.762
---------------------------------------------------------------------------------
---------------------------------------------------------------------------------
Start Applying XDC Timing Constraints
---------------------------------------------------------------------------------
---------------------------------------------------------------------------------
Finished Applying XDC Timing Constraints : Time (s): cpu = 00:00:19 ; elapsed = 00:00:21 . Memory (MB): peak = 3573.496 ; gain = 839.840 ; free physical = 9185 ; free virtual = 12996
Synthesis current peak Physical Memory [PSS] (MB): peak = 2776.283; parent = 2638.002; children = 141.961
Synthesis current peak Virtual Memory [VSS] (MB): peak = 4543.262; parent = 3573.500; children = 969.762
---------------------------------------------------------------------------------
---------------------------------------------------------------------------------
Start Timing Optimization
---------------------------------------------------------------------------------
---------------------------------------------------------------------------------
Finished Timing Optimization : Time (s): cpu = 00:00:19 ; elapsed = 00:00:21 . Memory (MB): peak = 3573.496 ; gain = 839.840 ; free physical = 9226 ; free virtual = 13037
Synthesis current peak Physical Memory [PSS] (MB): peak = 2776.421; parent = 2638.109; children = 141.961
Synthesis current peak Virtual Memory [VSS] (MB): peak = 4543.262; parent = 3573.500; children = 969.762
---------------------------------------------------------------------------------
---------------------------------------------------------------------------------
Start Technology Mapping
---------------------------------------------------------------------------------
---------------------------------------------------------------------------------
Finished Technology Mapping : Time (s): cpu = 00:00:19 ; elapsed = 00:00:21 . Memory (MB): peak = 3592.527 ; gain = 858.871 ; free physical = 9198 ; free virtual = 13009
Synthesis current peak Physical Memory [PSS] (MB): peak = 2776.715; parent = 2638.403; children = 141.961
Synthesis current peak Virtual Memory [VSS] (MB): peak = 4562.293; parent = 3592.531; children = 969.762
---------------------------------------------------------------------------------
---------------------------------------------------------------------------------
Start IO Insertion
---------------------------------------------------------------------------------
---------------------------------------------------------------------------------
Start Flattening Before IO Insertion
---------------------------------------------------------------------------------
---------------------------------------------------------------------------------
Finished Flattening Before IO Insertion
---------------------------------------------------------------------------------
---------------------------------------------------------------------------------
Start Final Netlist Cleanup
---------------------------------------------------------------------------------
---------------------------------------------------------------------------------
Finished Final Netlist Cleanup
---------------------------------------------------------------------------------
---------------------------------------------------------------------------------
Finished IO Insertion : Time (s): cpu = 00:00:21 ; elapsed = 00:00:23 . Memory (MB): peak = 3598.465 ; gain = 864.809 ; free physical = 8953 ; free virtual = 12760
Synthesis current peak Physical Memory [PSS] (MB): peak = 2776.715; parent = 2638.403; children = 141.961
Synthesis current peak Virtual Memory [VSS] (MB): peak = 4568.230; parent = 3598.469; children = 969.762
---------------------------------------------------------------------------------
---------------------------------------------------------------------------------
Start Renaming Generated Instances
---------------------------------------------------------------------------------
---------------------------------------------------------------------------------
Finished Renaming Generated Instances : Time (s): cpu = 00:00:21 ; elapsed = 00:00:23 . Memory (MB): peak = 3598.465 ; gain = 864.809 ; free physical = 8937 ; free virtual = 12744
Synthesis current peak Physical Memory [PSS] (MB): peak = 2776.715; parent = 2638.403; children = 141.961
Synthesis current peak Virtual Memory [VSS] (MB): peak = 4568.230; parent = 3598.469; children = 969.762
---------------------------------------------------------------------------------
---------------------------------------------------------------------------------
Start Rebuilding User Hierarchy
---------------------------------------------------------------------------------
---------------------------------------------------------------------------------
Finished Rebuilding User Hierarchy : Time (s): cpu = 00:00:21 ; elapsed = 00:00:23 . Memory (MB): peak = 3598.465 ; gain = 864.809 ; free physical = 8921 ; free virtual = 12733
Synthesis current peak Physical Memory [PSS] (MB): peak = 2776.715; parent = 2638.403; children = 141.961
Synthesis current peak Virtual Memory [VSS] (MB): peak = 4568.230; parent = 3598.469; children = 969.762
---------------------------------------------------------------------------------
---------------------------------------------------------------------------------
Start Renaming Generated Ports
---------------------------------------------------------------------------------
---------------------------------------------------------------------------------
Finished Renaming Generated Ports : Time (s): cpu = 00:00:21 ; elapsed = 00:00:23 . Memory (MB): peak = 3598.465 ; gain = 864.809 ; free physical = 8858 ; free virtual = 12669
Synthesis current peak Physical Memory [PSS] (MB): peak = 2776.715; parent = 2638.403; children = 141.961
Synthesis current peak Virtual Memory [VSS] (MB): peak = 4568.230; parent = 3598.469; children = 969.762
---------------------------------------------------------------------------------
---------------------------------------------------------------------------------
Start Handling Custom Attributes
---------------------------------------------------------------------------------
---------------------------------------------------------------------------------
Finished Handling Custom Attributes : Time (s): cpu = 00:00:21 ; elapsed = 00:00:23 . Memory (MB): peak = 3598.465 ; gain = 864.809 ; free physical = 8945 ; free virtual = 12756
Synthesis current peak Physical Memory [PSS] (MB): peak = 2776.715; parent = 2638.403; children = 141.961
Synthesis current peak Virtual Memory [VSS] (MB): peak = 4568.230; parent = 3598.469; children = 969.762
---------------------------------------------------------------------------------
---------------------------------------------------------------------------------
Start Renaming Generated Nets
---------------------------------------------------------------------------------
---------------------------------------------------------------------------------
Finished Renaming Generated Nets : Time (s): cpu = 00:00:21 ; elapsed = 00:00:23 . Memory (MB): peak = 3598.465 ; gain = 864.809 ; free physical = 9180 ; free virtual = 12992
Synthesis current peak Physical Memory [PSS] (MB): peak = 2776.715; parent = 2638.403; children = 141.961
Synthesis current peak Virtual Memory [VSS] (MB): peak = 4568.230; parent = 3598.469; children = 969.762
---------------------------------------------------------------------------------
---------------------------------------------------------------------------------
Start Writing Synthesis Report
---------------------------------------------------------------------------------

Report BlackBoxes: 
+------+----------------------+----------+
|      |BlackBox name         |Instances |
+------+----------------------+----------+
|1     |bd_7cf0_axi_jtag_0    |         1|
|2     |bd_7cf0_bs_switch_1_0 |         1|
|3     |bd_7cf0_bsip_0        |         1|
+------+----------------------+----------+

Report Cell Usage: 
+------+--------------------+------+
|      |Cell                |Count |
+------+--------------------+------+
|1     |bd_7cf0_axi_jtag    |     1|
|2     |bd_7cf0_bs_switch_1 |     1|
|3     |bd_7cf0_bsip        |     1|
+------+--------------------+------+
---------------------------------------------------------------------------------
Finished Writing Synthesis Report : Time (s): cpu = 00:00:21 ; elapsed = 00:00:23 . Memory (MB): peak = 3598.465 ; gain = 864.809 ; free physical = 9334 ; free virtual = 13146
Synthesis current peak Physical Memory [PSS] (MB): peak = 2776.715; parent = 2638.403; children = 141.961
Synthesis current peak Virtual Memory [VSS] (MB): peak = 4568.230; parent = 3598.469; children = 969.762
---------------------------------------------------------------------------------
Synthesis finished with 0 errors, 0 critical warnings and 1 warnings.
Synthesis Optimization Runtime : Time (s): cpu = 00:00:17 ; elapsed = 00:00:19 . Memory (MB): peak = 3598.465 ; gain = 824.148 ; free physical = 9428 ; free virtual = 13240
Synthesis Optimization Complete : Time (s): cpu = 00:00:21 ; elapsed = 00:00:23 . Memory (MB): peak = 3598.473 ; gain = 864.809 ; free physical = 9487 ; free virtual = 13299
INFO: [Project 1-571] Translating synthesized netlist
Netlist sorting complete. Time (s): cpu = 00:00:00 ; elapsed = 00:00:00 . Memory (MB): peak = 3598.473 ; gain = 0.000 ; free physical = 9492 ; free virtual = 13303
INFO: [Project 1-570] Preparing netlist for logic optimization
INFO: [Opt 31-138] Pushed 0 inverter(s) to 0 load pin(s).
Netlist sorting complete. Time (s): cpu = 00:00:00 ; elapsed = 00:00:00 . Memory (MB): peak = 3676.785 ; gain = 0.000 ; free physical = 11589 ; free virtual = 15403
INFO: [Project 1-111] Unisim Transformation Summary:
No Unisim elements were transformed.

Synth Design complete, checksum: 2ca306ae
INFO: [Common 17-83] Releasing license: Synthesis
36 Infos, 6 Warnings, 0 Critical Warnings and 0 Errors encountered.
synth_design completed successfully
synth_design: Time (s): cpu = 00:00:29 ; elapsed = 00:00:30 . Memory (MB): peak = 3688.754 ; gain = 2262.941 ; free physical = 11761 ; free virtual = 15577
INFO: [Common 17-600] The following parameters have non-default value.
general.maxThreads
INFO: [Common 17-1381] The checkpoint '/home/advent/Desktop/RC19/_x/link/vivado/vpl/prj/prj.runs/bd_097b_user_debug_bridge_0_synth_1/bd_097b_user_debug_bridge_0.dcp' has been generated.
INFO: [Coretcl 2-1648] Added synthesis output to IP cache for IP bd_097b_user_debug_bridge_0, cache-ID = 8c9dbe47d7b3c323
INFO: [Coretcl 2-1174] Renamed 4 cell refs.
INFO: [Common 17-1381] The checkpoint '/home/advent/Desktop/RC19/_x/link/vivado/vpl/prj/prj.runs/bd_097b_user_debug_bridge_0_synth_1/bd_097b_user_debug_bridge_0.dcp' has been generated.
INFO: [runtcl-4] Executing : report_utilization -file bd_097b_user_debug_bridge_0_utilization_synth.rpt -pb bd_097b_user_debug_bridge_0_utilization_synth.pb
INFO: [Common 17-206] Exiting Vivado at Mon Apr 27 18:50:44 2026...
