
*** Running vivado
    with args -log bd_097b_user_debug_hub_0.vds -m64 -product Vivado -mode batch -messageDb vivado.pb -notrace -source bd_097b_user_debug_hub_0.tcl


****** Vivado v2022.2 (64-bit)
  **** SW Build 3671981 on Fri Oct 14 04:59:54 MDT 2022
  **** IP Build 3669848 on Fri Oct 14 08:30:02 MDT 2022
    ** Copyright 1986-2022 Xilinx, Inc. All Rights Reserved.

source bd_097b_user_debug_hub_0.tcl -notrace
INFO: Dispatch client connection id - 37729
INFO: [IP_Flow 19-234] Refreshing IP repositories
INFO: [IP_Flow 19-1700] Loaded user IP repository '/home/advent/Desktop/RC19/_x/link/int/xo/ip_repo/xilinx_com_hls_softmax_u55c_kernel_1_0'.
INFO: [IP_Flow 19-1700] Loaded user IP repository '/home/advent/Desktop/RC19/_x/link/int/xo/ip_repo/xilinx_com_hls_attention_score_u55c_kernel_1_0'.
INFO: [IP_Flow 19-1700] Loaded user IP repository '/home/advent/Desktop/RC19/_x/link/int/xo/ip_repo/xilinx_com_hls_causal_mask_u55c_kernel_1_0'.
INFO: [IP_Flow 19-1700] Loaded user IP repository '/home/advent/Desktop/RC19/_x/link/int/xo/ip_repo/xilinx_com_hls_score_scale_u55c_kernel_1_0'.
INFO: [IP_Flow 19-1700] Loaded user IP repository '/home/advent/Desktop/RC19/_x/link/vivado/vpl/.local/hw_platform/iprepo'.
INFO: [IP_Flow 19-1700] Loaded user IP repository '/home/advent/Desktop/RC19/_x/link/vivado/vpl/.local/hw_platform/ipcache'.
INFO: [IP_Flow 19-1700] Loaded user IP repository '/home/advent/Vivado/Vitis/2022.2/data/ip'.
INFO: [IP_Flow 19-2313] Loaded Vivado IP repository '/home/advent/Vivado/Vivado/2022.2/data/ip'.
WARNING: [IP_Flow 19-1663] Duplicate IP found for 'xilinx.com:ip:clk_metadata_adapter:1.0'. The one found in IP location '/home/advent/Desktop/RC19/_x/link/vivado/vpl/.local/hw_platform/iprepo/ipdefs/pxi_ii_infra/clk_metadata_adapter_v1_0' will take precedence over the same IP in location /home/advent/Desktop/RC19/_x/link/vivado/vpl/.local/hw_platform/iprepo/ipdefs/other_ipdefs/clk_metadata_adapter_v1_0
WARNING: [IP_Flow 19-1663] Duplicate IP found for 'xilinx.com:ip:pipeline_reg:1.0'. The one found in IP location '/home/advent/Desktop/RC19/_x/link/vivado/vpl/.local/hw_platform/iprepo/ipdefs/pxi_ii_infra/pipeline_reg_v1_0' will take precedence over the same IP in location /home/advent/Desktop/RC19/_x/link/vivado/vpl/.local/hw_platform/iprepo/ipdefs/other_ipdefs/pipeline_reg_v1_0
WARNING: [IP_Flow 19-1663] Duplicate IP found for 'xilinx.com:ip:axi_clk_metadata_adapter:1.0'. The one found in IP location '/home/advent/Desktop/RC19/_x/link/vivado/vpl/.local/hw_platform/iprepo/ipdefs/other_ipdefs/axi_clk_metadata_adapter_v1_0' will take precedence over the same IP in location /home/advent/Desktop/RC19/_x/link/vivado/vpl/.local/hw_platform/iprepo/ipdefs/pxi_ii_infra/axi_clk_metadata_adapter_v1_0
WARNING: [IP_Flow 19-1663] Duplicate IP found for 'xilinx.com:ip:shell_utils_build_info:1.0'. The one found in IP location '/home/advent/Desktop/RC19/_x/link/vivado/vpl/.local/hw_platform/iprepo/ipdefs/other_ipdefs/shell_utils_build_info_v1_0' will take precedence over the same IP in the Xilinx installed IP.
WARNING: [IP_Flow 19-1663] Duplicate IP found for 'xilinx.com:ip:axis_clk_metadata_adapter:1.0'. The one found in IP location '/home/advent/Desktop/RC19/_x/link/vivado/vpl/.local/hw_platform/iprepo/ipdefs/other_ipdefs/axis_clk_metadata_adapter_v1_0' will take precedence over the same IP in location /home/advent/Desktop/RC19/_x/link/vivado/vpl/.local/hw_platform/iprepo/ipdefs/pxi_ii_infra/axis_clk_metadata_adapter_v1_0
INFO: [IP_Flow 19-6924] IPCACHE: Running cache check for IP inst: bd_097b_user_debug_hub_0
Command: synth_design -top bd_097b_user_debug_hub_0 -part xcu55c-fsvh2892-2L-e -incremental_mode off -mode out_of_context
Starting synth_design
Attempting to get a license for feature 'Synthesis' and/or device 'xcu55c'
INFO: [Common 17-349] Got license for feature 'Synthesis' and/or device 'xcu55c'
INFO: [Device 21-403] Loading part xcu55c-fsvh2892-2L-e
INFO: [Synth 8-7079] Multithreading enabled for synth_design using a maximum of 1 processes.
INFO: [Synth 8-7078] Launching helper process for spawning children vivado processes
INFO: [Synth 8-7075] Helper process launched with PID 61170
INFO: [Synth 8-11241] undeclared symbol 'REGCCE', assumed default net type 'wire' [/home/advent/Vivado/Vivado/2022.2/data/verilog/src/unimacro/BRAM_SINGLE_MACRO.v:2170]
---------------------------------------------------------------------------------
Starting RTL Elaboration : Time (s): cpu = 00:00:02 ; elapsed = 00:00:03 . Memory (MB): peak = 3091.973 ; gain = 357.734 ; free physical = 7549 ; free virtual = 11359
Synthesis current peak Physical Memory [PSS] (MB): peak = 2298.146; parent = 2162.648; children = 135.498
Synthesis current peak Virtual Memory [VSS] (MB): peak = 4065.707; parent = 3095.945; children = 969.762
---------------------------------------------------------------------------------
INFO: [Synth 8-6157] synthesizing module 'bd_097b_user_debug_hub_0' [/home/advent/Desktop/RC19/_x/link/vivado/vpl/prj/prj.gen/my_rm/bd/ulp/ip/ulp_ulp_cmp_0/bd_0/ip/ip_3/synth/bd_097b_user_debug_hub_0.v:53]
INFO: [Synth 8-6157] synthesizing module 'bd_58f6' [/home/advent/Desktop/RC19/_x/link/vivado/vpl/prj/prj.gen/my_rm/bd/ulp/ip/ulp_ulp_cmp_0/bd_2/synth/bd_58f6.v:9]
INFO: [Synth 8-6157] synthesizing module 'bd_58f6_lut_buffer_0' [/home/advent/Desktop/RC19/_x/link/vivado/vpl/prj/prj.runs/bd_097b_user_debug_hub_0_synth_1/.Xil/Vivado-60617-advent/realtime/bd_58f6_lut_buffer_0_stub.v:5]
INFO: [Synth 8-6155] done synthesizing module 'bd_58f6_lut_buffer_0' (0#1) [/home/advent/Desktop/RC19/_x/link/vivado/vpl/prj/prj.runs/bd_097b_user_debug_hub_0_synth_1/.Xil/Vivado-60617-advent/realtime/bd_58f6_lut_buffer_0_stub.v:5]
INFO: [Synth 8-6157] synthesizing module 'bd_58f6_xsdbm_0' [/home/advent/Desktop/RC19/_x/link/vivado/vpl/prj/prj.runs/bd_097b_user_debug_hub_0_synth_1/.Xil/Vivado-60617-advent/realtime/bd_58f6_xsdbm_0_stub.v:5]
INFO: [Synth 8-6155] done synthesizing module 'bd_58f6_xsdbm_0' (0#1) [/home/advent/Desktop/RC19/_x/link/vivado/vpl/prj/prj.runs/bd_097b_user_debug_hub_0_synth_1/.Xil/Vivado-60617-advent/realtime/bd_58f6_xsdbm_0_stub.v:5]
INFO: [Synth 8-6155] done synthesizing module 'bd_58f6' (0#1) [/home/advent/Desktop/RC19/_x/link/vivado/vpl/prj/prj.gen/my_rm/bd/ulp/ip/ulp_ulp_cmp_0/bd_2/synth/bd_58f6.v:9]
INFO: [Synth 8-6155] done synthesizing module 'bd_097b_user_debug_hub_0' (0#1) [/home/advent/Desktop/RC19/_x/link/vivado/vpl/prj/prj.gen/my_rm/bd/ulp/ip/ulp_ulp_cmp_0/bd_0/ip/ip_3/synth/bd_097b_user_debug_hub_0.v:53]
---------------------------------------------------------------------------------
Finished RTL Elaboration : Time (s): cpu = 00:00:03 ; elapsed = 00:00:04 . Memory (MB): peak = 3162.910 ; gain = 428.672 ; free physical = 7252 ; free virtual = 11062
Synthesis current peak Physical Memory [PSS] (MB): peak = 2298.146; parent = 2162.648; children = 135.498
Synthesis current peak Virtual Memory [VSS] (MB): peak = 4132.676; parent = 3162.914; children = 969.762
---------------------------------------------------------------------------------
---------------------------------------------------------------------------------
Start Handling Custom Attributes
---------------------------------------------------------------------------------
---------------------------------------------------------------------------------
Finished Handling Custom Attributes : Time (s): cpu = 00:00:03 ; elapsed = 00:00:04 . Memory (MB): peak = 3177.754 ; gain = 443.516 ; free physical = 7210 ; free virtual = 11020
Synthesis current peak Physical Memory [PSS] (MB): peak = 2298.146; parent = 2162.648; children = 135.498
Synthesis current peak Virtual Memory [VSS] (MB): peak = 4147.520; parent = 3177.758; children = 969.762
---------------------------------------------------------------------------------
---------------------------------------------------------------------------------
Finished RTL Optimization Phase 1 : Time (s): cpu = 00:00:03 ; elapsed = 00:00:04 . Memory (MB): peak = 3177.754 ; gain = 443.516 ; free physical = 7191 ; free virtual = 11002
Synthesis current peak Physical Memory [PSS] (MB): peak = 2298.146; parent = 2162.648; children = 135.498
Synthesis current peak Virtual Memory [VSS] (MB): peak = 4147.520; parent = 3177.758; children = 969.762
---------------------------------------------------------------------------------
Netlist sorting complete. Time (s): cpu = 00:00:00 ; elapsed = 00:00:00 . Memory (MB): peak = 3177.754 ; gain = 0.000 ; free physical = 7189 ; free virtual = 11000
INFO: [Project 1-570] Preparing netlist for logic optimization

Processing XDC Constraints
Initializing timing engine
Parsing XDC File [/home/advent/Desktop/RC19/_x/link/vivado/vpl/prj/prj.gen/my_rm/bd/ulp/ip/ulp_ulp_cmp_0/bd_2/ip/ip_0/bd_58f6_xsdbm_0/bd_58f6_xsdbm_0_in_context.xdc] for cell 'inst/xsdbm'
Finished Parsing XDC File [/home/advent/Desktop/RC19/_x/link/vivado/vpl/prj/prj.gen/my_rm/bd/ulp/ip/ulp_ulp_cmp_0/bd_2/ip/ip_0/bd_58f6_xsdbm_0/bd_58f6_xsdbm_0_in_context.xdc] for cell 'inst/xsdbm'
Parsing XDC File [/home/advent/Desktop/RC19/_x/link/vivado/vpl/prj/prj.gen/my_rm/bd/ulp/ip/ulp_ulp_cmp_0/bd_2/ip/ip_1/bd_58f6_lut_buffer_0/bd_58f6_lut_buffer_0_in_context.xdc] for cell 'inst/lut_buffer'
Finished Parsing XDC File [/home/advent/Desktop/RC19/_x/link/vivado/vpl/prj/prj.gen/my_rm/bd/ulp/ip/ulp_ulp_cmp_0/bd_2/ip/ip_1/bd_58f6_lut_buffer_0/bd_58f6_lut_buffer_0_in_context.xdc] for cell 'inst/lut_buffer'
Parsing XDC File [/home/advent/Desktop/RC19/_x/link/vivado/vpl/prj/prj.gen/my_rm/bd/ulp/ip/ulp_ulp_cmp_0/bd_0/ip/ip_3/bd_097b_user_debug_hub_0_ooc.xdc] for cell 'inst'
0V85_VCCINT { VCCINT }  -supply_current_budget  100.000 A -voltage  0.850 V -direct
0V85_VCCINT_IO { VCCINT_IO VCCBRAM }  -supply_current_budget  30.000 A -voltage  0.850 V -direct
0V9_AVCC { MGTYAVCC }  -supply_current_budget  0.000 A -voltage  0.900 V -direct
1V2_AVTT { MGTYAVTT }  -supply_current_budget  0.000 A -voltage  1.200 V -direct
1V2_HBM { VCC_HBM }  -supply_current_budget  0.000 A -voltage  1.200 V -direct
1V8 { VCCAUX VCCAUX_IO MGTYVCCAUX VCCO18 VCCADC }  -supply_current_budget  4.000 A -voltage  1.800 V -direct
2V5_VPP { VCCAUX_HBM }  -supply_current_budget  0.300 A -voltage  2.500 V -direct
Finished Parsing XDC File [/home/advent/Desktop/RC19/_x/link/vivado/vpl/prj/prj.gen/my_rm/bd/ulp/ip/ulp_ulp_cmp_0/bd_0/ip/ip_3/bd_097b_user_debug_hub_0_ooc.xdc] for cell 'inst'
Parsing XDC File [/home/advent/Desktop/RC19/_x/link/vivado/vpl/prj/prj.runs/bd_097b_user_debug_hub_0_synth_1/dont_touch.xdc]
Finished Parsing XDC File [/home/advent/Desktop/RC19/_x/link/vivado/vpl/prj/prj.runs/bd_097b_user_debug_hub_0_synth_1/dont_touch.xdc]
Completed Processing XDC Constraints

Netlist sorting complete. Time (s): cpu = 00:00:00 ; elapsed = 00:00:00 . Memory (MB): peak = 3219.414 ; gain = 0.000 ; free physical = 9158 ; free virtual = 12969
INFO: [Project 1-111] Unisim Transformation Summary:
No Unisim elements were transformed.

Constraint Validation Runtime : Time (s): cpu = 00:00:00 ; elapsed = 00:00:00 . Memory (MB): peak = 3219.414 ; gain = 0.000 ; free physical = 9151 ; free virtual = 12962
INFO: [Designutils 20-5008] Incremental synthesis strategy off
INFO: [Synth 8-11241] undeclared symbol 'REGCCE', assumed default net type 'wire' [/home/advent/Vivado/Vivado/2022.2/data/verilog/src/unimacro/BRAM_SINGLE_MACRO.v:2170]
---------------------------------------------------------------------------------
Finished Constraint Validation : Time (s): cpu = 00:00:11 ; elapsed = 00:00:11 . Memory (MB): peak = 3219.414 ; gain = 485.176 ; free physical = 11640 ; free virtual = 15452
Synthesis current peak Physical Memory [PSS] (MB): peak = 2298.146; parent = 2162.648; children = 142.368
Synthesis current peak Virtual Memory [VSS] (MB): peak = 4189.180; parent = 3219.418; children = 969.762
---------------------------------------------------------------------------------
---------------------------------------------------------------------------------
Start Loading Part and Timing Information
---------------------------------------------------------------------------------
Loading part: xcu55c-fsvh2892-2L-e
INFO: [Synth 8-6742] Reading net delay rules and data
---------------------------------------------------------------------------------
Finished Loading Part and Timing Information : Time (s): cpu = 00:00:11 ; elapsed = 00:00:11 . Memory (MB): peak = 3219.414 ; gain = 485.176 ; free physical = 11622 ; free virtual = 15434
Synthesis current peak Physical Memory [PSS] (MB): peak = 2298.146; parent = 2162.648; children = 142.368
Synthesis current peak Virtual Memory [VSS] (MB): peak = 4189.180; parent = 3219.418; children = 969.762
---------------------------------------------------------------------------------
---------------------------------------------------------------------------------
Start Applying 'set_property' XDC Constraints
---------------------------------------------------------------------------------
Applied set_property KEEP_HIERARCHY = SOFT for inst. (constraint file  auto generated constraint).
Applied set_property KEEP_HIERARCHY = SOFT for inst/xsdbm. (constraint file  auto generated constraint).
Applied set_property KEEP_HIERARCHY = SOFT for inst/lut_buffer. (constraint file  auto generated constraint).
---------------------------------------------------------------------------------
Finished applying 'set_property' XDC Constraints : Time (s): cpu = 00:00:11 ; elapsed = 00:00:11 . Memory (MB): peak = 3219.414 ; gain = 485.176 ; free physical = 11602 ; free virtual = 15414
Synthesis current peak Physical Memory [PSS] (MB): peak = 2298.146; parent = 2162.648; children = 142.368
Synthesis current peak Virtual Memory [VSS] (MB): peak = 4189.180; parent = 3219.418; children = 969.762
---------------------------------------------------------------------------------
---------------------------------------------------------------------------------
Finished RTL Optimization Phase 2 : Time (s): cpu = 00:00:11 ; elapsed = 00:00:11 . Memory (MB): peak = 3219.414 ; gain = 485.176 ; free physical = 11572 ; free virtual = 15385
Synthesis current peak Physical Memory [PSS] (MB): peak = 2298.146; parent = 2162.648; children = 142.368
Synthesis current peak Virtual Memory [VSS] (MB): peak = 4189.180; parent = 3219.418; children = 969.762
---------------------------------------------------------------------------------
---------------------------------------------------------------------------------
Start RTL Component Statistics 
---------------------------------------------------------------------------------
Detailed RTL Component Info : 
---------------------------------------------------------------------------------
Finished RTL Component Statistics 
---------------------------------------------------------------------------------
---------------------------------------------------------------------------------
Start Part Resource Summary
---------------------------------------------------------------------------------
Part Resources:
DSPs: 9024 (col length:94)
BRAMs: 4032 (col length: RAMB18 288 RAMB36 144)
---------------------------------------------------------------------------------
Finished Part Resource Summary
---------------------------------------------------------------------------------
---------------------------------------------------------------------------------
Start Cross Boundary and Area Optimization
---------------------------------------------------------------------------------
WARNING: [Synth 8-7080] Parallel synthesis criteria is not met
---------------------------------------------------------------------------------
Finished Cross Boundary and Area Optimization : Time (s): cpu = 00:00:12 ; elapsed = 00:00:12 . Memory (MB): peak = 3219.414 ; gain = 485.176 ; free physical = 11539 ; free virtual = 15355
Synthesis current peak Physical Memory [PSS] (MB): peak = 2298.146; parent = 2162.648; children = 142.368
Synthesis current peak Virtual Memory [VSS] (MB): peak = 4189.180; parent = 3219.418; children = 969.762
---------------------------------------------------------------------------------
---------------------------------------------------------------------------------
Start Applying XDC Timing Constraints
---------------------------------------------------------------------------------
---------------------------------------------------------------------------------
Finished Applying XDC Timing Constraints : Time (s): cpu = 00:00:19 ; elapsed = 00:00:20 . Memory (MB): peak = 3573.398 ; gain = 839.160 ; free physical = 12611 ; free virtual = 16428
Synthesis current peak Physical Memory [PSS] (MB): peak = 2785.542; parent = 2644.369; children = 142.368
Synthesis current peak Virtual Memory [VSS] (MB): peak = 4543.164; parent = 3573.402; children = 969.762
---------------------------------------------------------------------------------
---------------------------------------------------------------------------------
Start Timing Optimization
---------------------------------------------------------------------------------
---------------------------------------------------------------------------------
Finished Timing Optimization : Time (s): cpu = 00:00:19 ; elapsed = 00:00:21 . Memory (MB): peak = 3573.398 ; gain = 839.160 ; free physical = 12535 ; free virtual = 16352
Synthesis current peak Physical Memory [PSS] (MB): peak = 2785.542; parent = 2644.369; children = 142.368
Synthesis current peak Virtual Memory [VSS] (MB): peak = 4543.164; parent = 3573.402; children = 969.762
---------------------------------------------------------------------------------
---------------------------------------------------------------------------------
Start Technology Mapping
---------------------------------------------------------------------------------
---------------------------------------------------------------------------------
Finished Technology Mapping : Time (s): cpu = 00:00:19 ; elapsed = 00:00:21 . Memory (MB): peak = 3592.430 ; gain = 858.191 ; free physical = 12482 ; free virtual = 16299
Synthesis current peak Physical Memory [PSS] (MB): peak = 2785.542; parent = 2644.369; children = 142.368
Synthesis current peak Virtual Memory [VSS] (MB): peak = 4562.195; parent = 3592.434; children = 969.762
---------------------------------------------------------------------------------
---------------------------------------------------------------------------------
Start IO Insertion
---------------------------------------------------------------------------------
---------------------------------------------------------------------------------
Start Flattening Before IO Insertion
---------------------------------------------------------------------------------
---------------------------------------------------------------------------------
Finished Flattening Before IO Insertion
---------------------------------------------------------------------------------
---------------------------------------------------------------------------------
Start Final Netlist Cleanup
---------------------------------------------------------------------------------
---------------------------------------------------------------------------------
Finished Final Netlist Cleanup
---------------------------------------------------------------------------------
---------------------------------------------------------------------------------
Finished IO Insertion : Time (s): cpu = 00:00:21 ; elapsed = 00:00:23 . Memory (MB): peak = 3598.367 ; gain = 864.129 ; free physical = 12087 ; free virtual = 15904
Synthesis current peak Physical Memory [PSS] (MB): peak = 2786.931; parent = 2644.369; children = 143.079
Synthesis current peak Virtual Memory [VSS] (MB): peak = 4568.133; parent = 3598.371; children = 969.762
---------------------------------------------------------------------------------
---------------------------------------------------------------------------------
Start Renaming Generated Instances
---------------------------------------------------------------------------------
---------------------------------------------------------------------------------
Finished Renaming Generated Instances : Time (s): cpu = 00:00:21 ; elapsed = 00:00:23 . Memory (MB): peak = 3598.367 ; gain = 864.129 ; free physical = 12471 ; free virtual = 16288
Synthesis current peak Physical Memory [PSS] (MB): peak = 2786.931; parent = 2644.369; children = 143.079
Synthesis current peak Virtual Memory [VSS] (MB): peak = 4568.133; parent = 3598.371; children = 969.762
---------------------------------------------------------------------------------
---------------------------------------------------------------------------------
Start Rebuilding User Hierarchy
---------------------------------------------------------------------------------
---------------------------------------------------------------------------------
Finished Rebuilding User Hierarchy : Time (s): cpu = 00:00:21 ; elapsed = 00:00:23 . Memory (MB): peak = 3598.367 ; gain = 864.129 ; free physical = 12495 ; free virtual = 16312
Synthesis current peak Physical Memory [PSS] (MB): peak = 2786.942; parent = 2644.369; children = 143.079
Synthesis current peak Virtual Memory [VSS] (MB): peak = 4568.133; parent = 3598.371; children = 969.762
---------------------------------------------------------------------------------
---------------------------------------------------------------------------------
Start Renaming Generated Ports
---------------------------------------------------------------------------------
---------------------------------------------------------------------------------
Finished Renaming Generated Ports : Time (s): cpu = 00:00:21 ; elapsed = 00:00:23 . Memory (MB): peak = 3598.367 ; gain = 864.129 ; free physical = 12438 ; free virtual = 16255
Synthesis current peak Physical Memory [PSS] (MB): peak = 2786.942; parent = 2644.369; children = 143.079
Synthesis current peak Virtual Memory [VSS] (MB): peak = 4568.133; parent = 3598.371; children = 969.762
---------------------------------------------------------------------------------
---------------------------------------------------------------------------------
Start Handling Custom Attributes
---------------------------------------------------------------------------------
---------------------------------------------------------------------------------
Finished Handling Custom Attributes : Time (s): cpu = 00:00:21 ; elapsed = 00:00:23 . Memory (MB): peak = 3598.367 ; gain = 864.129 ; free physical = 12415 ; free virtual = 16232
Synthesis current peak Physical Memory [PSS] (MB): peak = 2786.942; parent = 2644.369; children = 143.079
Synthesis current peak Virtual Memory [VSS] (MB): peak = 4568.133; parent = 3598.371; children = 969.762
---------------------------------------------------------------------------------
---------------------------------------------------------------------------------
Start Renaming Generated Nets
---------------------------------------------------------------------------------
---------------------------------------------------------------------------------
Finished Renaming Generated Nets : Time (s): cpu = 00:00:21 ; elapsed = 00:00:23 . Memory (MB): peak = 3598.367 ; gain = 864.129 ; free physical = 12386 ; free virtual = 16203
Synthesis current peak Physical Memory [PSS] (MB): peak = 2786.942; parent = 2644.369; children = 143.079
Synthesis current peak Virtual Memory [VSS] (MB): peak = 4568.133; parent = 3598.371; children = 969.762
---------------------------------------------------------------------------------
---------------------------------------------------------------------------------
Start Writing Synthesis Report
---------------------------------------------------------------------------------

Report BlackBoxes: 
+------+---------------------+----------+
|      |BlackBox name        |Instances |
+------+---------------------+----------+
|1     |bd_58f6_lut_buffer_0 |         1|
|2     |bd_58f6_xsdbm_0      |         1|
+------+---------------------+----------+

Report Cell Usage: 
+------+-------------------+------+
|      |Cell               |Count |
+------+-------------------+------+
|1     |bd_58f6_lut_buffer |     1|
|2     |bd_58f6_xsdbm      |     1|
+------+-------------------+------+
---------------------------------------------------------------------------------
Finished Writing Synthesis Report : Time (s): cpu = 00:00:21 ; elapsed = 00:00:23 . Memory (MB): peak = 3598.367 ; gain = 864.129 ; free physical = 12362 ; free virtual = 16179
Synthesis current peak Physical Memory [PSS] (MB): peak = 2786.942; parent = 2644.369; children = 143.079
Synthesis current peak Virtual Memory [VSS] (MB): peak = 4568.133; parent = 3598.371; children = 969.762
---------------------------------------------------------------------------------
Synthesis finished with 0 errors, 0 critical warnings and 1 warnings.
Synthesis Optimization Runtime : Time (s): cpu = 00:00:17 ; elapsed = 00:00:19 . Memory (MB): peak = 3598.367 ; gain = 822.469 ; free physical = 12408 ; free virtual = 16225
Synthesis Optimization Complete : Time (s): cpu = 00:00:21 ; elapsed = 00:00:23 . Memory (MB): peak = 3598.375 ; gain = 864.129 ; free physical = 12374 ; free virtual = 16191
INFO: [Project 1-571] Translating synthesized netlist
Netlist sorting complete. Time (s): cpu = 00:00:00 ; elapsed = 00:00:00 . Memory (MB): peak = 3598.375 ; gain = 0.000 ; free physical = 12351 ; free virtual = 16168
INFO: [Project 1-570] Preparing netlist for logic optimization
INFO: [Opt 31-138] Pushed 0 inverter(s) to 0 load pin(s).
Netlist sorting complete. Time (s): cpu = 00:00:00 ; elapsed = 00:00:00 . Memory (MB): peak = 3676.688 ; gain = 0.000 ; free physical = 12311 ; free virtual = 16128
INFO: [Project 1-111] Unisim Transformation Summary:
No Unisim elements were transformed.

Synth Design complete, checksum: 84af445c
INFO: [Common 17-83] Releasing license: Synthesis
34 Infos, 6 Warnings, 0 Critical Warnings and 0 Errors encountered.
synth_design completed successfully
synth_design: Time (s): cpu = 00:00:30 ; elapsed = 00:00:31 . Memory (MB): peak = 3676.688 ; gain = 2258.199 ; free physical = 12503 ; free virtual = 16320
INFO: [Common 17-600] The following parameters have non-default value.
general.maxThreads
INFO: [Common 17-1381] The checkpoint '/home/advent/Desktop/RC19/_x/link/vivado/vpl/prj/prj.runs/bd_097b_user_debug_hub_0_synth_1/bd_097b_user_debug_hub_0.dcp' has been generated.
INFO: [Coretcl 2-1648] Added synthesis output to IP cache for IP bd_097b_user_debug_hub_0, cache-ID = 9c0c98548dd6f3e9
INFO: [Coretcl 2-1174] Renamed 3 cell refs.
INFO: [Common 17-1381] The checkpoint '/home/advent/Desktop/RC19/_x/link/vivado/vpl/prj/prj.runs/bd_097b_user_debug_hub_0_synth_1/bd_097b_user_debug_hub_0.dcp' has been generated.
INFO: [runtcl-4] Executing : report_utilization -file bd_097b_user_debug_hub_0_utilization_synth.rpt -pb bd_097b_user_debug_hub_0_utilization_synth.pb
INFO: [Common 17-206] Exiting Vivado at Mon Apr 27 18:50:57 2026...
