
*** Running vivado
    with args -log bd_22c0_clock_throttling_avg_0.vds -m64 -product Vivado -mode batch -messageDb vivado.pb -notrace -source bd_22c0_clock_throttling_avg_0.tcl


****** Vivado v2022.2 (64-bit)
  **** SW Build 3671981 on Fri Oct 14 04:59:54 MDT 2022
  **** IP Build 3669848 on Fri Oct 14 08:30:02 MDT 2022
    ** Copyright 1986-2022 Xilinx, Inc. All Rights Reserved.

source bd_22c0_clock_throttling_avg_0.tcl -notrace
INFO: Dispatch client connection id - 37729
create_project: Time (s): cpu = 00:00:05 ; elapsed = 00:00:05 . Memory (MB): peak = 1414.516 ; gain = 0.023 ; free physical = 7022 ; free virtual = 10835
INFO: [IP_Flow 19-234] Refreshing IP repositories
INFO: [IP_Flow 19-1700] Loaded user IP repository '/home/advent/Desktop/RC19/_x/link/int/xo/ip_repo/xilinx_com_hls_softmax_u55c_kernel_1_0'.
INFO: [IP_Flow 19-1700] Loaded user IP repository '/home/advent/Desktop/RC19/_x/link/int/xo/ip_repo/xilinx_com_hls_attention_score_u55c_kernel_1_0'.
INFO: [IP_Flow 19-1700] Loaded user IP repository '/home/advent/Desktop/RC19/_x/link/int/xo/ip_repo/xilinx_com_hls_causal_mask_u55c_kernel_1_0'.
INFO: [IP_Flow 19-1700] Loaded user IP repository '/home/advent/Desktop/RC19/_x/link/int/xo/ip_repo/xilinx_com_hls_score_scale_u55c_kernel_1_0'.
INFO: [IP_Flow 19-1700] Loaded user IP repository '/home/advent/Desktop/RC19/_x/link/vivado/vpl/.local/hw_platform/iprepo'.
INFO: [IP_Flow 19-1700] Loaded user IP repository '/home/advent/Desktop/RC19/_x/link/vivado/vpl/.local/hw_platform/ipcache'.
INFO: [IP_Flow 19-1700] Loaded user IP repository '/home/advent/Vivado/Vitis/2022.2/data/ip'.
INFO: [IP_Flow 19-2313] Loaded Vivado IP repository '/home/advent/Vivado/Vivado/2022.2/data/ip'.
WARNING: [IP_Flow 19-1663] Duplicate IP found for 'xilinx.com:ip:clk_metadata_adapter:1.0'. The one found in IP location '/home/advent/Desktop/RC19/_x/link/vivado/vpl/.local/hw_platform/iprepo/ipdefs/pxi_ii_infra/clk_metadata_adapter_v1_0' will take precedence over the same IP in location /home/advent/Desktop/RC19/_x/link/vivado/vpl/.local/hw_platform/iprepo/ipdefs/other_ipdefs/clk_metadata_adapter_v1_0
WARNING: [IP_Flow 19-1663] Duplicate IP found for 'xilinx.com:ip:pipeline_reg:1.0'. The one found in IP location '/home/advent/Desktop/RC19/_x/link/vivado/vpl/.local/hw_platform/iprepo/ipdefs/pxi_ii_infra/pipeline_reg_v1_0' will take precedence over the same IP in location /home/advent/Desktop/RC19/_x/link/vivado/vpl/.local/hw_platform/iprepo/ipdefs/other_ipdefs/pipeline_reg_v1_0
WARNING: [IP_Flow 19-1663] Duplicate IP found for 'xilinx.com:ip:axi_clk_metadata_adapter:1.0'. The one found in IP location '/home/advent/Desktop/RC19/_x/link/vivado/vpl/.local/hw_platform/iprepo/ipdefs/other_ipdefs/axi_clk_metadata_adapter_v1_0' will take precedence over the same IP in location /home/advent/Desktop/RC19/_x/link/vivado/vpl/.local/hw_platform/iprepo/ipdefs/pxi_ii_infra/axi_clk_metadata_adapter_v1_0
WARNING: [IP_Flow 19-1663] Duplicate IP found for 'xilinx.com:ip:shell_utils_build_info:1.0'. The one found in IP location '/home/advent/Desktop/RC19/_x/link/vivado/vpl/.local/hw_platform/iprepo/ipdefs/other_ipdefs/shell_utils_build_info_v1_0' will take precedence over the same IP in the Xilinx installed IP.
WARNING: [IP_Flow 19-1663] Duplicate IP found for 'xilinx.com:ip:axis_clk_metadata_adapter:1.0'. The one found in IP location '/home/advent/Desktop/RC19/_x/link/vivado/vpl/.local/hw_platform/iprepo/ipdefs/other_ipdefs/axis_clk_metadata_adapter_v1_0' will take precedence over the same IP in location /home/advent/Desktop/RC19/_x/link/vivado/vpl/.local/hw_platform/iprepo/ipdefs/pxi_ii_infra/axis_clk_metadata_adapter_v1_0
INFO: [IP_Flow 19-6924] IPCACHE: Running cache check for IP inst: bd_22c0_clock_throttling_avg_0
Command: synth_design -top bd_22c0_clock_throttling_avg_0 -part xcu55c-fsvh2892-2L-e -incremental_mode off -mode out_of_context
Starting synth_design
Attempting to get a license for feature 'Synthesis' and/or device 'xcu55c'
INFO: [Common 17-349] Got license for feature 'Synthesis' and/or device 'xcu55c'
INFO: [Device 21-403] Loading part xcu55c-fsvh2892-2L-e
INFO: [Synth 8-7079] Multithreading enabled for synth_design using a maximum of 1 processes.
INFO: [Synth 8-7078] Launching helper process for spawning children vivado processes
INFO: [Synth 8-7075] Helper process launched with PID 60531
INFO: [Synth 8-11241] undeclared symbol 'REGCCE', assumed default net type 'wire' [/home/advent/Vivado/Vivado/2022.2/data/verilog/src/unimacro/BRAM_SINGLE_MACRO.v:2170]
---------------------------------------------------------------------------------
Starting RTL Elaboration : Time (s): cpu = 00:00:02 ; elapsed = 00:00:03 . Memory (MB): peak = 3086.062 ; gain = 356.766 ; free physical = 8027 ; free virtual = 11826
Synthesis current peak Physical Memory [PSS] (MB): peak = 2300.833; parent = 2162.309; children = 138.524
Synthesis current peak Virtual Memory [VSS] (MB): peak = 4049.949; parent = 3092.004; children = 957.945
---------------------------------------------------------------------------------
INFO: [Synth 8-638] synthesizing module 'bd_22c0_clock_throttling_avg_0' [/home/advent/Desktop/RC19/_x/link/vivado/vpl/prj/prj.gen/my_rm/bd/ulp/ip/ulp_ulp_ucs_0/bd_0/ip/ip_11/synth/bd_22c0_clock_throttling_avg_0.vhd:69]
	Parameter SAMPLE_WIDTH bound to: 8 - type: integer 
	Parameter SAMPLE_SAT_VAL bound to: 128 - type: integer 
	Parameter AVE_NUM_SAMPLES bound to: 50 - type: integer 
	Parameter AVE_WIDTH bound to: 14 - type: integer 
	Parameter RST_CNT_BITS bound to: 6 - type: integer 
INFO: [Synth 8-3491] module 'shell_utils_clock_throttling_avg' declared at '/home/advent/Desktop/RC19/_x/link/vivado/vpl/prj/prj.gen/my_rm/bd/ulp/ipshared/1bbf/hdl/shell_utils_clock_throttling_avg_v1_0_vh_rfs.vhd:54' bound to instance 'U0' of component 'shell_utils_clock_throttling_avg' [/home/advent/Desktop/RC19/_x/link/vivado/vpl/prj/prj.gen/my_rm/bd/ulp/ip/ulp_ulp_ucs_0/bd_0/ip/ip_11/synth/bd_22c0_clock_throttling_avg_0.vhd:101]
INFO: [Synth 8-638] synthesizing module 'shell_utils_clock_throttling_avg' [/home/advent/Desktop/RC19/_x/link/vivado/vpl/prj/prj.gen/my_rm/bd/ulp/ipshared/1bbf/hdl/shell_utils_clock_throttling_avg_v1_0_vh_rfs.vhd:73]
INFO: [Synth 8-256] done synthesizing module 'shell_utils_clock_throttling_avg' (0#1) [/home/advent/Desktop/RC19/_x/link/vivado/vpl/prj/prj.gen/my_rm/bd/ulp/ipshared/1bbf/hdl/shell_utils_clock_throttling_avg_v1_0_vh_rfs.vhd:73]
INFO: [Synth 8-256] done synthesizing module 'bd_22c0_clock_throttling_avg_0' (0#1) [/home/advent/Desktop/RC19/_x/link/vivado/vpl/prj/prj.gen/my_rm/bd/ulp/ip/ulp_ulp_ucs_0/bd_0/ip/ip_11/synth/bd_22c0_clock_throttling_avg_0.vhd:69]
WARNING: [Synth 8-6014] Unused sequential element Pipe_reg[1][Exprd_Sample] was removed.  [/home/advent/Desktop/RC19/_x/link/vivado/vpl/prj/prj.gen/my_rm/bd/ulp/ipshared/1bbf/hdl/shell_utils_clock_throttling_avg_v1_0_vh_rfs.vhd:141]
WARNING: [Synth 8-6014] Unused sequential element Pipe_reg[1][Avg_Calc] was removed.  [/home/advent/Desktop/RC19/_x/link/vivado/vpl/prj/prj.gen/my_rm/bd/ulp/ipshared/1bbf/hdl/shell_utils_clock_throttling_avg_v1_0_vh_rfs.vhd:141]
WARNING: [Synth 8-6014] Unused sequential element Pipe_reg[3][Exprd_Sample] was removed.  [/home/advent/Desktop/RC19/_x/link/vivado/vpl/prj/prj.gen/my_rm/bd/ulp/ipshared/1bbf/hdl/shell_utils_clock_throttling_avg_v1_0_vh_rfs.vhd:141]
---------------------------------------------------------------------------------
Finished RTL Elaboration : Time (s): cpu = 00:00:03 ; elapsed = 00:00:04 . Memory (MB): peak = 3162.969 ; gain = 433.672 ; free physical = 7769 ; free virtual = 11565
Synthesis current peak Physical Memory [PSS] (MB): peak = 2300.833; parent = 2162.309; children = 138.524
Synthesis current peak Virtual Memory [VSS] (MB): peak = 4120.918; parent = 3162.973; children = 957.945
---------------------------------------------------------------------------------
---------------------------------------------------------------------------------
Start Handling Custom Attributes
---------------------------------------------------------------------------------
---------------------------------------------------------------------------------
Finished Handling Custom Attributes : Time (s): cpu = 00:00:03 ; elapsed = 00:00:04 . Memory (MB): peak = 3177.812 ; gain = 448.516 ; free physical = 7759 ; free virtual = 11555
Synthesis current peak Physical Memory [PSS] (MB): peak = 2300.833; parent = 2162.309; children = 138.524
Synthesis current peak Virtual Memory [VSS] (MB): peak = 4135.762; parent = 3177.816; children = 957.945
---------------------------------------------------------------------------------
---------------------------------------------------------------------------------
Finished RTL Optimization Phase 1 : Time (s): cpu = 00:00:03 ; elapsed = 00:00:04 . Memory (MB): peak = 3177.812 ; gain = 448.516 ; free physical = 7682 ; free virtual = 11477
Synthesis current peak Physical Memory [PSS] (MB): peak = 2300.833; parent = 2162.309; children = 138.524
Synthesis current peak Virtual Memory [VSS] (MB): peak = 4135.762; parent = 3177.816; children = 957.945
---------------------------------------------------------------------------------
Netlist sorting complete. Time (s): cpu = 00:00:00 ; elapsed = 00:00:00 . Memory (MB): peak = 3177.812 ; gain = 0.000 ; free physical = 7625 ; free virtual = 11420
INFO: [Project 1-570] Preparing netlist for logic optimization

Processing XDC Constraints
Initializing timing engine
Parsing XDC File [/home/advent/Desktop/RC19/_x/link/vivado/vpl/prj/prj.gen/my_rm/bd/ulp/ip/ulp_ulp_ucs_0/bd_0/ip/ip_11/bd_22c0_clock_throttling_avg_0_ooc.xdc] for cell 'U0'
0V85_VCCINT { VCCINT }  -supply_current_budget  100.000 A -voltage  0.850 V -direct
0V85_VCCINT_IO { VCCINT_IO VCCBRAM }  -supply_current_budget  30.000 A -voltage  0.850 V -direct
0V9_AVCC { MGTYAVCC }  -supply_current_budget  0.000 A -voltage  0.900 V -direct
1V2_AVTT { MGTYAVTT }  -supply_current_budget  0.000 A -voltage  1.200 V -direct
1V2_HBM { VCC_HBM }  -supply_current_budget  0.000 A -voltage  1.200 V -direct
1V8 { VCCAUX VCCAUX_IO MGTYVCCAUX VCCO18 VCCADC }  -supply_current_budget  4.000 A -voltage  1.800 V -direct
2V5_VPP { VCCAUX_HBM }  -supply_current_budget  0.300 A -voltage  2.500 V -direct
Finished Parsing XDC File [/home/advent/Desktop/RC19/_x/link/vivado/vpl/prj/prj.gen/my_rm/bd/ulp/ip/ulp_ulp_ucs_0/bd_0/ip/ip_11/bd_22c0_clock_throttling_avg_0_ooc.xdc] for cell 'U0'
Parsing XDC File [/home/advent/Desktop/RC19/_x/link/vivado/vpl/prj/prj.runs/bd_22c0_clock_throttling_avg_0_synth_1/dont_touch.xdc]
Finished Parsing XDC File [/home/advent/Desktop/RC19/_x/link/vivado/vpl/prj/prj.runs/bd_22c0_clock_throttling_avg_0_synth_1/dont_touch.xdc]
Completed Processing XDC Constraints

Netlist sorting complete. Time (s): cpu = 00:00:00 ; elapsed = 00:00:00 . Memory (MB): peak = 3304.379 ; gain = 0.000 ; free physical = 8757 ; free virtual = 12559
INFO: [Project 1-111] Unisim Transformation Summary:
No Unisim elements were transformed.

Constraint Validation Runtime : Time (s): cpu = 00:00:00.01 ; elapsed = 00:00:00.01 . Memory (MB): peak = 3304.379 ; gain = 0.000 ; free physical = 8746 ; free virtual = 12548
INFO: [Designutils 20-5008] Incremental synthesis strategy off
INFO: [Synth 8-11241] undeclared symbol 'REGCCE', assumed default net type 'wire' [/home/advent/Vivado/Vivado/2022.2/data/verilog/src/unimacro/BRAM_SINGLE_MACRO.v:2170]
---------------------------------------------------------------------------------
Finished Constraint Validation : Time (s): cpu = 00:00:11 ; elapsed = 00:00:11 . Memory (MB): peak = 3304.379 ; gain = 575.082 ; free physical = 8190 ; free virtual = 11996
Synthesis current peak Physical Memory [PSS] (MB): peak = 2300.833; parent = 2162.309; children = 138.625
Synthesis current peak Virtual Memory [VSS] (MB): peak = 4262.328; parent = 3304.383; children = 957.945
---------------------------------------------------------------------------------
---------------------------------------------------------------------------------
Start Loading Part and Timing Information
---------------------------------------------------------------------------------
Loading part: xcu55c-fsvh2892-2L-e
INFO: [Synth 8-6742] Reading net delay rules and data
---------------------------------------------------------------------------------
Finished Loading Part and Timing Information : Time (s): cpu = 00:00:11 ; elapsed = 00:00:12 . Memory (MB): peak = 3304.379 ; gain = 575.082 ; free physical = 8089 ; free virtual = 11894
Synthesis current peak Physical Memory [PSS] (MB): peak = 2300.833; parent = 2162.309; children = 138.625
Synthesis current peak Virtual Memory [VSS] (MB): peak = 4262.328; parent = 3304.383; children = 957.945
---------------------------------------------------------------------------------
---------------------------------------------------------------------------------
Start Applying 'set_property' XDC Constraints
---------------------------------------------------------------------------------
Applied set_property KEEP_HIERARCHY = SOFT for U0. (constraint file  /home/advent/Desktop/RC19/_x/link/vivado/vpl/prj/prj.runs/bd_22c0_clock_throttling_avg_0_synth_1/dont_touch.xdc, line 6).
---------------------------------------------------------------------------------
Finished applying 'set_property' XDC Constraints : Time (s): cpu = 00:00:11 ; elapsed = 00:00:12 . Memory (MB): peak = 3304.379 ; gain = 575.082 ; free physical = 8018 ; free virtual = 11824
Synthesis current peak Physical Memory [PSS] (MB): peak = 2300.833; parent = 2162.309; children = 138.625
Synthesis current peak Virtual Memory [VSS] (MB): peak = 4262.328; parent = 3304.383; children = 957.945
---------------------------------------------------------------------------------
---------------------------------------------------------------------------------
Finished RTL Optimization Phase 2 : Time (s): cpu = 00:00:11 ; elapsed = 00:00:12 . Memory (MB): peak = 3304.379 ; gain = 575.082 ; free physical = 7992 ; free virtual = 11801
Synthesis current peak Physical Memory [PSS] (MB): peak = 2300.833; parent = 2162.309; children = 138.625
Synthesis current peak Virtual Memory [VSS] (MB): peak = 4262.328; parent = 3304.383; children = 957.945
---------------------------------------------------------------------------------
---------------------------------------------------------------------------------
Start RTL Component Statistics 
---------------------------------------------------------------------------------
Detailed RTL Component Info : 
+---Adders : 
	   3 Input   14 Bit       Adders := 1     
	   2 Input   14 Bit       Adders := 1     
	   2 Input    8 Bit       Adders := 1     
	   2 Input    7 Bit       Adders := 1     
+---XORs : 
	   2 Input      1 Bit         XORs := 1     
+---Registers : 
	               14 Bit    Registers := 3     
	                8 Bit    Registers := 55    
	                7 Bit    Registers := 1     
	                1 Bit    Registers := 9     
---------------------------------------------------------------------------------
Finished RTL Component Statistics 
---------------------------------------------------------------------------------
---------------------------------------------------------------------------------
Start Part Resource Summary
---------------------------------------------------------------------------------
Part Resources:
DSPs: 9024 (col length:94)
BRAMs: 4032 (col length: RAMB18 288 RAMB36 144)
---------------------------------------------------------------------------------
Finished Part Resource Summary
---------------------------------------------------------------------------------
---------------------------------------------------------------------------------
Start Cross Boundary and Area Optimization
---------------------------------------------------------------------------------
WARNING: [Synth 8-7080] Parallel synthesis criteria is not met
---------------------------------------------------------------------------------
Finished Cross Boundary and Area Optimization : Time (s): cpu = 00:00:12 ; elapsed = 00:00:13 . Memory (MB): peak = 3304.379 ; gain = 575.082 ; free physical = 7063 ; free virtual = 10877
Synthesis current peak Physical Memory [PSS] (MB): peak = 2300.833; parent = 2162.309; children = 138.625
Synthesis current peak Virtual Memory [VSS] (MB): peak = 4262.328; parent = 3304.383; children = 957.945
---------------------------------------------------------------------------------
---------------------------------------------------------------------------------
Start Applying XDC Timing Constraints
---------------------------------------------------------------------------------
---------------------------------------------------------------------------------
Finished Applying XDC Timing Constraints : Time (s): cpu = 00:00:20 ; elapsed = 00:00:22 . Memory (MB): peak = 3580.512 ; gain = 851.215 ; free physical = 7194 ; free virtual = 11004
Synthesis current peak Physical Memory [PSS] (MB): peak = 2776.510; parent = 2640.931; children = 138.625
Synthesis current peak Virtual Memory [VSS] (MB): peak = 4538.461; parent = 3580.516; children = 957.945
---------------------------------------------------------------------------------
---------------------------------------------------------------------------------
Start Timing Optimization
---------------------------------------------------------------------------------
---------------------------------------------------------------------------------
Finished Timing Optimization : Time (s): cpu = 00:00:20 ; elapsed = 00:00:22 . Memory (MB): peak = 3609.559 ; gain = 880.262 ; free physical = 7150 ; free virtual = 10960
Synthesis current peak Physical Memory [PSS] (MB): peak = 2777.863; parent = 2642.289; children = 138.625
Synthesis current peak Virtual Memory [VSS] (MB): peak = 4567.508; parent = 3609.562; children = 957.945
---------------------------------------------------------------------------------
---------------------------------------------------------------------------------
Start Technology Mapping
---------------------------------------------------------------------------------
---------------------------------------------------------------------------------
Finished Technology Mapping : Time (s): cpu = 00:00:20 ; elapsed = 00:00:22 . Memory (MB): peak = 3609.559 ; gain = 880.262 ; free physical = 7119 ; free virtual = 10929
Synthesis current peak Physical Memory [PSS] (MB): peak = 2777.863; parent = 2642.289; children = 138.625
Synthesis current peak Virtual Memory [VSS] (MB): peak = 4567.508; parent = 3609.562; children = 957.945
---------------------------------------------------------------------------------
---------------------------------------------------------------------------------
Start IO Insertion
---------------------------------------------------------------------------------
---------------------------------------------------------------------------------
Start Flattening Before IO Insertion
---------------------------------------------------------------------------------
---------------------------------------------------------------------------------
Finished Flattening Before IO Insertion
---------------------------------------------------------------------------------
---------------------------------------------------------------------------------
Start Final Netlist Cleanup
---------------------------------------------------------------------------------
---------------------------------------------------------------------------------
Finished Final Netlist Cleanup
---------------------------------------------------------------------------------
---------------------------------------------------------------------------------
Finished IO Insertion : Time (s): cpu = 00:00:22 ; elapsed = 00:00:24 . Memory (MB): peak = 3609.559 ; gain = 880.262 ; free physical = 9160 ; free virtual = 12970
Synthesis current peak Physical Memory [PSS] (MB): peak = 2788.067; parent = 2651.527; children = 138.625
Synthesis current peak Virtual Memory [VSS] (MB): peak = 4567.508; parent = 3609.562; children = 957.945
---------------------------------------------------------------------------------
---------------------------------------------------------------------------------
Start Renaming Generated Instances
---------------------------------------------------------------------------------
---------------------------------------------------------------------------------
Finished Renaming Generated Instances : Time (s): cpu = 00:00:22 ; elapsed = 00:00:24 . Memory (MB): peak = 3609.559 ; gain = 880.262 ; free physical = 9194 ; free virtual = 13005
Synthesis current peak Physical Memory [PSS] (MB): peak = 2788.067; parent = 2651.527; children = 138.625
Synthesis current peak Virtual Memory [VSS] (MB): peak = 4567.508; parent = 3609.562; children = 957.945
---------------------------------------------------------------------------------
---------------------------------------------------------------------------------
Start Rebuilding User Hierarchy
---------------------------------------------------------------------------------
---------------------------------------------------------------------------------
Finished Rebuilding User Hierarchy : Time (s): cpu = 00:00:22 ; elapsed = 00:00:24 . Memory (MB): peak = 3609.559 ; gain = 880.262 ; free physical = 9172 ; free virtual = 12983
Synthesis current peak Physical Memory [PSS] (MB): peak = 2788.067; parent = 2651.527; children = 138.625
Synthesis current peak Virtual Memory [VSS] (MB): peak = 4567.508; parent = 3609.562; children = 957.945
---------------------------------------------------------------------------------
---------------------------------------------------------------------------------
Start Renaming Generated Ports
---------------------------------------------------------------------------------
---------------------------------------------------------------------------------
Finished Renaming Generated Ports : Time (s): cpu = 00:00:22 ; elapsed = 00:00:24 . Memory (MB): peak = 3609.559 ; gain = 880.262 ; free physical = 9131 ; free virtual = 12942
Synthesis current peak Physical Memory [PSS] (MB): peak = 2788.067; parent = 2651.527; children = 138.625
Synthesis current peak Virtual Memory [VSS] (MB): peak = 4567.508; parent = 3609.562; children = 957.945
---------------------------------------------------------------------------------
---------------------------------------------------------------------------------
Start Handling Custom Attributes
---------------------------------------------------------------------------------
---------------------------------------------------------------------------------
Finished Handling Custom Attributes : Time (s): cpu = 00:00:22 ; elapsed = 00:00:24 . Memory (MB): peak = 3609.559 ; gain = 880.262 ; free physical = 9100 ; free virtual = 12910
Synthesis current peak Physical Memory [PSS] (MB): peak = 2788.067; parent = 2651.527; children = 138.625
Synthesis current peak Virtual Memory [VSS] (MB): peak = 4567.508; parent = 3609.562; children = 957.945
---------------------------------------------------------------------------------
---------------------------------------------------------------------------------
Start Renaming Generated Nets
---------------------------------------------------------------------------------
---------------------------------------------------------------------------------
Finished Renaming Generated Nets : Time (s): cpu = 00:00:22 ; elapsed = 00:00:24 . Memory (MB): peak = 3609.559 ; gain = 880.262 ; free physical = 9110 ; free virtual = 12920
Synthesis current peak Physical Memory [PSS] (MB): peak = 2788.067; parent = 2651.527; children = 138.625
Synthesis current peak Virtual Memory [VSS] (MB): peak = 4567.508; parent = 3609.562; children = 957.945
---------------------------------------------------------------------------------
---------------------------------------------------------------------------------
Start ROM, RAM, DSP, Shift Register and Retiming Reporting
---------------------------------------------------------------------------------

Static Shift Register Report:
+---------------------------------+------------------------+--------+-------+--------------+--------------------+-------------------+--------+---------+
|Module Name                      | RTL Name               | Length | Width | Reset Signal | Pull out first Reg | Pull out last Reg | SRL16E | SRLC32E | 
+---------------------------------+------------------------+--------+-------+--------------+--------------------+-------------------+--------+---------+
|shell_utils_clock_throttling_avg | Sample_Pipe_reg[49][7] | 50     | 8     | NO           | NO                 | NO                | 0      | 16      | 
+---------------------------------+------------------------+--------+-------+--------------+--------------------+-------------------+--------+---------+

---------------------------------------------------------------------------------
Finished ROM, RAM, DSP, Shift Register and Retiming Reporting
---------------------------------------------------------------------------------
---------------------------------------------------------------------------------
Start Writing Synthesis Report
---------------------------------------------------------------------------------

Report BlackBoxes: 
+-+--------------+----------+
| |BlackBox name |Instances |
+-+--------------+----------+
+-+--------------+----------+

Report Cell Usage: 
+------+--------+------+
|      |Cell    |Count |
+------+--------+------+
|1     |CARRY8  |     4|
|2     |LUT1    |     8|
|3     |LUT2    |    20|
|4     |LUT3    |     4|
|5     |LUT4    |     2|
|6     |LUT5    |     2|
|7     |LUT6    |     4|
|8     |SRLC32E |    16|
|9     |FDRE    |    90|
|10    |FDSE    |     8|
+------+--------+------+
---------------------------------------------------------------------------------
Finished Writing Synthesis Report : Time (s): cpu = 00:00:22 ; elapsed = 00:00:24 . Memory (MB): peak = 3609.559 ; gain = 880.262 ; free physical = 9084 ; free virtual = 12894
Synthesis current peak Physical Memory [PSS] (MB): peak = 2788.067; parent = 2651.527; children = 138.625
Synthesis current peak Virtual Memory [VSS] (MB): peak = 4567.508; parent = 3609.562; children = 957.945
---------------------------------------------------------------------------------
Synthesis finished with 0 errors, 0 critical warnings and 1 warnings.
Synthesis Optimization Runtime : Time (s): cpu = 00:00:17 ; elapsed = 00:00:20 . Memory (MB): peak = 3609.559 ; gain = 753.695 ; free physical = 9091 ; free virtual = 12901
Synthesis Optimization Complete : Time (s): cpu = 00:00:22 ; elapsed = 00:00:24 . Memory (MB): peak = 3609.566 ; gain = 880.262 ; free physical = 9036 ; free virtual = 12847
INFO: [Project 1-571] Translating synthesized netlist
Netlist sorting complete. Time (s): cpu = 00:00:00 ; elapsed = 00:00:00 . Memory (MB): peak = 3624.496 ; gain = 0.000 ; free physical = 9017 ; free virtual = 12827
INFO: [Netlist 29-17] Analyzing 4 Unisim elements for replacement
INFO: [Netlist 29-28] Unisim Transformation completed in 0 CPU seconds
INFO: [Project 1-570] Preparing netlist for logic optimization
INFO: [Opt 31-138] Pushed 0 inverter(s) to 0 load pin(s).
Netlist sorting complete. Time (s): cpu = 00:00:00 ; elapsed = 00:00:00 . Memory (MB): peak = 3675.785 ; gain = 0.000 ; free physical = 8990 ; free virtual = 12801
INFO: [Project 1-111] Unisim Transformation Summary:
No Unisim elements were transformed.

Synth Design complete, checksum: 2fdad629
INFO: [Common 17-83] Releasing license: Synthesis
33 Infos, 9 Warnings, 0 Critical Warnings and 0 Errors encountered.
synth_design completed successfully
synth_design: Time (s): cpu = 00:00:31 ; elapsed = 00:00:32 . Memory (MB): peak = 3675.785 ; gain = 2258.301 ; free physical = 9152 ; free virtual = 12963
INFO: [Common 17-600] The following parameters have non-default value.
general.maxThreads
INFO: [Common 17-1381] The checkpoint '/home/advent/Desktop/RC19/_x/link/vivado/vpl/prj/prj.runs/bd_22c0_clock_throttling_avg_0_synth_1/bd_22c0_clock_throttling_avg_0.dcp' has been generated.
INFO: [Coretcl 2-1648] Added synthesis output to IP cache for IP bd_22c0_clock_throttling_avg_0, cache-ID = 2a2add76af4924e6
INFO: [Common 17-1381] The checkpoint '/home/advent/Desktop/RC19/_x/link/vivado/vpl/prj/prj.runs/bd_22c0_clock_throttling_avg_0_synth_1/bd_22c0_clock_throttling_avg_0.dcp' has been generated.
INFO: [runtcl-4] Executing : report_utilization -file bd_22c0_clock_throttling_avg_0_utilization_synth.rpt -pb bd_22c0_clock_throttling_avg_0_utilization_synth.pb
INFO: [Common 17-206] Exiting Vivado at Mon Apr 27 18:50:40 2026...
