
*** Running vivado
    with args -log bd_22c0_aclk_kernel_00_adapt_0.vds -m64 -product Vivado -mode batch -messageDb vivado.pb -notrace -source bd_22c0_aclk_kernel_00_adapt_0.tcl


****** Vivado v2022.2 (64-bit)
  **** SW Build 3671981 on Fri Oct 14 04:59:54 MDT 2022
  **** IP Build 3669848 on Fri Oct 14 08:30:02 MDT 2022
    ** Copyright 1986-2022 Xilinx, Inc. All Rights Reserved.

source bd_22c0_aclk_kernel_00_adapt_0.tcl -notrace
INFO: Dispatch client connection id - 37729
INFO: [IP_Flow 19-234] Refreshing IP repositories
INFO: [IP_Flow 19-1700] Loaded user IP repository '/home/advent/Desktop/RC19/_x/link/int/xo/ip_repo/xilinx_com_hls_softmax_u55c_kernel_1_0'.
INFO: [IP_Flow 19-1700] Loaded user IP repository '/home/advent/Desktop/RC19/_x/link/int/xo/ip_repo/xilinx_com_hls_attention_score_u55c_kernel_1_0'.
INFO: [IP_Flow 19-1700] Loaded user IP repository '/home/advent/Desktop/RC19/_x/link/int/xo/ip_repo/xilinx_com_hls_causal_mask_u55c_kernel_1_0'.
INFO: [IP_Flow 19-1700] Loaded user IP repository '/home/advent/Desktop/RC19/_x/link/int/xo/ip_repo/xilinx_com_hls_score_scale_u55c_kernel_1_0'.
INFO: [IP_Flow 19-1700] Loaded user IP repository '/home/advent/Desktop/RC19/_x/link/vivado/vpl/.local/hw_platform/iprepo'.
INFO: [IP_Flow 19-1700] Loaded user IP repository '/home/advent/Desktop/RC19/_x/link/vivado/vpl/.local/hw_platform/ipcache'.
INFO: [IP_Flow 19-1700] Loaded user IP repository '/home/advent/Vivado/Vitis/2022.2/data/ip'.
INFO: [IP_Flow 19-2313] Loaded Vivado IP repository '/home/advent/Vivado/Vivado/2022.2/data/ip'.
WARNING: [IP_Flow 19-1663] Duplicate IP found for 'xilinx.com:ip:clk_metadata_adapter:1.0'. The one found in IP location '/home/advent/Desktop/RC19/_x/link/vivado/vpl/.local/hw_platform/iprepo/ipdefs/pxi_ii_infra/clk_metadata_adapter_v1_0' will take precedence over the same IP in location /home/advent/Desktop/RC19/_x/link/vivado/vpl/.local/hw_platform/iprepo/ipdefs/other_ipdefs/clk_metadata_adapter_v1_0
WARNING: [IP_Flow 19-1663] Duplicate IP found for 'xilinx.com:ip:pipeline_reg:1.0'. The one found in IP location '/home/advent/Desktop/RC19/_x/link/vivado/vpl/.local/hw_platform/iprepo/ipdefs/pxi_ii_infra/pipeline_reg_v1_0' will take precedence over the same IP in location /home/advent/Desktop/RC19/_x/link/vivado/vpl/.local/hw_platform/iprepo/ipdefs/other_ipdefs/pipeline_reg_v1_0
WARNING: [IP_Flow 19-1663] Duplicate IP found for 'xilinx.com:ip:axi_clk_metadata_adapter:1.0'. The one found in IP location '/home/advent/Desktop/RC19/_x/link/vivado/vpl/.local/hw_platform/iprepo/ipdefs/other_ipdefs/axi_clk_metadata_adapter_v1_0' will take precedence over the same IP in location /home/advent/Desktop/RC19/_x/link/vivado/vpl/.local/hw_platform/iprepo/ipdefs/pxi_ii_infra/axi_clk_metadata_adapter_v1_0
WARNING: [IP_Flow 19-1663] Duplicate IP found for 'xilinx.com:ip:shell_utils_build_info:1.0'. The one found in IP location '/home/advent/Desktop/RC19/_x/link/vivado/vpl/.local/hw_platform/iprepo/ipdefs/other_ipdefs/shell_utils_build_info_v1_0' will take precedence over the same IP in the Xilinx installed IP.
WARNING: [IP_Flow 19-1663] Duplicate IP found for 'xilinx.com:ip:axis_clk_metadata_adapter:1.0'. The one found in IP location '/home/advent/Desktop/RC19/_x/link/vivado/vpl/.local/hw_platform/iprepo/ipdefs/other_ipdefs/axis_clk_metadata_adapter_v1_0' will take precedence over the same IP in location /home/advent/Desktop/RC19/_x/link/vivado/vpl/.local/hw_platform/iprepo/ipdefs/pxi_ii_infra/axis_clk_metadata_adapter_v1_0
INFO: [IP_Flow 19-6924] IPCACHE: Running cache check for IP inst: bd_22c0_aclk_kernel_00_adapt_0
Command: synth_design -top bd_22c0_aclk_kernel_00_adapt_0 -part xcu55c-fsvh2892-2L-e -incremental_mode off -mode out_of_context
Starting synth_design
Attempting to get a license for feature 'Synthesis' and/or device 'xcu55c'
INFO: [Common 17-349] Got license for feature 'Synthesis' and/or device 'xcu55c'
INFO: [Device 21-403] Loading part xcu55c-fsvh2892-2L-e
INFO: [Synth 8-7079] Multithreading enabled for synth_design using a maximum of 1 processes.
INFO: [Synth 8-7078] Launching helper process for spawning children vivado processes
INFO: [Synth 8-7075] Helper process launched with PID 68102
INFO: [Synth 8-11241] undeclared symbol 'REGCCE', assumed default net type 'wire' [/home/advent/Vivado/Vivado/2022.2/data/verilog/src/unimacro/BRAM_SINGLE_MACRO.v:2170]
---------------------------------------------------------------------------------
Starting RTL Elaboration : Time (s): cpu = 00:00:03 ; elapsed = 00:00:03 . Memory (MB): peak = 3086.000 ; gain = 355.766 ; free physical = 5952 ; free virtual = 10792
Synthesis current peak Physical Memory [PSS] (MB): peak = 2291.651; parent = 2156.142; children = 135.510
Synthesis current peak Virtual Memory [VSS] (MB): peak = 4068.668; parent = 3091.941; children = 976.727
---------------------------------------------------------------------------------
INFO: [Synth 8-6157] synthesizing module 'bd_22c0_aclk_kernel_00_adapt_0' [/home/advent/Desktop/RC19/_x/link/vivado/vpl/prj/prj.gen/my_rm/bd/ulp/ip/ulp_ulp_ucs_0/bd_0/ip/ip_57/synth/bd_22c0_aclk_kernel_00_adapt_0.v:53]
INFO: [Synth 8-6155] done synthesizing module 'bd_22c0_aclk_kernel_00_adapt_0' (0#1) [/home/advent/Desktop/RC19/_x/link/vivado/vpl/prj/prj.gen/my_rm/bd/ulp/ip/ulp_ulp_ucs_0/bd_0/ip/ip_57/synth/bd_22c0_aclk_kernel_00_adapt_0.v:53]
---------------------------------------------------------------------------------
Finished RTL Elaboration : Time (s): cpu = 00:00:04 ; elapsed = 00:00:04 . Memory (MB): peak = 3158.906 ; gain = 428.672 ; free physical = 7477 ; free virtual = 12330
Synthesis current peak Physical Memory [PSS] (MB): peak = 2291.651; parent = 2156.142; children = 138.799
Synthesis current peak Virtual Memory [VSS] (MB): peak = 4135.637; parent = 3158.910; children = 976.727
---------------------------------------------------------------------------------
---------------------------------------------------------------------------------
Start Handling Custom Attributes
---------------------------------------------------------------------------------
---------------------------------------------------------------------------------
Finished Handling Custom Attributes : Time (s): cpu = 00:00:04 ; elapsed = 00:00:04 . Memory (MB): peak = 3176.719 ; gain = 446.484 ; free physical = 7852 ; free virtual = 12708
Synthesis current peak Physical Memory [PSS] (MB): peak = 2291.651; parent = 2156.142; children = 139.030
Synthesis current peak Virtual Memory [VSS] (MB): peak = 4153.449; parent = 3176.723; children = 976.727
---------------------------------------------------------------------------------
---------------------------------------------------------------------------------
Finished RTL Optimization Phase 1 : Time (s): cpu = 00:00:04 ; elapsed = 00:00:04 . Memory (MB): peak = 3176.719 ; gain = 446.484 ; free physical = 8699 ; free virtual = 13555
Synthesis current peak Physical Memory [PSS] (MB): peak = 2291.651; parent = 2156.142; children = 141.205
Synthesis current peak Virtual Memory [VSS] (MB): peak = 4153.449; parent = 3176.723; children = 976.727
---------------------------------------------------------------------------------
Netlist sorting complete. Time (s): cpu = 00:00:00 ; elapsed = 00:00:00 . Memory (MB): peak = 3176.719 ; gain = 0.000 ; free physical = 8741 ; free virtual = 13598
INFO: [Project 1-570] Preparing netlist for logic optimization

Processing XDC Constraints
Initializing timing engine
Completed Processing XDC Constraints

Netlist sorting complete. Time (s): cpu = 00:00:00 ; elapsed = 00:00:00 . Memory (MB): peak = 3208.473 ; gain = 0.000 ; free physical = 8533 ; free virtual = 13400
INFO: [Project 1-111] Unisim Transformation Summary:
No Unisim elements were transformed.

Constraint Validation Runtime : Time (s): cpu = 00:00:00 ; elapsed = 00:00:00.01 . Memory (MB): peak = 3214.410 ; gain = 5.938 ; free physical = 8520 ; free virtual = 13387
INFO: [Designutils 20-5008] Incremental synthesis strategy off
INFO: [Synth 8-11241] undeclared symbol 'REGCCE', assumed default net type 'wire' [/home/advent/Vivado/Vivado/2022.2/data/verilog/src/unimacro/BRAM_SINGLE_MACRO.v:2170]
---------------------------------------------------------------------------------
Finished Constraint Validation : Time (s): cpu = 00:00:08 ; elapsed = 00:00:09 . Memory (MB): peak = 3214.410 ; gain = 484.176 ; free physical = 8366 ; free virtual = 13254
Synthesis current peak Physical Memory [PSS] (MB): peak = 2291.651; parent = 2156.142; children = 141.205
Synthesis current peak Virtual Memory [VSS] (MB): peak = 4191.141; parent = 3214.414; children = 976.727
---------------------------------------------------------------------------------
---------------------------------------------------------------------------------
Start Loading Part and Timing Information
---------------------------------------------------------------------------------
Loading part: xcu55c-fsvh2892-2L-e
INFO: [Synth 8-6742] Reading net delay rules and data
---------------------------------------------------------------------------------
Finished Loading Part and Timing Information : Time (s): cpu = 00:00:08 ; elapsed = 00:00:09 . Memory (MB): peak = 3214.410 ; gain = 484.176 ; free physical = 8370 ; free virtual = 13258
Synthesis current peak Physical Memory [PSS] (MB): peak = 2291.651; parent = 2156.142; children = 141.205
Synthesis current peak Virtual Memory [VSS] (MB): peak = 4191.141; parent = 3214.414; children = 976.727
---------------------------------------------------------------------------------
---------------------------------------------------------------------------------
Start Applying 'set_property' XDC Constraints
---------------------------------------------------------------------------------
---------------------------------------------------------------------------------
Finished applying 'set_property' XDC Constraints : Time (s): cpu = 00:00:08 ; elapsed = 00:00:09 . Memory (MB): peak = 3214.410 ; gain = 484.176 ; free physical = 8360 ; free virtual = 13248
Synthesis current peak Physical Memory [PSS] (MB): peak = 2291.651; parent = 2156.142; children = 141.205
Synthesis current peak Virtual Memory [VSS] (MB): peak = 4191.141; parent = 3214.414; children = 976.727
---------------------------------------------------------------------------------
---------------------------------------------------------------------------------
Finished RTL Optimization Phase 2 : Time (s): cpu = 00:00:08 ; elapsed = 00:00:09 . Memory (MB): peak = 3214.410 ; gain = 484.176 ; free physical = 8330 ; free virtual = 13219
Synthesis current peak Physical Memory [PSS] (MB): peak = 2291.651; parent = 2156.142; children = 141.205
Synthesis current peak Virtual Memory [VSS] (MB): peak = 4191.141; parent = 3214.414; children = 976.727
---------------------------------------------------------------------------------
---------------------------------------------------------------------------------
Start RTL Component Statistics 
---------------------------------------------------------------------------------
Detailed RTL Component Info : 
---------------------------------------------------------------------------------
Finished RTL Component Statistics 
---------------------------------------------------------------------------------
---------------------------------------------------------------------------------
Start Part Resource Summary
---------------------------------------------------------------------------------
Part Resources:
DSPs: 9024 (col length:94)
BRAMs: 4032 (col length: RAMB18 288 RAMB36 144)
---------------------------------------------------------------------------------
Finished Part Resource Summary
---------------------------------------------------------------------------------
---------------------------------------------------------------------------------
Start Cross Boundary and Area Optimization
---------------------------------------------------------------------------------
WARNING: [Synth 8-7080] Parallel synthesis criteria is not met
---------------------------------------------------------------------------------
Finished Cross Boundary and Area Optimization : Time (s): cpu = 00:00:10 ; elapsed = 00:00:10 . Memory (MB): peak = 3214.410 ; gain = 484.176 ; free physical = 10559 ; free virtual = 15457
Synthesis current peak Physical Memory [PSS] (MB): peak = 2291.651; parent = 2156.142; children = 141.205
Synthesis current peak Virtual Memory [VSS] (MB): peak = 4191.141; parent = 3214.414; children = 976.727
---------------------------------------------------------------------------------
---------------------------------------------------------------------------------
Start Applying XDC Timing Constraints
---------------------------------------------------------------------------------
---------------------------------------------------------------------------------
Finished Applying XDC Timing Constraints : Time (s): cpu = 00:00:17 ; elapsed = 00:00:19 . Memory (MB): peak = 3558.168 ; gain = 827.934 ; free physical = 9162 ; free virtual = 14166
Synthesis current peak Physical Memory [PSS] (MB): peak = 2757.563; parent = 2620.032; children = 141.205
Synthesis current peak Virtual Memory [VSS] (MB): peak = 4534.898; parent = 3558.172; children = 976.727
---------------------------------------------------------------------------------
---------------------------------------------------------------------------------
Start Timing Optimization
---------------------------------------------------------------------------------
---------------------------------------------------------------------------------
Finished Timing Optimization : Time (s): cpu = 00:00:17 ; elapsed = 00:00:19 . Memory (MB): peak = 3558.168 ; gain = 827.934 ; free physical = 9136 ; free virtual = 14139
Synthesis current peak Physical Memory [PSS] (MB): peak = 2757.585; parent = 2620.060; children = 141.205
Synthesis current peak Virtual Memory [VSS] (MB): peak = 4534.898; parent = 3558.172; children = 976.727
---------------------------------------------------------------------------------
---------------------------------------------------------------------------------
Start Technology Mapping
---------------------------------------------------------------------------------
---------------------------------------------------------------------------------
Finished Technology Mapping : Time (s): cpu = 00:00:17 ; elapsed = 00:00:19 . Memory (MB): peak = 3577.199 ; gain = 846.965 ; free physical = 9077 ; free virtual = 14080
Synthesis current peak Physical Memory [PSS] (MB): peak = 2757.831; parent = 2620.357; children = 141.205
Synthesis current peak Virtual Memory [VSS] (MB): peak = 4553.930; parent = 3577.203; children = 976.727
---------------------------------------------------------------------------------
---------------------------------------------------------------------------------
Start IO Insertion
---------------------------------------------------------------------------------
---------------------------------------------------------------------------------
Start Flattening Before IO Insertion
---------------------------------------------------------------------------------
---------------------------------------------------------------------------------
Finished Flattening Before IO Insertion
---------------------------------------------------------------------------------
---------------------------------------------------------------------------------
Start Final Netlist Cleanup
---------------------------------------------------------------------------------
---------------------------------------------------------------------------------
Finished Final Netlist Cleanup
---------------------------------------------------------------------------------
---------------------------------------------------------------------------------
Finished IO Insertion : Time (s): cpu = 00:00:20 ; elapsed = 00:00:22 . Memory (MB): peak = 3583.137 ; gain = 852.902 ; free physical = 8834 ; free virtual = 13734
Synthesis current peak Physical Memory [PSS] (MB): peak = 2763.755; parent = 2624.868; children = 141.205
Synthesis current peak Virtual Memory [VSS] (MB): peak = 4559.867; parent = 3583.141; children = 976.727
---------------------------------------------------------------------------------
---------------------------------------------------------------------------------
Start Renaming Generated Instances
---------------------------------------------------------------------------------
---------------------------------------------------------------------------------
Finished Renaming Generated Instances : Time (s): cpu = 00:00:20 ; elapsed = 00:00:22 . Memory (MB): peak = 3583.137 ; gain = 852.902 ; free physical = 8833 ; free virtual = 13734
Synthesis current peak Physical Memory [PSS] (MB): peak = 2763.755; parent = 2624.868; children = 141.205
Synthesis current peak Virtual Memory [VSS] (MB): peak = 4559.867; parent = 3583.141; children = 976.727
---------------------------------------------------------------------------------
---------------------------------------------------------------------------------
Start Rebuilding User Hierarchy
---------------------------------------------------------------------------------
---------------------------------------------------------------------------------
Finished Rebuilding User Hierarchy : Time (s): cpu = 00:00:20 ; elapsed = 00:00:22 . Memory (MB): peak = 3583.137 ; gain = 852.902 ; free physical = 8797 ; free virtual = 13697
Synthesis current peak Physical Memory [PSS] (MB): peak = 2763.755; parent = 2624.868; children = 141.205
Synthesis current peak Virtual Memory [VSS] (MB): peak = 4559.867; parent = 3583.141; children = 976.727
---------------------------------------------------------------------------------
---------------------------------------------------------------------------------
Start Renaming Generated Ports
---------------------------------------------------------------------------------
---------------------------------------------------------------------------------
Finished Renaming Generated Ports : Time (s): cpu = 00:00:20 ; elapsed = 00:00:22 . Memory (MB): peak = 3583.137 ; gain = 852.902 ; free physical = 8797 ; free virtual = 13698
Synthesis current peak Physical Memory [PSS] (MB): peak = 2763.755; parent = 2624.868; children = 141.205
Synthesis current peak Virtual Memory [VSS] (MB): peak = 4559.867; parent = 3583.141; children = 976.727
---------------------------------------------------------------------------------
---------------------------------------------------------------------------------
Start Handling Custom Attributes
---------------------------------------------------------------------------------
---------------------------------------------------------------------------------
Finished Handling Custom Attributes : Time (s): cpu = 00:00:20 ; elapsed = 00:00:22 . Memory (MB): peak = 3583.137 ; gain = 852.902 ; free physical = 8771 ; free virtual = 13672
Synthesis current peak Physical Memory [PSS] (MB): peak = 2763.755; parent = 2624.868; children = 141.205
Synthesis current peak Virtual Memory [VSS] (MB): peak = 4559.867; parent = 3583.141; children = 976.727
---------------------------------------------------------------------------------
---------------------------------------------------------------------------------
Start Renaming Generated Nets
---------------------------------------------------------------------------------
---------------------------------------------------------------------------------
Finished Renaming Generated Nets : Time (s): cpu = 00:00:20 ; elapsed = 00:00:22 . Memory (MB): peak = 3583.137 ; gain = 852.902 ; free physical = 8770 ; free virtual = 13671
Synthesis current peak Physical Memory [PSS] (MB): peak = 2763.755; parent = 2624.868; children = 141.205
Synthesis current peak Virtual Memory [VSS] (MB): peak = 4559.867; parent = 3583.141; children = 976.727
---------------------------------------------------------------------------------
---------------------------------------------------------------------------------
Start Writing Synthesis Report
---------------------------------------------------------------------------------

Report BlackBoxes: 
+-+--------------+----------+
| |BlackBox name |Instances |
+-+--------------+----------+
+-+--------------+----------+

Report Cell Usage: 
+-+-----+------+
| |Cell |Count |
+-+-----+------+
+-+-----+------+
---------------------------------------------------------------------------------
Finished Writing Synthesis Report : Time (s): cpu = 00:00:20 ; elapsed = 00:00:22 . Memory (MB): peak = 3583.137 ; gain = 852.902 ; free physical = 8758 ; free virtual = 13658
Synthesis current peak Physical Memory [PSS] (MB): peak = 2763.755; parent = 2624.868; children = 141.205
Synthesis current peak Virtual Memory [VSS] (MB): peak = 4559.867; parent = 3583.141; children = 976.727
---------------------------------------------------------------------------------
Synthesis finished with 0 errors, 0 critical warnings and 1 warnings.
Synthesis Optimization Runtime : Time (s): cpu = 00:00:18 ; elapsed = 00:00:21 . Memory (MB): peak = 3583.137 ; gain = 815.211 ; free physical = 8777 ; free virtual = 13678
Synthesis Optimization Complete : Time (s): cpu = 00:00:20 ; elapsed = 00:00:22 . Memory (MB): peak = 3583.145 ; gain = 852.902 ; free physical = 8778 ; free virtual = 13679
INFO: [Project 1-571] Translating synthesized netlist
Netlist sorting complete. Time (s): cpu = 00:00:00 ; elapsed = 00:00:00 . Memory (MB): peak = 3583.145 ; gain = 0.000 ; free physical = 8768 ; free virtual = 13669
INFO: [Project 1-570] Preparing netlist for logic optimization
INFO: [Opt 31-138] Pushed 0 inverter(s) to 0 load pin(s).
Netlist sorting complete. Time (s): cpu = 00:00:00 ; elapsed = 00:00:00 . Memory (MB): peak = 3660.488 ; gain = 0.000 ; free physical = 8702 ; free virtual = 13603
INFO: [Project 1-111] Unisim Transformation Summary:
No Unisim elements were transformed.

Synth Design complete, checksum: 46ae28ac
INFO: [Common 17-83] Releasing license: Synthesis
28 Infos, 6 Warnings, 0 Critical Warnings and 0 Errors encountered.
synth_design completed successfully
synth_design: Time (s): cpu = 00:00:28 ; elapsed = 00:00:29 . Memory (MB): peak = 3660.488 ; gain = 2243.035 ; free physical = 8892 ; free virtual = 13793
INFO: [Common 17-600] The following parameters have non-default value.
general.maxThreads
INFO: [Common 17-1381] The checkpoint '/home/advent/Desktop/RC19/_x/link/vivado/vpl/prj/prj.runs/bd_22c0_aclk_kernel_00_adapt_0_synth_1/bd_22c0_aclk_kernel_00_adapt_0.dcp' has been generated.
INFO: [Coretcl 2-1648] Added synthesis output to IP cache for IP bd_22c0_aclk_kernel_00_adapt_0, cache-ID = 843525559ac762fb
INFO: [Common 17-1381] The checkpoint '/home/advent/Desktop/RC19/_x/link/vivado/vpl/prj/prj.runs/bd_22c0_aclk_kernel_00_adapt_0_synth_1/bd_22c0_aclk_kernel_00_adapt_0.dcp' has been generated.
INFO: [runtcl-4] Executing : report_utilization -file bd_22c0_aclk_kernel_00_adapt_0_utilization_synth.rpt -pb bd_22c0_aclk_kernel_00_adapt_0_utilization_synth.pb
INFO: [Common 17-206] Exiting Vivado at Mon Apr 27 18:53:38 2026...
