
*** Running vivado
    with args -log bd_22c0_aclk_kernel_01_adapt_0.vds -m64 -product Vivado -mode batch -messageDb vivado.pb -notrace -source bd_22c0_aclk_kernel_01_adapt_0.tcl


****** Vivado v2022.2 (64-bit)
  **** SW Build 3671981 on Fri Oct 14 04:59:54 MDT 2022
  **** IP Build 3669848 on Fri Oct 14 08:30:02 MDT 2022
    ** Copyright 1986-2022 Xilinx, Inc. All Rights Reserved.

source bd_22c0_aclk_kernel_01_adapt_0.tcl -notrace
INFO: Dispatch client connection id - 37729
INFO: [IP_Flow 19-234] Refreshing IP repositories
INFO: [IP_Flow 19-1700] Loaded user IP repository '/home/advent/Desktop/RC19/_x/link/int/xo/ip_repo/xilinx_com_hls_softmax_u55c_kernel_1_0'.
INFO: [IP_Flow 19-1700] Loaded user IP repository '/home/advent/Desktop/RC19/_x/link/int/xo/ip_repo/xilinx_com_hls_attention_score_u55c_kernel_1_0'.
INFO: [IP_Flow 19-1700] Loaded user IP repository '/home/advent/Desktop/RC19/_x/link/int/xo/ip_repo/xilinx_com_hls_causal_mask_u55c_kernel_1_0'.
INFO: [IP_Flow 19-1700] Loaded user IP repository '/home/advent/Desktop/RC19/_x/link/int/xo/ip_repo/xilinx_com_hls_score_scale_u55c_kernel_1_0'.
INFO: [IP_Flow 19-1700] Loaded user IP repository '/home/advent/Desktop/RC19/_x/link/vivado/vpl/.local/hw_platform/iprepo'.
INFO: [IP_Flow 19-1700] Loaded user IP repository '/home/advent/Desktop/RC19/_x/link/vivado/vpl/.local/hw_platform/ipcache'.
INFO: [IP_Flow 19-1700] Loaded user IP repository '/home/advent/Vivado/Vitis/2022.2/data/ip'.
INFO: [IP_Flow 19-2313] Loaded Vivado IP repository '/home/advent/Vivado/Vivado/2022.2/data/ip'.
WARNING: [IP_Flow 19-1663] Duplicate IP found for 'xilinx.com:ip:clk_metadata_adapter:1.0'. The one found in IP location '/home/advent/Desktop/RC19/_x/link/vivado/vpl/.local/hw_platform/iprepo/ipdefs/pxi_ii_infra/clk_metadata_adapter_v1_0' will take precedence over the same IP in location /home/advent/Desktop/RC19/_x/link/vivado/vpl/.local/hw_platform/iprepo/ipdefs/other_ipdefs/clk_metadata_adapter_v1_0
WARNING: [IP_Flow 19-1663] Duplicate IP found for 'xilinx.com:ip:pipeline_reg:1.0'. The one found in IP location '/home/advent/Desktop/RC19/_x/link/vivado/vpl/.local/hw_platform/iprepo/ipdefs/pxi_ii_infra/pipeline_reg_v1_0' will take precedence over the same IP in location /home/advent/Desktop/RC19/_x/link/vivado/vpl/.local/hw_platform/iprepo/ipdefs/other_ipdefs/pipeline_reg_v1_0
WARNING: [IP_Flow 19-1663] Duplicate IP found for 'xilinx.com:ip:axi_clk_metadata_adapter:1.0'. The one found in IP location '/home/advent/Desktop/RC19/_x/link/vivado/vpl/.local/hw_platform/iprepo/ipdefs/other_ipdefs/axi_clk_metadata_adapter_v1_0' will take precedence over the same IP in location /home/advent/Desktop/RC19/_x/link/vivado/vpl/.local/hw_platform/iprepo/ipdefs/pxi_ii_infra/axi_clk_metadata_adapter_v1_0
WARNING: [IP_Flow 19-1663] Duplicate IP found for 'xilinx.com:ip:shell_utils_build_info:1.0'. The one found in IP location '/home/advent/Desktop/RC19/_x/link/vivado/vpl/.local/hw_platform/iprepo/ipdefs/other_ipdefs/shell_utils_build_info_v1_0' will take precedence over the same IP in the Xilinx installed IP.
WARNING: [IP_Flow 19-1663] Duplicate IP found for 'xilinx.com:ip:axis_clk_metadata_adapter:1.0'. The one found in IP location '/home/advent/Desktop/RC19/_x/link/vivado/vpl/.local/hw_platform/iprepo/ipdefs/other_ipdefs/axis_clk_metadata_adapter_v1_0' will take precedence over the same IP in location /home/advent/Desktop/RC19/_x/link/vivado/vpl/.local/hw_platform/iprepo/ipdefs/pxi_ii_infra/axis_clk_metadata_adapter_v1_0
INFO: [IP_Flow 19-6924] IPCACHE: Running cache check for IP inst: bd_22c0_aclk_kernel_01_adapt_0
Command: synth_design -top bd_22c0_aclk_kernel_01_adapt_0 -part xcu55c-fsvh2892-2L-e -incremental_mode off -mode out_of_context
Starting synth_design
Attempting to get a license for feature 'Synthesis' and/or device 'xcu55c'
INFO: [Common 17-349] Got license for feature 'Synthesis' and/or device 'xcu55c'
INFO: [Device 21-403] Loading part xcu55c-fsvh2892-2L-e
INFO: [Synth 8-7079] Multithreading enabled for synth_design using a maximum of 1 processes.
INFO: [Synth 8-7078] Launching helper process for spawning children vivado processes
INFO: [Synth 8-7075] Helper process launched with PID 60414
INFO: [Synth 8-11241] undeclared symbol 'REGCCE', assumed default net type 'wire' [/home/advent/Vivado/Vivado/2022.2/data/verilog/src/unimacro/BRAM_SINGLE_MACRO.v:2170]
---------------------------------------------------------------------------------
Starting RTL Elaboration : Time (s): cpu = 00:00:03 ; elapsed = 00:00:03 . Memory (MB): peak = 3085.844 ; gain = 354.766 ; free physical = 4933 ; free virtual = 8731
Synthesis current peak Physical Memory [PSS] (MB): peak = 2291.730; parent = 2155.478; children = 136.253
Synthesis current peak Virtual Memory [VSS] (MB): peak = 4061.547; parent = 3091.785; children = 969.762
---------------------------------------------------------------------------------
INFO: [Synth 8-6157] synthesizing module 'bd_22c0_aclk_kernel_01_adapt_0' [/home/advent/Desktop/RC19/_x/link/vivado/vpl/prj/prj.gen/my_rm/bd/ulp/ip/ulp_ulp_ucs_0/bd_0/ip/ip_75/synth/bd_22c0_aclk_kernel_01_adapt_0.v:53]
INFO: [Synth 8-6155] done synthesizing module 'bd_22c0_aclk_kernel_01_adapt_0' (0#1) [/home/advent/Desktop/RC19/_x/link/vivado/vpl/prj/prj.gen/my_rm/bd/ulp/ip/ulp_ulp_ucs_0/bd_0/ip/ip_75/synth/bd_22c0_aclk_kernel_01_adapt_0.v:53]
---------------------------------------------------------------------------------
Finished RTL Elaboration : Time (s): cpu = 00:00:04 ; elapsed = 00:00:04 . Memory (MB): peak = 3158.750 ; gain = 427.672 ; free physical = 4642 ; free virtual = 8441
Synthesis current peak Physical Memory [PSS] (MB): peak = 2291.730; parent = 2155.478; children = 136.253
Synthesis current peak Virtual Memory [VSS] (MB): peak = 4128.516; parent = 3158.754; children = 969.762
---------------------------------------------------------------------------------
---------------------------------------------------------------------------------
Start Handling Custom Attributes
---------------------------------------------------------------------------------
---------------------------------------------------------------------------------
Finished Handling Custom Attributes : Time (s): cpu = 00:00:04 ; elapsed = 00:00:04 . Memory (MB): peak = 3176.562 ; gain = 445.484 ; free physical = 4593 ; free virtual = 8392
Synthesis current peak Physical Memory [PSS] (MB): peak = 2291.730; parent = 2155.478; children = 136.253
Synthesis current peak Virtual Memory [VSS] (MB): peak = 4146.328; parent = 3176.566; children = 969.762
---------------------------------------------------------------------------------
---------------------------------------------------------------------------------
Finished RTL Optimization Phase 1 : Time (s): cpu = 00:00:04 ; elapsed = 00:00:04 . Memory (MB): peak = 3176.562 ; gain = 445.484 ; free physical = 4568 ; free virtual = 8367
Synthesis current peak Physical Memory [PSS] (MB): peak = 2291.730; parent = 2155.478; children = 136.253
Synthesis current peak Virtual Memory [VSS] (MB): peak = 4146.328; parent = 3176.566; children = 969.762
---------------------------------------------------------------------------------
Netlist sorting complete. Time (s): cpu = 00:00:00 ; elapsed = 00:00:00 . Memory (MB): peak = 3176.562 ; gain = 0.000 ; free physical = 4539 ; free virtual = 8338
INFO: [Project 1-570] Preparing netlist for logic optimization

Processing XDC Constraints
Initializing timing engine
Completed Processing XDC Constraints

Netlist sorting complete. Time (s): cpu = 00:00:00 ; elapsed = 00:00:00 . Memory (MB): peak = 3208.316 ; gain = 0.000 ; free physical = 4770 ; free virtual = 8569
INFO: [Project 1-111] Unisim Transformation Summary:
No Unisim elements were transformed.

Constraint Validation Runtime : Time (s): cpu = 00:00:00.01 ; elapsed = 00:00:00.01 . Memory (MB): peak = 3212.285 ; gain = 3.969 ; free physical = 4797 ; free virtual = 8596
INFO: [Designutils 20-5008] Incremental synthesis strategy off
INFO: [Synth 8-11241] undeclared symbol 'REGCCE', assumed default net type 'wire' [/home/advent/Vivado/Vivado/2022.2/data/verilog/src/unimacro/BRAM_SINGLE_MACRO.v:2170]
---------------------------------------------------------------------------------
Finished Constraint Validation : Time (s): cpu = 00:00:08 ; elapsed = 00:00:09 . Memory (MB): peak = 3212.285 ; gain = 481.207 ; free physical = 7530 ; free virtual = 11326
Synthesis current peak Physical Memory [PSS] (MB): peak = 2291.730; parent = 2155.478; children = 136.830
Synthesis current peak Virtual Memory [VSS] (MB): peak = 4182.051; parent = 3212.289; children = 969.762
---------------------------------------------------------------------------------
---------------------------------------------------------------------------------
Start Loading Part and Timing Information
---------------------------------------------------------------------------------
Loading part: xcu55c-fsvh2892-2L-e
INFO: [Synth 8-6742] Reading net delay rules and data
---------------------------------------------------------------------------------
Finished Loading Part and Timing Information : Time (s): cpu = 00:00:08 ; elapsed = 00:00:09 . Memory (MB): peak = 3212.285 ; gain = 481.207 ; free physical = 7445 ; free virtual = 11241
Synthesis current peak Physical Memory [PSS] (MB): peak = 2291.730; parent = 2155.478; children = 136.830
Synthesis current peak Virtual Memory [VSS] (MB): peak = 4182.051; parent = 3212.289; children = 969.762
---------------------------------------------------------------------------------
---------------------------------------------------------------------------------
Start Applying 'set_property' XDC Constraints
---------------------------------------------------------------------------------
---------------------------------------------------------------------------------
Finished applying 'set_property' XDC Constraints : Time (s): cpu = 00:00:08 ; elapsed = 00:00:09 . Memory (MB): peak = 3212.285 ; gain = 481.207 ; free physical = 7418 ; free virtual = 11213
Synthesis current peak Physical Memory [PSS] (MB): peak = 2291.730; parent = 2155.478; children = 136.830
Synthesis current peak Virtual Memory [VSS] (MB): peak = 4182.051; parent = 3212.289; children = 969.762
---------------------------------------------------------------------------------
---------------------------------------------------------------------------------
Finished RTL Optimization Phase 2 : Time (s): cpu = 00:00:08 ; elapsed = 00:00:09 . Memory (MB): peak = 3212.285 ; gain = 481.207 ; free physical = 7377 ; free virtual = 11173
Synthesis current peak Physical Memory [PSS] (MB): peak = 2291.730; parent = 2155.478; children = 136.830
Synthesis current peak Virtual Memory [VSS] (MB): peak = 4182.051; parent = 3212.289; children = 969.762
---------------------------------------------------------------------------------
---------------------------------------------------------------------------------
Start RTL Component Statistics 
---------------------------------------------------------------------------------
Detailed RTL Component Info : 
---------------------------------------------------------------------------------
Finished RTL Component Statistics 
---------------------------------------------------------------------------------
---------------------------------------------------------------------------------
Start Part Resource Summary
---------------------------------------------------------------------------------
Part Resources:
DSPs: 9024 (col length:94)
BRAMs: 4032 (col length: RAMB18 288 RAMB36 144)
---------------------------------------------------------------------------------
Finished Part Resource Summary
---------------------------------------------------------------------------------
---------------------------------------------------------------------------------
Start Cross Boundary and Area Optimization
---------------------------------------------------------------------------------
WARNING: [Synth 8-7080] Parallel synthesis criteria is not met
---------------------------------------------------------------------------------
Finished Cross Boundary and Area Optimization : Time (s): cpu = 00:00:09 ; elapsed = 00:00:10 . Memory (MB): peak = 3212.285 ; gain = 481.207 ; free physical = 6993 ; free virtual = 10793
Synthesis current peak Physical Memory [PSS] (MB): peak = 2291.730; parent = 2155.478; children = 136.830
Synthesis current peak Virtual Memory [VSS] (MB): peak = 4182.051; parent = 3212.289; children = 969.762
---------------------------------------------------------------------------------
---------------------------------------------------------------------------------
Start Applying XDC Timing Constraints
---------------------------------------------------------------------------------
---------------------------------------------------------------------------------
Finished Applying XDC Timing Constraints : Time (s): cpu = 00:00:16 ; elapsed = 00:00:18 . Memory (MB): peak = 3558.043 ; gain = 826.965 ; free physical = 6858 ; free virtual = 10664
Synthesis current peak Physical Memory [PSS] (MB): peak = 2751.552; parent = 2614.136; children = 137.416
Synthesis current peak Virtual Memory [VSS] (MB): peak = 4527.809; parent = 3558.047; children = 969.762
---------------------------------------------------------------------------------
---------------------------------------------------------------------------------
Start Timing Optimization
---------------------------------------------------------------------------------
---------------------------------------------------------------------------------
Finished Timing Optimization : Time (s): cpu = 00:00:16 ; elapsed = 00:00:18 . Memory (MB): peak = 3558.043 ; gain = 826.965 ; free physical = 6792 ; free virtual = 10598
Synthesis current peak Physical Memory [PSS] (MB): peak = 2751.580; parent = 2614.164; children = 137.416
Synthesis current peak Virtual Memory [VSS] (MB): peak = 4527.809; parent = 3558.047; children = 969.762
---------------------------------------------------------------------------------
---------------------------------------------------------------------------------
Start Technology Mapping
---------------------------------------------------------------------------------
---------------------------------------------------------------------------------
Finished Technology Mapping : Time (s): cpu = 00:00:16 ; elapsed = 00:00:18 . Memory (MB): peak = 3577.074 ; gain = 845.996 ; free physical = 6789 ; free virtual = 10595
Synthesis current peak Physical Memory [PSS] (MB): peak = 2751.893; parent = 2614.478; children = 137.416
Synthesis current peak Virtual Memory [VSS] (MB): peak = 4546.840; parent = 3577.078; children = 969.762
---------------------------------------------------------------------------------
---------------------------------------------------------------------------------
Start IO Insertion
---------------------------------------------------------------------------------
---------------------------------------------------------------------------------
Start Flattening Before IO Insertion
---------------------------------------------------------------------------------
---------------------------------------------------------------------------------
Finished Flattening Before IO Insertion
---------------------------------------------------------------------------------
---------------------------------------------------------------------------------
Start Final Netlist Cleanup
---------------------------------------------------------------------------------
---------------------------------------------------------------------------------
Finished Final Netlist Cleanup
---------------------------------------------------------------------------------
---------------------------------------------------------------------------------
Finished IO Insertion : Time (s): cpu = 00:00:18 ; elapsed = 00:00:20 . Memory (MB): peak = 3583.012 ; gain = 851.934 ; free physical = 10572 ; free virtual = 14411
Synthesis current peak Physical Memory [PSS] (MB): peak = 2775.284; parent = 2633.363; children = 141.924
Synthesis current peak Virtual Memory [VSS] (MB): peak = 4552.777; parent = 3583.016; children = 969.762
---------------------------------------------------------------------------------
---------------------------------------------------------------------------------
Start Renaming Generated Instances
---------------------------------------------------------------------------------
---------------------------------------------------------------------------------
Finished Renaming Generated Instances : Time (s): cpu = 00:00:18 ; elapsed = 00:00:20 . Memory (MB): peak = 3583.012 ; gain = 851.934 ; free physical = 10589 ; free virtual = 14398
Synthesis current peak Physical Memory [PSS] (MB): peak = 2775.284; parent = 2633.363; children = 141.924
Synthesis current peak Virtual Memory [VSS] (MB): peak = 4552.777; parent = 3583.016; children = 969.762
---------------------------------------------------------------------------------
---------------------------------------------------------------------------------
Start Rebuilding User Hierarchy
---------------------------------------------------------------------------------
---------------------------------------------------------------------------------
Finished Rebuilding User Hierarchy : Time (s): cpu = 00:00:18 ; elapsed = 00:00:20 . Memory (MB): peak = 3583.012 ; gain = 851.934 ; free physical = 10562 ; free virtual = 14370
Synthesis current peak Physical Memory [PSS] (MB): peak = 2775.284; parent = 2633.363; children = 141.924
Synthesis current peak Virtual Memory [VSS] (MB): peak = 4552.777; parent = 3583.016; children = 969.762
---------------------------------------------------------------------------------
---------------------------------------------------------------------------------
Start Renaming Generated Ports
---------------------------------------------------------------------------------
---------------------------------------------------------------------------------
Finished Renaming Generated Ports : Time (s): cpu = 00:00:18 ; elapsed = 00:00:21 . Memory (MB): peak = 3583.012 ; gain = 851.934 ; free physical = 10527 ; free virtual = 14335
Synthesis current peak Physical Memory [PSS] (MB): peak = 2775.284; parent = 2633.363; children = 141.924
Synthesis current peak Virtual Memory [VSS] (MB): peak = 4552.777; parent = 3583.016; children = 969.762
---------------------------------------------------------------------------------
---------------------------------------------------------------------------------
Start Handling Custom Attributes
---------------------------------------------------------------------------------
---------------------------------------------------------------------------------
Finished Handling Custom Attributes : Time (s): cpu = 00:00:18 ; elapsed = 00:00:21 . Memory (MB): peak = 3583.012 ; gain = 851.934 ; free physical = 10512 ; free virtual = 14320
Synthesis current peak Physical Memory [PSS] (MB): peak = 2775.284; parent = 2633.363; children = 141.924
Synthesis current peak Virtual Memory [VSS] (MB): peak = 4552.777; parent = 3583.016; children = 969.762
---------------------------------------------------------------------------------
---------------------------------------------------------------------------------
Start Renaming Generated Nets
---------------------------------------------------------------------------------
---------------------------------------------------------------------------------
Finished Renaming Generated Nets : Time (s): cpu = 00:00:18 ; elapsed = 00:00:21 . Memory (MB): peak = 3583.012 ; gain = 851.934 ; free physical = 10500 ; free virtual = 14308
Synthesis current peak Physical Memory [PSS] (MB): peak = 2775.284; parent = 2633.363; children = 141.924
Synthesis current peak Virtual Memory [VSS] (MB): peak = 4552.777; parent = 3583.016; children = 969.762
---------------------------------------------------------------------------------
---------------------------------------------------------------------------------
Start Writing Synthesis Report
---------------------------------------------------------------------------------

Report BlackBoxes: 
+-+--------------+----------+
| |BlackBox name |Instances |
+-+--------------+----------+
+-+--------------+----------+

Report Cell Usage: 
+-+-----+------+
| |Cell |Count |
+-+-----+------+
+-+-----+------+
---------------------------------------------------------------------------------
Finished Writing Synthesis Report : Time (s): cpu = 00:00:18 ; elapsed = 00:00:21 . Memory (MB): peak = 3583.012 ; gain = 851.934 ; free physical = 10509 ; free virtual = 14318
Synthesis current peak Physical Memory [PSS] (MB): peak = 2775.284; parent = 2633.363; children = 141.924
Synthesis current peak Virtual Memory [VSS] (MB): peak = 4552.777; parent = 3583.016; children = 969.762
---------------------------------------------------------------------------------
Synthesis finished with 0 errors, 0 critical warnings and 1 warnings.
Synthesis Optimization Runtime : Time (s): cpu = 00:00:17 ; elapsed = 00:00:19 . Memory (MB): peak = 3583.012 ; gain = 816.211 ; free physical = 10484 ; free virtual = 14292
Synthesis Optimization Complete : Time (s): cpu = 00:00:18 ; elapsed = 00:00:21 . Memory (MB): peak = 3583.020 ; gain = 851.934 ; free physical = 10447 ; free virtual = 14256
INFO: [Project 1-571] Translating synthesized netlist
Netlist sorting complete. Time (s): cpu = 00:00:00 ; elapsed = 00:00:00.01 . Memory (MB): peak = 3583.020 ; gain = 0.000 ; free physical = 10428 ; free virtual = 14237
INFO: [Project 1-570] Preparing netlist for logic optimization
INFO: [Opt 31-138] Pushed 0 inverter(s) to 0 load pin(s).
Netlist sorting complete. Time (s): cpu = 00:00:00 ; elapsed = 00:00:00 . Memory (MB): peak = 3660.332 ; gain = 0.000 ; free physical = 9970 ; free virtual = 13779
INFO: [Project 1-111] Unisim Transformation Summary:
No Unisim elements were transformed.

Synth Design complete, checksum: 2b6febdf
INFO: [Common 17-83] Releasing license: Synthesis
28 Infos, 6 Warnings, 0 Critical Warnings and 0 Errors encountered.
synth_design completed successfully
synth_design: Time (s): cpu = 00:00:27 ; elapsed = 00:00:28 . Memory (MB): peak = 3660.332 ; gain = 2244.035 ; free physical = 10133 ; free virtual = 13941
INFO: [Common 17-600] The following parameters have non-default value.
general.maxThreads
INFO: [Common 17-1381] The checkpoint '/home/advent/Desktop/RC19/_x/link/vivado/vpl/prj/prj.runs/bd_22c0_aclk_kernel_01_adapt_0_synth_1/bd_22c0_aclk_kernel_01_adapt_0.dcp' has been generated.
INFO: [Coretcl 2-1648] Added synthesis output to IP cache for IP bd_22c0_aclk_kernel_01_adapt_0, cache-ID = 0f259a6647bf3d2b
INFO: [Common 17-1381] The checkpoint '/home/advent/Desktop/RC19/_x/link/vivado/vpl/prj/prj.runs/bd_22c0_aclk_kernel_01_adapt_0_synth_1/bd_22c0_aclk_kernel_01_adapt_0.dcp' has been generated.
INFO: [runtcl-4] Executing : report_utilization -file bd_22c0_aclk_kernel_01_adapt_0_utilization_synth.rpt -pb bd_22c0_aclk_kernel_01_adapt_0_utilization_synth.pb
INFO: [Common 17-206] Exiting Vivado at Mon Apr 27 18:50:32 2026...
