
*** Running vivado
    with args -log bd_22c0_frequency_counter_aclk_0.vds -m64 -product Vivado -mode batch -messageDb vivado.pb -notrace -source bd_22c0_frequency_counter_aclk_0.tcl


****** Vivado v2022.2 (64-bit)
  **** SW Build 3671981 on Fri Oct 14 04:59:54 MDT 2022
  **** IP Build 3669848 on Fri Oct 14 08:30:02 MDT 2022
    ** Copyright 1986-2022 Xilinx, Inc. All Rights Reserved.

source bd_22c0_frequency_counter_aclk_0.tcl -notrace
INFO: Dispatch client connection id - 37729
create_project: Time (s): cpu = 00:00:05 ; elapsed = 00:00:06 . Memory (MB): peak = 1414.547 ; gain = 0.023 ; free physical = 8740 ; free virtual = 13250
INFO: [IP_Flow 19-234] Refreshing IP repositories
INFO: [IP_Flow 19-1700] Loaded user IP repository '/home/advent/Desktop/RC19/_x/link/int/xo/ip_repo/xilinx_com_hls_softmax_u55c_kernel_1_0'.
INFO: [IP_Flow 19-1700] Loaded user IP repository '/home/advent/Desktop/RC19/_x/link/int/xo/ip_repo/xilinx_com_hls_attention_score_u55c_kernel_1_0'.
INFO: [IP_Flow 19-1700] Loaded user IP repository '/home/advent/Desktop/RC19/_x/link/int/xo/ip_repo/xilinx_com_hls_causal_mask_u55c_kernel_1_0'.
INFO: [IP_Flow 19-1700] Loaded user IP repository '/home/advent/Desktop/RC19/_x/link/int/xo/ip_repo/xilinx_com_hls_score_scale_u55c_kernel_1_0'.
INFO: [IP_Flow 19-1700] Loaded user IP repository '/home/advent/Desktop/RC19/_x/link/vivado/vpl/.local/hw_platform/iprepo'.
INFO: [IP_Flow 19-1700] Loaded user IP repository '/home/advent/Desktop/RC19/_x/link/vivado/vpl/.local/hw_platform/ipcache'.
INFO: [IP_Flow 19-1700] Loaded user IP repository '/home/advent/Vivado/Vitis/2022.2/data/ip'.
INFO: [IP_Flow 19-2313] Loaded Vivado IP repository '/home/advent/Vivado/Vivado/2022.2/data/ip'.
WARNING: [IP_Flow 19-1663] Duplicate IP found for 'xilinx.com:ip:clk_metadata_adapter:1.0'. The one found in IP location '/home/advent/Desktop/RC19/_x/link/vivado/vpl/.local/hw_platform/iprepo/ipdefs/pxi_ii_infra/clk_metadata_adapter_v1_0' will take precedence over the same IP in location /home/advent/Desktop/RC19/_x/link/vivado/vpl/.local/hw_platform/iprepo/ipdefs/other_ipdefs/clk_metadata_adapter_v1_0
WARNING: [IP_Flow 19-1663] Duplicate IP found for 'xilinx.com:ip:pipeline_reg:1.0'. The one found in IP location '/home/advent/Desktop/RC19/_x/link/vivado/vpl/.local/hw_platform/iprepo/ipdefs/pxi_ii_infra/pipeline_reg_v1_0' will take precedence over the same IP in location /home/advent/Desktop/RC19/_x/link/vivado/vpl/.local/hw_platform/iprepo/ipdefs/other_ipdefs/pipeline_reg_v1_0
WARNING: [IP_Flow 19-1663] Duplicate IP found for 'xilinx.com:ip:axi_clk_metadata_adapter:1.0'. The one found in IP location '/home/advent/Desktop/RC19/_x/link/vivado/vpl/.local/hw_platform/iprepo/ipdefs/other_ipdefs/axi_clk_metadata_adapter_v1_0' will take precedence over the same IP in location /home/advent/Desktop/RC19/_x/link/vivado/vpl/.local/hw_platform/iprepo/ipdefs/pxi_ii_infra/axi_clk_metadata_adapter_v1_0
WARNING: [IP_Flow 19-1663] Duplicate IP found for 'xilinx.com:ip:shell_utils_build_info:1.0'. The one found in IP location '/home/advent/Desktop/RC19/_x/link/vivado/vpl/.local/hw_platform/iprepo/ipdefs/other_ipdefs/shell_utils_build_info_v1_0' will take precedence over the same IP in the Xilinx installed IP.
WARNING: [IP_Flow 19-1663] Duplicate IP found for 'xilinx.com:ip:axis_clk_metadata_adapter:1.0'. The one found in IP location '/home/advent/Desktop/RC19/_x/link/vivado/vpl/.local/hw_platform/iprepo/ipdefs/other_ipdefs/axis_clk_metadata_adapter_v1_0' will take precedence over the same IP in location /home/advent/Desktop/RC19/_x/link/vivado/vpl/.local/hw_platform/iprepo/ipdefs/pxi_ii_infra/axis_clk_metadata_adapter_v1_0
INFO: [IP_Flow 19-6924] IPCACHE: Running cache check for IP inst: bd_22c0_frequency_counter_aclk_0
Command: synth_design -top bd_22c0_frequency_counter_aclk_0 -part xcu55c-fsvh2892-2L-e -incremental_mode off -mode out_of_context
Starting synth_design
Attempting to get a license for feature 'Synthesis' and/or device 'xcu55c'
INFO: [Common 17-349] Got license for feature 'Synthesis' and/or device 'xcu55c'
INFO: [Device 21-403] Loading part xcu55c-fsvh2892-2L-e
INFO: [Synth 8-7079] Multithreading enabled for synth_design using a maximum of 1 processes.
INFO: [Synth 8-7078] Launching helper process for spawning children vivado processes
INFO: [Synth 8-7075] Helper process launched with PID 66641
INFO: [Synth 8-11241] undeclared symbol 'REGCCE', assumed default net type 'wire' [/home/advent/Vivado/Vivado/2022.2/data/verilog/src/unimacro/BRAM_SINGLE_MACRO.v:2170]
---------------------------------------------------------------------------------
Starting RTL Elaboration : Time (s): cpu = 00:00:05 ; elapsed = 00:00:05 . Memory (MB): peak = 3086.094 ; gain = 355.766 ; free physical = 1921 ; free virtual = 6516
Synthesis current peak Physical Memory [PSS] (MB): peak = 2283.935; parent = 2152.563; children = 131.371
Synthesis current peak Virtual Memory [VSS] (MB): peak = 4068.762; parent = 3092.035; children = 976.727
---------------------------------------------------------------------------------
INFO: [Synth 8-6157] synthesizing module 'bd_22c0_frequency_counter_aclk_0' [/home/advent/Desktop/RC19/_x/link/vivado/vpl/prj/prj.gen/my_rm/bd/ulp/ip/ulp_ulp_ucs_0/bd_0/ip/ip_52/synth/bd_22c0_frequency_counter_aclk_0.v:53]
INFO: [Synth 8-6157] synthesizing module 'shell_utils_frequency_counter_v1_0_0' [/home/advent/Desktop/RC19/_x/link/vivado/vpl/prj/prj.gen/my_rm/bd/ulp/ipshared/26b2/hdl/shell_utils_frequency_counter_v1_0_rfs.v:54]
INFO: [Synth 8-6157] synthesizing module 'xpm_cdc_async_rst' [/home/advent/Vivado/Vivado/2022.2/data/ip/xpm/xpm_cdc/hdl/xpm_cdc.sv:1174]
INFO: [Synth 8-6155] done synthesizing module 'xpm_cdc_async_rst' (0#1) [/home/advent/Vivado/Vivado/2022.2/data/ip/xpm/xpm_cdc/hdl/xpm_cdc.sv:1174]
INFO: [Synth 8-6157] synthesizing module 'xpm_cdc_array_single' [/home/advent/Vivado/Vivado/2022.2/data/ip/xpm/xpm_cdc/hdl/xpm_cdc.sv:902]
INFO: [Synth 8-6155] done synthesizing module 'xpm_cdc_array_single' (0#1) [/home/advent/Vivado/Vivado/2022.2/data/ip/xpm/xpm_cdc/hdl/xpm_cdc.sv:902]
INFO: [Synth 8-6157] synthesizing module 'xpm_cdc_array_single__parameterized0' [/home/advent/Vivado/Vivado/2022.2/data/ip/xpm/xpm_cdc/hdl/xpm_cdc.sv:902]
INFO: [Synth 8-6155] done synthesizing module 'xpm_cdc_array_single__parameterized0' (0#1) [/home/advent/Vivado/Vivado/2022.2/data/ip/xpm/xpm_cdc/hdl/xpm_cdc.sv:902]
INFO: [Synth 8-155] case statement is not full and has no default [/home/advent/Desktop/RC19/_x/link/vivado/vpl/prj/prj.gen/my_rm/bd/ulp/ipshared/26b2/hdl/shell_utils_frequency_counter_v1_0_rfs.v:187]
INFO: [Synth 8-155] case statement is not full and has no default [/home/advent/Desktop/RC19/_x/link/vivado/vpl/prj/prj.gen/my_rm/bd/ulp/ipshared/26b2/hdl/shell_utils_frequency_counter_v1_0_rfs.v:234]
INFO: [Synth 8-6155] done synthesizing module 'shell_utils_frequency_counter_v1_0_0' (0#1) [/home/advent/Desktop/RC19/_x/link/vivado/vpl/prj/prj.gen/my_rm/bd/ulp/ipshared/26b2/hdl/shell_utils_frequency_counter_v1_0_rfs.v:54]
INFO: [Synth 8-6155] done synthesizing module 'bd_22c0_frequency_counter_aclk_0' (0#1) [/home/advent/Desktop/RC19/_x/link/vivado/vpl/prj/prj.gen/my_rm/bd/ulp/ip/ulp_ulp_ucs_0/bd_0/ip/ip_52/synth/bd_22c0_frequency_counter_aclk_0.v:53]
WARNING: [Synth 8-7129] Port src_clk in module xpm_cdc_array_single__parameterized0 is either unconnected or has no load
WARNING: [Synth 8-7129] Port src_clk in module xpm_cdc_array_single is either unconnected or has no load
WARNING: [Synth 8-7129] Port s_axi_awaddr[31] in module shell_utils_frequency_counter_v1_0_0 is either unconnected or has no load
WARNING: [Synth 8-7129] Port s_axi_awaddr[30] in module shell_utils_frequency_counter_v1_0_0 is either unconnected or has no load
WARNING: [Synth 8-7129] Port s_axi_awaddr[29] in module shell_utils_frequency_counter_v1_0_0 is either unconnected or has no load
WARNING: [Synth 8-7129] Port s_axi_awaddr[28] in module shell_utils_frequency_counter_v1_0_0 is either unconnected or has no load
WARNING: [Synth 8-7129] Port s_axi_awaddr[27] in module shell_utils_frequency_counter_v1_0_0 is either unconnected or has no load
WARNING: [Synth 8-7129] Port s_axi_awaddr[26] in module shell_utils_frequency_counter_v1_0_0 is either unconnected or has no load
WARNING: [Synth 8-7129] Port s_axi_awaddr[25] in module shell_utils_frequency_counter_v1_0_0 is either unconnected or has no load
WARNING: [Synth 8-7129] Port s_axi_awaddr[24] in module shell_utils_frequency_counter_v1_0_0 is either unconnected or has no load
WARNING: [Synth 8-7129] Port s_axi_awaddr[23] in module shell_utils_frequency_counter_v1_0_0 is either unconnected or has no load
WARNING: [Synth 8-7129] Port s_axi_awaddr[22] in module shell_utils_frequency_counter_v1_0_0 is either unconnected or has no load
WARNING: [Synth 8-7129] Port s_axi_awaddr[21] in module shell_utils_frequency_counter_v1_0_0 is either unconnected or has no load
WARNING: [Synth 8-7129] Port s_axi_awaddr[20] in module shell_utils_frequency_counter_v1_0_0 is either unconnected or has no load
WARNING: [Synth 8-7129] Port s_axi_awaddr[19] in module shell_utils_frequency_counter_v1_0_0 is either unconnected or has no load
WARNING: [Synth 8-7129] Port s_axi_awaddr[18] in module shell_utils_frequency_counter_v1_0_0 is either unconnected or has no load
WARNING: [Synth 8-7129] Port s_axi_awaddr[17] in module shell_utils_frequency_counter_v1_0_0 is either unconnected or has no load
WARNING: [Synth 8-7129] Port s_axi_awaddr[16] in module shell_utils_frequency_counter_v1_0_0 is either unconnected or has no load
WARNING: [Synth 8-7129] Port s_axi_awaddr[15] in module shell_utils_frequency_counter_v1_0_0 is either unconnected or has no load
WARNING: [Synth 8-7129] Port s_axi_awaddr[14] in module shell_utils_frequency_counter_v1_0_0 is either unconnected or has no load
WARNING: [Synth 8-7129] Port s_axi_awaddr[13] in module shell_utils_frequency_counter_v1_0_0 is either unconnected or has no load
WARNING: [Synth 8-7129] Port s_axi_awaddr[12] in module shell_utils_frequency_counter_v1_0_0 is either unconnected or has no load
WARNING: [Synth 8-7129] Port s_axi_awaddr[11] in module shell_utils_frequency_counter_v1_0_0 is either unconnected or has no load
WARNING: [Synth 8-7129] Port s_axi_awaddr[10] in module shell_utils_frequency_counter_v1_0_0 is either unconnected or has no load
WARNING: [Synth 8-7129] Port s_axi_awaddr[9] in module shell_utils_frequency_counter_v1_0_0 is either unconnected or has no load
WARNING: [Synth 8-7129] Port s_axi_awaddr[8] in module shell_utils_frequency_counter_v1_0_0 is either unconnected or has no load
WARNING: [Synth 8-7129] Port s_axi_awaddr[7] in module shell_utils_frequency_counter_v1_0_0 is either unconnected or has no load
WARNING: [Synth 8-7129] Port s_axi_awaddr[6] in module shell_utils_frequency_counter_v1_0_0 is either unconnected or has no load
WARNING: [Synth 8-7129] Port s_axi_awaddr[5] in module shell_utils_frequency_counter_v1_0_0 is either unconnected or has no load
WARNING: [Synth 8-7129] Port s_axi_awaddr[4] in module shell_utils_frequency_counter_v1_0_0 is either unconnected or has no load
WARNING: [Synth 8-7129] Port s_axi_wdata[31] in module shell_utils_frequency_counter_v1_0_0 is either unconnected or has no load
WARNING: [Synth 8-7129] Port s_axi_wdata[30] in module shell_utils_frequency_counter_v1_0_0 is either unconnected or has no load
WARNING: [Synth 8-7129] Port s_axi_wdata[29] in module shell_utils_frequency_counter_v1_0_0 is either unconnected or has no load
WARNING: [Synth 8-7129] Port s_axi_wdata[28] in module shell_utils_frequency_counter_v1_0_0 is either unconnected or has no load
WARNING: [Synth 8-7129] Port s_axi_wdata[27] in module shell_utils_frequency_counter_v1_0_0 is either unconnected or has no load
WARNING: [Synth 8-7129] Port s_axi_wdata[26] in module shell_utils_frequency_counter_v1_0_0 is either unconnected or has no load
WARNING: [Synth 8-7129] Port s_axi_wdata[25] in module shell_utils_frequency_counter_v1_0_0 is either unconnected or has no load
WARNING: [Synth 8-7129] Port s_axi_wdata[24] in module shell_utils_frequency_counter_v1_0_0 is either unconnected or has no load
WARNING: [Synth 8-7129] Port s_axi_wdata[23] in module shell_utils_frequency_counter_v1_0_0 is either unconnected or has no load
WARNING: [Synth 8-7129] Port s_axi_wdata[22] in module shell_utils_frequency_counter_v1_0_0 is either unconnected or has no load
WARNING: [Synth 8-7129] Port s_axi_wdata[21] in module shell_utils_frequency_counter_v1_0_0 is either unconnected or has no load
WARNING: [Synth 8-7129] Port s_axi_wdata[20] in module shell_utils_frequency_counter_v1_0_0 is either unconnected or has no load
WARNING: [Synth 8-7129] Port s_axi_wdata[19] in module shell_utils_frequency_counter_v1_0_0 is either unconnected or has no load
WARNING: [Synth 8-7129] Port s_axi_wdata[18] in module shell_utils_frequency_counter_v1_0_0 is either unconnected or has no load
WARNING: [Synth 8-7129] Port s_axi_wdata[17] in module shell_utils_frequency_counter_v1_0_0 is either unconnected or has no load
WARNING: [Synth 8-7129] Port s_axi_wdata[16] in module shell_utils_frequency_counter_v1_0_0 is either unconnected or has no load
WARNING: [Synth 8-7129] Port s_axi_wdata[15] in module shell_utils_frequency_counter_v1_0_0 is either unconnected or has no load
WARNING: [Synth 8-7129] Port s_axi_wdata[14] in module shell_utils_frequency_counter_v1_0_0 is either unconnected or has no load
WARNING: [Synth 8-7129] Port s_axi_wdata[13] in module shell_utils_frequency_counter_v1_0_0 is either unconnected or has no load
WARNING: [Synth 8-7129] Port s_axi_wdata[12] in module shell_utils_frequency_counter_v1_0_0 is either unconnected or has no load
WARNING: [Synth 8-7129] Port s_axi_wdata[11] in module shell_utils_frequency_counter_v1_0_0 is either unconnected or has no load
WARNING: [Synth 8-7129] Port s_axi_wdata[10] in module shell_utils_frequency_counter_v1_0_0 is either unconnected or has no load
WARNING: [Synth 8-7129] Port s_axi_wdata[9] in module shell_utils_frequency_counter_v1_0_0 is either unconnected or has no load
WARNING: [Synth 8-7129] Port s_axi_wdata[8] in module shell_utils_frequency_counter_v1_0_0 is either unconnected or has no load
WARNING: [Synth 8-7129] Port s_axi_wdata[7] in module shell_utils_frequency_counter_v1_0_0 is either unconnected or has no load
WARNING: [Synth 8-7129] Port s_axi_wdata[6] in module shell_utils_frequency_counter_v1_0_0 is either unconnected or has no load
WARNING: [Synth 8-7129] Port s_axi_wdata[5] in module shell_utils_frequency_counter_v1_0_0 is either unconnected or has no load
WARNING: [Synth 8-7129] Port s_axi_wdata[4] in module shell_utils_frequency_counter_v1_0_0 is either unconnected or has no load
WARNING: [Synth 8-7129] Port s_axi_wdata[3] in module shell_utils_frequency_counter_v1_0_0 is either unconnected or has no load
WARNING: [Synth 8-7129] Port s_axi_wdata[2] in module shell_utils_frequency_counter_v1_0_0 is either unconnected or has no load
WARNING: [Synth 8-7129] Port s_axi_wdata[1] in module shell_utils_frequency_counter_v1_0_0 is either unconnected or has no load
WARNING: [Synth 8-7129] Port s_axi_wstrb[3] in module shell_utils_frequency_counter_v1_0_0 is either unconnected or has no load
WARNING: [Synth 8-7129] Port s_axi_wstrb[2] in module shell_utils_frequency_counter_v1_0_0 is either unconnected or has no load
WARNING: [Synth 8-7129] Port s_axi_wstrb[1] in module shell_utils_frequency_counter_v1_0_0 is either unconnected or has no load
WARNING: [Synth 8-7129] Port s_axi_wstrb[0] in module shell_utils_frequency_counter_v1_0_0 is either unconnected or has no load
WARNING: [Synth 8-7129] Port s_axi_araddr[31] in module shell_utils_frequency_counter_v1_0_0 is either unconnected or has no load
WARNING: [Synth 8-7129] Port s_axi_araddr[30] in module shell_utils_frequency_counter_v1_0_0 is either unconnected or has no load
WARNING: [Synth 8-7129] Port s_axi_araddr[29] in module shell_utils_frequency_counter_v1_0_0 is either unconnected or has no load
WARNING: [Synth 8-7129] Port s_axi_araddr[28] in module shell_utils_frequency_counter_v1_0_0 is either unconnected or has no load
WARNING: [Synth 8-7129] Port s_axi_araddr[27] in module shell_utils_frequency_counter_v1_0_0 is either unconnected or has no load
WARNING: [Synth 8-7129] Port s_axi_araddr[26] in module shell_utils_frequency_counter_v1_0_0 is either unconnected or has no load
WARNING: [Synth 8-7129] Port s_axi_araddr[25] in module shell_utils_frequency_counter_v1_0_0 is either unconnected or has no load
WARNING: [Synth 8-7129] Port s_axi_araddr[24] in module shell_utils_frequency_counter_v1_0_0 is either unconnected or has no load
WARNING: [Synth 8-7129] Port s_axi_araddr[23] in module shell_utils_frequency_counter_v1_0_0 is either unconnected or has no load
WARNING: [Synth 8-7129] Port s_axi_araddr[22] in module shell_utils_frequency_counter_v1_0_0 is either unconnected or has no load
WARNING: [Synth 8-7129] Port s_axi_araddr[21] in module shell_utils_frequency_counter_v1_0_0 is either unconnected or has no load
WARNING: [Synth 8-7129] Port s_axi_araddr[20] in module shell_utils_frequency_counter_v1_0_0 is either unconnected or has no load
WARNING: [Synth 8-7129] Port s_axi_araddr[19] in module shell_utils_frequency_counter_v1_0_0 is either unconnected or has no load
WARNING: [Synth 8-7129] Port s_axi_araddr[18] in module shell_utils_frequency_counter_v1_0_0 is either unconnected or has no load
WARNING: [Synth 8-7129] Port s_axi_araddr[17] in module shell_utils_frequency_counter_v1_0_0 is either unconnected or has no load
WARNING: [Synth 8-7129] Port s_axi_araddr[16] in module shell_utils_frequency_counter_v1_0_0 is either unconnected or has no load
WARNING: [Synth 8-7129] Port s_axi_araddr[15] in module shell_utils_frequency_counter_v1_0_0 is either unconnected or has no load
WARNING: [Synth 8-7129] Port s_axi_araddr[14] in module shell_utils_frequency_counter_v1_0_0 is either unconnected or has no load
WARNING: [Synth 8-7129] Port s_axi_araddr[13] in module shell_utils_frequency_counter_v1_0_0 is either unconnected or has no load
WARNING: [Synth 8-7129] Port s_axi_araddr[12] in module shell_utils_frequency_counter_v1_0_0 is either unconnected or has no load
WARNING: [Synth 8-7129] Port s_axi_araddr[11] in module shell_utils_frequency_counter_v1_0_0 is either unconnected or has no load
WARNING: [Synth 8-7129] Port s_axi_araddr[10] in module shell_utils_frequency_counter_v1_0_0 is either unconnected or has no load
WARNING: [Synth 8-7129] Port s_axi_araddr[9] in module shell_utils_frequency_counter_v1_0_0 is either unconnected or has no load
WARNING: [Synth 8-7129] Port s_axi_araddr[8] in module shell_utils_frequency_counter_v1_0_0 is either unconnected or has no load
WARNING: [Synth 8-7129] Port s_axi_araddr[7] in module shell_utils_frequency_counter_v1_0_0 is either unconnected or has no load
WARNING: [Synth 8-7129] Port s_axi_araddr[6] in module shell_utils_frequency_counter_v1_0_0 is either unconnected or has no load
WARNING: [Synth 8-7129] Port s_axi_araddr[5] in module shell_utils_frequency_counter_v1_0_0 is either unconnected or has no load
WARNING: [Synth 8-7129] Port test_clk2 in module shell_utils_frequency_counter_v1_0_0 is either unconnected or has no load
WARNING: [Synth 8-7129] Port test_clk3 in module shell_utils_frequency_counter_v1_0_0 is either unconnected or has no load
---------------------------------------------------------------------------------
Finished RTL Elaboration : Time (s): cpu = 00:00:06 ; elapsed = 00:00:07 . Memory (MB): peak = 3160.000 ; gain = 429.672 ; free physical = 1596 ; free virtual = 6195
Synthesis current peak Physical Memory [PSS] (MB): peak = 2283.935; parent = 2152.563; children = 131.371
Synthesis current peak Virtual Memory [VSS] (MB): peak = 4136.730; parent = 3160.004; children = 976.727
---------------------------------------------------------------------------------
---------------------------------------------------------------------------------
Start Handling Custom Attributes
---------------------------------------------------------------------------------
---------------------------------------------------------------------------------
Finished Handling Custom Attributes : Time (s): cpu = 00:00:06 ; elapsed = 00:00:07 . Memory (MB): peak = 3177.812 ; gain = 447.484 ; free physical = 1550 ; free virtual = 6150
Synthesis current peak Physical Memory [PSS] (MB): peak = 2283.935; parent = 2152.563; children = 131.371
Synthesis current peak Virtual Memory [VSS] (MB): peak = 4154.543; parent = 3177.816; children = 976.727
---------------------------------------------------------------------------------
---------------------------------------------------------------------------------
Finished RTL Optimization Phase 1 : Time (s): cpu = 00:00:06 ; elapsed = 00:00:07 . Memory (MB): peak = 3177.812 ; gain = 447.484 ; free physical = 1533 ; free virtual = 6132
Synthesis current peak Physical Memory [PSS] (MB): peak = 2283.935; parent = 2152.563; children = 131.371
Synthesis current peak Virtual Memory [VSS] (MB): peak = 4154.543; parent = 3177.816; children = 976.727
---------------------------------------------------------------------------------
Netlist sorting complete. Time (s): cpu = 00:00:00 ; elapsed = 00:00:00 . Memory (MB): peak = 3177.812 ; gain = 0.000 ; free physical = 1490 ; free virtual = 6090
INFO: [Project 1-570] Preparing netlist for logic optimization

Processing XDC Constraints
Initializing timing engine
Parsing XDC File [/home/advent/Desktop/RC19/_x/link/vivado/vpl/prj/prj.gen/my_rm/bd/ulp/ip/ulp_ulp_ucs_0/bd_0/ip/ip_52/bd_22c0_frequency_counter_aclk_0_ooc.xdc] for cell 'inst'
0V85_VCCINT { VCCINT }  -supply_current_budget  100.000 A -voltage  0.850 V -direct
0V85_VCCINT_IO { VCCINT_IO VCCBRAM }  -supply_current_budget  30.000 A -voltage  0.850 V -direct
0V9_AVCC { MGTYAVCC }  -supply_current_budget  0.000 A -voltage  0.900 V -direct
1V2_AVTT { MGTYAVTT }  -supply_current_budget  0.000 A -voltage  1.200 V -direct
1V2_HBM { VCC_HBM }  -supply_current_budget  0.000 A -voltage  1.200 V -direct
1V8 { VCCAUX VCCAUX_IO MGTYVCCAUX VCCO18 VCCADC }  -supply_current_budget  4.000 A -voltage  1.800 V -direct
2V5_VPP { VCCAUX_HBM }  -supply_current_budget  0.300 A -voltage  2.500 V -direct
Finished Parsing XDC File [/home/advent/Desktop/RC19/_x/link/vivado/vpl/prj/prj.gen/my_rm/bd/ulp/ip/ulp_ulp_ucs_0/bd_0/ip/ip_52/bd_22c0_frequency_counter_aclk_0_ooc.xdc] for cell 'inst'
Parsing XDC File [/home/advent/Desktop/RC19/_x/link/vivado/vpl/prj/prj.runs/bd_22c0_frequency_counter_aclk_0_synth_1/dont_touch.xdc]
Finished Parsing XDC File [/home/advent/Desktop/RC19/_x/link/vivado/vpl/prj/prj.runs/bd_22c0_frequency_counter_aclk_0_synth_1/dont_touch.xdc]
INFO: [Project 1-236] Implementation specific constraints were found while reading constraint file [/home/advent/Vivado/Vivado/2022.2/data/ip/xpm/xpm_cdc/tcl/xpm_cdc_array_single.tcl]. These constraints will be ignored for synthesis but will be used in implementation. Impacted constraints are listed in the file [.Xil/bd_22c0_frequency_counter_aclk_0_propImpl.xdc].
Resolution: To avoid this warning, move constraints listed in [.Xil/bd_22c0_frequency_counter_aclk_0_propImpl.xdc] to another XDC file and exclude this new file from synthesis with the used_in_synthesis property (File Properties dialog in GUI) and re-run elaboration/synthesis.
INFO: [Project 1-1714] 6 XPM XDC files have been applied to the design.
Completed Processing XDC Constraints

Netlist sorting complete. Time (s): cpu = 00:00:00 ; elapsed = 00:00:00 . Memory (MB): peak = 3297.379 ; gain = 0.000 ; free physical = 1314 ; free virtual = 5909
INFO: [Project 1-111] Unisim Transformation Summary:
No Unisim elements were transformed.

Constraint Validation Runtime : Time (s): cpu = 00:00:00.01 ; elapsed = 00:00:00.01 . Memory (MB): peak = 3297.379 ; gain = 0.000 ; free physical = 1332 ; free virtual = 5927
INFO: [Designutils 20-5008] Incremental synthesis strategy off
INFO: [Synth 8-11241] undeclared symbol 'REGCCE', assumed default net type 'wire' [/home/advent/Vivado/Vivado/2022.2/data/verilog/src/unimacro/BRAM_SINGLE_MACRO.v:2170]
---------------------------------------------------------------------------------
Finished Constraint Validation : Time (s): cpu = 00:00:14 ; elapsed = 00:00:15 . Memory (MB): peak = 3297.379 ; gain = 567.051 ; free physical = 6829 ; free virtual = 11430
Synthesis current peak Physical Memory [PSS] (MB): peak = 2317.214; parent = 2184.465; children = 138.087
Synthesis current peak Virtual Memory [VSS] (MB): peak = 4274.109; parent = 3297.383; children = 976.727
---------------------------------------------------------------------------------
---------------------------------------------------------------------------------
Start Loading Part and Timing Information
---------------------------------------------------------------------------------
Loading part: xcu55c-fsvh2892-2L-e
INFO: [Synth 8-6742] Reading net delay rules and data
---------------------------------------------------------------------------------
Finished Loading Part and Timing Information : Time (s): cpu = 00:00:14 ; elapsed = 00:00:15 . Memory (MB): peak = 3297.379 ; gain = 567.051 ; free physical = 7866 ; free virtual = 12466
Synthesis current peak Physical Memory [PSS] (MB): peak = 2317.214; parent = 2184.465; children = 140.037
Synthesis current peak Virtual Memory [VSS] (MB): peak = 4274.109; parent = 3297.383; children = 976.727
---------------------------------------------------------------------------------
---------------------------------------------------------------------------------
Start Applying 'set_property' XDC Constraints
---------------------------------------------------------------------------------
Applied set_property KEEP_HIERARCHY = SOFT for inst. (constraint file  /home/advent/Desktop/RC19/_x/link/vivado/vpl/prj/prj.runs/bd_22c0_frequency_counter_aclk_0_synth_1/dont_touch.xdc, line 6).
Applied set_property KEEP_HIERARCHY = SOFT for inst/\CLKS[0].cdc_done . (constraint file  auto generated constraint).
Applied set_property KEEP_HIERARCHY = SOFT for inst/\CLKS[1].cdc_done . (constraint file  auto generated constraint).
Applied set_property KEEP_HIERARCHY = SOFT for inst/\CLKS[0].cdc_test_clk0_cntr . (constraint file  auto generated constraint).
Applied set_property KEEP_HIERARCHY = SOFT for inst/\CLKS[1].cdc_test_clk0_cntr . (constraint file  auto generated constraint).
Applied set_property KEEP_HIERARCHY = SOFT for inst/\CLKS[0].cdc_rst_cn0 . (constraint file  auto generated constraint).
Applied set_property KEEP_HIERARCHY = SOFT for inst/\CLKS[1].cdc_rst_cn0 . (constraint file  auto generated constraint).
---------------------------------------------------------------------------------
Finished applying 'set_property' XDC Constraints : Time (s): cpu = 00:00:14 ; elapsed = 00:00:15 . Memory (MB): peak = 3297.379 ; gain = 567.051 ; free physical = 8954 ; free virtual = 13554
Synthesis current peak Physical Memory [PSS] (MB): peak = 2317.214; parent = 2184.465; children = 142.832
Synthesis current peak Virtual Memory [VSS] (MB): peak = 4274.109; parent = 3297.383; children = 976.727
---------------------------------------------------------------------------------
INFO: [Synth 8-802] inferred FSM for state register 'state_write_reg' in module 'shell_utils_frequency_counter_v1_0_0'
INFO: [Synth 8-802] inferred FSM for state register 'state_read_reg' in module 'shell_utils_frequency_counter_v1_0_0'
---------------------------------------------------------------------------------------------------
                   State |                     New Encoding |                Previous Encoding 
---------------------------------------------------------------------------------------------------
*
              IDLE_WRITE |                              001 |                              001
   WAIT_FOR_WVALID_WRITE |                              010 |                              010
   WAIT_FOR_BREADY_WRITE |                              100 |                              100
---------------------------------------------------------------------------------------------------
INFO: [Synth 8-3898] No Re-encoding of one hot register 'state_write_reg' in module 'shell_utils_frequency_counter_v1_0_0'
---------------------------------------------------------------------------------------------------
                   State |                     New Encoding |                Previous Encoding 
---------------------------------------------------------------------------------------------------
*
               IDLE_READ |                               01 |                               01
    WAIT_FOR_RVALID_READ |                               10 |                               10
---------------------------------------------------------------------------------------------------
INFO: [Synth 8-3898] No Re-encoding of one hot register 'state_read_reg' in module 'shell_utils_frequency_counter_v1_0_0'
---------------------------------------------------------------------------------
Finished RTL Optimization Phase 2 : Time (s): cpu = 00:00:14 ; elapsed = 00:00:15 . Memory (MB): peak = 3297.379 ; gain = 567.051 ; free physical = 8906 ; free virtual = 13507
Synthesis current peak Physical Memory [PSS] (MB): peak = 2317.214; parent = 2184.465; children = 142.832
Synthesis current peak Virtual Memory [VSS] (MB): peak = 4274.109; parent = 3297.383; children = 976.727
---------------------------------------------------------------------------------
---------------------------------------------------------------------------------
Start RTL Component Statistics 
---------------------------------------------------------------------------------
Detailed RTL Component Info : 
+---Registers : 
	               32 Bit    Registers := 5     
	                4 Bit    Registers := 2     
	                3 Bit    Registers := 2     
	                2 Bit    Registers := 1     
	                1 Bit    Registers := 14    
+---Muxes : 
	   4 Input    3 Bit        Muxes := 1     
	   3 Input    2 Bit        Muxes := 1     
	   4 Input    1 Bit        Muxes := 6     
	   3 Input    1 Bit        Muxes := 4     
	   2 Input    1 Bit        Muxes := 1     
---------------------------------------------------------------------------------
Finished RTL Component Statistics 
---------------------------------------------------------------------------------
---------------------------------------------------------------------------------
Start Part Resource Summary
---------------------------------------------------------------------------------
Part Resources:
DSPs: 9024 (col length:94)
BRAMs: 4032 (col length: RAMB18 288 RAMB36 144)
---------------------------------------------------------------------------------
Finished Part Resource Summary
---------------------------------------------------------------------------------
---------------------------------------------------------------------------------
Start Cross Boundary and Area Optimization
---------------------------------------------------------------------------------
WARNING: [Synth 8-7080] Parallel synthesis criteria is not met
WARNING: [Synth 8-7129] Port src_clk in module xpm_cdc_array_single__parameterized0 is either unconnected or has no load
WARNING: [Synth 8-7129] Port src_clk in module xpm_cdc_array_single is either unconnected or has no load
WARNING: [Synth 8-7129] Port s_axi_awaddr[31] in module shell_utils_frequency_counter_v1_0_0 is either unconnected or has no load
WARNING: [Synth 8-7129] Port s_axi_awaddr[30] in module shell_utils_frequency_counter_v1_0_0 is either unconnected or has no load
WARNING: [Synth 8-7129] Port s_axi_awaddr[29] in module shell_utils_frequency_counter_v1_0_0 is either unconnected or has no load
WARNING: [Synth 8-7129] Port s_axi_awaddr[28] in module shell_utils_frequency_counter_v1_0_0 is either unconnected or has no load
INFO: [Common 17-14] Message 'Synth 8-7129' appears 100 times and further instances of the messages will be disabled. Use the Tcl command set_msg_config to change the current settings.
---------------------------------------------------------------------------------
Finished Cross Boundary and Area Optimization : Time (s): cpu = 00:00:15 ; elapsed = 00:00:16 . Memory (MB): peak = 3297.379 ; gain = 567.051 ; free physical = 8777 ; free virtual = 13377
Synthesis current peak Physical Memory [PSS] (MB): peak = 2317.214; parent = 2184.465; children = 142.832
Synthesis current peak Virtual Memory [VSS] (MB): peak = 4274.109; parent = 3297.383; children = 976.727
---------------------------------------------------------------------------------
---------------------------------------------------------------------------------
Start Applying XDC Timing Constraints
---------------------------------------------------------------------------------
INFO: [Synth 8-5578] Moved timing constraint from pin 'inst/CLKS[0].cdc_rst_cn0/src_arst' to pin '{inst/rst_cnt_reg[0]/Q}'
INFO: [Synth 8-5578] Moved timing constraint from pin 'inst/CLKS[1].cdc_rst_cn0/src_arst' to pin '{inst/rst_cnt_reg[1]/Q}'
INFO: [Synth 8-5819] Moved 2 constraints on hierarchical pins to their respective driving/loading pins
---------------------------------------------------------------------------------
Finished Applying XDC Timing Constraints : Time (s): cpu = 00:00:23 ; elapsed = 00:00:25 . Memory (MB): peak = 3578.832 ; gain = 848.504 ; free physical = 8688 ; free virtual = 13392
Synthesis current peak Physical Memory [PSS] (MB): peak = 2776.493; parent = 2638.298; children = 142.832
Synthesis current peak Virtual Memory [VSS] (MB): peak = 4555.562; parent = 3578.836; children = 976.727
---------------------------------------------------------------------------------
---------------------------------------------------------------------------------
Start Timing Optimization
---------------------------------------------------------------------------------
---------------------------------------------------------------------------------
Finished Timing Optimization : Time (s): cpu = 00:00:23 ; elapsed = 00:00:25 . Memory (MB): peak = 3600.863 ; gain = 870.535 ; free physical = 8762 ; free virtual = 13467
Synthesis current peak Physical Memory [PSS] (MB): peak = 2781.852; parent = 2643.729; children = 142.832
Synthesis current peak Virtual Memory [VSS] (MB): peak = 4577.594; parent = 3600.867; children = 976.727
---------------------------------------------------------------------------------
---------------------------------------------------------------------------------
Start Technology Mapping
---------------------------------------------------------------------------------
---------------------------------------------------------------------------------
Finished Technology Mapping : Time (s): cpu = 00:00:23 ; elapsed = 00:00:25 . Memory (MB): peak = 3608.871 ; gain = 878.543 ; free physical = 8962 ; free virtual = 13668
Synthesis current peak Physical Memory [PSS] (MB): peak = 2782.429; parent = 2644.306; children = 142.832
Synthesis current peak Virtual Memory [VSS] (MB): peak = 4585.602; parent = 3608.875; children = 976.727
---------------------------------------------------------------------------------
---------------------------------------------------------------------------------
Start IO Insertion
---------------------------------------------------------------------------------
---------------------------------------------------------------------------------
Start Flattening Before IO Insertion
---------------------------------------------------------------------------------
---------------------------------------------------------------------------------
Finished Flattening Before IO Insertion
---------------------------------------------------------------------------------
---------------------------------------------------------------------------------
Start Final Netlist Cleanup
---------------------------------------------------------------------------------
---------------------------------------------------------------------------------
Finished Final Netlist Cleanup
---------------------------------------------------------------------------------
---------------------------------------------------------------------------------
Finished IO Insertion : Time (s): cpu = 00:00:25 ; elapsed = 00:00:27 . Memory (MB): peak = 3608.871 ; gain = 878.543 ; free physical = 9228 ; free virtual = 13945
Synthesis current peak Physical Memory [PSS] (MB): peak = 2792.664; parent = 2652.995; children = 142.832
Synthesis current peak Virtual Memory [VSS] (MB): peak = 4585.602; parent = 3608.875; children = 976.727
---------------------------------------------------------------------------------
---------------------------------------------------------------------------------
Start Renaming Generated Instances
---------------------------------------------------------------------------------
---------------------------------------------------------------------------------
Finished Renaming Generated Instances : Time (s): cpu = 00:00:25 ; elapsed = 00:00:27 . Memory (MB): peak = 3608.871 ; gain = 878.543 ; free physical = 9166 ; free virtual = 13883
Synthesis current peak Physical Memory [PSS] (MB): peak = 2792.688; parent = 2653.037; children = 142.832
Synthesis current peak Virtual Memory [VSS] (MB): peak = 4585.602; parent = 3608.875; children = 976.727
---------------------------------------------------------------------------------
---------------------------------------------------------------------------------
Start Rebuilding User Hierarchy
---------------------------------------------------------------------------------
---------------------------------------------------------------------------------
Finished Rebuilding User Hierarchy : Time (s): cpu = 00:00:25 ; elapsed = 00:00:27 . Memory (MB): peak = 3608.871 ; gain = 878.543 ; free physical = 9102 ; free virtual = 13818
Synthesis current peak Physical Memory [PSS] (MB): peak = 2792.689; parent = 2653.045; children = 142.832
Synthesis current peak Virtual Memory [VSS] (MB): peak = 4585.602; parent = 3608.875; children = 976.727
---------------------------------------------------------------------------------
---------------------------------------------------------------------------------
Start Renaming Generated Ports
---------------------------------------------------------------------------------
---------------------------------------------------------------------------------
Finished Renaming Generated Ports : Time (s): cpu = 00:00:25 ; elapsed = 00:00:27 . Memory (MB): peak = 3608.871 ; gain = 878.543 ; free physical = 9031 ; free virtual = 13747
Synthesis current peak Physical Memory [PSS] (MB): peak = 2792.689; parent = 2653.045; children = 142.832
Synthesis current peak Virtual Memory [VSS] (MB): peak = 4585.602; parent = 3608.875; children = 976.727
---------------------------------------------------------------------------------
---------------------------------------------------------------------------------
Start Handling Custom Attributes
---------------------------------------------------------------------------------
---------------------------------------------------------------------------------
Finished Handling Custom Attributes : Time (s): cpu = 00:00:25 ; elapsed = 00:00:27 . Memory (MB): peak = 3608.871 ; gain = 878.543 ; free physical = 8977 ; free virtual = 13694
Synthesis current peak Physical Memory [PSS] (MB): peak = 2792.689; parent = 2653.045; children = 142.832
Synthesis current peak Virtual Memory [VSS] (MB): peak = 4585.602; parent = 3608.875; children = 976.727
---------------------------------------------------------------------------------
---------------------------------------------------------------------------------
Start Renaming Generated Nets
---------------------------------------------------------------------------------
---------------------------------------------------------------------------------
Finished Renaming Generated Nets : Time (s): cpu = 00:00:25 ; elapsed = 00:00:27 . Memory (MB): peak = 3608.871 ; gain = 878.543 ; free physical = 8942 ; free virtual = 13659
Synthesis current peak Physical Memory [PSS] (MB): peak = 2792.689; parent = 2653.045; children = 142.832
Synthesis current peak Virtual Memory [VSS] (MB): peak = 4585.602; parent = 3608.875; children = 976.727
---------------------------------------------------------------------------------
---------------------------------------------------------------------------------
Start Writing Synthesis Report
---------------------------------------------------------------------------------

Report BlackBoxes: 
+-+--------------+----------+
| |BlackBox name |Instances |
+-+--------------+----------+
+-+--------------+----------+

Report Cell Usage: 
+------+-------+------+
|      |Cell   |Count |
+------+-------+------+
|1     |CARRY8 |    12|
|2     |LUT1   |     8|
|3     |LUT2   |     2|
|4     |LUT4   |     5|
|5     |LUT5   |     5|
|6     |LUT6   |    49|
|7     |FDCE   |    64|
|8     |FDPE   |     6|
|9     |FDRE   |   184|
|10    |FDSE   |    37|
+------+-------+------+
---------------------------------------------------------------------------------
Finished Writing Synthesis Report : Time (s): cpu = 00:00:25 ; elapsed = 00:00:27 . Memory (MB): peak = 3608.871 ; gain = 878.543 ; free physical = 8933 ; free virtual = 13669
Synthesis current peak Physical Memory [PSS] (MB): peak = 2792.689; parent = 2653.045; children = 142.832
Synthesis current peak Virtual Memory [VSS] (MB): peak = 4585.602; parent = 3608.875; children = 976.727
---------------------------------------------------------------------------------
Synthesis finished with 0 errors, 0 critical warnings and 95 warnings.
Synthesis Optimization Runtime : Time (s): cpu = 00:00:20 ; elapsed = 00:00:22 . Memory (MB): peak = 3608.871 ; gain = 758.977 ; free physical = 8860 ; free virtual = 13613
Synthesis Optimization Complete : Time (s): cpu = 00:00:25 ; elapsed = 00:00:28 . Memory (MB): peak = 3608.879 ; gain = 878.543 ; free physical = 8808 ; free virtual = 13573
INFO: [Project 1-571] Translating synthesized netlist
Netlist sorting complete. Time (s): cpu = 00:00:00 ; elapsed = 00:00:00 . Memory (MB): peak = 3623.809 ; gain = 0.000 ; free physical = 8679 ; free virtual = 13457
INFO: [Netlist 29-17] Analyzing 12 Unisim elements for replacement
INFO: [Netlist 29-28] Unisim Transformation completed in 0 CPU seconds
INFO: [Project 1-570] Preparing netlist for logic optimization
INFO: [Opt 31-138] Pushed 0 inverter(s) to 0 load pin(s).
Netlist sorting complete. Time (s): cpu = 00:00:00 ; elapsed = 00:00:00 . Memory (MB): peak = 3679.066 ; gain = 0.000 ; free physical = 8486 ; free virtual = 13274
INFO: [Project 1-111] Unisim Transformation Summary:
No Unisim elements were transformed.

Synth Design complete, checksum: 7080de7c
INFO: [Common 17-83] Releasing license: Synthesis
50 Infos, 106 Warnings, 0 Critical Warnings and 0 Errors encountered.
synth_design completed successfully
synth_design: Time (s): cpu = 00:00:37 ; elapsed = 00:00:38 . Memory (MB): peak = 3679.066 ; gain = 2261.551 ; free physical = 8647 ; free virtual = 13455
INFO: [Common 17-600] The following parameters have non-default value.
general.maxThreads
INFO: [Common 17-1381] The checkpoint '/home/advent/Desktop/RC19/_x/link/vivado/vpl/prj/prj.runs/bd_22c0_frequency_counter_aclk_0_synth_1/bd_22c0_frequency_counter_aclk_0.dcp' has been generated.
INFO: [Coretcl 2-1648] Added synthesis output to IP cache for IP bd_22c0_frequency_counter_aclk_0, cache-ID = e51ed3778a19d643
INFO: [Coretcl 2-1174] Renamed 7 cell refs.
INFO: [Common 17-1381] The checkpoint '/home/advent/Desktop/RC19/_x/link/vivado/vpl/prj/prj.runs/bd_22c0_frequency_counter_aclk_0_synth_1/bd_22c0_frequency_counter_aclk_0.dcp' has been generated.
INFO: [runtcl-4] Executing : report_utilization -file bd_22c0_frequency_counter_aclk_0_utilization_synth.rpt -pb bd_22c0_frequency_counter_aclk_0_utilization_synth.pb
INFO: [Common 17-206] Exiting Vivado at Mon Apr 27 18:53:13 2026...
