
*** Running vivado
    with args -log bd_22c0_fanout_aresetn_kernel_00_slr0_1_0.vds -m64 -product Vivado -mode batch -messageDb vivado.pb -notrace -source bd_22c0_fanout_aresetn_kernel_00_slr0_1_0.tcl


****** Vivado v2022.2 (64-bit)
  **** SW Build 3671981 on Fri Oct 14 04:59:54 MDT 2022
  **** IP Build 3669848 on Fri Oct 14 08:30:02 MDT 2022
    ** Copyright 1986-2022 Xilinx, Inc. All Rights Reserved.

source bd_22c0_fanout_aresetn_kernel_00_slr0_1_0.tcl -notrace
INFO: Dispatch client connection id - 37729
create_project: Time (s): cpu = 00:00:06 ; elapsed = 00:00:06 . Memory (MB): peak = 1362.004 ; gain = 0.023 ; free physical = 4661 ; free virtual = 8450
INFO: [IP_Flow 19-234] Refreshing IP repositories
INFO: [IP_Flow 19-1700] Loaded user IP repository '/home/advent/Desktop/RC19/_x/link/int/xo/ip_repo/xilinx_com_hls_softmax_u55c_kernel_1_0'.
INFO: [IP_Flow 19-1700] Loaded user IP repository '/home/advent/Desktop/RC19/_x/link/int/xo/ip_repo/xilinx_com_hls_attention_score_u55c_kernel_1_0'.
INFO: [IP_Flow 19-1700] Loaded user IP repository '/home/advent/Desktop/RC19/_x/link/int/xo/ip_repo/xilinx_com_hls_causal_mask_u55c_kernel_1_0'.
INFO: [IP_Flow 19-1700] Loaded user IP repository '/home/advent/Desktop/RC19/_x/link/int/xo/ip_repo/xilinx_com_hls_score_scale_u55c_kernel_1_0'.
INFO: [IP_Flow 19-1700] Loaded user IP repository '/home/advent/Desktop/RC19/_x/link/vivado/vpl/.local/hw_platform/iprepo'.
INFO: [IP_Flow 19-1700] Loaded user IP repository '/home/advent/Desktop/RC19/_x/link/vivado/vpl/.local/hw_platform/ipcache'.
INFO: [IP_Flow 19-1700] Loaded user IP repository '/home/advent/Vivado/Vitis/2022.2/data/ip'.
INFO: [IP_Flow 19-2313] Loaded Vivado IP repository '/home/advent/Vivado/Vivado/2022.2/data/ip'.
WARNING: [IP_Flow 19-1663] Duplicate IP found for 'xilinx.com:ip:clk_metadata_adapter:1.0'. The one found in IP location '/home/advent/Desktop/RC19/_x/link/vivado/vpl/.local/hw_platform/iprepo/ipdefs/pxi_ii_infra/clk_metadata_adapter_v1_0' will take precedence over the same IP in location /home/advent/Desktop/RC19/_x/link/vivado/vpl/.local/hw_platform/iprepo/ipdefs/other_ipdefs/clk_metadata_adapter_v1_0
WARNING: [IP_Flow 19-1663] Duplicate IP found for 'xilinx.com:ip:pipeline_reg:1.0'. The one found in IP location '/home/advent/Desktop/RC19/_x/link/vivado/vpl/.local/hw_platform/iprepo/ipdefs/pxi_ii_infra/pipeline_reg_v1_0' will take precedence over the same IP in location /home/advent/Desktop/RC19/_x/link/vivado/vpl/.local/hw_platform/iprepo/ipdefs/other_ipdefs/pipeline_reg_v1_0
WARNING: [IP_Flow 19-1663] Duplicate IP found for 'xilinx.com:ip:axi_clk_metadata_adapter:1.0'. The one found in IP location '/home/advent/Desktop/RC19/_x/link/vivado/vpl/.local/hw_platform/iprepo/ipdefs/other_ipdefs/axi_clk_metadata_adapter_v1_0' will take precedence over the same IP in location /home/advent/Desktop/RC19/_x/link/vivado/vpl/.local/hw_platform/iprepo/ipdefs/pxi_ii_infra/axi_clk_metadata_adapter_v1_0
WARNING: [IP_Flow 19-1663] Duplicate IP found for 'xilinx.com:ip:shell_utils_build_info:1.0'. The one found in IP location '/home/advent/Desktop/RC19/_x/link/vivado/vpl/.local/hw_platform/iprepo/ipdefs/other_ipdefs/shell_utils_build_info_v1_0' will take precedence over the same IP in the Xilinx installed IP.
WARNING: [IP_Flow 19-1663] Duplicate IP found for 'xilinx.com:ip:axis_clk_metadata_adapter:1.0'. The one found in IP location '/home/advent/Desktop/RC19/_x/link/vivado/vpl/.local/hw_platform/iprepo/ipdefs/other_ipdefs/axis_clk_metadata_adapter_v1_0' will take precedence over the same IP in location /home/advent/Desktop/RC19/_x/link/vivado/vpl/.local/hw_platform/iprepo/ipdefs/pxi_ii_infra/axis_clk_metadata_adapter_v1_0
INFO: [IP_Flow 19-6924] IPCACHE: Running cache check for IP inst: bd_22c0_fanout_aresetn_kernel_00_slr0_1_0
Command: synth_design -top bd_22c0_fanout_aresetn_kernel_00_slr0_1_0 -part xcu55c-fsvh2892-2L-e -incremental_mode off -mode out_of_context
Starting synth_design
Attempting to get a license for feature 'Synthesis' and/or device 'xcu55c'
INFO: [Common 17-349] Got license for feature 'Synthesis' and/or device 'xcu55c'
INFO: [Device 21-403] Loading part xcu55c-fsvh2892-2L-e
INFO: [Synth 8-7079] Multithreading enabled for synth_design using a maximum of 1 processes.
INFO: [Synth 8-7078] Launching helper process for spawning children vivado processes
INFO: [Synth 8-7075] Helper process launched with PID 60248
INFO: [Synth 8-11241] undeclared symbol 'REGCCE', assumed default net type 'wire' [/home/advent/Vivado/Vivado/2022.2/data/verilog/src/unimacro/BRAM_SINGLE_MACRO.v:2170]
---------------------------------------------------------------------------------
Starting RTL Elaboration : Time (s): cpu = 00:00:02 ; elapsed = 00:00:03 . Memory (MB): peak = 3086.113 ; gain = 356.766 ; free physical = 8426 ; free virtual = 12226
Synthesis current peak Physical Memory [PSS] (MB): peak = 2369.785; parent = 2157.890; children = 211.896
Synthesis current peak Virtual Memory [VSS] (MB): peak = 4068.781; parent = 3092.055; children = 976.727
---------------------------------------------------------------------------------
INFO: [Synth 8-6157] synthesizing module 'bd_22c0_fanout_aresetn_kernel_00_slr0_1_0' [/home/advent/Desktop/RC19/_x/link/vivado/vpl/prj/prj.gen/my_rm/bd/ulp/ip/ulp_ulp_ucs_0/bd_0/ip/ip_61/synth/bd_22c0_fanout_aresetn_kernel_00_slr0_1_0.v:53]
INFO: [Synth 8-6157] synthesizing module 'pipeline_reg_v1_0_0' [/home/advent/Desktop/RC19/_x/link/vivado/vpl/prj/prj.gen/my_rm/bd/ulp/ipshared/e13f/hdl/pipeline_reg_v1_0_vl_rfs.v:48]
INFO: [Synth 8-6155] done synthesizing module 'pipeline_reg_v1_0_0' (0#1) [/home/advent/Desktop/RC19/_x/link/vivado/vpl/prj/prj.gen/my_rm/bd/ulp/ipshared/e13f/hdl/pipeline_reg_v1_0_vl_rfs.v:48]
INFO: [Synth 8-6155] done synthesizing module 'bd_22c0_fanout_aresetn_kernel_00_slr0_1_0' (0#1) [/home/advent/Desktop/RC19/_x/link/vivado/vpl/prj/prj.gen/my_rm/bd/ulp/ip/ulp_ulp_ucs_0/bd_0/ip/ip_61/synth/bd_22c0_fanout_aresetn_kernel_00_slr0_1_0.v:53]
---------------------------------------------------------------------------------
Finished RTL Elaboration : Time (s): cpu = 00:00:03 ; elapsed = 00:00:04 . Memory (MB): peak = 3159.020 ; gain = 429.672 ; free physical = 8084 ; free virtual = 11884
Synthesis current peak Physical Memory [PSS] (MB): peak = 2369.785; parent = 2157.890; children = 211.896
Synthesis current peak Virtual Memory [VSS] (MB): peak = 4135.750; parent = 3159.023; children = 976.727
---------------------------------------------------------------------------------
---------------------------------------------------------------------------------
Start Handling Custom Attributes
---------------------------------------------------------------------------------
---------------------------------------------------------------------------------
Finished Handling Custom Attributes : Time (s): cpu = 00:00:03 ; elapsed = 00:00:04 . Memory (MB): peak = 3176.832 ; gain = 447.484 ; free physical = 8083 ; free virtual = 11883
Synthesis current peak Physical Memory [PSS] (MB): peak = 2369.785; parent = 2157.890; children = 211.896
Synthesis current peak Virtual Memory [VSS] (MB): peak = 4153.562; parent = 3176.836; children = 976.727
---------------------------------------------------------------------------------
---------------------------------------------------------------------------------
Finished RTL Optimization Phase 1 : Time (s): cpu = 00:00:03 ; elapsed = 00:00:04 . Memory (MB): peak = 3176.832 ; gain = 447.484 ; free physical = 8080 ; free virtual = 11880
Synthesis current peak Physical Memory [PSS] (MB): peak = 2369.785; parent = 2157.890; children = 211.896
Synthesis current peak Virtual Memory [VSS] (MB): peak = 4153.562; parent = 3176.836; children = 976.727
---------------------------------------------------------------------------------
Netlist sorting complete. Time (s): cpu = 00:00:00 ; elapsed = 00:00:00 . Memory (MB): peak = 3176.832 ; gain = 0.000 ; free physical = 8179 ; free virtual = 11979
INFO: [Project 1-570] Preparing netlist for logic optimization

Processing XDC Constraints
Initializing timing engine
Completed Processing XDC Constraints

Netlist sorting complete. Time (s): cpu = 00:00:00 ; elapsed = 00:00:00 . Memory (MB): peak = 3208.586 ; gain = 0.000 ; free physical = 7121 ; free virtual = 10921
INFO: [Project 1-111] Unisim Transformation Summary:
No Unisim elements were transformed.

Constraint Validation Runtime : Time (s): cpu = 00:00:00 ; elapsed = 00:00:00 . Memory (MB): peak = 3218.492 ; gain = 9.906 ; free physical = 7109 ; free virtual = 10909
INFO: [Designutils 20-5008] Incremental synthesis strategy off
INFO: [Synth 8-11241] undeclared symbol 'REGCCE', assumed default net type 'wire' [/home/advent/Vivado/Vivado/2022.2/data/verilog/src/unimacro/BRAM_SINGLE_MACRO.v:2170]
---------------------------------------------------------------------------------
Finished Constraint Validation : Time (s): cpu = 00:00:08 ; elapsed = 00:00:09 . Memory (MB): peak = 3218.492 ; gain = 489.145 ; free physical = 6498 ; free virtual = 10317
Synthesis current peak Physical Memory [PSS] (MB): peak = 2369.785; parent = 2157.890; children = 211.896
Synthesis current peak Virtual Memory [VSS] (MB): peak = 4195.223; parent = 3218.496; children = 976.727
---------------------------------------------------------------------------------
---------------------------------------------------------------------------------
Start Loading Part and Timing Information
---------------------------------------------------------------------------------
Loading part: xcu55c-fsvh2892-2L-e
INFO: [Synth 8-6742] Reading net delay rules and data
---------------------------------------------------------------------------------
Finished Loading Part and Timing Information : Time (s): cpu = 00:00:08 ; elapsed = 00:00:09 . Memory (MB): peak = 3218.492 ; gain = 489.145 ; free physical = 6467 ; free virtual = 10286
Synthesis current peak Physical Memory [PSS] (MB): peak = 2369.785; parent = 2157.890; children = 211.896
Synthesis current peak Virtual Memory [VSS] (MB): peak = 4195.223; parent = 3218.496; children = 976.727
---------------------------------------------------------------------------------
---------------------------------------------------------------------------------
Start Applying 'set_property' XDC Constraints
---------------------------------------------------------------------------------
---------------------------------------------------------------------------------
Finished applying 'set_property' XDC Constraints : Time (s): cpu = 00:00:08 ; elapsed = 00:00:09 . Memory (MB): peak = 3218.492 ; gain = 489.145 ; free physical = 6443 ; free virtual = 10262
Synthesis current peak Physical Memory [PSS] (MB): peak = 2369.785; parent = 2157.890; children = 211.896
Synthesis current peak Virtual Memory [VSS] (MB): peak = 4195.223; parent = 3218.496; children = 976.727
---------------------------------------------------------------------------------
---------------------------------------------------------------------------------
Finished RTL Optimization Phase 2 : Time (s): cpu = 00:00:08 ; elapsed = 00:00:09 . Memory (MB): peak = 3218.492 ; gain = 489.145 ; free physical = 6337 ; free virtual = 10158
Synthesis current peak Physical Memory [PSS] (MB): peak = 2369.785; parent = 2157.890; children = 211.896
Synthesis current peak Virtual Memory [VSS] (MB): peak = 4195.223; parent = 3218.496; children = 976.727
---------------------------------------------------------------------------------
---------------------------------------------------------------------------------
Start RTL Component Statistics 
---------------------------------------------------------------------------------
Detailed RTL Component Info : 
+---Registers : 
	                1 Bit    Registers := 1     
---------------------------------------------------------------------------------
Finished RTL Component Statistics 
---------------------------------------------------------------------------------
---------------------------------------------------------------------------------
Start Part Resource Summary
---------------------------------------------------------------------------------
Part Resources:
DSPs: 9024 (col length:94)
BRAMs: 4032 (col length: RAMB18 288 RAMB36 144)
---------------------------------------------------------------------------------
Finished Part Resource Summary
---------------------------------------------------------------------------------
---------------------------------------------------------------------------------
Start Cross Boundary and Area Optimization
---------------------------------------------------------------------------------
WARNING: [Synth 8-7080] Parallel synthesis criteria is not met
---------------------------------------------------------------------------------
Finished Cross Boundary and Area Optimization : Time (s): cpu = 00:00:09 ; elapsed = 00:00:10 . Memory (MB): peak = 3218.492 ; gain = 489.145 ; free physical = 6089 ; free virtual = 9899
Synthesis current peak Physical Memory [PSS] (MB): peak = 2369.785; parent = 2157.890; children = 211.896
Synthesis current peak Virtual Memory [VSS] (MB): peak = 4195.223; parent = 3218.496; children = 976.727
---------------------------------------------------------------------------------
---------------------------------------------------------------------------------
Start Applying XDC Timing Constraints
---------------------------------------------------------------------------------
---------------------------------------------------------------------------------
Finished Applying XDC Timing Constraints : Time (s): cpu = 00:00:16 ; elapsed = 00:00:18 . Memory (MB): peak = 3568.602 ; gain = 839.254 ; free physical = 7060 ; free virtual = 10860
Synthesis current peak Physical Memory [PSS] (MB): peak = 2759.984; parent = 2623.626; children = 211.896
Synthesis current peak Virtual Memory [VSS] (MB): peak = 4545.332; parent = 3568.605; children = 976.727
---------------------------------------------------------------------------------
---------------------------------------------------------------------------------
Start Timing Optimization
---------------------------------------------------------------------------------
---------------------------------------------------------------------------------
Finished Timing Optimization : Time (s): cpu = 00:00:16 ; elapsed = 00:00:18 . Memory (MB): peak = 3568.602 ; gain = 839.254 ; free physical = 7007 ; free virtual = 10807
Synthesis current peak Physical Memory [PSS] (MB): peak = 2759.984; parent = 2623.626; children = 211.896
Synthesis current peak Virtual Memory [VSS] (MB): peak = 4545.332; parent = 3568.605; children = 976.727
---------------------------------------------------------------------------------
---------------------------------------------------------------------------------
Start Technology Mapping
---------------------------------------------------------------------------------
---------------------------------------------------------------------------------
Finished Technology Mapping : Time (s): cpu = 00:00:16 ; elapsed = 00:00:18 . Memory (MB): peak = 3587.633 ; gain = 858.285 ; free physical = 6964 ; free virtual = 10764
Synthesis current peak Physical Memory [PSS] (MB): peak = 2759.984; parent = 2623.626; children = 211.896
Synthesis current peak Virtual Memory [VSS] (MB): peak = 4564.363; parent = 3587.637; children = 976.727
---------------------------------------------------------------------------------
---------------------------------------------------------------------------------
Start IO Insertion
---------------------------------------------------------------------------------
---------------------------------------------------------------------------------
Start Flattening Before IO Insertion
---------------------------------------------------------------------------------
---------------------------------------------------------------------------------
Finished Flattening Before IO Insertion
---------------------------------------------------------------------------------
---------------------------------------------------------------------------------
Start Final Netlist Cleanup
---------------------------------------------------------------------------------
---------------------------------------------------------------------------------
Finished Final Netlist Cleanup
---------------------------------------------------------------------------------
---------------------------------------------------------------------------------
Finished IO Insertion : Time (s): cpu = 00:00:18 ; elapsed = 00:00:20 . Memory (MB): peak = 3593.570 ; gain = 864.223 ; free physical = 7799 ; free virtual = 11599
Synthesis current peak Physical Memory [PSS] (MB): peak = 2761.052; parent = 2623.869; children = 211.896
Synthesis current peak Virtual Memory [VSS] (MB): peak = 4570.301; parent = 3593.574; children = 976.727
---------------------------------------------------------------------------------
---------------------------------------------------------------------------------
Start Renaming Generated Instances
---------------------------------------------------------------------------------
---------------------------------------------------------------------------------
Finished Renaming Generated Instances : Time (s): cpu = 00:00:18 ; elapsed = 00:00:20 . Memory (MB): peak = 3593.570 ; gain = 864.223 ; free physical = 7787 ; free virtual = 11587
Synthesis current peak Physical Memory [PSS] (MB): peak = 2761.052; parent = 2623.869; children = 211.896
Synthesis current peak Virtual Memory [VSS] (MB): peak = 4570.301; parent = 3593.574; children = 976.727
---------------------------------------------------------------------------------
---------------------------------------------------------------------------------
Start Rebuilding User Hierarchy
---------------------------------------------------------------------------------
---------------------------------------------------------------------------------
Finished Rebuilding User Hierarchy : Time (s): cpu = 00:00:18 ; elapsed = 00:00:20 . Memory (MB): peak = 3593.570 ; gain = 864.223 ; free physical = 8887 ; free virtual = 12687
Synthesis current peak Physical Memory [PSS] (MB): peak = 2771.415; parent = 2631.955; children = 211.896
Synthesis current peak Virtual Memory [VSS] (MB): peak = 4570.301; parent = 3593.574; children = 976.727
---------------------------------------------------------------------------------
---------------------------------------------------------------------------------
Start Renaming Generated Ports
---------------------------------------------------------------------------------
---------------------------------------------------------------------------------
Finished Renaming Generated Ports : Time (s): cpu = 00:00:18 ; elapsed = 00:00:20 . Memory (MB): peak = 3593.570 ; gain = 864.223 ; free physical = 8971 ; free virtual = 12771
Synthesis current peak Physical Memory [PSS] (MB): peak = 2771.415; parent = 2631.955; children = 211.896
Synthesis current peak Virtual Memory [VSS] (MB): peak = 4570.301; parent = 3593.574; children = 976.727
---------------------------------------------------------------------------------
---------------------------------------------------------------------------------
Start Handling Custom Attributes
---------------------------------------------------------------------------------
---------------------------------------------------------------------------------
Finished Handling Custom Attributes : Time (s): cpu = 00:00:18 ; elapsed = 00:00:20 . Memory (MB): peak = 3593.570 ; gain = 864.223 ; free physical = 9000 ; free virtual = 12801
Synthesis current peak Physical Memory [PSS] (MB): peak = 2771.415; parent = 2631.955; children = 211.896
Synthesis current peak Virtual Memory [VSS] (MB): peak = 4570.301; parent = 3593.574; children = 976.727
---------------------------------------------------------------------------------
---------------------------------------------------------------------------------
Start Renaming Generated Nets
---------------------------------------------------------------------------------
---------------------------------------------------------------------------------
Finished Renaming Generated Nets : Time (s): cpu = 00:00:18 ; elapsed = 00:00:20 . Memory (MB): peak = 3593.570 ; gain = 864.223 ; free physical = 8882 ; free virtual = 12682
Synthesis current peak Physical Memory [PSS] (MB): peak = 2771.415; parent = 2631.955; children = 211.896
Synthesis current peak Virtual Memory [VSS] (MB): peak = 4570.301; parent = 3593.574; children = 976.727
---------------------------------------------------------------------------------
---------------------------------------------------------------------------------
Start Writing Synthesis Report
---------------------------------------------------------------------------------

Report BlackBoxes: 
+-+--------------+----------+
| |BlackBox name |Instances |
+-+--------------+----------+
+-+--------------+----------+

Report Cell Usage: 
+------+-----+------+
|      |Cell |Count |
+------+-----+------+
|1     |LUT2 |     1|
|2     |FDRE |     1|
+------+-----+------+
---------------------------------------------------------------------------------
Finished Writing Synthesis Report : Time (s): cpu = 00:00:18 ; elapsed = 00:00:21 . Memory (MB): peak = 3593.570 ; gain = 864.223 ; free physical = 8846 ; free virtual = 12647
Synthesis current peak Physical Memory [PSS] (MB): peak = 2771.415; parent = 2631.955; children = 211.896
Synthesis current peak Virtual Memory [VSS] (MB): peak = 4570.301; parent = 3593.574; children = 976.727
---------------------------------------------------------------------------------
Synthesis finished with 0 errors, 0 critical warnings and 1 warnings.
Synthesis Optimization Runtime : Time (s): cpu = 00:00:17 ; elapsed = 00:00:19 . Memory (MB): peak = 3593.570 ; gain = 822.562 ; free physical = 8842 ; free virtual = 12643
Synthesis Optimization Complete : Time (s): cpu = 00:00:18 ; elapsed = 00:00:21 . Memory (MB): peak = 3593.578 ; gain = 864.223 ; free physical = 8865 ; free virtual = 12666
INFO: [Project 1-571] Translating synthesized netlist
Netlist sorting complete. Time (s): cpu = 00:00:00 ; elapsed = 00:00:00 . Memory (MB): peak = 3609.508 ; gain = 0.000 ; free physical = 8919 ; free virtual = 12721
INFO: [Project 1-570] Preparing netlist for logic optimization
INFO: [Opt 31-138] Pushed 0 inverter(s) to 0 load pin(s).
Netlist sorting complete. Time (s): cpu = 00:00:00 ; elapsed = 00:00:00 . Memory (MB): peak = 3670.766 ; gain = 0.000 ; free physical = 8779 ; free virtual = 12581
INFO: [Project 1-111] Unisim Transformation Summary:
No Unisim elements were transformed.

Synth Design complete, checksum: 1b92a0a5
INFO: [Common 17-83] Releasing license: Synthesis
30 Infos, 6 Warnings, 0 Critical Warnings and 0 Errors encountered.
synth_design completed successfully
synth_design: Time (s): cpu = 00:00:28 ; elapsed = 00:00:29 . Memory (MB): peak = 3670.766 ; gain = 2255.168 ; free physical = 8979 ; free virtual = 12781
INFO: [Common 17-600] The following parameters have non-default value.
general.maxThreads
INFO: [Common 17-1381] The checkpoint '/home/advent/Desktop/RC19/_x/link/vivado/vpl/prj/prj.runs/bd_22c0_fanout_aresetn_kernel_00_slr0_1_0_synth_1/bd_22c0_fanout_aresetn_kernel_00_slr0_1_0.dcp' has been generated.
INFO: [Coretcl 2-1648] Added synthesis output to IP cache for IP bd_22c0_fanout_aresetn_kernel_00_slr0_1_0, cache-ID = 5be19a6a2e122025
INFO: [Common 17-1381] The checkpoint '/home/advent/Desktop/RC19/_x/link/vivado/vpl/prj/prj.runs/bd_22c0_fanout_aresetn_kernel_00_slr0_1_0_synth_1/bd_22c0_fanout_aresetn_kernel_00_slr0_1_0.dcp' has been generated.
INFO: [runtcl-4] Executing : report_utilization -file bd_22c0_fanout_aresetn_kernel_00_slr0_1_0_utilization_synth.rpt -pb bd_22c0_fanout_aresetn_kernel_00_slr0_1_0_utilization_synth.pb
INFO: [Common 17-206] Exiting Vivado at Mon Apr 27 18:50:23 2026...
