
*** Running vivado
    with args -log bd_22c0_clock_shutdown_latch_0.vds -m64 -product Vivado -mode batch -messageDb vivado.pb -notrace -source bd_22c0_clock_shutdown_latch_0.tcl


****** Vivado v2022.2 (64-bit)
  **** SW Build 3671981 on Fri Oct 14 04:59:54 MDT 2022
  **** IP Build 3669848 on Fri Oct 14 08:30:02 MDT 2022
    ** Copyright 1986-2022 Xilinx, Inc. All Rights Reserved.

source bd_22c0_clock_shutdown_latch_0.tcl -notrace
INFO: Dispatch client connection id - 37729
INFO: [IP_Flow 19-234] Refreshing IP repositories
INFO: [IP_Flow 19-1700] Loaded user IP repository '/home/advent/Desktop/RC19/_x/link/int/xo/ip_repo/xilinx_com_hls_softmax_u55c_kernel_1_0'.
INFO: [IP_Flow 19-1700] Loaded user IP repository '/home/advent/Desktop/RC19/_x/link/int/xo/ip_repo/xilinx_com_hls_attention_score_u55c_kernel_1_0'.
INFO: [IP_Flow 19-1700] Loaded user IP repository '/home/advent/Desktop/RC19/_x/link/int/xo/ip_repo/xilinx_com_hls_causal_mask_u55c_kernel_1_0'.
INFO: [IP_Flow 19-1700] Loaded user IP repository '/home/advent/Desktop/RC19/_x/link/int/xo/ip_repo/xilinx_com_hls_score_scale_u55c_kernel_1_0'.
INFO: [IP_Flow 19-1700] Loaded user IP repository '/home/advent/Desktop/RC19/_x/link/vivado/vpl/.local/hw_platform/iprepo'.
INFO: [IP_Flow 19-1700] Loaded user IP repository '/home/advent/Desktop/RC19/_x/link/vivado/vpl/.local/hw_platform/ipcache'.
INFO: [IP_Flow 19-1700] Loaded user IP repository '/home/advent/Vivado/Vitis/2022.2/data/ip'.
INFO: [IP_Flow 19-2313] Loaded Vivado IP repository '/home/advent/Vivado/Vivado/2022.2/data/ip'.
WARNING: [IP_Flow 19-1663] Duplicate IP found for 'xilinx.com:ip:clk_metadata_adapter:1.0'. The one found in IP location '/home/advent/Desktop/RC19/_x/link/vivado/vpl/.local/hw_platform/iprepo/ipdefs/pxi_ii_infra/clk_metadata_adapter_v1_0' will take precedence over the same IP in location /home/advent/Desktop/RC19/_x/link/vivado/vpl/.local/hw_platform/iprepo/ipdefs/other_ipdefs/clk_metadata_adapter_v1_0
WARNING: [IP_Flow 19-1663] Duplicate IP found for 'xilinx.com:ip:pipeline_reg:1.0'. The one found in IP location '/home/advent/Desktop/RC19/_x/link/vivado/vpl/.local/hw_platform/iprepo/ipdefs/pxi_ii_infra/pipeline_reg_v1_0' will take precedence over the same IP in location /home/advent/Desktop/RC19/_x/link/vivado/vpl/.local/hw_platform/iprepo/ipdefs/other_ipdefs/pipeline_reg_v1_0
WARNING: [IP_Flow 19-1663] Duplicate IP found for 'xilinx.com:ip:axi_clk_metadata_adapter:1.0'. The one found in IP location '/home/advent/Desktop/RC19/_x/link/vivado/vpl/.local/hw_platform/iprepo/ipdefs/other_ipdefs/axi_clk_metadata_adapter_v1_0' will take precedence over the same IP in location /home/advent/Desktop/RC19/_x/link/vivado/vpl/.local/hw_platform/iprepo/ipdefs/pxi_ii_infra/axi_clk_metadata_adapter_v1_0
WARNING: [IP_Flow 19-1663] Duplicate IP found for 'xilinx.com:ip:shell_utils_build_info:1.0'. The one found in IP location '/home/advent/Desktop/RC19/_x/link/vivado/vpl/.local/hw_platform/iprepo/ipdefs/other_ipdefs/shell_utils_build_info_v1_0' will take precedence over the same IP in the Xilinx installed IP.
WARNING: [IP_Flow 19-1663] Duplicate IP found for 'xilinx.com:ip:axis_clk_metadata_adapter:1.0'. The one found in IP location '/home/advent/Desktop/RC19/_x/link/vivado/vpl/.local/hw_platform/iprepo/ipdefs/other_ipdefs/axis_clk_metadata_adapter_v1_0' will take precedence over the same IP in location /home/advent/Desktop/RC19/_x/link/vivado/vpl/.local/hw_platform/iprepo/ipdefs/pxi_ii_infra/axis_clk_metadata_adapter_v1_0
INFO: [IP_Flow 19-6924] IPCACHE: Running cache check for IP inst: bd_22c0_clock_shutdown_latch_0
Command: synth_design -top bd_22c0_clock_shutdown_latch_0 -part xcu55c-fsvh2892-2L-e -incremental_mode off -mode out_of_context
Starting synth_design
Attempting to get a license for feature 'Synthesis' and/or device 'xcu55c'
INFO: [Common 17-349] Got license for feature 'Synthesis' and/or device 'xcu55c'
INFO: [Device 21-403] Loading part xcu55c-fsvh2892-2L-e
INFO: [Synth 8-7079] Multithreading enabled for synth_design using a maximum of 1 processes.
INFO: [Synth 8-7078] Launching helper process for spawning children vivado processes
INFO: [Synth 8-7075] Helper process launched with PID 61304
INFO: [Synth 8-11241] undeclared symbol 'REGCCE', assumed default net type 'wire' [/home/advent/Vivado/Vivado/2022.2/data/verilog/src/unimacro/BRAM_SINGLE_MACRO.v:2170]
---------------------------------------------------------------------------------
Starting RTL Elaboration : Time (s): cpu = 00:00:02 ; elapsed = 00:00:02 . Memory (MB): peak = 3085.781 ; gain = 354.766 ; free physical = 9236 ; free virtual = 13046
Synthesis current peak Physical Memory [PSS] (MB): peak = 2303.153; parent = 2164.068; children = 139.085
Synthesis current peak Virtual Memory [VSS] (MB): peak = 4049.668; parent = 3091.723; children = 957.945
---------------------------------------------------------------------------------
INFO: [Synth 8-638] synthesizing module 'bd_22c0_clock_shutdown_latch_0' [/home/advent/Desktop/RC19/_x/link/vivado/vpl/prj/prj.gen/my_rm/bd/ulp/ip/ulp_ulp_ucs_0/bd_0/ip/ip_17/synth/bd_22c0_clock_shutdown_latch_0.vhd:72]
	Parameter C_ENABLE_SHUTDOWN_CLEARING bound to: 0 - type: integer 
INFO: [Synth 8-3491] module 'shell_utils_clock_shutdown_latch' declared at '/home/advent/Desktop/RC19/_x/link/vivado/vpl/prj/prj.gen/my_rm/bd/ulp/ipshared/bee5/hdl/shell_utils_clock_shutdown_latch_v1_0_vh_rfs.vhd:55' bound to instance 'U0' of component 'shell_utils_clock_shutdown_latch' [/home/advent/Desktop/RC19/_x/link/vivado/vpl/prj/prj.gen/my_rm/bd/ulp/ip/ulp_ulp_ucs_0/bd_0/ip/ip_17/synth/bd_22c0_clock_shutdown_latch_0.vhd:103]
INFO: [Synth 8-638] synthesizing module 'shell_utils_clock_shutdown_latch' [/home/advent/Desktop/RC19/_x/link/vivado/vpl/prj/prj.gen/my_rm/bd/ulp/ipshared/bee5/hdl/shell_utils_clock_shutdown_latch_v1_0_vh_rfs.vhd:73]
	Parameter DEST_SYNC_FF bound to: 4 - type: integer 
	Parameter SRC_INPUT_REG bound to: 0 - type: integer 
INFO: [Synth 8-3491] module 'xpm_cdc_single' declared at '/home/advent/Vivado/Vivado/2022.2/data/ip/xpm/xpm_cdc/hdl/xpm_cdc.sv:152' bound to instance 'CDC_SCR' of component 'xpm_cdc_single' [/home/advent/Desktop/RC19/_x/link/vivado/vpl/prj/prj.gen/my_rm/bd/ulp/ipshared/bee5/hdl/shell_utils_clock_shutdown_latch_v1_0_vh_rfs.vhd:113]
INFO: [Synth 8-6157] synthesizing module 'xpm_cdc_single' [/home/advent/Vivado/Vivado/2022.2/data/ip/xpm/xpm_cdc/hdl/xpm_cdc.sv:152]
INFO: [Synth 8-6155] done synthesizing module 'xpm_cdc_single' (0#1) [/home/advent/Vivado/Vivado/2022.2/data/ip/xpm/xpm_cdc/hdl/xpm_cdc.sv:152]
INFO: [Synth 8-256] done synthesizing module 'shell_utils_clock_shutdown_latch' (0#1) [/home/advent/Desktop/RC19/_x/link/vivado/vpl/prj/prj.gen/my_rm/bd/ulp/ipshared/bee5/hdl/shell_utils_clock_shutdown_latch_v1_0_vh_rfs.vhd:73]
INFO: [Synth 8-256] done synthesizing module 'bd_22c0_clock_shutdown_latch_0' (0#1) [/home/advent/Desktop/RC19/_x/link/vivado/vpl/prj/prj.gen/my_rm/bd/ulp/ip/ulp_ulp_ucs_0/bd_0/ip/ip_17/synth/bd_22c0_clock_shutdown_latch_0.vhd:72]
WARNING: [Synth 8-6014] Unused sequential element Shutdown_Release_reg was removed.  [/home/advent/Desktop/RC19/_x/link/vivado/vpl/prj/prj.gen/my_rm/bd/ulp/ipshared/bee5/hdl/shell_utils_clock_shutdown_latch_v1_0_vh_rfs.vhd:148]
WARNING: [Synth 8-6014] Unused sequential element Request_Ack_d1_reg was removed.  [/home/advent/Desktop/RC19/_x/link/vivado/vpl/prj/prj.gen/my_rm/bd/ulp/ipshared/bee5/hdl/shell_utils_clock_shutdown_latch_v1_0_vh_rfs.vhd:148]
WARNING: [Synth 8-7129] Port src_clk in module xpm_cdc_single is either unconnected or has no load
---------------------------------------------------------------------------------
Finished RTL Elaboration : Time (s): cpu = 00:00:03 ; elapsed = 00:00:03 . Memory (MB): peak = 3158.688 ; gain = 427.672 ; free physical = 9054 ; free virtual = 12866
Synthesis current peak Physical Memory [PSS] (MB): peak = 2303.153; parent = 2164.068; children = 139.085
Synthesis current peak Virtual Memory [VSS] (MB): peak = 4116.637; parent = 3158.691; children = 957.945
---------------------------------------------------------------------------------
---------------------------------------------------------------------------------
Start Handling Custom Attributes
---------------------------------------------------------------------------------
---------------------------------------------------------------------------------
Finished Handling Custom Attributes : Time (s): cpu = 00:00:03 ; elapsed = 00:00:04 . Memory (MB): peak = 3176.500 ; gain = 445.484 ; free physical = 9067 ; free virtual = 12879
Synthesis current peak Physical Memory [PSS] (MB): peak = 2303.153; parent = 2164.068; children = 139.085
Synthesis current peak Virtual Memory [VSS] (MB): peak = 4134.449; parent = 3176.504; children = 957.945
---------------------------------------------------------------------------------
---------------------------------------------------------------------------------
Finished RTL Optimization Phase 1 : Time (s): cpu = 00:00:03 ; elapsed = 00:00:04 . Memory (MB): peak = 3176.500 ; gain = 445.484 ; free physical = 9036 ; free virtual = 12848
Synthesis current peak Physical Memory [PSS] (MB): peak = 2303.153; parent = 2164.068; children = 139.085
Synthesis current peak Virtual Memory [VSS] (MB): peak = 4134.449; parent = 3176.504; children = 957.945
---------------------------------------------------------------------------------
Netlist sorting complete. Time (s): cpu = 00:00:00 ; elapsed = 00:00:00 . Memory (MB): peak = 3176.500 ; gain = 0.000 ; free physical = 9019 ; free virtual = 12830
INFO: [Project 1-570] Preparing netlist for logic optimization

Processing XDC Constraints
Initializing timing engine
Parsing XDC File [/home/advent/Desktop/RC19/_x/link/vivado/vpl/prj/prj.gen/my_rm/bd/ulp/ip/ulp_ulp_ucs_0/bd_0/ip/ip_17/bd_22c0_clock_shutdown_latch_0_ooc.xdc] for cell 'U0'
0V85_VCCINT { VCCINT }  -supply_current_budget  100.000 A -voltage  0.850 V -direct
0V85_VCCINT_IO { VCCINT_IO VCCBRAM }  -supply_current_budget  30.000 A -voltage  0.850 V -direct
0V9_AVCC { MGTYAVCC }  -supply_current_budget  0.000 A -voltage  0.900 V -direct
1V2_AVTT { MGTYAVTT }  -supply_current_budget  0.000 A -voltage  1.200 V -direct
1V2_HBM { VCC_HBM }  -supply_current_budget  0.000 A -voltage  1.200 V -direct
1V8 { VCCAUX VCCAUX_IO MGTYVCCAUX VCCO18 VCCADC }  -supply_current_budget  4.000 A -voltage  1.800 V -direct
2V5_VPP { VCCAUX_HBM }  -supply_current_budget  0.300 A -voltage  2.500 V -direct
Finished Parsing XDC File [/home/advent/Desktop/RC19/_x/link/vivado/vpl/prj/prj.gen/my_rm/bd/ulp/ip/ulp_ulp_ucs_0/bd_0/ip/ip_17/bd_22c0_clock_shutdown_latch_0_ooc.xdc] for cell 'U0'
Parsing XDC File [/home/advent/Desktop/RC19/_x/link/vivado/vpl/prj/prj.runs/bd_22c0_clock_shutdown_latch_0_synth_1/dont_touch.xdc]
Finished Parsing XDC File [/home/advent/Desktop/RC19/_x/link/vivado/vpl/prj/prj.runs/bd_22c0_clock_shutdown_latch_0_synth_1/dont_touch.xdc]
INFO: [Project 1-236] Implementation specific constraints were found while reading constraint file [/home/advent/Vivado/Vivado/2022.2/data/ip/xpm/xpm_cdc/tcl/xpm_cdc_single.tcl]. These constraints will be ignored for synthesis but will be used in implementation. Impacted constraints are listed in the file [.Xil/bd_22c0_clock_shutdown_latch_0_propImpl.xdc].
Resolution: To avoid this warning, move constraints listed in [.Xil/bd_22c0_clock_shutdown_latch_0_propImpl.xdc] to another XDC file and exclude this new file from synthesis with the used_in_synthesis property (File Properties dialog in GUI) and re-run elaboration/synthesis.
INFO: [Project 1-1714] 1 XPM XDC files have been applied to the design.
Completed Processing XDC Constraints

Netlist sorting complete. Time (s): cpu = 00:00:00 ; elapsed = 00:00:00 . Memory (MB): peak = 3254.066 ; gain = 0.000 ; free physical = 11337 ; free virtual = 15154
INFO: [Project 1-111] Unisim Transformation Summary:
No Unisim elements were transformed.

Constraint Validation Runtime : Time (s): cpu = 00:00:00 ; elapsed = 00:00:00.01 . Memory (MB): peak = 3254.066 ; gain = 0.000 ; free physical = 11336 ; free virtual = 15153
INFO: [Designutils 20-5008] Incremental synthesis strategy off
INFO: [Synth 8-11241] undeclared symbol 'REGCCE', assumed default net type 'wire' [/home/advent/Vivado/Vivado/2022.2/data/verilog/src/unimacro/BRAM_SINGLE_MACRO.v:2170]
---------------------------------------------------------------------------------
Finished Constraint Validation : Time (s): cpu = 00:00:10 ; elapsed = 00:00:11 . Memory (MB): peak = 3254.066 ; gain = 523.051 ; free physical = 10521 ; free virtual = 14333
Synthesis current peak Physical Memory [PSS] (MB): peak = 2303.153; parent = 2164.068; children = 139.085
Synthesis current peak Virtual Memory [VSS] (MB): peak = 4212.016; parent = 3254.070; children = 957.945
---------------------------------------------------------------------------------
---------------------------------------------------------------------------------
Start Loading Part and Timing Information
---------------------------------------------------------------------------------
Loading part: xcu55c-fsvh2892-2L-e
INFO: [Synth 8-6742] Reading net delay rules and data
---------------------------------------------------------------------------------
Finished Loading Part and Timing Information : Time (s): cpu = 00:00:10 ; elapsed = 00:00:11 . Memory (MB): peak = 3254.066 ; gain = 523.051 ; free physical = 10514 ; free virtual = 14326
Synthesis current peak Physical Memory [PSS] (MB): peak = 2303.153; parent = 2164.068; children = 139.085
Synthesis current peak Virtual Memory [VSS] (MB): peak = 4212.016; parent = 3254.070; children = 957.945
---------------------------------------------------------------------------------
---------------------------------------------------------------------------------
Start Applying 'set_property' XDC Constraints
---------------------------------------------------------------------------------
Applied set_property KEEP_HIERARCHY = SOFT for U0. (constraint file  /home/advent/Desktop/RC19/_x/link/vivado/vpl/prj/prj.runs/bd_22c0_clock_shutdown_latch_0_synth_1/dont_touch.xdc, line 6).
Applied set_property KEEP_HIERARCHY = SOFT for U0/CDC_SCR. (constraint file  auto generated constraint).
---------------------------------------------------------------------------------
Finished applying 'set_property' XDC Constraints : Time (s): cpu = 00:00:10 ; elapsed = 00:00:11 . Memory (MB): peak = 3254.066 ; gain = 523.051 ; free physical = 10511 ; free virtual = 14324
Synthesis current peak Physical Memory [PSS] (MB): peak = 2303.153; parent = 2164.068; children = 139.085
Synthesis current peak Virtual Memory [VSS] (MB): peak = 4212.016; parent = 3254.070; children = 957.945
---------------------------------------------------------------------------------
---------------------------------------------------------------------------------
Finished RTL Optimization Phase 2 : Time (s): cpu = 00:00:10 ; elapsed = 00:00:11 . Memory (MB): peak = 3254.066 ; gain = 523.051 ; free physical = 10485 ; free virtual = 14298
Synthesis current peak Physical Memory [PSS] (MB): peak = 2303.153; parent = 2164.068; children = 139.085
Synthesis current peak Virtual Memory [VSS] (MB): peak = 4212.016; parent = 3254.070; children = 957.945
---------------------------------------------------------------------------------
---------------------------------------------------------------------------------
Start RTL Component Statistics 
---------------------------------------------------------------------------------
Detailed RTL Component Info : 
+---Registers : 
	                4 Bit    Registers := 1     
	                1 Bit    Registers := 6     
---------------------------------------------------------------------------------
Finished RTL Component Statistics 
---------------------------------------------------------------------------------
---------------------------------------------------------------------------------
Start Part Resource Summary
---------------------------------------------------------------------------------
Part Resources:
DSPs: 9024 (col length:94)
BRAMs: 4032 (col length: RAMB18 288 RAMB36 144)
---------------------------------------------------------------------------------
Finished Part Resource Summary
---------------------------------------------------------------------------------
---------------------------------------------------------------------------------
Start Cross Boundary and Area Optimization
---------------------------------------------------------------------------------
WARNING: [Synth 8-7080] Parallel synthesis criteria is not met
WARNING: [Synth 8-7129] Port src_clk in module xpm_cdc_single is either unconnected or has no load
---------------------------------------------------------------------------------
Finished Cross Boundary and Area Optimization : Time (s): cpu = 00:00:11 ; elapsed = 00:00:12 . Memory (MB): peak = 3254.066 ; gain = 523.051 ; free physical = 12265 ; free virtual = 16082
Synthesis current peak Physical Memory [PSS] (MB): peak = 2303.153; parent = 2164.068; children = 142.795
Synthesis current peak Virtual Memory [VSS] (MB): peak = 4212.016; parent = 3254.070; children = 957.945
---------------------------------------------------------------------------------
---------------------------------------------------------------------------------
Start Applying XDC Timing Constraints
---------------------------------------------------------------------------------
---------------------------------------------------------------------------------
Finished Applying XDC Timing Constraints : Time (s): cpu = 00:00:18 ; elapsed = 00:00:20 . Memory (MB): peak = 3578.074 ; gain = 847.059 ; free physical = 12146 ; free virtual = 15964
Synthesis current peak Physical Memory [PSS] (MB): peak = 2792.710; parent = 2648.430; children = 144.280
Synthesis current peak Virtual Memory [VSS] (MB): peak = 4537.023; parent = 3579.078; children = 957.945
---------------------------------------------------------------------------------
---------------------------------------------------------------------------------
Start Timing Optimization
---------------------------------------------------------------------------------
---------------------------------------------------------------------------------
Finished Timing Optimization : Time (s): cpu = 00:00:18 ; elapsed = 00:00:20 . Memory (MB): peak = 3588.090 ; gain = 857.074 ; free physical = 12123 ; free virtual = 15941
Synthesis current peak Physical Memory [PSS] (MB): peak = 2793.166; parent = 2648.936; children = 144.280
Synthesis current peak Virtual Memory [VSS] (MB): peak = 4546.039; parent = 3588.094; children = 957.945
---------------------------------------------------------------------------------
---------------------------------------------------------------------------------
Start Technology Mapping
---------------------------------------------------------------------------------
---------------------------------------------------------------------------------
Finished Technology Mapping : Time (s): cpu = 00:00:18 ; elapsed = 00:00:20 . Memory (MB): peak = 3607.121 ; gain = 876.105 ; free physical = 12109 ; free virtual = 15922
Synthesis current peak Physical Memory [PSS] (MB): peak = 2793.166; parent = 2648.936; children = 144.280
Synthesis current peak Virtual Memory [VSS] (MB): peak = 4565.070; parent = 3607.125; children = 957.945
---------------------------------------------------------------------------------
---------------------------------------------------------------------------------
Start IO Insertion
---------------------------------------------------------------------------------
---------------------------------------------------------------------------------
Start Flattening Before IO Insertion
---------------------------------------------------------------------------------
---------------------------------------------------------------------------------
Finished Flattening Before IO Insertion
---------------------------------------------------------------------------------
---------------------------------------------------------------------------------
Start Final Netlist Cleanup
---------------------------------------------------------------------------------
---------------------------------------------------------------------------------
Finished Final Netlist Cleanup
---------------------------------------------------------------------------------
---------------------------------------------------------------------------------
Finished IO Insertion : Time (s): cpu = 00:00:21 ; elapsed = 00:00:23 . Memory (MB): peak = 3607.121 ; gain = 876.105 ; free physical = 14276 ; free virtual = 18085
Synthesis current peak Physical Memory [PSS] (MB): peak = 2810.509; parent = 2662.640; children = 147.869
Synthesis current peak Virtual Memory [VSS] (MB): peak = 4565.070; parent = 3607.125; children = 957.945
---------------------------------------------------------------------------------
---------------------------------------------------------------------------------
Start Renaming Generated Instances
---------------------------------------------------------------------------------
---------------------------------------------------------------------------------
Finished Renaming Generated Instances : Time (s): cpu = 00:00:21 ; elapsed = 00:00:23 . Memory (MB): peak = 3607.121 ; gain = 876.105 ; free physical = 14244 ; free virtual = 18053
Synthesis current peak Physical Memory [PSS] (MB): peak = 2810.509; parent = 2662.640; children = 147.869
Synthesis current peak Virtual Memory [VSS] (MB): peak = 4565.070; parent = 3607.125; children = 957.945
---------------------------------------------------------------------------------
---------------------------------------------------------------------------------
Start Rebuilding User Hierarchy
---------------------------------------------------------------------------------
---------------------------------------------------------------------------------
Finished Rebuilding User Hierarchy : Time (s): cpu = 00:00:21 ; elapsed = 00:00:23 . Memory (MB): peak = 3607.121 ; gain = 876.105 ; free physical = 14201 ; free virtual = 18010
Synthesis current peak Physical Memory [PSS] (MB): peak = 2810.509; parent = 2662.640; children = 147.869
Synthesis current peak Virtual Memory [VSS] (MB): peak = 4565.070; parent = 3607.125; children = 957.945
---------------------------------------------------------------------------------
---------------------------------------------------------------------------------
Start Renaming Generated Ports
---------------------------------------------------------------------------------
---------------------------------------------------------------------------------
Finished Renaming Generated Ports : Time (s): cpu = 00:00:21 ; elapsed = 00:00:23 . Memory (MB): peak = 3607.121 ; gain = 876.105 ; free physical = 14109 ; free virtual = 17918
Synthesis current peak Physical Memory [PSS] (MB): peak = 2810.509; parent = 2662.640; children = 147.869
Synthesis current peak Virtual Memory [VSS] (MB): peak = 4565.070; parent = 3607.125; children = 957.945
---------------------------------------------------------------------------------
---------------------------------------------------------------------------------
Start Handling Custom Attributes
---------------------------------------------------------------------------------
---------------------------------------------------------------------------------
Finished Handling Custom Attributes : Time (s): cpu = 00:00:21 ; elapsed = 00:00:23 . Memory (MB): peak = 3607.121 ; gain = 876.105 ; free physical = 14005 ; free virtual = 17814
Synthesis current peak Physical Memory [PSS] (MB): peak = 2810.509; parent = 2662.640; children = 147.869
Synthesis current peak Virtual Memory [VSS] (MB): peak = 4565.070; parent = 3607.125; children = 957.945
---------------------------------------------------------------------------------
---------------------------------------------------------------------------------
Start Renaming Generated Nets
---------------------------------------------------------------------------------
---------------------------------------------------------------------------------
Finished Renaming Generated Nets : Time (s): cpu = 00:00:21 ; elapsed = 00:00:23 . Memory (MB): peak = 3607.121 ; gain = 876.105 ; free physical = 13932 ; free virtual = 17741
Synthesis current peak Physical Memory [PSS] (MB): peak = 2810.509; parent = 2662.640; children = 147.869
Synthesis current peak Virtual Memory [VSS] (MB): peak = 4565.070; parent = 3607.125; children = 957.945
---------------------------------------------------------------------------------
---------------------------------------------------------------------------------
Start Writing Synthesis Report
---------------------------------------------------------------------------------

Report BlackBoxes: 
+-+--------------+----------+
| |BlackBox name |Instances |
+-+--------------+----------+
+-+--------------+----------+

Report Cell Usage: 
+------+-----+------+
|      |Cell |Count |
+------+-----+------+
|1     |LUT1 |     1|
|2     |LUT2 |     1|
|3     |LUT3 |     1|
|4     |LUT4 |     1|
|5     |LUT6 |     3|
|6     |FDRE |    10|
+------+-----+------+
---------------------------------------------------------------------------------
Finished Writing Synthesis Report : Time (s): cpu = 00:00:21 ; elapsed = 00:00:23 . Memory (MB): peak = 3607.121 ; gain = 876.105 ; free physical = 13871 ; free virtual = 17680
Synthesis current peak Physical Memory [PSS] (MB): peak = 2810.509; parent = 2662.640; children = 147.869
Synthesis current peak Virtual Memory [VSS] (MB): peak = 4565.070; parent = 3607.125; children = 957.945
---------------------------------------------------------------------------------
Synthesis finished with 0 errors, 0 critical warnings and 2 warnings.
Synthesis Optimization Runtime : Time (s): cpu = 00:00:16 ; elapsed = 00:00:19 . Memory (MB): peak = 3607.121 ; gain = 798.539 ; free physical = 13809 ; free virtual = 17618
Synthesis Optimization Complete : Time (s): cpu = 00:00:21 ; elapsed = 00:00:23 . Memory (MB): peak = 3607.129 ; gain = 876.105 ; free physical = 13753 ; free virtual = 17562
INFO: [Project 1-571] Translating synthesized netlist
Netlist sorting complete. Time (s): cpu = 00:00:00 ; elapsed = 00:00:00 . Memory (MB): peak = 3621.059 ; gain = 0.000 ; free physical = 13763 ; free virtual = 17572
INFO: [Project 1-570] Preparing netlist for logic optimization
INFO: [Opt 31-138] Pushed 0 inverter(s) to 0 load pin(s).
Netlist sorting complete. Time (s): cpu = 00:00:00 ; elapsed = 00:00:00 . Memory (MB): peak = 3681.473 ; gain = 0.000 ; free physical = 13193 ; free virtual = 17058
INFO: [Project 1-111] Unisim Transformation Summary:
No Unisim elements were transformed.

Synth Design complete, checksum: a883d30b
INFO: [Common 17-83] Releasing license: Synthesis
36 Infos, 10 Warnings, 0 Critical Warnings and 0 Errors encountered.
synth_design completed successfully
synth_design: Time (s): cpu = 00:00:29 ; elapsed = 00:00:30 . Memory (MB): peak = 3681.473 ; gain = 2266.238 ; free physical = 13420 ; free virtual = 17288
INFO: [Common 17-600] The following parameters have non-default value.
general.maxThreads
INFO: [Common 17-1381] The checkpoint '/home/advent/Desktop/RC19/_x/link/vivado/vpl/prj/prj.runs/bd_22c0_clock_shutdown_latch_0_synth_1/bd_22c0_clock_shutdown_latch_0.dcp' has been generated.
INFO: [Coretcl 2-1648] Added synthesis output to IP cache for IP bd_22c0_clock_shutdown_latch_0, cache-ID = cfe78747e40a7f76
INFO: [Coretcl 2-1174] Renamed 2 cell refs.
INFO: [Common 17-1381] The checkpoint '/home/advent/Desktop/RC19/_x/link/vivado/vpl/prj/prj.runs/bd_22c0_clock_shutdown_latch_0_synth_1/bd_22c0_clock_shutdown_latch_0.dcp' has been generated.
INFO: [runtcl-4] Executing : report_utilization -file bd_22c0_clock_shutdown_latch_0_utilization_synth.rpt -pb bd_22c0_clock_shutdown_latch_0_utilization_synth.pb
INFO: [Common 17-206] Exiting Vivado at Mon Apr 27 18:51:02 2026...
