
*** Running vivado
    with args -log bd_7cf0_bs_switch_1_0.vds -m64 -product Vivado -mode batch -messageDb vivado.pb -notrace -source bd_7cf0_bs_switch_1_0.tcl


****** Vivado v2022.2 (64-bit)
  **** SW Build 3671981 on Fri Oct 14 04:59:54 MDT 2022
  **** IP Build 3669848 on Fri Oct 14 08:30:02 MDT 2022
    ** Copyright 1986-2022 Xilinx, Inc. All Rights Reserved.

source bd_7cf0_bs_switch_1_0.tcl -notrace
INFO: Dispatch client connection id - 37729
INFO: [IP_Flow 19-234] Refreshing IP repositories
INFO: [IP_Flow 19-1700] Loaded user IP repository '/home/advent/Desktop/RC19/_x/link/int/xo/ip_repo/xilinx_com_hls_softmax_u55c_kernel_1_0'.
INFO: [IP_Flow 19-1700] Loaded user IP repository '/home/advent/Desktop/RC19/_x/link/int/xo/ip_repo/xilinx_com_hls_attention_score_u55c_kernel_1_0'.
INFO: [IP_Flow 19-1700] Loaded user IP repository '/home/advent/Desktop/RC19/_x/link/int/xo/ip_repo/xilinx_com_hls_causal_mask_u55c_kernel_1_0'.
INFO: [IP_Flow 19-1700] Loaded user IP repository '/home/advent/Desktop/RC19/_x/link/int/xo/ip_repo/xilinx_com_hls_score_scale_u55c_kernel_1_0'.
INFO: [IP_Flow 19-1700] Loaded user IP repository '/home/advent/Desktop/RC19/_x/link/vivado/vpl/.local/hw_platform/iprepo'.
INFO: [IP_Flow 19-1700] Loaded user IP repository '/home/advent/Desktop/RC19/_x/link/vivado/vpl/.local/hw_platform/ipcache'.
INFO: [IP_Flow 19-1700] Loaded user IP repository '/home/advent/Vivado/Vitis/2022.2/data/ip'.
INFO: [IP_Flow 19-2313] Loaded Vivado IP repository '/home/advent/Vivado/Vivado/2022.2/data/ip'.
WARNING: [IP_Flow 19-1663] Duplicate IP found for 'xilinx.com:ip:clk_metadata_adapter:1.0'. The one found in IP location '/home/advent/Desktop/RC19/_x/link/vivado/vpl/.local/hw_platform/iprepo/ipdefs/pxi_ii_infra/clk_metadata_adapter_v1_0' will take precedence over the same IP in location /home/advent/Desktop/RC19/_x/link/vivado/vpl/.local/hw_platform/iprepo/ipdefs/other_ipdefs/clk_metadata_adapter_v1_0
WARNING: [IP_Flow 19-1663] Duplicate IP found for 'xilinx.com:ip:pipeline_reg:1.0'. The one found in IP location '/home/advent/Desktop/RC19/_x/link/vivado/vpl/.local/hw_platform/iprepo/ipdefs/pxi_ii_infra/pipeline_reg_v1_0' will take precedence over the same IP in location /home/advent/Desktop/RC19/_x/link/vivado/vpl/.local/hw_platform/iprepo/ipdefs/other_ipdefs/pipeline_reg_v1_0
WARNING: [IP_Flow 19-1663] Duplicate IP found for 'xilinx.com:ip:axi_clk_metadata_adapter:1.0'. The one found in IP location '/home/advent/Desktop/RC19/_x/link/vivado/vpl/.local/hw_platform/iprepo/ipdefs/other_ipdefs/axi_clk_metadata_adapter_v1_0' will take precedence over the same IP in location /home/advent/Desktop/RC19/_x/link/vivado/vpl/.local/hw_platform/iprepo/ipdefs/pxi_ii_infra/axi_clk_metadata_adapter_v1_0
WARNING: [IP_Flow 19-1663] Duplicate IP found for 'xilinx.com:ip:shell_utils_build_info:1.0'. The one found in IP location '/home/advent/Desktop/RC19/_x/link/vivado/vpl/.local/hw_platform/iprepo/ipdefs/other_ipdefs/shell_utils_build_info_v1_0' will take precedence over the same IP in the Xilinx installed IP.
WARNING: [IP_Flow 19-1663] Duplicate IP found for 'xilinx.com:ip:axis_clk_metadata_adapter:1.0'. The one found in IP location '/home/advent/Desktop/RC19/_x/link/vivado/vpl/.local/hw_platform/iprepo/ipdefs/other_ipdefs/axis_clk_metadata_adapter_v1_0' will take precedence over the same IP in location /home/advent/Desktop/RC19/_x/link/vivado/vpl/.local/hw_platform/iprepo/ipdefs/pxi_ii_infra/axis_clk_metadata_adapter_v1_0
INFO: [IP_Flow 19-6924] IPCACHE: Running cache check for IP inst: bd_7cf0_bs_switch_1_0
Command: synth_design -top bd_7cf0_bs_switch_1_0 -part xcu55c-fsvh2892-2L-e -incremental_mode off -mode out_of_context
Starting synth_design
Attempting to get a license for feature 'Synthesis' and/or device 'xcu55c'
INFO: [Common 17-349] Got license for feature 'Synthesis' and/or device 'xcu55c'
INFO: [Device 21-403] Loading part xcu55c-fsvh2892-2L-e
INFO: [Synth 8-7079] Multithreading enabled for synth_design using a maximum of 1 processes.
INFO: [Synth 8-7078] Launching helper process for spawning children vivado processes
INFO: [Synth 8-7075] Helper process launched with PID 59573
INFO: [Synth 8-11241] undeclared symbol 'REGCCE', assumed default net type 'wire' [/home/advent/Vivado/Vivado/2022.2/data/verilog/src/unimacro/BRAM_SINGLE_MACRO.v:2170]
INFO: [Synth 8-11241] undeclared symbol 'bscanid_en_int', assumed default net type 'wire' [/home/advent/Desktop/RC19/_x/link/vivado/vpl/prj/prj.gen/my_rm/bd/ulp/ipshared/3a3b/hdl/bs_switch_v1_0_vl_rfs.v:362]
INFO: [Synth 8-11241] undeclared symbol 'bscanid_en_int', assumed default net type 'wire' [/home/advent/Desktop/RC19/_x/link/vivado/vpl/prj/prj.gen/my_rm/bd/ulp/ipshared/3a3b/hdl/bs_switch_v1_0_vl_rfs.v:397]
INFO: [Synth 8-11241] undeclared symbol 'bscanid_en_int', assumed default net type 'wire' [/home/advent/Desktop/RC19/_x/link/vivado/vpl/prj/prj.gen/my_rm/bd/ulp/ipshared/3a3b/hdl/verilog/bs_switch_v1_0_1_bs_ext.vh:31]
INFO: [Synth 8-11241] undeclared symbol 'bscanid_en_int', assumed default net type 'wire' [/home/advent/Desktop/RC19/_x/link/vivado/vpl/prj/prj.gen/my_rm/bd/ulp/ipshared/3a3b/hdl/verilog/bs_switch_v1_0_1_bs_ext.vh:68]
INFO: [Synth 8-11241] undeclared symbol 'bscanid_en_int', assumed default net type 'wire' [/home/advent/Desktop/RC19/_x/link/vivado/vpl/prj/prj.gen/my_rm/bd/ulp/ipshared/3a3b/hdl/verilog/bs_switch_v1_0_1_bs_ext.vh:106]
INFO: [Synth 8-11241] undeclared symbol 'bscanid_en_int', assumed default net type 'wire' [/home/advent/Desktop/RC19/_x/link/vivado/vpl/prj/prj.gen/my_rm/bd/ulp/ipshared/3a3b/hdl/verilog/bs_switch_v1_0_1_bs_ext.vh:145]
INFO: [Synth 8-11241] undeclared symbol 'bscanid_en_int', assumed default net type 'wire' [/home/advent/Desktop/RC19/_x/link/vivado/vpl/prj/prj.gen/my_rm/bd/ulp/ipshared/3a3b/hdl/verilog/bs_switch_v1_0_1_bs_ext.vh:185]
INFO: [Synth 8-11241] undeclared symbol 'bscanid_en_int', assumed default net type 'wire' [/home/advent/Desktop/RC19/_x/link/vivado/vpl/prj/prj.gen/my_rm/bd/ulp/ipshared/3a3b/hdl/verilog/bs_switch_v1_0_1_bs_ext.vh:226]
INFO: [Synth 8-11241] undeclared symbol 'bscanid_en_int', assumed default net type 'wire' [/home/advent/Desktop/RC19/_x/link/vivado/vpl/prj/prj.gen/my_rm/bd/ulp/ipshared/3a3b/hdl/verilog/bs_switch_v1_0_1_bs_ext.vh:268]
INFO: [Synth 8-11241] undeclared symbol 'bscanid_en_int', assumed default net type 'wire' [/home/advent/Desktop/RC19/_x/link/vivado/vpl/prj/prj.gen/my_rm/bd/ulp/ipshared/3a3b/hdl/verilog/bs_switch_v1_0_1_bs_ext.vh:311]
INFO: [Synth 8-11241] undeclared symbol 'bscanid_en_int', assumed default net type 'wire' [/home/advent/Desktop/RC19/_x/link/vivado/vpl/prj/prj.gen/my_rm/bd/ulp/ipshared/3a3b/hdl/verilog/bs_switch_v1_0_1_bs_ext.vh:355]
INFO: [Synth 8-11241] undeclared symbol 'bscanid_en_int', assumed default net type 'wire' [/home/advent/Desktop/RC19/_x/link/vivado/vpl/prj/prj.gen/my_rm/bd/ulp/ipshared/3a3b/hdl/verilog/bs_switch_v1_0_1_bs_ext.vh:400]
INFO: [Synth 8-11241] undeclared symbol 'bscanid_en_int', assumed default net type 'wire' [/home/advent/Desktop/RC19/_x/link/vivado/vpl/prj/prj.gen/my_rm/bd/ulp/ipshared/3a3b/hdl/verilog/bs_switch_v1_0_1_bs_ext.vh:446]
INFO: [Synth 8-11241] undeclared symbol 'bscanid_en_int', assumed default net type 'wire' [/home/advent/Desktop/RC19/_x/link/vivado/vpl/prj/prj.gen/my_rm/bd/ulp/ipshared/3a3b/hdl/verilog/bs_switch_v1_0_1_bs_ext.vh:493]
INFO: [Synth 8-11241] undeclared symbol 'bscanid_en_int', assumed default net type 'wire' [/home/advent/Desktop/RC19/_x/link/vivado/vpl/prj/prj.gen/my_rm/bd/ulp/ipshared/3a3b/hdl/verilog/bs_switch_v1_0_1_bs_ext.vh:541]
INFO: [Synth 8-11241] undeclared symbol 'bscanid_en_int', assumed default net type 'wire' [/home/advent/Desktop/RC19/_x/link/vivado/vpl/prj/prj.gen/my_rm/bd/ulp/ipshared/3a3b/hdl/verilog/bs_switch_v1_0_1_bs_ext.vh:590]
INFO: [Synth 8-11241] undeclared symbol 'bscanid_en_int', assumed default net type 'wire' [/home/advent/Desktop/RC19/_x/link/vivado/vpl/prj/prj.gen/my_rm/bd/ulp/ipshared/3a3b/hdl/verilog/bs_switch_v1_0_1_bs_ext.vh:640]
---------------------------------------------------------------------------------
Starting RTL Elaboration : Time (s): cpu = 00:00:03 ; elapsed = 00:00:03 . Memory (MB): peak = 3086.941 ; gain = 355.766 ; free physical = 8524 ; free virtual = 12269
Synthesis current peak Physical Memory [PSS] (MB): peak = 2301.732; parent = 2162.433; children = 139.300
Synthesis current peak Virtual Memory [VSS] (MB): peak = 4069.609; parent = 3092.883; children = 976.727
---------------------------------------------------------------------------------
INFO: [Synth 8-6157] synthesizing module 'bd_7cf0_bs_switch_1_0' [/home/advent/Desktop/RC19/_x/link/vivado/vpl/prj/prj.gen/my_rm/bd/ulp/ip/ulp_ulp_cmp_0/bd_1/ip/ip_2/synth/bd_7cf0_bs_switch_1_0.v:53]
INFO: [Synth 8-6155] done synthesizing module 'bd_7cf0_bs_switch_1_0' (0#1) [/home/advent/Desktop/RC19/_x/link/vivado/vpl/prj/prj.gen/my_rm/bd/ulp/ip/ulp_ulp_cmp_0/bd_1/ip/ip_2/synth/bd_7cf0_bs_switch_1_0.v:53]
WARNING: [Synth 8-7129] Port drck_1 in module bs_switch_v1_0_1_bs_switch is either unconnected or has no load
WARNING: [Synth 8-7129] Port reset_1 in module bs_switch_v1_0_1_bs_switch is either unconnected or has no load
WARNING: [Synth 8-7129] Port sel_1 in module bs_switch_v1_0_1_bs_switch is either unconnected or has no load
WARNING: [Synth 8-7129] Port capture_1 in module bs_switch_v1_0_1_bs_switch is either unconnected or has no load
WARNING: [Synth 8-7129] Port shift_1 in module bs_switch_v1_0_1_bs_switch is either unconnected or has no load
WARNING: [Synth 8-7129] Port update_1 in module bs_switch_v1_0_1_bs_switch is either unconnected or has no load
WARNING: [Synth 8-7129] Port tdi_1 in module bs_switch_v1_0_1_bs_switch is either unconnected or has no load
WARNING: [Synth 8-7129] Port runtest_1 in module bs_switch_v1_0_1_bs_switch is either unconnected or has no load
WARNING: [Synth 8-7129] Port tck_1 in module bs_switch_v1_0_1_bs_switch is either unconnected or has no load
WARNING: [Synth 8-7129] Port tms_1 in module bs_switch_v1_0_1_bs_switch is either unconnected or has no load
WARNING: [Synth 8-7129] Port bscanid_en_1 in module bs_switch_v1_0_1_bs_switch is either unconnected or has no load
WARNING: [Synth 8-7129] Port drck_2 in module bs_switch_v1_0_1_bs_switch is either unconnected or has no load
WARNING: [Synth 8-7129] Port reset_2 in module bs_switch_v1_0_1_bs_switch is either unconnected or has no load
WARNING: [Synth 8-7129] Port sel_2 in module bs_switch_v1_0_1_bs_switch is either unconnected or has no load
WARNING: [Synth 8-7129] Port capture_2 in module bs_switch_v1_0_1_bs_switch is either unconnected or has no load
WARNING: [Synth 8-7129] Port shift_2 in module bs_switch_v1_0_1_bs_switch is either unconnected or has no load
WARNING: [Synth 8-7129] Port update_2 in module bs_switch_v1_0_1_bs_switch is either unconnected or has no load
WARNING: [Synth 8-7129] Port tdi_2 in module bs_switch_v1_0_1_bs_switch is either unconnected or has no load
WARNING: [Synth 8-7129] Port runtest_2 in module bs_switch_v1_0_1_bs_switch is either unconnected or has no load
WARNING: [Synth 8-7129] Port tck_2 in module bs_switch_v1_0_1_bs_switch is either unconnected or has no load
WARNING: [Synth 8-7129] Port tms_2 in module bs_switch_v1_0_1_bs_switch is either unconnected or has no load
WARNING: [Synth 8-7129] Port bscanid_en_2 in module bs_switch_v1_0_1_bs_switch is either unconnected or has no load
WARNING: [Synth 8-7129] Port drck_3 in module bs_switch_v1_0_1_bs_switch is either unconnected or has no load
WARNING: [Synth 8-7129] Port reset_3 in module bs_switch_v1_0_1_bs_switch is either unconnected or has no load
WARNING: [Synth 8-7129] Port sel_3 in module bs_switch_v1_0_1_bs_switch is either unconnected or has no load
WARNING: [Synth 8-7129] Port capture_3 in module bs_switch_v1_0_1_bs_switch is either unconnected or has no load
WARNING: [Synth 8-7129] Port shift_3 in module bs_switch_v1_0_1_bs_switch is either unconnected or has no load
WARNING: [Synth 8-7129] Port update_3 in module bs_switch_v1_0_1_bs_switch is either unconnected or has no load
WARNING: [Synth 8-7129] Port tdi_3 in module bs_switch_v1_0_1_bs_switch is either unconnected or has no load
WARNING: [Synth 8-7129] Port runtest_3 in module bs_switch_v1_0_1_bs_switch is either unconnected or has no load
WARNING: [Synth 8-7129] Port tck_3 in module bs_switch_v1_0_1_bs_switch is either unconnected or has no load
WARNING: [Synth 8-7129] Port tms_3 in module bs_switch_v1_0_1_bs_switch is either unconnected or has no load
WARNING: [Synth 8-7129] Port bscanid_en_3 in module bs_switch_v1_0_1_bs_switch is either unconnected or has no load
WARNING: [Synth 8-7129] Port drck_4 in module bs_switch_v1_0_1_bs_switch is either unconnected or has no load
WARNING: [Synth 8-7129] Port reset_4 in module bs_switch_v1_0_1_bs_switch is either unconnected or has no load
WARNING: [Synth 8-7129] Port sel_4 in module bs_switch_v1_0_1_bs_switch is either unconnected or has no load
WARNING: [Synth 8-7129] Port capture_4 in module bs_switch_v1_0_1_bs_switch is either unconnected or has no load
WARNING: [Synth 8-7129] Port shift_4 in module bs_switch_v1_0_1_bs_switch is either unconnected or has no load
WARNING: [Synth 8-7129] Port update_4 in module bs_switch_v1_0_1_bs_switch is either unconnected or has no load
WARNING: [Synth 8-7129] Port tdi_4 in module bs_switch_v1_0_1_bs_switch is either unconnected or has no load
WARNING: [Synth 8-7129] Port runtest_4 in module bs_switch_v1_0_1_bs_switch is either unconnected or has no load
WARNING: [Synth 8-7129] Port tck_4 in module bs_switch_v1_0_1_bs_switch is either unconnected or has no load
WARNING: [Synth 8-7129] Port tms_4 in module bs_switch_v1_0_1_bs_switch is either unconnected or has no load
WARNING: [Synth 8-7129] Port bscanid_en_4 in module bs_switch_v1_0_1_bs_switch is either unconnected or has no load
WARNING: [Synth 8-7129] Port drck_5 in module bs_switch_v1_0_1_bs_switch is either unconnected or has no load
WARNING: [Synth 8-7129] Port reset_5 in module bs_switch_v1_0_1_bs_switch is either unconnected or has no load
WARNING: [Synth 8-7129] Port sel_5 in module bs_switch_v1_0_1_bs_switch is either unconnected or has no load
WARNING: [Synth 8-7129] Port capture_5 in module bs_switch_v1_0_1_bs_switch is either unconnected or has no load
WARNING: [Synth 8-7129] Port shift_5 in module bs_switch_v1_0_1_bs_switch is either unconnected or has no load
WARNING: [Synth 8-7129] Port update_5 in module bs_switch_v1_0_1_bs_switch is either unconnected or has no load
WARNING: [Synth 8-7129] Port tdi_5 in module bs_switch_v1_0_1_bs_switch is either unconnected or has no load
WARNING: [Synth 8-7129] Port runtest_5 in module bs_switch_v1_0_1_bs_switch is either unconnected or has no load
WARNING: [Synth 8-7129] Port tck_5 in module bs_switch_v1_0_1_bs_switch is either unconnected or has no load
WARNING: [Synth 8-7129] Port tms_5 in module bs_switch_v1_0_1_bs_switch is either unconnected or has no load
WARNING: [Synth 8-7129] Port bscanid_en_5 in module bs_switch_v1_0_1_bs_switch is either unconnected or has no load
WARNING: [Synth 8-7129] Port drck_6 in module bs_switch_v1_0_1_bs_switch is either unconnected or has no load
WARNING: [Synth 8-7129] Port reset_6 in module bs_switch_v1_0_1_bs_switch is either unconnected or has no load
WARNING: [Synth 8-7129] Port sel_6 in module bs_switch_v1_0_1_bs_switch is either unconnected or has no load
WARNING: [Synth 8-7129] Port capture_6 in module bs_switch_v1_0_1_bs_switch is either unconnected or has no load
WARNING: [Synth 8-7129] Port shift_6 in module bs_switch_v1_0_1_bs_switch is either unconnected or has no load
WARNING: [Synth 8-7129] Port update_6 in module bs_switch_v1_0_1_bs_switch is either unconnected or has no load
WARNING: [Synth 8-7129] Port tdi_6 in module bs_switch_v1_0_1_bs_switch is either unconnected or has no load
WARNING: [Synth 8-7129] Port runtest_6 in module bs_switch_v1_0_1_bs_switch is either unconnected or has no load
WARNING: [Synth 8-7129] Port tck_6 in module bs_switch_v1_0_1_bs_switch is either unconnected or has no load
WARNING: [Synth 8-7129] Port tms_6 in module bs_switch_v1_0_1_bs_switch is either unconnected or has no load
WARNING: [Synth 8-7129] Port bscanid_en_6 in module bs_switch_v1_0_1_bs_switch is either unconnected or has no load
WARNING: [Synth 8-7129] Port drck_7 in module bs_switch_v1_0_1_bs_switch is either unconnected or has no load
WARNING: [Synth 8-7129] Port reset_7 in module bs_switch_v1_0_1_bs_switch is either unconnected or has no load
WARNING: [Synth 8-7129] Port sel_7 in module bs_switch_v1_0_1_bs_switch is either unconnected or has no load
WARNING: [Synth 8-7129] Port capture_7 in module bs_switch_v1_0_1_bs_switch is either unconnected or has no load
WARNING: [Synth 8-7129] Port shift_7 in module bs_switch_v1_0_1_bs_switch is either unconnected or has no load
WARNING: [Synth 8-7129] Port update_7 in module bs_switch_v1_0_1_bs_switch is either unconnected or has no load
WARNING: [Synth 8-7129] Port tdi_7 in module bs_switch_v1_0_1_bs_switch is either unconnected or has no load
WARNING: [Synth 8-7129] Port runtest_7 in module bs_switch_v1_0_1_bs_switch is either unconnected or has no load
WARNING: [Synth 8-7129] Port tck_7 in module bs_switch_v1_0_1_bs_switch is either unconnected or has no load
WARNING: [Synth 8-7129] Port tms_7 in module bs_switch_v1_0_1_bs_switch is either unconnected or has no load
WARNING: [Synth 8-7129] Port bscanid_en_7 in module bs_switch_v1_0_1_bs_switch is either unconnected or has no load
WARNING: [Synth 8-7129] Port drck_8 in module bs_switch_v1_0_1_bs_switch is either unconnected or has no load
WARNING: [Synth 8-7129] Port reset_8 in module bs_switch_v1_0_1_bs_switch is either unconnected or has no load
WARNING: [Synth 8-7129] Port sel_8 in module bs_switch_v1_0_1_bs_switch is either unconnected or has no load
WARNING: [Synth 8-7129] Port capture_8 in module bs_switch_v1_0_1_bs_switch is either unconnected or has no load
WARNING: [Synth 8-7129] Port shift_8 in module bs_switch_v1_0_1_bs_switch is either unconnected or has no load
WARNING: [Synth 8-7129] Port update_8 in module bs_switch_v1_0_1_bs_switch is either unconnected or has no load
WARNING: [Synth 8-7129] Port tdi_8 in module bs_switch_v1_0_1_bs_switch is either unconnected or has no load
WARNING: [Synth 8-7129] Port runtest_8 in module bs_switch_v1_0_1_bs_switch is either unconnected or has no load
WARNING: [Synth 8-7129] Port tck_8 in module bs_switch_v1_0_1_bs_switch is either unconnected or has no load
WARNING: [Synth 8-7129] Port tms_8 in module bs_switch_v1_0_1_bs_switch is either unconnected or has no load
WARNING: [Synth 8-7129] Port bscanid_en_8 in module bs_switch_v1_0_1_bs_switch is either unconnected or has no load
WARNING: [Synth 8-7129] Port drck_9 in module bs_switch_v1_0_1_bs_switch is either unconnected or has no load
WARNING: [Synth 8-7129] Port reset_9 in module bs_switch_v1_0_1_bs_switch is either unconnected or has no load
WARNING: [Synth 8-7129] Port sel_9 in module bs_switch_v1_0_1_bs_switch is either unconnected or has no load
WARNING: [Synth 8-7129] Port capture_9 in module bs_switch_v1_0_1_bs_switch is either unconnected or has no load
WARNING: [Synth 8-7129] Port shift_9 in module bs_switch_v1_0_1_bs_switch is either unconnected or has no load
WARNING: [Synth 8-7129] Port update_9 in module bs_switch_v1_0_1_bs_switch is either unconnected or has no load
WARNING: [Synth 8-7129] Port tdi_9 in module bs_switch_v1_0_1_bs_switch is either unconnected or has no load
WARNING: [Synth 8-7129] Port runtest_9 in module bs_switch_v1_0_1_bs_switch is either unconnected or has no load
WARNING: [Synth 8-7129] Port tck_9 in module bs_switch_v1_0_1_bs_switch is either unconnected or has no load
WARNING: [Synth 8-7129] Port tms_9 in module bs_switch_v1_0_1_bs_switch is either unconnected or has no load
WARNING: [Synth 8-7129] Port bscanid_en_9 in module bs_switch_v1_0_1_bs_switch is either unconnected or has no load
WARNING: [Synth 8-7129] Port drck_10 in module bs_switch_v1_0_1_bs_switch is either unconnected or has no load
INFO: [Common 17-14] Message 'Synth 8-7129' appears 100 times and further instances of the messages will be disabled. Use the Tcl command set_msg_config to change the current settings.
---------------------------------------------------------------------------------
Finished RTL Elaboration : Time (s): cpu = 00:00:04 ; elapsed = 00:00:04 . Memory (MB): peak = 3162.848 ; gain = 431.672 ; free physical = 8126 ; free virtual = 11866
Synthesis current peak Physical Memory [PSS] (MB): peak = 2301.732; parent = 2162.433; children = 139.300
Synthesis current peak Virtual Memory [VSS] (MB): peak = 4139.578; parent = 3162.852; children = 976.727
---------------------------------------------------------------------------------
---------------------------------------------------------------------------------
Start Handling Custom Attributes
---------------------------------------------------------------------------------
---------------------------------------------------------------------------------
Finished Handling Custom Attributes : Time (s): cpu = 00:00:04 ; elapsed = 00:00:05 . Memory (MB): peak = 3177.691 ; gain = 446.516 ; free physical = 8095 ; free virtual = 11837
Synthesis current peak Physical Memory [PSS] (MB): peak = 2301.732; parent = 2162.433; children = 139.300
Synthesis current peak Virtual Memory [VSS] (MB): peak = 4154.422; parent = 3177.695; children = 976.727
---------------------------------------------------------------------------------
---------------------------------------------------------------------------------
Finished RTL Optimization Phase 1 : Time (s): cpu = 00:00:04 ; elapsed = 00:00:05 . Memory (MB): peak = 3177.691 ; gain = 446.516 ; free physical = 8085 ; free virtual = 11827
Synthesis current peak Physical Memory [PSS] (MB): peak = 2301.732; parent = 2162.433; children = 139.300
Synthesis current peak Virtual Memory [VSS] (MB): peak = 4154.422; parent = 3177.695; children = 976.727
---------------------------------------------------------------------------------
Netlist sorting complete. Time (s): cpu = 00:00:00 ; elapsed = 00:00:00 . Memory (MB): peak = 3177.691 ; gain = 0.000 ; free physical = 8063 ; free virtual = 11805
INFO: [Project 1-570] Preparing netlist for logic optimization

Processing XDC Constraints
Initializing timing engine
Parsing XDC File [/home/advent/Desktop/RC19/_x/link/vivado/vpl/prj/prj.gen/my_rm/bd/ulp/ip/ulp_ulp_cmp_0/bd_1/ip/ip_2/bd_7cf0_bs_switch_1_0_ooc.xdc] for cell 'inst'
Finished Parsing XDC File [/home/advent/Desktop/RC19/_x/link/vivado/vpl/prj/prj.gen/my_rm/bd/ulp/ip/ulp_ulp_cmp_0/bd_1/ip/ip_2/bd_7cf0_bs_switch_1_0_ooc.xdc] for cell 'inst'
Parsing XDC File [/home/advent/Desktop/RC19/_x/link/vivado/vpl/prj/prj.gen/my_rm/bd/ulp/ip/ulp_ulp_cmp_0/bd_1/ip/ip_2/constraints/bs_switch.xdc] for cell 'inst'
Finished Parsing XDC File [/home/advent/Desktop/RC19/_x/link/vivado/vpl/prj/prj.gen/my_rm/bd/ulp/ip/ulp_ulp_cmp_0/bd_1/ip/ip_2/constraints/bs_switch.xdc] for cell 'inst'
INFO: [Project 1-236] Implementation specific constraints were found while reading constraint file [/home/advent/Desktop/RC19/_x/link/vivado/vpl/prj/prj.gen/my_rm/bd/ulp/ip/ulp_ulp_cmp_0/bd_1/ip/ip_2/constraints/bs_switch.xdc]. These constraints will be ignored for synthesis but will be used in implementation. Impacted constraints are listed in the file [.Xil/bd_7cf0_bs_switch_1_0_propImpl.xdc].
Resolution: To avoid this warning, move constraints listed in [.Xil/bd_7cf0_bs_switch_1_0_propImpl.xdc] to another XDC file and exclude this new file from synthesis with the used_in_synthesis property (File Properties dialog in GUI) and re-run elaboration/synthesis.
Parsing XDC File [/home/advent/Desktop/RC19/_x/link/vivado/vpl/prj/prj.runs/bd_7cf0_bs_switch_1_0_synth_1/dont_touch.xdc]
Finished Parsing XDC File [/home/advent/Desktop/RC19/_x/link/vivado/vpl/prj/prj.runs/bd_7cf0_bs_switch_1_0_synth_1/dont_touch.xdc]
Completed Processing XDC Constraints

Netlist sorting complete. Time (s): cpu = 00:00:00 ; elapsed = 00:00:00 . Memory (MB): peak = 3291.258 ; gain = 0.000 ; free physical = 7666 ; free virtual = 11418
INFO: [Project 1-111] Unisim Transformation Summary:
No Unisim elements were transformed.

Constraint Validation Runtime : Time (s): cpu = 00:00:00.01 ; elapsed = 00:00:00.02 . Memory (MB): peak = 3291.258 ; gain = 0.000 ; free physical = 7659 ; free virtual = 11414
INFO: [Designutils 20-5008] Incremental synthesis strategy off
INFO: [Synth 8-11241] undeclared symbol 'REGCCE', assumed default net type 'wire' [/home/advent/Vivado/Vivado/2022.2/data/verilog/src/unimacro/BRAM_SINGLE_MACRO.v:2170]
---------------------------------------------------------------------------------
Finished Constraint Validation : Time (s): cpu = 00:00:09 ; elapsed = 00:00:09 . Memory (MB): peak = 3291.258 ; gain = 560.082 ; free physical = 8618 ; free virtual = 12375
Synthesis current peak Physical Memory [PSS] (MB): peak = 2301.732; parent = 2162.433; children = 139.300
Synthesis current peak Virtual Memory [VSS] (MB): peak = 4267.988; parent = 3291.262; children = 976.727
---------------------------------------------------------------------------------
---------------------------------------------------------------------------------
Start Loading Part and Timing Information
---------------------------------------------------------------------------------
Loading part: xcu55c-fsvh2892-2L-e
INFO: [Synth 8-6742] Reading net delay rules and data
---------------------------------------------------------------------------------
Finished Loading Part and Timing Information : Time (s): cpu = 00:00:09 ; elapsed = 00:00:09 . Memory (MB): peak = 3291.258 ; gain = 560.082 ; free physical = 8591 ; free virtual = 12348
Synthesis current peak Physical Memory [PSS] (MB): peak = 2301.732; parent = 2162.433; children = 139.300
Synthesis current peak Virtual Memory [VSS] (MB): peak = 4267.988; parent = 3291.262; children = 976.727
---------------------------------------------------------------------------------
---------------------------------------------------------------------------------
Start Applying 'set_property' XDC Constraints
---------------------------------------------------------------------------------
Applied set_property KEEP_HIERARCHY = SOFT for inst. (constraint file  /home/advent/Desktop/RC19/_x/link/vivado/vpl/prj/prj.runs/bd_7cf0_bs_switch_1_0_synth_1/dont_touch.xdc, line 6).
---------------------------------------------------------------------------------
Finished applying 'set_property' XDC Constraints : Time (s): cpu = 00:00:09 ; elapsed = 00:00:09 . Memory (MB): peak = 3291.258 ; gain = 560.082 ; free physical = 8567 ; free virtual = 12324
Synthesis current peak Physical Memory [PSS] (MB): peak = 2301.732; parent = 2162.433; children = 139.300
Synthesis current peak Virtual Memory [VSS] (MB): peak = 4267.988; parent = 3291.262; children = 976.727
---------------------------------------------------------------------------------
INFO: [Synth 8-802] inferred FSM for state register 'id_state_reg' in module 'bs_switch_v1_0_1_core'
INFO: [Synth 8-6159] Found Keep on FSM register 'id_state_reg' in module 'bs_switch_v1_0_1_core', re-encoding will not be performed
---------------------------------------------------------------------------------------------------
                   State |                     New Encoding |                Previous Encoding 
---------------------------------------------------------------------------------------------------
*
                  iSTATE |                               00 |                               00
                 iSTATE0 |                               01 |                               01
---------------------------------------------------------------------------------------------------
---------------------------------------------------------------------------------
Finished RTL Optimization Phase 2 : Time (s): cpu = 00:00:09 ; elapsed = 00:00:10 . Memory (MB): peak = 3291.258 ; gain = 560.082 ; free physical = 8275 ; free virtual = 12034
Synthesis current peak Physical Memory [PSS] (MB): peak = 2301.732; parent = 2162.433; children = 139.300
Synthesis current peak Virtual Memory [VSS] (MB): peak = 4267.988; parent = 3291.262; children = 976.727
---------------------------------------------------------------------------------
---------------------------------------------------------------------------------
Start RTL Component Statistics 
---------------------------------------------------------------------------------
Detailed RTL Component Info : 
+---Adders : 
	   2 Input    8 Bit       Adders := 1     
+---Registers : 
	               32 Bit    Registers := 3     
	                8 Bit    Registers := 1     
	                6 Bit    Registers := 2     
	                3 Bit    Registers := 2     
	                1 Bit    Registers := 1     
+---Muxes : 
	   2 Input   32 Bit        Muxes := 6     
	   2 Input    6 Bit        Muxes := 4     
	   6 Input    3 Bit        Muxes := 1     
	   2 Input    3 Bit        Muxes := 3     
	   3 Input    2 Bit        Muxes := 1     
	   2 Input    2 Bit        Muxes := 2     
	   2 Input    1 Bit        Muxes := 15    
	   3 Input    1 Bit        Muxes := 1     
---------------------------------------------------------------------------------
Finished RTL Component Statistics 
---------------------------------------------------------------------------------
---------------------------------------------------------------------------------
Start Part Resource Summary
---------------------------------------------------------------------------------
Part Resources:
DSPs: 9024 (col length:94)
BRAMs: 4032 (col length: RAMB18 288 RAMB36 144)
---------------------------------------------------------------------------------
Finished Part Resource Summary
---------------------------------------------------------------------------------
---------------------------------------------------------------------------------
Start Cross Boundary and Area Optimization
---------------------------------------------------------------------------------
WARNING: [Synth 8-7080] Parallel synthesis criteria is not met
---------------------------------------------------------------------------------
Finished Cross Boundary and Area Optimization : Time (s): cpu = 00:00:10 ; elapsed = 00:00:11 . Memory (MB): peak = 3291.258 ; gain = 560.082 ; free physical = 8108 ; free virtual = 11888
Synthesis current peak Physical Memory [PSS] (MB): peak = 2301.732; parent = 2162.433; children = 139.300
Synthesis current peak Virtual Memory [VSS] (MB): peak = 4267.988; parent = 3291.262; children = 976.727
---------------------------------------------------------------------------------
---------------------------------------------------------------------------------
Start Applying XDC Timing Constraints
---------------------------------------------------------------------------------
---------------------------------------------------------------------------------
Finished Applying XDC Timing Constraints : Time (s): cpu = 00:00:17 ; elapsed = 00:00:19 . Memory (MB): peak = 3579.680 ; gain = 848.504 ; free physical = 4818 ; free virtual = 8607
Synthesis current peak Physical Memory [PSS] (MB): peak = 2766.664; parent = 2632.359; children = 139.300
Synthesis current peak Virtual Memory [VSS] (MB): peak = 4556.410; parent = 3579.684; children = 976.727
---------------------------------------------------------------------------------
---------------------------------------------------------------------------------
Start Timing Optimization
---------------------------------------------------------------------------------
---------------------------------------------------------------------------------
Finished Timing Optimization : Time (s): cpu = 00:00:17 ; elapsed = 00:00:19 . Memory (MB): peak = 3579.680 ; gain = 848.504 ; free physical = 4910 ; free virtual = 8699
Synthesis current peak Physical Memory [PSS] (MB): peak = 2766.921; parent = 2632.593; children = 139.300
Synthesis current peak Virtual Memory [VSS] (MB): peak = 4556.410; parent = 3579.684; children = 976.727
---------------------------------------------------------------------------------
---------------------------------------------------------------------------------
Start Technology Mapping
---------------------------------------------------------------------------------
---------------------------------------------------------------------------------
Finished Technology Mapping : Time (s): cpu = 00:00:17 ; elapsed = 00:00:19 . Memory (MB): peak = 3599.719 ; gain = 868.543 ; free physical = 5307 ; free virtual = 9096
Synthesis current peak Physical Memory [PSS] (MB): peak = 2767.596; parent = 2633.268; children = 139.300
Synthesis current peak Virtual Memory [VSS] (MB): peak = 4576.449; parent = 3599.723; children = 976.727
---------------------------------------------------------------------------------
---------------------------------------------------------------------------------
Start IO Insertion
---------------------------------------------------------------------------------
---------------------------------------------------------------------------------
Start Flattening Before IO Insertion
---------------------------------------------------------------------------------
---------------------------------------------------------------------------------
Finished Flattening Before IO Insertion
---------------------------------------------------------------------------------
---------------------------------------------------------------------------------
Start Final Netlist Cleanup
---------------------------------------------------------------------------------
---------------------------------------------------------------------------------
Finished Final Netlist Cleanup
---------------------------------------------------------------------------------
---------------------------------------------------------------------------------
Finished IO Insertion : Time (s): cpu = 00:00:19 ; elapsed = 00:00:21 . Memory (MB): peak = 3605.656 ; gain = 874.480 ; free physical = 6482 ; free virtual = 10267
Synthesis current peak Physical Memory [PSS] (MB): peak = 2775.246; parent = 2639.418; children = 139.300
Synthesis current peak Virtual Memory [VSS] (MB): peak = 4582.387; parent = 3605.660; children = 976.727
---------------------------------------------------------------------------------
---------------------------------------------------------------------------------
Start Renaming Generated Instances
---------------------------------------------------------------------------------
---------------------------------------------------------------------------------
Finished Renaming Generated Instances : Time (s): cpu = 00:00:19 ; elapsed = 00:00:21 . Memory (MB): peak = 3605.656 ; gain = 874.480 ; free physical = 6472 ; free virtual = 10257
Synthesis current peak Physical Memory [PSS] (MB): peak = 2775.246; parent = 2639.418; children = 139.300
Synthesis current peak Virtual Memory [VSS] (MB): peak = 4582.387; parent = 3605.660; children = 976.727
---------------------------------------------------------------------------------
---------------------------------------------------------------------------------
Start Rebuilding User Hierarchy
---------------------------------------------------------------------------------
---------------------------------------------------------------------------------
Finished Rebuilding User Hierarchy : Time (s): cpu = 00:00:19 ; elapsed = 00:00:21 . Memory (MB): peak = 3605.656 ; gain = 874.480 ; free physical = 6458 ; free virtual = 10243
Synthesis current peak Physical Memory [PSS] (MB): peak = 2775.246; parent = 2639.418; children = 139.300
Synthesis current peak Virtual Memory [VSS] (MB): peak = 4582.387; parent = 3605.660; children = 976.727
---------------------------------------------------------------------------------
---------------------------------------------------------------------------------
Start Renaming Generated Ports
---------------------------------------------------------------------------------
---------------------------------------------------------------------------------
Finished Renaming Generated Ports : Time (s): cpu = 00:00:19 ; elapsed = 00:00:21 . Memory (MB): peak = 3605.656 ; gain = 874.480 ; free physical = 6454 ; free virtual = 10240
Synthesis current peak Physical Memory [PSS] (MB): peak = 2775.246; parent = 2639.418; children = 139.300
Synthesis current peak Virtual Memory [VSS] (MB): peak = 4582.387; parent = 3605.660; children = 976.727
---------------------------------------------------------------------------------
---------------------------------------------------------------------------------
Start Handling Custom Attributes
---------------------------------------------------------------------------------
---------------------------------------------------------------------------------
Finished Handling Custom Attributes : Time (s): cpu = 00:00:19 ; elapsed = 00:00:21 . Memory (MB): peak = 3605.656 ; gain = 874.480 ; free physical = 6440 ; free virtual = 10225
Synthesis current peak Physical Memory [PSS] (MB): peak = 2775.246; parent = 2639.418; children = 139.300
Synthesis current peak Virtual Memory [VSS] (MB): peak = 4582.387; parent = 3605.660; children = 976.727
---------------------------------------------------------------------------------
---------------------------------------------------------------------------------
Start Renaming Generated Nets
---------------------------------------------------------------------------------
---------------------------------------------------------------------------------
Finished Renaming Generated Nets : Time (s): cpu = 00:00:19 ; elapsed = 00:00:22 . Memory (MB): peak = 3605.656 ; gain = 874.480 ; free physical = 6432 ; free virtual = 10217
Synthesis current peak Physical Memory [PSS] (MB): peak = 2775.246; parent = 2639.418; children = 139.300
Synthesis current peak Virtual Memory [VSS] (MB): peak = 4582.387; parent = 3605.660; children = 976.727
---------------------------------------------------------------------------------
---------------------------------------------------------------------------------
Start Writing Synthesis Report
---------------------------------------------------------------------------------

Report BlackBoxes: 
+-+--------------+----------+
| |BlackBox name |Instances |
+-+--------------+----------+
+-+--------------+----------+

Report Cell Usage: 
+------+-------+------+
|      |Cell   |Count |
+------+-------+------+
|1     |CARRY8 |     1|
|2     |LUT1   |     1|
|3     |LUT2   |    34|
|4     |LUT3   |    12|
|5     |LUT4   |    36|
|6     |LUT5   |    43|
|7     |LUT6   |    21|
|8     |FDRE   |   120|
|9     |FDSE   |     5|
+------+-------+------+
---------------------------------------------------------------------------------
Finished Writing Synthesis Report : Time (s): cpu = 00:00:19 ; elapsed = 00:00:22 . Memory (MB): peak = 3605.656 ; gain = 874.480 ; free physical = 6421 ; free virtual = 10206
Synthesis current peak Physical Memory [PSS] (MB): peak = 2775.246; parent = 2639.418; children = 139.300
Synthesis current peak Virtual Memory [VSS] (MB): peak = 4582.387; parent = 3605.660; children = 976.727
---------------------------------------------------------------------------------
Synthesis finished with 0 errors, 0 critical warnings and 193 warnings.
Synthesis Optimization Runtime : Time (s): cpu = 00:00:18 ; elapsed = 00:00:20 . Memory (MB): peak = 3605.656 ; gain = 760.914 ; free physical = 6443 ; free virtual = 10228
Synthesis Optimization Complete : Time (s): cpu = 00:00:19 ; elapsed = 00:00:22 . Memory (MB): peak = 3605.664 ; gain = 874.480 ; free physical = 6430 ; free virtual = 10218
INFO: [Project 1-571] Translating synthesized netlist
Netlist sorting complete. Time (s): cpu = 00:00:00.01 ; elapsed = 00:00:00 . Memory (MB): peak = 3617.625 ; gain = 0.000 ; free physical = 6579 ; free virtual = 10365
INFO: [Netlist 29-17] Analyzing 1 Unisim elements for replacement
INFO: [Netlist 29-28] Unisim Transformation completed in 0 CPU seconds
INFO: [Project 1-570] Preparing netlist for logic optimization
INFO: [Opt 31-138] Pushed 0 inverter(s) to 0 load pin(s).
Netlist sorting complete. Time (s): cpu = 00:00:00 ; elapsed = 00:00:00 . Memory (MB): peak = 3675.883 ; gain = 0.000 ; free physical = 8765 ; free virtual = 12555
INFO: [Project 1-111] Unisim Transformation Summary:
No Unisim elements were transformed.

Synth Design complete, checksum: 7e2f6354
INFO: [Common 17-83] Releasing license: Synthesis
51 Infos, 106 Warnings, 0 Critical Warnings and 0 Errors encountered.
synth_design completed successfully
synth_design: Time (s): cpu = 00:00:28 ; elapsed = 00:00:29 . Memory (MB): peak = 3675.883 ; gain = 2258.488 ; free physical = 8959 ; free virtual = 12749
INFO: [Common 17-600] The following parameters have non-default value.
general.maxThreads
INFO: [Common 17-1381] The checkpoint '/home/advent/Desktop/RC19/_x/link/vivado/vpl/prj/prj.runs/bd_7cf0_bs_switch_1_0_synth_1/bd_7cf0_bs_switch_1_0.dcp' has been generated.
INFO: [Coretcl 2-1648] Added synthesis output to IP cache for IP bd_7cf0_bs_switch_1_0, cache-ID = e0d4fc97ed890fbc
INFO: [Coretcl 2-1174] Renamed 2 cell refs.
INFO: [Common 17-1381] The checkpoint '/home/advent/Desktop/RC19/_x/link/vivado/vpl/prj/prj.runs/bd_7cf0_bs_switch_1_0_synth_1/bd_7cf0_bs_switch_1_0.dcp' has been generated.
INFO: [runtcl-4] Executing : report_utilization -file bd_7cf0_bs_switch_1_0_utilization_synth.rpt -pb bd_7cf0_bs_switch_1_0_utilization_synth.pb
INFO: [Common 17-206] Exiting Vivado at Mon Apr 27 18:49:57 2026...
