
*** Running vivado
    with args -log bd_85ad_axi_apb_bridge_inst_0.vds -m64 -product Vivado -mode batch -messageDb vivado.pb -notrace -source bd_85ad_axi_apb_bridge_inst_0.tcl


****** Vivado v2022.2 (64-bit)
  **** SW Build 3671981 on Fri Oct 14 04:59:54 MDT 2022
  **** IP Build 3669848 on Fri Oct 14 08:30:02 MDT 2022
    ** Copyright 1986-2022 Xilinx, Inc. All Rights Reserved.

source bd_85ad_axi_apb_bridge_inst_0.tcl -notrace
INFO: Dispatch client connection id - 37729
INFO: [IP_Flow 19-234] Refreshing IP repositories
INFO: [IP_Flow 19-1700] Loaded user IP repository '/home/advent/Desktop/RC19/_x/link/int/xo/ip_repo/xilinx_com_hls_softmax_u55c_kernel_1_0'.
INFO: [IP_Flow 19-1700] Loaded user IP repository '/home/advent/Desktop/RC19/_x/link/int/xo/ip_repo/xilinx_com_hls_attention_score_u55c_kernel_1_0'.
INFO: [IP_Flow 19-1700] Loaded user IP repository '/home/advent/Desktop/RC19/_x/link/int/xo/ip_repo/xilinx_com_hls_causal_mask_u55c_kernel_1_0'.
INFO: [IP_Flow 19-1700] Loaded user IP repository '/home/advent/Desktop/RC19/_x/link/int/xo/ip_repo/xilinx_com_hls_score_scale_u55c_kernel_1_0'.
INFO: [IP_Flow 19-1700] Loaded user IP repository '/home/advent/Desktop/RC19/_x/link/vivado/vpl/.local/hw_platform/iprepo'.
INFO: [IP_Flow 19-1700] Loaded user IP repository '/home/advent/Desktop/RC19/_x/link/vivado/vpl/.local/hw_platform/ipcache'.
INFO: [IP_Flow 19-1700] Loaded user IP repository '/home/advent/Vivado/Vitis/2022.2/data/ip'.
INFO: [IP_Flow 19-2313] Loaded Vivado IP repository '/home/advent/Vivado/Vivado/2022.2/data/ip'.
WARNING: [IP_Flow 19-1663] Duplicate IP found for 'xilinx.com:ip:clk_metadata_adapter:1.0'. The one found in IP location '/home/advent/Desktop/RC19/_x/link/vivado/vpl/.local/hw_platform/iprepo/ipdefs/pxi_ii_infra/clk_metadata_adapter_v1_0' will take precedence over the same IP in location /home/advent/Desktop/RC19/_x/link/vivado/vpl/.local/hw_platform/iprepo/ipdefs/other_ipdefs/clk_metadata_adapter_v1_0
WARNING: [IP_Flow 19-1663] Duplicate IP found for 'xilinx.com:ip:pipeline_reg:1.0'. The one found in IP location '/home/advent/Desktop/RC19/_x/link/vivado/vpl/.local/hw_platform/iprepo/ipdefs/pxi_ii_infra/pipeline_reg_v1_0' will take precedence over the same IP in location /home/advent/Desktop/RC19/_x/link/vivado/vpl/.local/hw_platform/iprepo/ipdefs/other_ipdefs/pipeline_reg_v1_0
WARNING: [IP_Flow 19-1663] Duplicate IP found for 'xilinx.com:ip:axi_clk_metadata_adapter:1.0'. The one found in IP location '/home/advent/Desktop/RC19/_x/link/vivado/vpl/.local/hw_platform/iprepo/ipdefs/other_ipdefs/axi_clk_metadata_adapter_v1_0' will take precedence over the same IP in location /home/advent/Desktop/RC19/_x/link/vivado/vpl/.local/hw_platform/iprepo/ipdefs/pxi_ii_infra/axi_clk_metadata_adapter_v1_0
WARNING: [IP_Flow 19-1663] Duplicate IP found for 'xilinx.com:ip:shell_utils_build_info:1.0'. The one found in IP location '/home/advent/Desktop/RC19/_x/link/vivado/vpl/.local/hw_platform/iprepo/ipdefs/other_ipdefs/shell_utils_build_info_v1_0' will take precedence over the same IP in the Xilinx installed IP.
WARNING: [IP_Flow 19-1663] Duplicate IP found for 'xilinx.com:ip:axis_clk_metadata_adapter:1.0'. The one found in IP location '/home/advent/Desktop/RC19/_x/link/vivado/vpl/.local/hw_platform/iprepo/ipdefs/other_ipdefs/axis_clk_metadata_adapter_v1_0' will take precedence over the same IP in location /home/advent/Desktop/RC19/_x/link/vivado/vpl/.local/hw_platform/iprepo/ipdefs/pxi_ii_infra/axis_clk_metadata_adapter_v1_0
INFO: [IP_Flow 19-6924] IPCACHE: Running cache check for IP inst: bd_85ad_axi_apb_bridge_inst_0
Command: synth_design -top bd_85ad_axi_apb_bridge_inst_0 -part xcu55c-fsvh2892-2L-e -incremental_mode off -mode out_of_context
Starting synth_design
Attempting to get a license for feature 'Synthesis' and/or device 'xcu55c'
INFO: [Common 17-349] Got license for feature 'Synthesis' and/or device 'xcu55c'
INFO: [Device 21-403] Loading part xcu55c-fsvh2892-2L-e
INFO: [Synth 8-7079] Multithreading enabled for synth_design using a maximum of 1 processes.
INFO: [Synth 8-7078] Launching helper process for spawning children vivado processes
INFO: [Synth 8-7075] Helper process launched with PID 56218
INFO: [Synth 8-11241] undeclared symbol 'REGCCE', assumed default net type 'wire' [/home/advent/Vivado/Vivado/2022.2/data/verilog/src/unimacro/BRAM_SINGLE_MACRO.v:2170]
---------------------------------------------------------------------------------
Starting RTL Elaboration : Time (s): cpu = 00:00:02 ; elapsed = 00:00:03 . Memory (MB): peak = 3087.031 ; gain = 356.766 ; free physical = 3521 ; free virtual = 8187
Synthesis current peak Physical Memory [PSS] (MB): peak = 2346.384; parent = 2151.937; children = 194.447
Synthesis current peak Virtual Memory [VSS] (MB): peak = 4062.730; parent = 3092.973; children = 969.758
---------------------------------------------------------------------------------
INFO: [Synth 8-638] synthesizing module 'bd_85ad_axi_apb_bridge_inst_0' [/home/advent/Desktop/RC19/_x/link/vivado/vpl/prj/prj.gen/my_rm/bd/ulp/ip/ulp_hmss_0_0/bd_0/ip/ip_33/synth/bd_85ad_axi_apb_bridge_inst_0.vhd:90]
	Parameter C_FAMILY bound to: virtexuplusHBM - type: string 
	Parameter C_INSTANCE bound to: axi_apb_bridge_inst - type: string 
	Parameter C_S_AXI_ADDR_WIDTH bound to: 22 - type: integer 
	Parameter C_S_AXI_DATA_WIDTH bound to: 32 - type: integer 
	Parameter C_M_APB_ADDR_WIDTH bound to: 22 - type: integer 
	Parameter C_M_APB_DATA_WIDTH bound to: 32 - type: integer 
	Parameter C_APB_NUM_SLAVES bound to: 1 - type: integer 
	Parameter C_M_APB_PROTOCOL bound to: apb3 - type: string 
	Parameter C_BASEADDR bound to: 64'b0000000000000000000000000000000000000000000000000000000000000000 
	Parameter C_HIGHADDR bound to: 64'b0000000000000000000000000000000000000000001111111111111111111111 
	Parameter C_S_AXI_RNG2_BASEADDR bound to: 64'b0000000000000000000000000000000000010000000000000000000000000000 
	Parameter C_S_AXI_RNG2_HIGHADDR bound to: 64'b0000000000000000000000000000000000011111111111111111111111111111 
	Parameter C_S_AXI_RNG3_BASEADDR bound to: 64'b0000000000000000000000000000000000100000000000000000000000000000 
	Parameter C_S_AXI_RNG3_HIGHADDR bound to: 64'b0000000000000000000000000000000000101111111111111111111111111111 
	Parameter C_S_AXI_RNG4_BASEADDR bound to: 64'b0000000000000000000000000000000000110000000000000000000000000000 
	Parameter C_S_AXI_RNG4_HIGHADDR bound to: 64'b0000000000000000000000000000000000111111111111111111111111111111 
	Parameter C_S_AXI_RNG5_BASEADDR bound to: 64'b0000000000000000000000000000000001000000000000000000000000000000 
	Parameter C_S_AXI_RNG5_HIGHADDR bound to: 64'b0000000000000000000000000000000001001111111111111111111111111111 
	Parameter C_S_AXI_RNG6_BASEADDR bound to: 64'b0000000000000000000000000000000001010000000000000000000000000000 
	Parameter C_S_AXI_RNG6_HIGHADDR bound to: 64'b0000000000000000000000000000000001011111111111111111111111111111 
	Parameter C_S_AXI_RNG7_BASEADDR bound to: 64'b0000000000000000000000000000000001100000000000000000000000000000 
	Parameter C_S_AXI_RNG7_HIGHADDR bound to: 64'b0000000000000000000000000000000001101111111111111111111111111111 
	Parameter C_S_AXI_RNG8_BASEADDR bound to: 64'b0000000000000000000000000000000001110000000000000000000000000000 
	Parameter C_S_AXI_RNG8_HIGHADDR bound to: 64'b0000000000000000000000000000000001111111111111111111111111111111 
	Parameter C_S_AXI_RNG9_BASEADDR bound to: 64'b0000000000000000000000000000000010000000000000000000000000000000 
	Parameter C_S_AXI_RNG9_HIGHADDR bound to: 64'b0000000000000000000000000000000010001111111111111111111111111111 
	Parameter C_S_AXI_RNG10_BASEADDR bound to: 64'b0000000000000000000000000000000010010000000000000000000000000000 
	Parameter C_S_AXI_RNG10_HIGHADDR bound to: 64'b0000000000000000000000000000000010011111111111111111111111111111 
	Parameter C_S_AXI_RNG11_BASEADDR bound to: 64'b0000000000000000000000000000000010100000000000000000000000000000 
	Parameter C_S_AXI_RNG11_HIGHADDR bound to: 64'b0000000000000000000000000000000010101111111111111111111111111111 
	Parameter C_S_AXI_RNG12_BASEADDR bound to: 64'b0000000000000000000000000000000010110000000000000000000000000000 
	Parameter C_S_AXI_RNG12_HIGHADDR bound to: 64'b0000000000000000000000000000000010111111111111111111111111111111 
	Parameter C_S_AXI_RNG13_BASEADDR bound to: 64'b0000000000000000000000000000000011000000000000000000000000000000 
	Parameter C_S_AXI_RNG13_HIGHADDR bound to: 64'b0000000000000000000000000000000011001111111111111111111111111111 
	Parameter C_S_AXI_RNG14_BASEADDR bound to: 64'b0000000000000000000000000000000011010000000000000000000000000000 
	Parameter C_S_AXI_RNG14_HIGHADDR bound to: 64'b0000000000000000000000000000000011011111111111111111111111111111 
	Parameter C_S_AXI_RNG15_BASEADDR bound to: 64'b0000000000000000000000000000000011100000000000000000000000000000 
	Parameter C_S_AXI_RNG15_HIGHADDR bound to: 64'b0000000000000000000000000000000011101111111111111111111111111111 
	Parameter C_S_AXI_RNG16_BASEADDR bound to: 64'b0000000000000000000000000000000011110000000000000000000000000000 
	Parameter C_S_AXI_RNG16_HIGHADDR bound to: 64'b0000000000000000000000000000000011111111111111111111111111111111 
	Parameter C_DPHASE_TIMEOUT bound to: 0 - type: integer 
INFO: [Synth 8-3491] module 'axi_apb_bridge' declared at '/home/advent/Desktop/RC19/_x/link/vivado/vpl/prj/prj.gen/my_rm/bd/ulp/ipshared/c0b5/hdl/axi_apb_bridge_v3_0_vh_rfs.vhd:7175' bound to instance 'U0' of component 'axi_apb_bridge' [/home/advent/Desktop/RC19/_x/link/vivado/vpl/prj/prj.gen/my_rm/bd/ulp/ip/ulp_hmss_0_0/bd_0/ip/ip_33/synth/bd_85ad_axi_apb_bridge_inst_0.vhd:228]
INFO: [Synth 8-638] synthesizing module 'axi_apb_bridge' [/home/advent/Desktop/RC19/_x/link/vivado/vpl/prj/prj.gen/my_rm/bd/ulp/ipshared/c0b5/hdl/axi_apb_bridge_v3_0_vh_rfs.vhd:7284]
INFO: [Synth 8-638] synthesizing module 'psel_decoder' [/home/advent/Desktop/RC19/_x/link/vivado/vpl/prj/prj.gen/my_rm/bd/ulp/ipshared/c0b5/hdl/axi_apb_bridge_v3_0_vh_rfs.vhd:564]
INFO: [Synth 8-256] done synthesizing module 'psel_decoder' (0#1) [/home/advent/Desktop/RC19/_x/link/vivado/vpl/prj/prj.gen/my_rm/bd/ulp/ipshared/c0b5/hdl/axi_apb_bridge_v3_0_vh_rfs.vhd:564]
INFO: [Synth 8-638] synthesizing module 'multiplexor' [/home/advent/Desktop/RC19/_x/link/vivado/vpl/prj/prj.gen/my_rm/bd/ulp/ipshared/c0b5/hdl/axi_apb_bridge_v3_0_vh_rfs.vhd:4148]
INFO: [Synth 8-256] done synthesizing module 'multiplexor' (0#1) [/home/advent/Desktop/RC19/_x/link/vivado/vpl/prj/prj.gen/my_rm/bd/ulp/ipshared/c0b5/hdl/axi_apb_bridge_v3_0_vh_rfs.vhd:4148]
INFO: [Synth 8-638] synthesizing module 'axilite_sif' [/home/advent/Desktop/RC19/_x/link/vivado/vpl/prj/prj.gen/my_rm/bd/ulp/ipshared/c0b5/hdl/axi_apb_bridge_v3_0_vh_rfs.vhd:6098]
INFO: [Synth 8-226] default block is never used [/home/advent/Desktop/RC19/_x/link/vivado/vpl/prj/prj.gen/my_rm/bd/ulp/ipshared/c0b5/hdl/axi_apb_bridge_v3_0_vh_rfs.vhd:6346]
INFO: [Synth 8-256] done synthesizing module 'axilite_sif' (0#1) [/home/advent/Desktop/RC19/_x/link/vivado/vpl/prj/prj.gen/my_rm/bd/ulp/ipshared/c0b5/hdl/axi_apb_bridge_v3_0_vh_rfs.vhd:6098]
INFO: [Synth 8-638] synthesizing module 'apb_mif' [/home/advent/Desktop/RC19/_x/link/vivado/vpl/prj/prj.gen/my_rm/bd/ulp/ipshared/c0b5/hdl/axi_apb_bridge_v3_0_vh_rfs.vhd:6674]
INFO: [Synth 8-256] done synthesizing module 'apb_mif' (0#1) [/home/advent/Desktop/RC19/_x/link/vivado/vpl/prj/prj.gen/my_rm/bd/ulp/ipshared/c0b5/hdl/axi_apb_bridge_v3_0_vh_rfs.vhd:6674]
INFO: [Synth 8-256] done synthesizing module 'axi_apb_bridge' (0#1) [/home/advent/Desktop/RC19/_x/link/vivado/vpl/prj/prj.gen/my_rm/bd/ulp/ipshared/c0b5/hdl/axi_apb_bridge_v3_0_vh_rfs.vhd:7284]
INFO: [Synth 8-256] done synthesizing module 'bd_85ad_axi_apb_bridge_inst_0' (0#1) [/home/advent/Desktop/RC19/_x/link/vivado/vpl/prj/prj.gen/my_rm/bd/ulp/ip/ulp_hmss_0_0/bd_0/ip/ip_33/synth/bd_85ad_axi_apb_bridge_inst_0.vhd:90]
WARNING: [Synth 8-7129] Port axi_awprot[2] in module apb_mif is either unconnected or has no load
WARNING: [Synth 8-7129] Port axi_awprot[1] in module apb_mif is either unconnected or has no load
WARNING: [Synth 8-7129] Port axi_awprot[0] in module apb_mif is either unconnected or has no load
WARNING: [Synth 8-7129] Port S_AXI_WSTRB[3] in module apb_mif is either unconnected or has no load
WARNING: [Synth 8-7129] Port S_AXI_WSTRB[2] in module apb_mif is either unconnected or has no load
WARNING: [Synth 8-7129] Port S_AXI_WSTRB[1] in module apb_mif is either unconnected or has no load
WARNING: [Synth 8-7129] Port S_AXI_WSTRB[0] in module apb_mif is either unconnected or has no load
WARNING: [Synth 8-7129] Port S_AXI_ARPROT[2] in module apb_mif is either unconnected or has no load
WARNING: [Synth 8-7129] Port S_AXI_ARPROT[1] in module apb_mif is either unconnected or has no load
WARNING: [Synth 8-7129] Port S_AXI_ARPROT[0] in module apb_mif is either unconnected or has no load
WARNING: [Synth 8-7129] Port S_AXI_AWPROT[2] in module axilite_sif is either unconnected or has no load
WARNING: [Synth 8-7129] Port S_AXI_AWPROT[1] in module axilite_sif is either unconnected or has no load
WARNING: [Synth 8-7129] Port S_AXI_AWPROT[0] in module axilite_sif is either unconnected or has no load
WARNING: [Synth 8-7129] Port M_APB_PRDATA2[31] in module multiplexor is either unconnected or has no load
WARNING: [Synth 8-7129] Port M_APB_PRDATA2[30] in module multiplexor is either unconnected or has no load
WARNING: [Synth 8-7129] Port M_APB_PRDATA2[29] in module multiplexor is either unconnected or has no load
WARNING: [Synth 8-7129] Port M_APB_PRDATA2[28] in module multiplexor is either unconnected or has no load
WARNING: [Synth 8-7129] Port M_APB_PRDATA2[27] in module multiplexor is either unconnected or has no load
WARNING: [Synth 8-7129] Port M_APB_PRDATA2[26] in module multiplexor is either unconnected or has no load
WARNING: [Synth 8-7129] Port M_APB_PRDATA2[25] in module multiplexor is either unconnected or has no load
WARNING: [Synth 8-7129] Port M_APB_PRDATA2[24] in module multiplexor is either unconnected or has no load
WARNING: [Synth 8-7129] Port M_APB_PRDATA2[23] in module multiplexor is either unconnected or has no load
WARNING: [Synth 8-7129] Port M_APB_PRDATA2[22] in module multiplexor is either unconnected or has no load
WARNING: [Synth 8-7129] Port M_APB_PRDATA2[21] in module multiplexor is either unconnected or has no load
WARNING: [Synth 8-7129] Port M_APB_PRDATA2[20] in module multiplexor is either unconnected or has no load
WARNING: [Synth 8-7129] Port M_APB_PRDATA2[19] in module multiplexor is either unconnected or has no load
WARNING: [Synth 8-7129] Port M_APB_PRDATA2[18] in module multiplexor is either unconnected or has no load
WARNING: [Synth 8-7129] Port M_APB_PRDATA2[17] in module multiplexor is either unconnected or has no load
WARNING: [Synth 8-7129] Port M_APB_PRDATA2[16] in module multiplexor is either unconnected or has no load
WARNING: [Synth 8-7129] Port M_APB_PRDATA2[15] in module multiplexor is either unconnected or has no load
WARNING: [Synth 8-7129] Port M_APB_PRDATA2[14] in module multiplexor is either unconnected or has no load
WARNING: [Synth 8-7129] Port M_APB_PRDATA2[13] in module multiplexor is either unconnected or has no load
WARNING: [Synth 8-7129] Port M_APB_PRDATA2[12] in module multiplexor is either unconnected or has no load
WARNING: [Synth 8-7129] Port M_APB_PRDATA2[11] in module multiplexor is either unconnected or has no load
WARNING: [Synth 8-7129] Port M_APB_PRDATA2[10] in module multiplexor is either unconnected or has no load
WARNING: [Synth 8-7129] Port M_APB_PRDATA2[9] in module multiplexor is either unconnected or has no load
WARNING: [Synth 8-7129] Port M_APB_PRDATA2[8] in module multiplexor is either unconnected or has no load
WARNING: [Synth 8-7129] Port M_APB_PRDATA2[7] in module multiplexor is either unconnected or has no load
WARNING: [Synth 8-7129] Port M_APB_PRDATA2[6] in module multiplexor is either unconnected or has no load
WARNING: [Synth 8-7129] Port M_APB_PRDATA2[5] in module multiplexor is either unconnected or has no load
WARNING: [Synth 8-7129] Port M_APB_PRDATA2[4] in module multiplexor is either unconnected or has no load
WARNING: [Synth 8-7129] Port M_APB_PRDATA2[3] in module multiplexor is either unconnected or has no load
WARNING: [Synth 8-7129] Port M_APB_PRDATA2[2] in module multiplexor is either unconnected or has no load
WARNING: [Synth 8-7129] Port M_APB_PRDATA2[1] in module multiplexor is either unconnected or has no load
WARNING: [Synth 8-7129] Port M_APB_PRDATA2[0] in module multiplexor is either unconnected or has no load
WARNING: [Synth 8-7129] Port M_APB_PRDATA3[31] in module multiplexor is either unconnected or has no load
WARNING: [Synth 8-7129] Port M_APB_PRDATA3[30] in module multiplexor is either unconnected or has no load
WARNING: [Synth 8-7129] Port M_APB_PRDATA3[29] in module multiplexor is either unconnected or has no load
WARNING: [Synth 8-7129] Port M_APB_PRDATA3[28] in module multiplexor is either unconnected or has no load
WARNING: [Synth 8-7129] Port M_APB_PRDATA3[27] in module multiplexor is either unconnected or has no load
WARNING: [Synth 8-7129] Port M_APB_PRDATA3[26] in module multiplexor is either unconnected or has no load
WARNING: [Synth 8-7129] Port M_APB_PRDATA3[25] in module multiplexor is either unconnected or has no load
WARNING: [Synth 8-7129] Port M_APB_PRDATA3[24] in module multiplexor is either unconnected or has no load
WARNING: [Synth 8-7129] Port M_APB_PRDATA3[23] in module multiplexor is either unconnected or has no load
WARNING: [Synth 8-7129] Port M_APB_PRDATA3[22] in module multiplexor is either unconnected or has no load
WARNING: [Synth 8-7129] Port M_APB_PRDATA3[21] in module multiplexor is either unconnected or has no load
WARNING: [Synth 8-7129] Port M_APB_PRDATA3[20] in module multiplexor is either unconnected or has no load
WARNING: [Synth 8-7129] Port M_APB_PRDATA3[19] in module multiplexor is either unconnected or has no load
WARNING: [Synth 8-7129] Port M_APB_PRDATA3[18] in module multiplexor is either unconnected or has no load
WARNING: [Synth 8-7129] Port M_APB_PRDATA3[17] in module multiplexor is either unconnected or has no load
WARNING: [Synth 8-7129] Port M_APB_PRDATA3[16] in module multiplexor is either unconnected or has no load
WARNING: [Synth 8-7129] Port M_APB_PRDATA3[15] in module multiplexor is either unconnected or has no load
WARNING: [Synth 8-7129] Port M_APB_PRDATA3[14] in module multiplexor is either unconnected or has no load
WARNING: [Synth 8-7129] Port M_APB_PRDATA3[13] in module multiplexor is either unconnected or has no load
WARNING: [Synth 8-7129] Port M_APB_PRDATA3[12] in module multiplexor is either unconnected or has no load
WARNING: [Synth 8-7129] Port M_APB_PRDATA3[11] in module multiplexor is either unconnected or has no load
WARNING: [Synth 8-7129] Port M_APB_PRDATA3[10] in module multiplexor is either unconnected or has no load
WARNING: [Synth 8-7129] Port M_APB_PRDATA3[9] in module multiplexor is either unconnected or has no load
WARNING: [Synth 8-7129] Port M_APB_PRDATA3[8] in module multiplexor is either unconnected or has no load
WARNING: [Synth 8-7129] Port M_APB_PRDATA3[7] in module multiplexor is either unconnected or has no load
WARNING: [Synth 8-7129] Port M_APB_PRDATA3[6] in module multiplexor is either unconnected or has no load
WARNING: [Synth 8-7129] Port M_APB_PRDATA3[5] in module multiplexor is either unconnected or has no load
WARNING: [Synth 8-7129] Port M_APB_PRDATA3[4] in module multiplexor is either unconnected or has no load
WARNING: [Synth 8-7129] Port M_APB_PRDATA3[3] in module multiplexor is either unconnected or has no load
WARNING: [Synth 8-7129] Port M_APB_PRDATA3[2] in module multiplexor is either unconnected or has no load
WARNING: [Synth 8-7129] Port M_APB_PRDATA3[1] in module multiplexor is either unconnected or has no load
WARNING: [Synth 8-7129] Port M_APB_PRDATA3[0] in module multiplexor is either unconnected or has no load
WARNING: [Synth 8-7129] Port M_APB_PRDATA4[31] in module multiplexor is either unconnected or has no load
WARNING: [Synth 8-7129] Port M_APB_PRDATA4[30] in module multiplexor is either unconnected or has no load
WARNING: [Synth 8-7129] Port M_APB_PRDATA4[29] in module multiplexor is either unconnected or has no load
WARNING: [Synth 8-7129] Port M_APB_PRDATA4[28] in module multiplexor is either unconnected or has no load
WARNING: [Synth 8-7129] Port M_APB_PRDATA4[27] in module multiplexor is either unconnected or has no load
WARNING: [Synth 8-7129] Port M_APB_PRDATA4[26] in module multiplexor is either unconnected or has no load
WARNING: [Synth 8-7129] Port M_APB_PRDATA4[25] in module multiplexor is either unconnected or has no load
WARNING: [Synth 8-7129] Port M_APB_PRDATA4[24] in module multiplexor is either unconnected or has no load
WARNING: [Synth 8-7129] Port M_APB_PRDATA4[23] in module multiplexor is either unconnected or has no load
WARNING: [Synth 8-7129] Port M_APB_PRDATA4[22] in module multiplexor is either unconnected or has no load
WARNING: [Synth 8-7129] Port M_APB_PRDATA4[21] in module multiplexor is either unconnected or has no load
WARNING: [Synth 8-7129] Port M_APB_PRDATA4[20] in module multiplexor is either unconnected or has no load
WARNING: [Synth 8-7129] Port M_APB_PRDATA4[19] in module multiplexor is either unconnected or has no load
WARNING: [Synth 8-7129] Port M_APB_PRDATA4[18] in module multiplexor is either unconnected or has no load
WARNING: [Synth 8-7129] Port M_APB_PRDATA4[17] in module multiplexor is either unconnected or has no load
WARNING: [Synth 8-7129] Port M_APB_PRDATA4[16] in module multiplexor is either unconnected or has no load
WARNING: [Synth 8-7129] Port M_APB_PRDATA4[15] in module multiplexor is either unconnected or has no load
WARNING: [Synth 8-7129] Port M_APB_PRDATA4[14] in module multiplexor is either unconnected or has no load
WARNING: [Synth 8-7129] Port M_APB_PRDATA4[13] in module multiplexor is either unconnected or has no load
WARNING: [Synth 8-7129] Port M_APB_PRDATA4[12] in module multiplexor is either unconnected or has no load
WARNING: [Synth 8-7129] Port M_APB_PRDATA4[11] in module multiplexor is either unconnected or has no load
WARNING: [Synth 8-7129] Port M_APB_PRDATA4[10] in module multiplexor is either unconnected or has no load
WARNING: [Synth 8-7129] Port M_APB_PRDATA4[9] in module multiplexor is either unconnected or has no load
INFO: [Common 17-14] Message 'Synth 8-7129' appears 100 times and further instances of the messages will be disabled. Use the Tcl command set_msg_config to change the current settings.
---------------------------------------------------------------------------------
Finished RTL Elaboration : Time (s): cpu = 00:00:03 ; elapsed = 00:00:04 . Memory (MB): peak = 3162.938 ; gain = 432.672 ; free physical = 3472 ; free virtual = 8138
Synthesis current peak Physical Memory [PSS] (MB): peak = 2346.384; parent = 2151.937; children = 194.447
Synthesis current peak Virtual Memory [VSS] (MB): peak = 4132.699; parent = 3162.941; children = 969.758
---------------------------------------------------------------------------------
---------------------------------------------------------------------------------
Start Handling Custom Attributes
---------------------------------------------------------------------------------
---------------------------------------------------------------------------------
Finished Handling Custom Attributes : Time (s): cpu = 00:00:03 ; elapsed = 00:00:04 . Memory (MB): peak = 3180.750 ; gain = 450.484 ; free physical = 3430 ; free virtual = 8096
Synthesis current peak Physical Memory [PSS] (MB): peak = 2346.384; parent = 2151.937; children = 194.447
Synthesis current peak Virtual Memory [VSS] (MB): peak = 4150.512; parent = 3180.754; children = 969.758
---------------------------------------------------------------------------------
---------------------------------------------------------------------------------
Finished RTL Optimization Phase 1 : Time (s): cpu = 00:00:03 ; elapsed = 00:00:04 . Memory (MB): peak = 3180.750 ; gain = 450.484 ; free physical = 3420 ; free virtual = 8086
Synthesis current peak Physical Memory [PSS] (MB): peak = 2346.384; parent = 2151.937; children = 194.447
Synthesis current peak Virtual Memory [VSS] (MB): peak = 4150.512; parent = 3180.754; children = 969.758
---------------------------------------------------------------------------------
Netlist sorting complete. Time (s): cpu = 00:00:00.01 ; elapsed = 00:00:00 . Memory (MB): peak = 3180.750 ; gain = 0.000 ; free physical = 3399 ; free virtual = 8065
INFO: [Project 1-570] Preparing netlist for logic optimization

Processing XDC Constraints
Initializing timing engine
Parsing XDC File [/home/advent/Desktop/RC19/_x/link/vivado/vpl/prj/prj.gen/my_rm/bd/ulp/ip/ulp_hmss_0_0/bd_0/ip/ip_33/bd_85ad_axi_apb_bridge_inst_0_ooc.xdc] for cell 'U0'
0V85_VCCINT { VCCINT }  -supply_current_budget  100.000 A -voltage  0.850 V -direct
0V85_VCCINT_IO { VCCINT_IO VCCBRAM }  -supply_current_budget  30.000 A -voltage  0.850 V -direct
0V9_AVCC { MGTYAVCC }  -supply_current_budget  0.000 A -voltage  0.900 V -direct
1V2_AVTT { MGTYAVTT }  -supply_current_budget  0.000 A -voltage  1.200 V -direct
1V2_HBM { VCC_HBM }  -supply_current_budget  0.000 A -voltage  1.200 V -direct
1V8 { VCCAUX VCCAUX_IO MGTYVCCAUX VCCO18 VCCADC }  -supply_current_budget  4.000 A -voltage  1.800 V -direct
2V5_VPP { VCCAUX_HBM }  -supply_current_budget  0.300 A -voltage  2.500 V -direct
Finished Parsing XDC File [/home/advent/Desktop/RC19/_x/link/vivado/vpl/prj/prj.gen/my_rm/bd/ulp/ip/ulp_hmss_0_0/bd_0/ip/ip_33/bd_85ad_axi_apb_bridge_inst_0_ooc.xdc] for cell 'U0'
Parsing XDC File [/home/advent/Desktop/RC19/_x/link/vivado/vpl/prj/prj.runs/bd_85ad_axi_apb_bridge_inst_0_synth_1/dont_touch.xdc]
Finished Parsing XDC File [/home/advent/Desktop/RC19/_x/link/vivado/vpl/prj/prj.runs/bd_85ad_axi_apb_bridge_inst_0_synth_1/dont_touch.xdc]
Completed Processing XDC Constraints

Netlist sorting complete. Time (s): cpu = 00:00:00 ; elapsed = 00:00:00 . Memory (MB): peak = 3293.316 ; gain = 0.000 ; free physical = 3135 ; free virtual = 7811
INFO: [Project 1-111] Unisim Transformation Summary:
No Unisim elements were transformed.

Constraint Validation Runtime : Time (s): cpu = 00:00:00.01 ; elapsed = 00:00:00.01 . Memory (MB): peak = 3293.316 ; gain = 0.000 ; free physical = 3139 ; free virtual = 7814
INFO: [Designutils 20-5008] Incremental synthesis strategy off
INFO: [Synth 8-11241] undeclared symbol 'REGCCE', assumed default net type 'wire' [/home/advent/Vivado/Vivado/2022.2/data/verilog/src/unimacro/BRAM_SINGLE_MACRO.v:2170]
---------------------------------------------------------------------------------
Finished Constraint Validation : Time (s): cpu = 00:00:10 ; elapsed = 00:00:11 . Memory (MB): peak = 3293.316 ; gain = 563.051 ; free physical = 2665 ; free virtual = 7368
Synthesis current peak Physical Memory [PSS] (MB): peak = 2346.384; parent = 2160.180; children = 194.447
Synthesis current peak Virtual Memory [VSS] (MB): peak = 4263.078; parent = 3293.320; children = 969.758
---------------------------------------------------------------------------------
---------------------------------------------------------------------------------
Start Loading Part and Timing Information
---------------------------------------------------------------------------------
Loading part: xcu55c-fsvh2892-2L-e
INFO: [Synth 8-6742] Reading net delay rules and data
---------------------------------------------------------------------------------
Finished Loading Part and Timing Information : Time (s): cpu = 00:00:10 ; elapsed = 00:00:11 . Memory (MB): peak = 3293.316 ; gain = 563.051 ; free physical = 2650 ; free virtual = 7353
Synthesis current peak Physical Memory [PSS] (MB): peak = 2346.384; parent = 2160.180; children = 194.447
Synthesis current peak Virtual Memory [VSS] (MB): peak = 4263.078; parent = 3293.320; children = 969.758
---------------------------------------------------------------------------------
---------------------------------------------------------------------------------
Start Applying 'set_property' XDC Constraints
---------------------------------------------------------------------------------
Applied set_property KEEP_HIERARCHY = SOFT for U0. (constraint file  /home/advent/Desktop/RC19/_x/link/vivado/vpl/prj/prj.runs/bd_85ad_axi_apb_bridge_inst_0_synth_1/dont_touch.xdc, line 6).
---------------------------------------------------------------------------------
Finished applying 'set_property' XDC Constraints : Time (s): cpu = 00:00:10 ; elapsed = 00:00:11 . Memory (MB): peak = 3293.316 ; gain = 563.051 ; free physical = 2635 ; free virtual = 7338
Synthesis current peak Physical Memory [PSS] (MB): peak = 2346.384; parent = 2160.180; children = 194.447
Synthesis current peak Virtual Memory [VSS] (MB): peak = 4263.078; parent = 3293.320; children = 969.758
---------------------------------------------------------------------------------
INFO: [Synth 8-802] inferred FSM for state register 'axi_wr_rd_cs_reg' in module 'axilite_sif'
INFO: [Synth 8-802] inferred FSM for state register 'apb_wr_rd_cs_reg' in module 'apb_mif'
---------------------------------------------------------------------------------------------------
                   State |                     New Encoding |                Previous Encoding 
---------------------------------------------------------------------------------------------------
                axi_idle |                              000 |                              000
               read_wait |                              001 |                              110
                    read |                              010 |                              101
                 rd_resp |                              011 |                              111
              write_wait |                              100 |                              011
            write_w_wait |                              101 |                              010
                   write |                              110 |                              001
                 wr_resp |                              111 |                              100
---------------------------------------------------------------------------------------------------
INFO: [Synth 8-3354] encoded FSM with state register 'axi_wr_rd_cs_reg' using encoding 'sequential' in module 'axilite_sif'
---------------------------------------------------------------------------------------------------
                   State |                     New Encoding |                Previous Encoding 
---------------------------------------------------------------------------------------------------
                apb_idle |                              001 |                               00
               apb_setup |                              010 |                               01
              apb_access |                              100 |                               10
---------------------------------------------------------------------------------------------------
INFO: [Synth 8-3354] encoded FSM with state register 'apb_wr_rd_cs_reg' using encoding 'one-hot' in module 'apb_mif'
---------------------------------------------------------------------------------
Finished RTL Optimization Phase 2 : Time (s): cpu = 00:00:10 ; elapsed = 00:00:11 . Memory (MB): peak = 3293.316 ; gain = 563.051 ; free physical = 2531 ; free virtual = 7235
Synthesis current peak Physical Memory [PSS] (MB): peak = 2346.384; parent = 2160.180; children = 194.447
Synthesis current peak Virtual Memory [VSS] (MB): peak = 4263.078; parent = 3293.320; children = 969.758
---------------------------------------------------------------------------------
---------------------------------------------------------------------------------
Start RTL Component Statistics 
---------------------------------------------------------------------------------
Detailed RTL Component Info : 
+---Registers : 
	               32 Bit    Registers := 2     
	               22 Bit    Registers := 2     
	                1 Bit    Registers := 10    
+---Muxes : 
	   2 Input   32 Bit        Muxes := 3     
	   3 Input   32 Bit        Muxes := 1     
	   2 Input   22 Bit        Muxes := 4     
	   8 Input    3 Bit        Muxes := 1     
	   2 Input    3 Bit        Muxes := 5     
	   2 Input    1 Bit        Muxes := 13    
	   8 Input    1 Bit        Muxes := 8     
	   3 Input    1 Bit        Muxes := 5     
---------------------------------------------------------------------------------
Finished RTL Component Statistics 
---------------------------------------------------------------------------------
---------------------------------------------------------------------------------
Start Part Resource Summary
---------------------------------------------------------------------------------
Part Resources:
DSPs: 9024 (col length:94)
BRAMs: 4032 (col length: RAMB18 288 RAMB36 144)
---------------------------------------------------------------------------------
Finished Part Resource Summary
---------------------------------------------------------------------------------
---------------------------------------------------------------------------------
Start Cross Boundary and Area Optimization
---------------------------------------------------------------------------------
WARNING: [Synth 8-7080] Parallel synthesis criteria is not met
---------------------------------------------------------------------------------
Finished Cross Boundary and Area Optimization : Time (s): cpu = 00:00:11 ; elapsed = 00:00:12 . Memory (MB): peak = 3293.316 ; gain = 563.051 ; free physical = 2219 ; free virtual = 6926
Synthesis current peak Physical Memory [PSS] (MB): peak = 2346.384; parent = 2160.180; children = 194.447
Synthesis current peak Virtual Memory [VSS] (MB): peak = 4263.078; parent = 3293.320; children = 969.758
---------------------------------------------------------------------------------
---------------------------------------------------------------------------------
Start Applying XDC Timing Constraints
---------------------------------------------------------------------------------
---------------------------------------------------------------------------------
Finished Applying XDC Timing Constraints : Time (s): cpu = 00:00:18 ; elapsed = 00:00:20 . Memory (MB): peak = 3578.418 ; gain = 848.152 ; free physical = 278 ; free virtual = 3710
Synthesis current peak Physical Memory [PSS] (MB): peak = 2755.499; parent = 2623.827; children = 194.447
Synthesis current peak Virtual Memory [VSS] (MB): peak = 4548.180; parent = 3578.422; children = 969.758
---------------------------------------------------------------------------------
---------------------------------------------------------------------------------
Start Timing Optimization
---------------------------------------------------------------------------------
---------------------------------------------------------------------------------
Finished Timing Optimization : Time (s): cpu = 00:00:18 ; elapsed = 00:00:20 . Memory (MB): peak = 3601.449 ; gain = 871.184 ; free physical = 320 ; free virtual = 3744
Synthesis current peak Physical Memory [PSS] (MB): peak = 2760.741; parent = 2629.086; children = 194.447
Synthesis current peak Virtual Memory [VSS] (MB): peak = 4571.211; parent = 3601.453; children = 969.758
---------------------------------------------------------------------------------
---------------------------------------------------------------------------------
Start Technology Mapping
---------------------------------------------------------------------------------
---------------------------------------------------------------------------------
Finished Technology Mapping : Time (s): cpu = 00:00:18 ; elapsed = 00:00:20 . Memory (MB): peak = 3603.465 ; gain = 873.199 ; free physical = 282 ; free virtual = 3715
Synthesis current peak Physical Memory [PSS] (MB): peak = 2761.031; parent = 2629.359; children = 194.447
Synthesis current peak Virtual Memory [VSS] (MB): peak = 4573.227; parent = 3603.469; children = 969.758
---------------------------------------------------------------------------------
---------------------------------------------------------------------------------
Start IO Insertion
---------------------------------------------------------------------------------
---------------------------------------------------------------------------------
Start Flattening Before IO Insertion
---------------------------------------------------------------------------------
---------------------------------------------------------------------------------
Finished Flattening Before IO Insertion
---------------------------------------------------------------------------------
---------------------------------------------------------------------------------
Start Final Netlist Cleanup
---------------------------------------------------------------------------------
---------------------------------------------------------------------------------
Finished Final Netlist Cleanup
---------------------------------------------------------------------------------
---------------------------------------------------------------------------------
Finished IO Insertion : Time (s): cpu = 00:00:21 ; elapsed = 00:00:23 . Memory (MB): peak = 3609.402 ; gain = 879.137 ; free physical = 652 ; free virtual = 3977
Synthesis current peak Physical Memory [PSS] (MB): peak = 2772.793; parent = 2635.165; children = 194.447
Synthesis current peak Virtual Memory [VSS] (MB): peak = 4579.164; parent = 3609.406; children = 969.758
---------------------------------------------------------------------------------
---------------------------------------------------------------------------------
Start Renaming Generated Instances
---------------------------------------------------------------------------------
---------------------------------------------------------------------------------
Finished Renaming Generated Instances : Time (s): cpu = 00:00:21 ; elapsed = 00:00:23 . Memory (MB): peak = 3609.402 ; gain = 879.137 ; free physical = 667 ; free virtual = 3992
Synthesis current peak Physical Memory [PSS] (MB): peak = 2772.860; parent = 2635.211; children = 194.447
Synthesis current peak Virtual Memory [VSS] (MB): peak = 4579.164; parent = 3609.406; children = 969.758
---------------------------------------------------------------------------------
---------------------------------------------------------------------------------
Start Rebuilding User Hierarchy
---------------------------------------------------------------------------------
---------------------------------------------------------------------------------
Finished Rebuilding User Hierarchy : Time (s): cpu = 00:00:21 ; elapsed = 00:00:23 . Memory (MB): peak = 3609.402 ; gain = 879.137 ; free physical = 715 ; free virtual = 4042
Synthesis current peak Physical Memory [PSS] (MB): peak = 2772.860; parent = 2635.211; children = 194.447
Synthesis current peak Virtual Memory [VSS] (MB): peak = 4579.164; parent = 3609.406; children = 969.758
---------------------------------------------------------------------------------
---------------------------------------------------------------------------------
Start Renaming Generated Ports
---------------------------------------------------------------------------------
---------------------------------------------------------------------------------
Finished Renaming Generated Ports : Time (s): cpu = 00:00:21 ; elapsed = 00:00:23 . Memory (MB): peak = 3609.402 ; gain = 879.137 ; free physical = 835 ; free virtual = 4162
Synthesis current peak Physical Memory [PSS] (MB): peak = 2772.891; parent = 2635.247; children = 194.447
Synthesis current peak Virtual Memory [VSS] (MB): peak = 4579.164; parent = 3609.406; children = 969.758
---------------------------------------------------------------------------------
---------------------------------------------------------------------------------
Start Handling Custom Attributes
---------------------------------------------------------------------------------
---------------------------------------------------------------------------------
Finished Handling Custom Attributes : Time (s): cpu = 00:00:21 ; elapsed = 00:00:23 . Memory (MB): peak = 3609.402 ; gain = 879.137 ; free physical = 808 ; free virtual = 4135
Synthesis current peak Physical Memory [PSS] (MB): peak = 2772.891; parent = 2635.247; children = 194.447
Synthesis current peak Virtual Memory [VSS] (MB): peak = 4579.164; parent = 3609.406; children = 969.758
---------------------------------------------------------------------------------
---------------------------------------------------------------------------------
Start Renaming Generated Nets
---------------------------------------------------------------------------------
---------------------------------------------------------------------------------
Finished Renaming Generated Nets : Time (s): cpu = 00:00:21 ; elapsed = 00:00:23 . Memory (MB): peak = 3609.402 ; gain = 879.137 ; free physical = 798 ; free virtual = 4125
Synthesis current peak Physical Memory [PSS] (MB): peak = 2772.909; parent = 2635.270; children = 194.447
Synthesis current peak Virtual Memory [VSS] (MB): peak = 4579.164; parent = 3609.406; children = 969.758
---------------------------------------------------------------------------------
---------------------------------------------------------------------------------
Start Writing Synthesis Report
---------------------------------------------------------------------------------

Report BlackBoxes: 
+-+--------------+----------+
| |BlackBox name |Instances |
+-+--------------+----------+
+-+--------------+----------+

Report Cell Usage: 
+------+-----+------+
|      |Cell |Count |
+------+-----+------+
|1     |LUT1 |     1|
|2     |LUT2 |    33|
|3     |LUT3 |    25|
|4     |LUT4 |    35|
|5     |LUT5 |    28|
|6     |LUT6 |    13|
|7     |FDRE |   123|
|8     |FDSE |     1|
+------+-----+------+
---------------------------------------------------------------------------------
Finished Writing Synthesis Report : Time (s): cpu = 00:00:21 ; elapsed = 00:00:23 . Memory (MB): peak = 3609.402 ; gain = 879.137 ; free physical = 778 ; free virtual = 4105
Synthesis current peak Physical Memory [PSS] (MB): peak = 2772.911; parent = 2635.270; children = 194.447
Synthesis current peak Virtual Memory [VSS] (MB): peak = 4579.164; parent = 3609.406; children = 969.758
---------------------------------------------------------------------------------
Synthesis finished with 0 errors, 0 critical warnings and 491 warnings.
Synthesis Optimization Runtime : Time (s): cpu = 00:00:17 ; elapsed = 00:00:19 . Memory (MB): peak = 3609.402 ; gain = 766.570 ; free physical = 975 ; free virtual = 4304
Synthesis Optimization Complete : Time (s): cpu = 00:00:21 ; elapsed = 00:00:23 . Memory (MB): peak = 3609.410 ; gain = 879.137 ; free physical = 945 ; free virtual = 4274
INFO: [Project 1-571] Translating synthesized netlist
Netlist sorting complete. Time (s): cpu = 00:00:00 ; elapsed = 00:00:00 . Memory (MB): peak = 3621.371 ; gain = 0.000 ; free physical = 1021 ; free virtual = 4340
INFO: [Project 1-570] Preparing netlist for logic optimization
INFO: [Opt 31-138] Pushed 0 inverter(s) to 0 load pin(s).
Netlist sorting complete. Time (s): cpu = 00:00:00 ; elapsed = 00:00:00 . Memory (MB): peak = 3684.598 ; gain = 0.000 ; free physical = 983 ; free virtual = 4315
INFO: [Project 1-111] Unisim Transformation Summary:
No Unisim elements were transformed.

Synth Design complete, checksum: d1e95671
INFO: [Common 17-83] Releasing license: Synthesis
45 Infos, 106 Warnings, 0 Critical Warnings and 0 Errors encountered.
synth_design completed successfully
synth_design: Time (s): cpu = 00:00:30 ; elapsed = 00:00:31 . Memory (MB): peak = 3684.598 ; gain = 2267.113 ; free physical = 1165 ; free virtual = 4498
INFO: [Common 17-600] The following parameters have non-default value.
general.maxThreads
INFO: [Common 17-1381] The checkpoint '/home/advent/Desktop/RC19/_x/link/vivado/vpl/prj/prj.runs/bd_85ad_axi_apb_bridge_inst_0_synth_1/bd_85ad_axi_apb_bridge_inst_0.dcp' has been generated.
INFO: [Coretcl 2-1648] Added synthesis output to IP cache for IP bd_85ad_axi_apb_bridge_inst_0, cache-ID = a0985350c0a866be
INFO: [Coretcl 2-1174] Renamed 4 cell refs.
INFO: [Common 17-1381] The checkpoint '/home/advent/Desktop/RC19/_x/link/vivado/vpl/prj/prj.runs/bd_85ad_axi_apb_bridge_inst_0_synth_1/bd_85ad_axi_apb_bridge_inst_0.dcp' has been generated.
INFO: [runtcl-4] Executing : report_utilization -file bd_85ad_axi_apb_bridge_inst_0_utilization_synth.rpt -pb bd_85ad_axi_apb_bridge_inst_0_utilization_synth.pb
INFO: [Common 17-206] Exiting Vivado at Mon Apr 27 18:47:37 2026...
