
*** Running vivado
    with args -log ulp_auto_cc_0.vds -m64 -product Vivado -mode batch -messageDb vivado.pb -notrace -source ulp_auto_cc_0.tcl


****** Vivado v2022.2 (64-bit)
  **** SW Build 3671981 on Fri Oct 14 04:59:54 MDT 2022
  **** IP Build 3669848 on Fri Oct 14 08:30:02 MDT 2022
    ** Copyright 1986-2022 Xilinx, Inc. All Rights Reserved.

source ulp_auto_cc_0.tcl -notrace
INFO: Dispatch client connection id - 37729
create_project: Time (s): cpu = 00:00:05 ; elapsed = 00:00:06 . Memory (MB): peak = 1418.457 ; gain = 0.023 ; free physical = 5809 ; free virtual = 10835
INFO: [IP_Flow 19-234] Refreshing IP repositories
INFO: [IP_Flow 19-1700] Loaded user IP repository '/home/advent/Desktop/RC19/_x/link/int/xo/ip_repo/xilinx_com_hls_softmax_u55c_kernel_1_0'.
INFO: [IP_Flow 19-1700] Loaded user IP repository '/home/advent/Desktop/RC19/_x/link/int/xo/ip_repo/xilinx_com_hls_attention_score_u55c_kernel_1_0'.
INFO: [IP_Flow 19-1700] Loaded user IP repository '/home/advent/Desktop/RC19/_x/link/int/xo/ip_repo/xilinx_com_hls_causal_mask_u55c_kernel_1_0'.
INFO: [IP_Flow 19-1700] Loaded user IP repository '/home/advent/Desktop/RC19/_x/link/int/xo/ip_repo/xilinx_com_hls_score_scale_u55c_kernel_1_0'.
INFO: [IP_Flow 19-1700] Loaded user IP repository '/home/advent/Desktop/RC19/_x/link/vivado/vpl/.local/hw_platform/iprepo'.
INFO: [IP_Flow 19-1700] Loaded user IP repository '/home/advent/Desktop/RC19/_x/link/vivado/vpl/.local/hw_platform/ipcache'.
INFO: [IP_Flow 19-1700] Loaded user IP repository '/home/advent/Vivado/Vitis/2022.2/data/ip'.
INFO: [IP_Flow 19-2313] Loaded Vivado IP repository '/home/advent/Vivado/Vivado/2022.2/data/ip'.
WARNING: [IP_Flow 19-1663] Duplicate IP found for 'xilinx.com:ip:clk_metadata_adapter:1.0'. The one found in IP location '/home/advent/Desktop/RC19/_x/link/vivado/vpl/.local/hw_platform/iprepo/ipdefs/pxi_ii_infra/clk_metadata_adapter_v1_0' will take precedence over the same IP in location /home/advent/Desktop/RC19/_x/link/vivado/vpl/.local/hw_platform/iprepo/ipdefs/other_ipdefs/clk_metadata_adapter_v1_0
WARNING: [IP_Flow 19-1663] Duplicate IP found for 'xilinx.com:ip:pipeline_reg:1.0'. The one found in IP location '/home/advent/Desktop/RC19/_x/link/vivado/vpl/.local/hw_platform/iprepo/ipdefs/pxi_ii_infra/pipeline_reg_v1_0' will take precedence over the same IP in location /home/advent/Desktop/RC19/_x/link/vivado/vpl/.local/hw_platform/iprepo/ipdefs/other_ipdefs/pipeline_reg_v1_0
WARNING: [IP_Flow 19-1663] Duplicate IP found for 'xilinx.com:ip:axi_clk_metadata_adapter:1.0'. The one found in IP location '/home/advent/Desktop/RC19/_x/link/vivado/vpl/.local/hw_platform/iprepo/ipdefs/other_ipdefs/axi_clk_metadata_adapter_v1_0' will take precedence over the same IP in location /home/advent/Desktop/RC19/_x/link/vivado/vpl/.local/hw_platform/iprepo/ipdefs/pxi_ii_infra/axi_clk_metadata_adapter_v1_0
WARNING: [IP_Flow 19-1663] Duplicate IP found for 'xilinx.com:ip:shell_utils_build_info:1.0'. The one found in IP location '/home/advent/Desktop/RC19/_x/link/vivado/vpl/.local/hw_platform/iprepo/ipdefs/other_ipdefs/shell_utils_build_info_v1_0' will take precedence over the same IP in the Xilinx installed IP.
WARNING: [IP_Flow 19-1663] Duplicate IP found for 'xilinx.com:ip:axis_clk_metadata_adapter:1.0'. The one found in IP location '/home/advent/Desktop/RC19/_x/link/vivado/vpl/.local/hw_platform/iprepo/ipdefs/other_ipdefs/axis_clk_metadata_adapter_v1_0' will take precedence over the same IP in location /home/advent/Desktop/RC19/_x/link/vivado/vpl/.local/hw_platform/iprepo/ipdefs/pxi_ii_infra/axis_clk_metadata_adapter_v1_0
INFO: [IP_Flow 19-6924] IPCACHE: Running cache check for IP inst: ulp_auto_cc_0
INFO: [IP_Flow 19-6922] IPCACHE: Exporting cached entry eeb7c50b946361b1 to dir: /home/advent/Desktop/RC19/_x/link/vivado/vpl/prj/prj.runs/ulp_auto_cc_0_synth_1
INFO: [IP_Flow 19-6928] IPCACHE: copied cached file /home/advent/Desktop/RC19/.ipcache/e/e/eeb7c50b946361b1/ulp_auto_cc_5_stub.v to /home/advent/Desktop/RC19/_x/link/vivado/vpl/prj/prj.runs/ulp_auto_cc_0_synth_1/ulp_auto_cc_0_stub.v.
INFO: [IP_Flow 19-6928] IPCACHE: copied cached file /home/advent/Desktop/RC19/.ipcache/e/e/eeb7c50b946361b1/ulp_auto_cc_5_sim_netlist.v to /home/advent/Desktop/RC19/_x/link/vivado/vpl/prj/prj.runs/ulp_auto_cc_0_synth_1/ulp_auto_cc_0_sim_netlist.v.
INFO: [IP_Flow 19-6928] IPCACHE: copied cached file /home/advent/Desktop/RC19/.ipcache/e/e/eeb7c50b946361b1/ulp_auto_cc_5.dcp to /home/advent/Desktop/RC19/_x/link/vivado/vpl/prj/prj.runs/ulp_auto_cc_0_synth_1/ulp_auto_cc_0.dcp.
INFO: [IP_Flow 19-6928] IPCACHE: copied cached file /home/advent/Desktop/RC19/.ipcache/e/e/eeb7c50b946361b1/ulp_auto_cc_5_stub.vhdl to /home/advent/Desktop/RC19/_x/link/vivado/vpl/prj/prj.runs/ulp_auto_cc_0_synth_1/ulp_auto_cc_0_stub.vhdl.
INFO: [IP_Flow 19-6928] IPCACHE: copied cached file /home/advent/Desktop/RC19/.ipcache/e/e/eeb7c50b946361b1/ulp_auto_cc_5_sim_netlist.vhdl to /home/advent/Desktop/RC19/_x/link/vivado/vpl/prj/prj.runs/ulp_auto_cc_0_synth_1/ulp_auto_cc_0_sim_netlist.vhdl.
INFO: [IP_Flow 19-4838] Using cached IP synthesis design for IP ulp_auto_cc_0, cache-ID = eeb7c50b946361b1.
INFO: [Common 17-206] Exiting Vivado at Mon Apr 27 18:56:35 2026...
