
*** Running vivado
    with args -log ulp_axi_gpio_null_2.vds -m64 -product Vivado -mode batch -messageDb vivado.pb -notrace -source ulp_axi_gpio_null_2.tcl


****** Vivado v2022.2 (64-bit)
  **** SW Build 3671981 on Fri Oct 14 04:59:54 MDT 2022
  **** IP Build 3669848 on Fri Oct 14 08:30:02 MDT 2022
    ** Copyright 1986-2022 Xilinx, Inc. All Rights Reserved.

source ulp_axi_gpio_null_2.tcl -notrace
INFO: Dispatch client connection id - 37729
INFO: [IP_Flow 19-234] Refreshing IP repositories
INFO: [IP_Flow 19-1700] Loaded user IP repository '/home/advent/Desktop/RC19/_x/link/int/xo/ip_repo/xilinx_com_hls_softmax_u55c_kernel_1_0'.
INFO: [IP_Flow 19-1700] Loaded user IP repository '/home/advent/Desktop/RC19/_x/link/int/xo/ip_repo/xilinx_com_hls_attention_score_u55c_kernel_1_0'.
INFO: [IP_Flow 19-1700] Loaded user IP repository '/home/advent/Desktop/RC19/_x/link/int/xo/ip_repo/xilinx_com_hls_causal_mask_u55c_kernel_1_0'.
INFO: [IP_Flow 19-1700] Loaded user IP repository '/home/advent/Desktop/RC19/_x/link/int/xo/ip_repo/xilinx_com_hls_score_scale_u55c_kernel_1_0'.
INFO: [IP_Flow 19-1700] Loaded user IP repository '/home/advent/Desktop/RC19/_x/link/vivado/vpl/.local/hw_platform/iprepo'.
INFO: [IP_Flow 19-1700] Loaded user IP repository '/home/advent/Desktop/RC19/_x/link/vivado/vpl/.local/hw_platform/ipcache'.
INFO: [IP_Flow 19-1700] Loaded user IP repository '/home/advent/Vivado/Vitis/2022.2/data/ip'.
INFO: [IP_Flow 19-2313] Loaded Vivado IP repository '/home/advent/Vivado/Vivado/2022.2/data/ip'.
WARNING: [IP_Flow 19-1663] Duplicate IP found for 'xilinx.com:ip:clk_metadata_adapter:1.0'. The one found in IP location '/home/advent/Desktop/RC19/_x/link/vivado/vpl/.local/hw_platform/iprepo/ipdefs/pxi_ii_infra/clk_metadata_adapter_v1_0' will take precedence over the same IP in location /home/advent/Desktop/RC19/_x/link/vivado/vpl/.local/hw_platform/iprepo/ipdefs/other_ipdefs/clk_metadata_adapter_v1_0
WARNING: [IP_Flow 19-1663] Duplicate IP found for 'xilinx.com:ip:pipeline_reg:1.0'. The one found in IP location '/home/advent/Desktop/RC19/_x/link/vivado/vpl/.local/hw_platform/iprepo/ipdefs/pxi_ii_infra/pipeline_reg_v1_0' will take precedence over the same IP in location /home/advent/Desktop/RC19/_x/link/vivado/vpl/.local/hw_platform/iprepo/ipdefs/other_ipdefs/pipeline_reg_v1_0
WARNING: [IP_Flow 19-1663] Duplicate IP found for 'xilinx.com:ip:axi_clk_metadata_adapter:1.0'. The one found in IP location '/home/advent/Desktop/RC19/_x/link/vivado/vpl/.local/hw_platform/iprepo/ipdefs/other_ipdefs/axi_clk_metadata_adapter_v1_0' will take precedence over the same IP in location /home/advent/Desktop/RC19/_x/link/vivado/vpl/.local/hw_platform/iprepo/ipdefs/pxi_ii_infra/axi_clk_metadata_adapter_v1_0
WARNING: [IP_Flow 19-1663] Duplicate IP found for 'xilinx.com:ip:shell_utils_build_info:1.0'. The one found in IP location '/home/advent/Desktop/RC19/_x/link/vivado/vpl/.local/hw_platform/iprepo/ipdefs/other_ipdefs/shell_utils_build_info_v1_0' will take precedence over the same IP in the Xilinx installed IP.
WARNING: [IP_Flow 19-1663] Duplicate IP found for 'xilinx.com:ip:axis_clk_metadata_adapter:1.0'. The one found in IP location '/home/advent/Desktop/RC19/_x/link/vivado/vpl/.local/hw_platform/iprepo/ipdefs/other_ipdefs/axis_clk_metadata_adapter_v1_0' will take precedence over the same IP in location /home/advent/Desktop/RC19/_x/link/vivado/vpl/.local/hw_platform/iprepo/ipdefs/pxi_ii_infra/axis_clk_metadata_adapter_v1_0
INFO: [IP_Flow 19-6924] IPCACHE: Running cache check for IP inst: ulp_axi_gpio_null_2
INFO: [IP_Flow 19-6922] IPCACHE: Exporting cached entry 39812305766a756a to dir: /home/advent/Desktop/RC19/_x/link/vivado/vpl/prj/prj.runs/ulp_axi_gpio_null_2_synth_1
INFO: [IP_Flow 19-6928] IPCACHE: copied cached file /home/advent/Desktop/RC19/.ipcache/3/9/39812305766a756a/ulp_axi_gpio_null_0_stub.v to /home/advent/Desktop/RC19/_x/link/vivado/vpl/prj/prj.runs/ulp_axi_gpio_null_2_synth_1/ulp_axi_gpio_null_2_stub.v.
INFO: [IP_Flow 19-6928] IPCACHE: copied cached file /home/advent/Desktop/RC19/.ipcache/3/9/39812305766a756a/ulp_axi_gpio_null_0_sim_netlist.vhdl to /home/advent/Desktop/RC19/_x/link/vivado/vpl/prj/prj.runs/ulp_axi_gpio_null_2_synth_1/ulp_axi_gpio_null_2_sim_netlist.vhdl.
INFO: [IP_Flow 19-6928] IPCACHE: copied cached file /home/advent/Desktop/RC19/.ipcache/3/9/39812305766a756a/ulp_axi_gpio_null_0_stub.vhdl to /home/advent/Desktop/RC19/_x/link/vivado/vpl/prj/prj.runs/ulp_axi_gpio_null_2_synth_1/ulp_axi_gpio_null_2_stub.vhdl.
INFO: [IP_Flow 19-6928] IPCACHE: copied cached file /home/advent/Desktop/RC19/.ipcache/3/9/39812305766a756a/ulp_axi_gpio_null_0_sim_netlist.v to /home/advent/Desktop/RC19/_x/link/vivado/vpl/prj/prj.runs/ulp_axi_gpio_null_2_synth_1/ulp_axi_gpio_null_2_sim_netlist.v.
INFO: [IP_Flow 19-6928] IPCACHE: copied cached file /home/advent/Desktop/RC19/.ipcache/3/9/39812305766a756a/ulp_axi_gpio_null_0.dcp to /home/advent/Desktop/RC19/_x/link/vivado/vpl/prj/prj.runs/ulp_axi_gpio_null_2_synth_1/ulp_axi_gpio_null_2.dcp.
INFO: [IP_Flow 19-4838] Using cached IP synthesis design for IP ulp_axi_gpio_null_2, cache-ID = 39812305766a756a.
INFO: [Common 17-206] Exiting Vivado at Mon Apr 27 18:55:38 2026...
