
*** Running vivado
    with args -log ulp_ulp_cmp_0.vds -m64 -product Vivado -mode batch -messageDb vivado.pb -notrace -source ulp_ulp_cmp_0.tcl


****** Vivado v2022.2 (64-bit)
  **** SW Build 3671981 on Fri Oct 14 04:59:54 MDT 2022
  **** IP Build 3669848 on Fri Oct 14 08:30:02 MDT 2022
    ** Copyright 1986-2022 Xilinx, Inc. All Rights Reserved.

source ulp_ulp_cmp_0.tcl -notrace
INFO: Dispatch client connection id - 37729
INFO: [IP_Flow 19-234] Refreshing IP repositories
INFO: [IP_Flow 19-1700] Loaded user IP repository '/home/advent/Desktop/RC19/_x/link/int/xo/ip_repo/xilinx_com_hls_softmax_u55c_kernel_1_0'.
INFO: [IP_Flow 19-1700] Loaded user IP repository '/home/advent/Desktop/RC19/_x/link/int/xo/ip_repo/xilinx_com_hls_attention_score_u55c_kernel_1_0'.
INFO: [IP_Flow 19-1700] Loaded user IP repository '/home/advent/Desktop/RC19/_x/link/int/xo/ip_repo/xilinx_com_hls_causal_mask_u55c_kernel_1_0'.
INFO: [IP_Flow 19-1700] Loaded user IP repository '/home/advent/Desktop/RC19/_x/link/int/xo/ip_repo/xilinx_com_hls_score_scale_u55c_kernel_1_0'.
INFO: [IP_Flow 19-1700] Loaded user IP repository '/home/advent/Desktop/RC19/_x/link/vivado/vpl/.local/hw_platform/iprepo'.
INFO: [IP_Flow 19-1700] Loaded user IP repository '/home/advent/Desktop/RC19/_x/link/vivado/vpl/.local/hw_platform/ipcache'.
INFO: [IP_Flow 19-1700] Loaded user IP repository '/home/advent/Vivado/Vitis/2022.2/data/ip'.
INFO: [IP_Flow 19-2313] Loaded Vivado IP repository '/home/advent/Vivado/Vivado/2022.2/data/ip'.
WARNING: [IP_Flow 19-1663] Duplicate IP found for 'xilinx.com:ip:clk_metadata_adapter:1.0'. The one found in IP location '/home/advent/Desktop/RC19/_x/link/vivado/vpl/.local/hw_platform/iprepo/ipdefs/pxi_ii_infra/clk_metadata_adapter_v1_0' will take precedence over the same IP in location /home/advent/Desktop/RC19/_x/link/vivado/vpl/.local/hw_platform/iprepo/ipdefs/other_ipdefs/clk_metadata_adapter_v1_0
WARNING: [IP_Flow 19-1663] Duplicate IP found for 'xilinx.com:ip:pipeline_reg:1.0'. The one found in IP location '/home/advent/Desktop/RC19/_x/link/vivado/vpl/.local/hw_platform/iprepo/ipdefs/pxi_ii_infra/pipeline_reg_v1_0' will take precedence over the same IP in location /home/advent/Desktop/RC19/_x/link/vivado/vpl/.local/hw_platform/iprepo/ipdefs/other_ipdefs/pipeline_reg_v1_0
WARNING: [IP_Flow 19-1663] Duplicate IP found for 'xilinx.com:ip:axi_clk_metadata_adapter:1.0'. The one found in IP location '/home/advent/Desktop/RC19/_x/link/vivado/vpl/.local/hw_platform/iprepo/ipdefs/other_ipdefs/axi_clk_metadata_adapter_v1_0' will take precedence over the same IP in location /home/advent/Desktop/RC19/_x/link/vivado/vpl/.local/hw_platform/iprepo/ipdefs/pxi_ii_infra/axi_clk_metadata_adapter_v1_0
WARNING: [IP_Flow 19-1663] Duplicate IP found for 'xilinx.com:ip:shell_utils_build_info:1.0'. The one found in IP location '/home/advent/Desktop/RC19/_x/link/vivado/vpl/.local/hw_platform/iprepo/ipdefs/other_ipdefs/shell_utils_build_info_v1_0' will take precedence over the same IP in the Xilinx installed IP.
WARNING: [IP_Flow 19-1663] Duplicate IP found for 'xilinx.com:ip:axis_clk_metadata_adapter:1.0'. The one found in IP location '/home/advent/Desktop/RC19/_x/link/vivado/vpl/.local/hw_platform/iprepo/ipdefs/other_ipdefs/axis_clk_metadata_adapter_v1_0' will take precedence over the same IP in location /home/advent/Desktop/RC19/_x/link/vivado/vpl/.local/hw_platform/iprepo/ipdefs/pxi_ii_infra/axis_clk_metadata_adapter_v1_0
INFO: [IP_Flow 19-6924] IPCACHE: Running cache check for IP inst: ulp_ulp_cmp_0
Command: synth_design -top ulp_ulp_cmp_0 -part xcu55c-fsvh2892-2L-e -incremental_mode off -mode out_of_context
Starting synth_design
Attempting to get a license for feature 'Synthesis' and/or device 'xcu55c'
INFO: [Common 17-349] Got license for feature 'Synthesis' and/or device 'xcu55c'
INFO: [Device 21-403] Loading part xcu55c-fsvh2892-2L-e
INFO: [Synth 8-7079] Multithreading enabled for synth_design using a maximum of 1 processes.
INFO: [Synth 8-7078] Launching helper process for spawning children vivado processes
INFO: [Synth 8-7075] Helper process launched with PID 62953
INFO: [Synth 8-11241] undeclared symbol 'REGCCE', assumed default net type 'wire' [/home/advent/Vivado/Vivado/2022.2/data/verilog/src/unimacro/BRAM_SINGLE_MACRO.v:2170]
---------------------------------------------------------------------------------
Starting RTL Elaboration : Time (s): cpu = 00:00:02 ; elapsed = 00:00:03 . Memory (MB): peak = 3113.660 ; gain = 357.734 ; free physical = 13815 ; free virtual = 17701
Synthesis current peak Physical Memory [PSS] (MB): peak = 2418.391; parent = 2200.723; children = 217.668
Synthesis current peak Virtual Memory [VSS] (MB): peak = 4026.906; parent = 3117.633; children = 909.273
---------------------------------------------------------------------------------
INFO: [Synth 8-6157] synthesizing module 'ulp_ulp_cmp_0' [/home/advent/Desktop/RC19/_x/link/vivado/vpl/prj/prj.gen/my_rm/bd/ulp/ip/ulp_ulp_cmp_0/synth/ulp_ulp_cmp_0.v:53]
INFO: [Synth 8-6157] synthesizing module 'bd_097b' [/home/advent/Desktop/RC19/_x/link/vivado/vpl/prj/prj.gen/my_rm/bd/ulp/ip/ulp_ulp_cmp_0/bd_0/synth/bd_097b.v:9]
INFO: [Synth 8-6157] synthesizing module 'bd_097b_axi_ic_ctrl_mgmt_0' [/home/advent/Desktop/RC19/_x/link/vivado/vpl/prj/prj.gen/my_rm/bd/ulp/ip/ulp_ulp_cmp_0/bd_0/synth/bd_097b.v:305]
INFO: [Synth 8-6157] synthesizing module 's00_couplers_imp_3NLSQF' [/home/advent/Desktop/RC19/_x/link/vivado/vpl/prj/prj.gen/my_rm/bd/ulp/ip/ulp_ulp_cmp_0/bd_0/synth/bd_097b.v:505]
INFO: [Synth 8-6155] done synthesizing module 's00_couplers_imp_3NLSQF' (0#1) [/home/advent/Desktop/RC19/_x/link/vivado/vpl/prj/prj.gen/my_rm/bd/ulp/ip/ulp_ulp_cmp_0/bd_0/synth/bd_097b.v:505]
INFO: [Synth 8-6155] done synthesizing module 'bd_097b_axi_ic_ctrl_mgmt_0' (0#1) [/home/advent/Desktop/RC19/_x/link/vivado/vpl/prj/prj.gen/my_rm/bd/ulp/ip/ulp_ulp_cmp_0/bd_0/synth/bd_097b.v:305]
INFO: [Synth 8-6157] synthesizing module 'bd_097b_build_info_0' [/home/advent/Desktop/RC19/_x/link/vivado/vpl/prj/prj.runs/ulp_ulp_cmp_0_synth_1/.Xil/Vivado-62384-advent/realtime/bd_097b_build_info_0_stub.v:5]
INFO: [Synth 8-6155] done synthesizing module 'bd_097b_build_info_0' (0#1) [/home/advent/Desktop/RC19/_x/link/vivado/vpl/prj/prj.runs/ulp_ulp_cmp_0_synth_1/.Xil/Vivado-62384-advent/realtime/bd_097b_build_info_0_stub.v:5]
INFO: [Synth 8-6157] synthesizing module 'bd_097b_user_debug_bridge_0' [/home/advent/Desktop/RC19/_x/link/vivado/vpl/prj/prj.runs/ulp_ulp_cmp_0_synth_1/.Xil/Vivado-62384-advent/realtime/bd_097b_user_debug_bridge_0_stub.v:5]
INFO: [Synth 8-6155] done synthesizing module 'bd_097b_user_debug_bridge_0' (0#1) [/home/advent/Desktop/RC19/_x/link/vivado/vpl/prj/prj.runs/ulp_ulp_cmp_0_synth_1/.Xil/Vivado-62384-advent/realtime/bd_097b_user_debug_bridge_0_stub.v:5]
INFO: [Synth 8-6157] synthesizing module 'bd_097b_user_debug_hub_0' [/home/advent/Desktop/RC19/_x/link/vivado/vpl/prj/prj.runs/ulp_ulp_cmp_0_synth_1/.Xil/Vivado-62384-advent/realtime/bd_097b_user_debug_hub_0_stub.v:5]
INFO: [Synth 8-6155] done synthesizing module 'bd_097b_user_debug_hub_0' (0#1) [/home/advent/Desktop/RC19/_x/link/vivado/vpl/prj/prj.runs/ulp_ulp_cmp_0_synth_1/.Xil/Vivado-62384-advent/realtime/bd_097b_user_debug_hub_0_stub.v:5]
INFO: [Synth 8-6155] done synthesizing module 'bd_097b' (0#1) [/home/advent/Desktop/RC19/_x/link/vivado/vpl/prj/prj.gen/my_rm/bd/ulp/ip/ulp_ulp_cmp_0/bd_0/synth/bd_097b.v:9]
INFO: [Synth 8-6155] done synthesizing module 'ulp_ulp_cmp_0' (0#1) [/home/advent/Desktop/RC19/_x/link/vivado/vpl/prj/prj.gen/my_rm/bd/ulp/ip/ulp_ulp_cmp_0/synth/ulp_ulp_cmp_0.v:53]
WARNING: [Synth 8-7129] Port M_ACLK in module s00_couplers_imp_3NLSQF is either unconnected or has no load
WARNING: [Synth 8-7129] Port M_ARESETN in module s00_couplers_imp_3NLSQF is either unconnected or has no load
WARNING: [Synth 8-7129] Port S_ACLK in module s00_couplers_imp_3NLSQF is either unconnected or has no load
WARNING: [Synth 8-7129] Port S_ARESETN in module s00_couplers_imp_3NLSQF is either unconnected or has no load
WARNING: [Synth 8-7129] Port ACLK in module bd_097b_axi_ic_ctrl_mgmt_0 is either unconnected or has no load
WARNING: [Synth 8-7129] Port ARESETN in module bd_097b_axi_ic_ctrl_mgmt_0 is either unconnected or has no load
---------------------------------------------------------------------------------
Finished RTL Elaboration : Time (s): cpu = 00:00:03 ; elapsed = 00:00:03 . Memory (MB): peak = 3185.598 ; gain = 429.672 ; free physical = 13717 ; free virtual = 17603
Synthesis current peak Physical Memory [PSS] (MB): peak = 2418.391; parent = 2200.723; children = 217.668
Synthesis current peak Virtual Memory [VSS] (MB): peak = 4155.359; parent = 3185.602; children = 969.758
---------------------------------------------------------------------------------
---------------------------------------------------------------------------------
Start Handling Custom Attributes
---------------------------------------------------------------------------------
---------------------------------------------------------------------------------
Finished Handling Custom Attributes : Time (s): cpu = 00:00:03 ; elapsed = 00:00:04 . Memory (MB): peak = 3203.410 ; gain = 447.484 ; free physical = 13718 ; free virtual = 17605
Synthesis current peak Physical Memory [PSS] (MB): peak = 2418.391; parent = 2200.723; children = 217.668
Synthesis current peak Virtual Memory [VSS] (MB): peak = 4173.172; parent = 3203.414; children = 969.758
---------------------------------------------------------------------------------
---------------------------------------------------------------------------------
Finished RTL Optimization Phase 1 : Time (s): cpu = 00:00:03 ; elapsed = 00:00:04 . Memory (MB): peak = 3203.410 ; gain = 447.484 ; free physical = 13709 ; free virtual = 17595
Synthesis current peak Physical Memory [PSS] (MB): peak = 2418.391; parent = 2200.723; children = 217.668
Synthesis current peak Virtual Memory [VSS] (MB): peak = 4173.172; parent = 3203.414; children = 969.758
---------------------------------------------------------------------------------
Netlist sorting complete. Time (s): cpu = 00:00:00.01 ; elapsed = 00:00:00.01 . Memory (MB): peak = 3203.410 ; gain = 0.000 ; free physical = 13682 ; free virtual = 17569
INFO: [Project 1-570] Preparing netlist for logic optimization

Processing XDC Constraints
Initializing timing engine
Parsing XDC File [/home/advent/Desktop/RC19/_x/link/vivado/vpl/prj/prj.gen/my_rm/bd/ulp/ip/ulp_ulp_cmp_0/bd_0/ip/ip_0/bd_097b_build_info_0/bd_097b_build_info_0_in_context.xdc] for cell 'inst/build_info'
Finished Parsing XDC File [/home/advent/Desktop/RC19/_x/link/vivado/vpl/prj/prj.gen/my_rm/bd/ulp/ip/ulp_ulp_cmp_0/bd_0/ip/ip_0/bd_097b_build_info_0/bd_097b_build_info_0_in_context.xdc] for cell 'inst/build_info'
Parsing XDC File [/home/advent/Desktop/RC19/_x/link/vivado/vpl/prj/prj.gen/my_rm/bd/ulp/ip/ulp_ulp_cmp_0/bd_0/ip/ip_2/bd_097b_user_debug_bridge_0/bd_097b_user_debug_bridge_0_in_context.xdc] for cell 'inst/user_debug_bridge'
Finished Parsing XDC File [/home/advent/Desktop/RC19/_x/link/vivado/vpl/prj/prj.gen/my_rm/bd/ulp/ip/ulp_ulp_cmp_0/bd_0/ip/ip_2/bd_097b_user_debug_bridge_0/bd_097b_user_debug_bridge_0_in_context.xdc] for cell 'inst/user_debug_bridge'
Parsing XDC File [/home/advent/Desktop/RC19/_x/link/vivado/vpl/prj/prj.gen/my_rm/bd/ulp/ip/ulp_ulp_cmp_0/bd_0/ip/ip_3/bd_097b_user_debug_hub_0/bd_097b_user_debug_hub_0_in_context.xdc] for cell 'inst/user_debug_hub'
Finished Parsing XDC File [/home/advent/Desktop/RC19/_x/link/vivado/vpl/prj/prj.gen/my_rm/bd/ulp/ip/ulp_ulp_cmp_0/bd_0/ip/ip_3/bd_097b_user_debug_hub_0/bd_097b_user_debug_hub_0_in_context.xdc] for cell 'inst/user_debug_hub'
Parsing XDC File [/home/advent/Desktop/RC19/_x/link/vivado/vpl/prj/prj.gen/my_rm/bd/ulp/ip/ulp_ulp_cmp_0/synth/ulp_ulp_cmp_0_ooc.xdc] for cell 'inst'
0V85_VCCINT { VCCINT }  -supply_current_budget  100.000 A -voltage  0.850 V -direct
0V85_VCCINT_IO { VCCINT_IO VCCBRAM }  -supply_current_budget  30.000 A -voltage  0.850 V -direct
0V9_AVCC { MGTYAVCC }  -supply_current_budget  0.000 A -voltage  0.900 V -direct
1V2_AVTT { MGTYAVTT }  -supply_current_budget  0.000 A -voltage  1.200 V -direct
1V2_HBM { VCC_HBM }  -supply_current_budget  0.000 A -voltage  1.200 V -direct
1V8 { VCCAUX VCCAUX_IO MGTYVCCAUX VCCO18 VCCADC }  -supply_current_budget  4.000 A -voltage  1.800 V -direct
2V5_VPP { VCCAUX_HBM }  -supply_current_budget  0.300 A -voltage  2.500 V -direct
Finished Parsing XDC File [/home/advent/Desktop/RC19/_x/link/vivado/vpl/prj/prj.gen/my_rm/bd/ulp/ip/ulp_ulp_cmp_0/synth/ulp_ulp_cmp_0_ooc.xdc] for cell 'inst'
INFO: [Project 1-236] Implementation specific constraints were found while reading constraint file [/home/advent/Desktop/RC19/_x/link/vivado/vpl/prj/prj.gen/my_rm/bd/ulp/ip/ulp_ulp_cmp_0/synth/ulp_ulp_cmp_0_ooc.xdc]. These constraints will be ignored for synthesis but will be used in implementation. Impacted constraints are listed in the file [.Xil/ulp_ulp_cmp_0_propImpl.xdc].
Resolution: To avoid this warning, move constraints listed in [.Xil/ulp_ulp_cmp_0_propImpl.xdc] to another XDC file and exclude this new file from synthesis with the used_in_synthesis property (File Properties dialog in GUI) and re-run elaboration/synthesis.
Parsing XDC File [/home/advent/Desktop/RC19/_x/link/vivado/vpl/prj/prj.runs/ulp_ulp_cmp_0_synth_1/dont_touch.xdc]
Finished Parsing XDC File [/home/advent/Desktop/RC19/_x/link/vivado/vpl/prj/prj.runs/ulp_ulp_cmp_0_synth_1/dont_touch.xdc]
Parsing XDC File [/home/advent/Desktop/RC19/_x/link/vivado/vpl/prj/prj.gen/my_rm/bd/ulp/ip/ulp_ulp_cmp_0/ulp_ulp_cmp_0.xdc] for cell 'inst'
Finished Parsing XDC File [/home/advent/Desktop/RC19/_x/link/vivado/vpl/prj/prj.gen/my_rm/bd/ulp/ip/ulp_ulp_cmp_0/ulp_ulp_cmp_0.xdc] for cell 'inst'
INFO: [Project 1-236] Implementation specific constraints were found while reading constraint file [/home/advent/Desktop/RC19/_x/link/vivado/vpl/prj/prj.gen/my_rm/bd/ulp/ip/ulp_ulp_cmp_0/ulp_ulp_cmp_0.xdc]. These constraints will be ignored for synthesis but will be used in implementation. Impacted constraints are listed in the file [.Xil/ulp_ulp_cmp_0_propImpl.xdc].
Resolution: To avoid this warning, move constraints listed in [.Xil/ulp_ulp_cmp_0_propImpl.xdc] to another XDC file and exclude this new file from synthesis with the used_in_synthesis property (File Properties dialog in GUI) and re-run elaboration/synthesis.
Completed Processing XDC Constraints

Netlist sorting complete. Time (s): cpu = 00:00:00 ; elapsed = 00:00:00 . Memory (MB): peak = 3235.164 ; gain = 0.000 ; free physical = 12455 ; free virtual = 16346
INFO: [Project 1-111] Unisim Transformation Summary:
No Unisim elements were transformed.

Constraint Validation Runtime : Time (s): cpu = 00:00:00.01 ; elapsed = 00:00:00.01 . Memory (MB): peak = 3235.164 ; gain = 0.000 ; free physical = 12444 ; free virtual = 16335
INFO: [Designutils 20-5008] Incremental synthesis strategy off
INFO: [Synth 8-11241] undeclared symbol 'REGCCE', assumed default net type 'wire' [/home/advent/Vivado/Vivado/2022.2/data/verilog/src/unimacro/BRAM_SINGLE_MACRO.v:2170]
---------------------------------------------------------------------------------
Finished Constraint Validation : Time (s): cpu = 00:00:10 ; elapsed = 00:00:11 . Memory (MB): peak = 3235.164 ; gain = 479.238 ; free physical = 11900 ; free virtual = 15898
Synthesis current peak Physical Memory [PSS] (MB): peak = 2418.391; parent = 2200.723; children = 217.668
Synthesis current peak Virtual Memory [VSS] (MB): peak = 4204.926; parent = 3235.168; children = 969.758
---------------------------------------------------------------------------------
---------------------------------------------------------------------------------
Start Loading Part and Timing Information
---------------------------------------------------------------------------------
Loading part: xcu55c-fsvh2892-2L-e
INFO: [Synth 8-6742] Reading net delay rules and data
---------------------------------------------------------------------------------
Finished Loading Part and Timing Information : Time (s): cpu = 00:00:10 ; elapsed = 00:00:11 . Memory (MB): peak = 3235.164 ; gain = 479.238 ; free physical = 11871 ; free virtual = 15870
Synthesis current peak Physical Memory [PSS] (MB): peak = 2418.391; parent = 2200.723; children = 217.668
Synthesis current peak Virtual Memory [VSS] (MB): peak = 4204.926; parent = 3235.168; children = 969.758
---------------------------------------------------------------------------------
---------------------------------------------------------------------------------
Start Applying 'set_property' XDC Constraints
---------------------------------------------------------------------------------
Applied set_property KEEP_HIERARCHY = SOFT for inst. (constraint file  auto generated constraint).
Applied set_property KEEP_HIERARCHY = SOFT for inst/build_info. (constraint file  auto generated constraint).
Applied set_property KEEP_HIERARCHY = SOFT for inst/axi_ic_ctrl_mgmt. (constraint file  auto generated constraint).
Applied set_property KEEP_HIERARCHY = SOFT for inst/user_debug_bridge. (constraint file  auto generated constraint).
Applied set_property KEEP_HIERARCHY = SOFT for inst/user_debug_hub. (constraint file  auto generated constraint).
---------------------------------------------------------------------------------
Finished applying 'set_property' XDC Constraints : Time (s): cpu = 00:00:10 ; elapsed = 00:00:11 . Memory (MB): peak = 3235.164 ; gain = 479.238 ; free physical = 11882 ; free virtual = 15881
Synthesis current peak Physical Memory [PSS] (MB): peak = 2418.391; parent = 2200.723; children = 217.668
Synthesis current peak Virtual Memory [VSS] (MB): peak = 4204.926; parent = 3235.168; children = 969.758
---------------------------------------------------------------------------------
---------------------------------------------------------------------------------
Finished RTL Optimization Phase 2 : Time (s): cpu = 00:00:10 ; elapsed = 00:00:11 . Memory (MB): peak = 3235.164 ; gain = 479.238 ; free physical = 11840 ; free virtual = 15847
Synthesis current peak Physical Memory [PSS] (MB): peak = 2418.391; parent = 2200.723; children = 217.668
Synthesis current peak Virtual Memory [VSS] (MB): peak = 4204.926; parent = 3235.168; children = 969.758
---------------------------------------------------------------------------------
---------------------------------------------------------------------------------
Start RTL Component Statistics 
---------------------------------------------------------------------------------
Detailed RTL Component Info : 
---------------------------------------------------------------------------------
Finished RTL Component Statistics 
---------------------------------------------------------------------------------
---------------------------------------------------------------------------------
Start Part Resource Summary
---------------------------------------------------------------------------------
Part Resources:
DSPs: 9024 (col length:94)
BRAMs: 4032 (col length: RAMB18 288 RAMB36 144)
---------------------------------------------------------------------------------
Finished Part Resource Summary
---------------------------------------------------------------------------------
---------------------------------------------------------------------------------
Start Cross Boundary and Area Optimization
---------------------------------------------------------------------------------
WARNING: [Synth 8-7080] Parallel synthesis criteria is not met
WARNING: [Synth 8-7129] Port ACLK in module bd_097b_axi_ic_ctrl_mgmt_0 is either unconnected or has no load
WARNING: [Synth 8-7129] Port ARESETN in module bd_097b_axi_ic_ctrl_mgmt_0 is either unconnected or has no load
WARNING: [Synth 8-7129] Port M00_ACLK in module bd_097b_axi_ic_ctrl_mgmt_0 is either unconnected or has no load
WARNING: [Synth 8-7129] Port M00_ARESETN in module bd_097b_axi_ic_ctrl_mgmt_0 is either unconnected or has no load
WARNING: [Synth 8-7129] Port S00_ACLK in module bd_097b_axi_ic_ctrl_mgmt_0 is either unconnected or has no load
WARNING: [Synth 8-7129] Port S00_ARESETN in module bd_097b_axi_ic_ctrl_mgmt_0 is either unconnected or has no load
---------------------------------------------------------------------------------
Finished Cross Boundary and Area Optimization : Time (s): cpu = 00:00:11 ; elapsed = 00:00:12 . Memory (MB): peak = 3235.164 ; gain = 479.238 ; free physical = 11761 ; free virtual = 15959
Synthesis current peak Physical Memory [PSS] (MB): peak = 2418.391; parent = 2200.723; children = 217.668
Synthesis current peak Virtual Memory [VSS] (MB): peak = 4204.926; parent = 3235.168; children = 969.758
---------------------------------------------------------------------------------
---------------------------------------------------------------------------------
Start Applying XDC Timing Constraints
---------------------------------------------------------------------------------
---------------------------------------------------------------------------------
Finished Applying XDC Timing Constraints : Time (s): cpu = 00:00:18 ; elapsed = 00:00:20 . Memory (MB): peak = 3596.805 ; gain = 840.879 ; free physical = 11912 ; free virtual = 16319
Synthesis current peak Physical Memory [PSS] (MB): peak = 2813.182; parent = 2669.554; children = 217.668
Synthesis current peak Virtual Memory [VSS] (MB): peak = 4566.566; parent = 3596.809; children = 969.758
---------------------------------------------------------------------------------
---------------------------------------------------------------------------------
Start Timing Optimization
---------------------------------------------------------------------------------
---------------------------------------------------------------------------------
Finished Timing Optimization : Time (s): cpu = 00:00:18 ; elapsed = 00:00:20 . Memory (MB): peak = 3597.805 ; gain = 841.879 ; free physical = 11874 ; free virtual = 16281
Synthesis current peak Physical Memory [PSS] (MB): peak = 2813.370; parent = 2669.742; children = 217.668
Synthesis current peak Virtual Memory [VSS] (MB): peak = 4567.566; parent = 3597.809; children = 969.758
---------------------------------------------------------------------------------
---------------------------------------------------------------------------------
Start Technology Mapping
---------------------------------------------------------------------------------
---------------------------------------------------------------------------------
Finished Technology Mapping : Time (s): cpu = 00:00:18 ; elapsed = 00:00:20 . Memory (MB): peak = 3616.836 ; gain = 860.910 ; free physical = 11824 ; free virtual = 16231
Synthesis current peak Physical Memory [PSS] (MB): peak = 2813.370; parent = 2669.742; children = 217.668
Synthesis current peak Virtual Memory [VSS] (MB): peak = 4586.598; parent = 3616.840; children = 969.758
---------------------------------------------------------------------------------
---------------------------------------------------------------------------------
Start IO Insertion
---------------------------------------------------------------------------------
---------------------------------------------------------------------------------
Start Flattening Before IO Insertion
---------------------------------------------------------------------------------
---------------------------------------------------------------------------------
Finished Flattening Before IO Insertion
---------------------------------------------------------------------------------
---------------------------------------------------------------------------------
Start Final Netlist Cleanup
---------------------------------------------------------------------------------
---------------------------------------------------------------------------------
Finished Final Netlist Cleanup
---------------------------------------------------------------------------------
---------------------------------------------------------------------------------
Finished IO Insertion : Time (s): cpu = 00:00:20 ; elapsed = 00:00:22 . Memory (MB): peak = 3622.773 ; gain = 866.848 ; free physical = 10517 ; free virtual = 14925
Synthesis current peak Physical Memory [PSS] (MB): peak = 2813.370; parent = 2669.742; children = 217.668
Synthesis current peak Virtual Memory [VSS] (MB): peak = 4592.535; parent = 3622.777; children = 969.758
---------------------------------------------------------------------------------
---------------------------------------------------------------------------------
Start Renaming Generated Instances
---------------------------------------------------------------------------------
---------------------------------------------------------------------------------
Finished Renaming Generated Instances : Time (s): cpu = 00:00:20 ; elapsed = 00:00:22 . Memory (MB): peak = 3622.773 ; gain = 866.848 ; free physical = 10461 ; free virtual = 14870
Synthesis current peak Physical Memory [PSS] (MB): peak = 2813.370; parent = 2669.742; children = 217.668
Synthesis current peak Virtual Memory [VSS] (MB): peak = 4592.535; parent = 3622.777; children = 969.758
---------------------------------------------------------------------------------
---------------------------------------------------------------------------------
Start Rebuilding User Hierarchy
---------------------------------------------------------------------------------
---------------------------------------------------------------------------------
Finished Rebuilding User Hierarchy : Time (s): cpu = 00:00:20 ; elapsed = 00:00:22 . Memory (MB): peak = 3622.773 ; gain = 866.848 ; free physical = 10441 ; free virtual = 14850
Synthesis current peak Physical Memory [PSS] (MB): peak = 2813.370; parent = 2669.742; children = 217.668
Synthesis current peak Virtual Memory [VSS] (MB): peak = 4592.535; parent = 3622.777; children = 969.758
---------------------------------------------------------------------------------
---------------------------------------------------------------------------------
Start Renaming Generated Ports
---------------------------------------------------------------------------------
---------------------------------------------------------------------------------
Finished Renaming Generated Ports : Time (s): cpu = 00:00:20 ; elapsed = 00:00:22 . Memory (MB): peak = 3622.773 ; gain = 866.848 ; free physical = 10419 ; free virtual = 14828
Synthesis current peak Physical Memory [PSS] (MB): peak = 2813.370; parent = 2669.742; children = 217.668
Synthesis current peak Virtual Memory [VSS] (MB): peak = 4592.535; parent = 3622.777; children = 969.758
---------------------------------------------------------------------------------
---------------------------------------------------------------------------------
Start Handling Custom Attributes
---------------------------------------------------------------------------------
---------------------------------------------------------------------------------
Finished Handling Custom Attributes : Time (s): cpu = 00:00:20 ; elapsed = 00:00:22 . Memory (MB): peak = 3622.773 ; gain = 866.848 ; free physical = 10377 ; free virtual = 14786
Synthesis current peak Physical Memory [PSS] (MB): peak = 2813.370; parent = 2669.742; children = 217.668
Synthesis current peak Virtual Memory [VSS] (MB): peak = 4592.535; parent = 3622.777; children = 969.758
---------------------------------------------------------------------------------
---------------------------------------------------------------------------------
Start Renaming Generated Nets
---------------------------------------------------------------------------------
---------------------------------------------------------------------------------
Finished Renaming Generated Nets : Time (s): cpu = 00:00:20 ; elapsed = 00:00:22 . Memory (MB): peak = 3622.773 ; gain = 866.848 ; free physical = 10336 ; free virtual = 14746
Synthesis current peak Physical Memory [PSS] (MB): peak = 2813.370; parent = 2669.742; children = 217.668
Synthesis current peak Virtual Memory [VSS] (MB): peak = 4592.535; parent = 3622.777; children = 969.758
---------------------------------------------------------------------------------
---------------------------------------------------------------------------------
Start Writing Synthesis Report
---------------------------------------------------------------------------------

Report BlackBoxes: 
+------+----------------------------+----------+
|      |BlackBox name               |Instances |
+------+----------------------------+----------+
|1     |bd_097b_build_info_0        |         1|
|2     |bd_097b_user_debug_bridge_0 |         1|
|3     |bd_097b_user_debug_hub_0    |         1|
+------+----------------------------+----------+

Report Cell Usage: 
+------+--------------------------+------+
|      |Cell                      |Count |
+------+--------------------------+------+
|1     |bd_097b_build_info        |     1|
|2     |bd_097b_user_debug_bridge |     1|
|3     |bd_097b_user_debug_hub    |     1|
+------+--------------------------+------+
---------------------------------------------------------------------------------
Finished Writing Synthesis Report : Time (s): cpu = 00:00:20 ; elapsed = 00:00:22 . Memory (MB): peak = 3622.773 ; gain = 866.848 ; free physical = 10300 ; free virtual = 14710
Synthesis current peak Physical Memory [PSS] (MB): peak = 2813.370; parent = 2669.742; children = 217.668
Synthesis current peak Virtual Memory [VSS] (MB): peak = 4592.535; parent = 3622.777; children = 969.758
---------------------------------------------------------------------------------
Synthesis finished with 0 errors, 0 critical warnings and 7 warnings.
Synthesis Optimization Runtime : Time (s): cpu = 00:00:16 ; elapsed = 00:00:18 . Memory (MB): peak = 3622.773 ; gain = 835.094 ; free physical = 10272 ; free virtual = 14682
Synthesis Optimization Complete : Time (s): cpu = 00:00:20 ; elapsed = 00:00:23 . Memory (MB): peak = 3622.781 ; gain = 866.848 ; free physical = 10248 ; free virtual = 14659
INFO: [Project 1-571] Translating synthesized netlist
Netlist sorting complete. Time (s): cpu = 00:00:00 ; elapsed = 00:00:00 . Memory (MB): peak = 3622.781 ; gain = 0.000 ; free physical = 10257 ; free virtual = 14668
INFO: [Project 1-570] Preparing netlist for logic optimization
INFO: [Opt 31-138] Pushed 0 inverter(s) to 0 load pin(s).
Netlist sorting complete. Time (s): cpu = 00:00:00 ; elapsed = 00:00:00 . Memory (MB): peak = 3697.094 ; gain = 0.000 ; free physical = 9571 ; free virtual = 13982
INFO: [Project 1-111] Unisim Transformation Summary:
No Unisim elements were transformed.

Synth Design complete, checksum: 20f1a892
INFO: [Common 17-83] Releasing license: Synthesis
42 Infos, 18 Warnings, 0 Critical Warnings and 0 Errors encountered.
synth_design completed successfully
synth_design: Time (s): cpu = 00:00:29 ; elapsed = 00:00:29 . Memory (MB): peak = 3704.031 ; gain = 2265.824 ; free physical = 9587 ; free virtual = 13998
INFO: [Common 17-600] The following parameters have non-default value.
general.maxThreads
INFO: [Common 17-1381] The checkpoint '/home/advent/Desktop/RC19/_x/link/vivado/vpl/prj/prj.runs/ulp_ulp_cmp_0_synth_1/ulp_ulp_cmp_0.dcp' has been generated.
INFO: [Coretcl 2-1648] Added synthesis output to IP cache for IP ulp_ulp_cmp_0, cache-ID = a9024094d021e24b
INFO: [Coretcl 2-1174] Renamed 5 cell refs.
INFO: [Common 17-1381] The checkpoint '/home/advent/Desktop/RC19/_x/link/vivado/vpl/prj/prj.runs/ulp_ulp_cmp_0_synth_1/ulp_ulp_cmp_0.dcp' has been generated.
INFO: [runtcl-4] Executing : report_utilization -file ulp_ulp_cmp_0_utilization_synth.rpt -pb ulp_ulp_cmp_0_utilization_synth.pb
INFO: [Common 17-206] Exiting Vivado at Mon Apr 27 18:51:42 2026...
