
*** Running vivado
    with args -log ulp_causal_mask_u55c_kernel_1_0.vds -m64 -product Vivado -mode batch -messageDb vivado.pb -notrace -source ulp_causal_mask_u55c_kernel_1_0.tcl


****** Vivado v2022.2 (64-bit)
  **** SW Build 3671981 on Fri Oct 14 04:59:54 MDT 2022
  **** IP Build 3669848 on Fri Oct 14 08:30:02 MDT 2022
    ** Copyright 1986-2022 Xilinx, Inc. All Rights Reserved.

source ulp_causal_mask_u55c_kernel_1_0.tcl -notrace
INFO: Dispatch client connection id - 37729
INFO: [IP_Flow 19-234] Refreshing IP repositories
INFO: [IP_Flow 19-1700] Loaded user IP repository '/home/advent/Desktop/RC19/_x/link/int/xo/ip_repo/xilinx_com_hls_softmax_u55c_kernel_1_0'.
INFO: [IP_Flow 19-1700] Loaded user IP repository '/home/advent/Desktop/RC19/_x/link/int/xo/ip_repo/xilinx_com_hls_attention_score_u55c_kernel_1_0'.
INFO: [IP_Flow 19-1700] Loaded user IP repository '/home/advent/Desktop/RC19/_x/link/int/xo/ip_repo/xilinx_com_hls_causal_mask_u55c_kernel_1_0'.
INFO: [IP_Flow 19-1700] Loaded user IP repository '/home/advent/Desktop/RC19/_x/link/int/xo/ip_repo/xilinx_com_hls_score_scale_u55c_kernel_1_0'.
INFO: [IP_Flow 19-1700] Loaded user IP repository '/home/advent/Desktop/RC19/_x/link/vivado/vpl/.local/hw_platform/iprepo'.
INFO: [IP_Flow 19-1700] Loaded user IP repository '/home/advent/Desktop/RC19/_x/link/vivado/vpl/.local/hw_platform/ipcache'.
INFO: [IP_Flow 19-1700] Loaded user IP repository '/home/advent/Vivado/Vitis/2022.2/data/ip'.
INFO: [IP_Flow 19-2313] Loaded Vivado IP repository '/home/advent/Vivado/Vivado/2022.2/data/ip'.
WARNING: [IP_Flow 19-1663] Duplicate IP found for 'xilinx.com:ip:clk_metadata_adapter:1.0'. The one found in IP location '/home/advent/Desktop/RC19/_x/link/vivado/vpl/.local/hw_platform/iprepo/ipdefs/pxi_ii_infra/clk_metadata_adapter_v1_0' will take precedence over the same IP in location /home/advent/Desktop/RC19/_x/link/vivado/vpl/.local/hw_platform/iprepo/ipdefs/other_ipdefs/clk_metadata_adapter_v1_0
WARNING: [IP_Flow 19-1663] Duplicate IP found for 'xilinx.com:ip:pipeline_reg:1.0'. The one found in IP location '/home/advent/Desktop/RC19/_x/link/vivado/vpl/.local/hw_platform/iprepo/ipdefs/pxi_ii_infra/pipeline_reg_v1_0' will take precedence over the same IP in location /home/advent/Desktop/RC19/_x/link/vivado/vpl/.local/hw_platform/iprepo/ipdefs/other_ipdefs/pipeline_reg_v1_0
WARNING: [IP_Flow 19-1663] Duplicate IP found for 'xilinx.com:ip:axi_clk_metadata_adapter:1.0'. The one found in IP location '/home/advent/Desktop/RC19/_x/link/vivado/vpl/.local/hw_platform/iprepo/ipdefs/other_ipdefs/axi_clk_metadata_adapter_v1_0' will take precedence over the same IP in location /home/advent/Desktop/RC19/_x/link/vivado/vpl/.local/hw_platform/iprepo/ipdefs/pxi_ii_infra/axi_clk_metadata_adapter_v1_0
WARNING: [IP_Flow 19-1663] Duplicate IP found for 'xilinx.com:ip:shell_utils_build_info:1.0'. The one found in IP location '/home/advent/Desktop/RC19/_x/link/vivado/vpl/.local/hw_platform/iprepo/ipdefs/other_ipdefs/shell_utils_build_info_v1_0' will take precedence over the same IP in the Xilinx installed IP.
WARNING: [IP_Flow 19-1663] Duplicate IP found for 'xilinx.com:ip:axis_clk_metadata_adapter:1.0'. The one found in IP location '/home/advent/Desktop/RC19/_x/link/vivado/vpl/.local/hw_platform/iprepo/ipdefs/other_ipdefs/axis_clk_metadata_adapter_v1_0' will take precedence over the same IP in location /home/advent/Desktop/RC19/_x/link/vivado/vpl/.local/hw_platform/iprepo/ipdefs/pxi_ii_infra/axis_clk_metadata_adapter_v1_0
INFO: [IP_Flow 19-6924] IPCACHE: Running cache check for IP inst: ulp_causal_mask_u55c_kernel_1_0
Command: synth_design -top ulp_causal_mask_u55c_kernel_1_0 -part xcu55c-fsvh2892-2L-e -directive sdx_optimization_effort_high -incremental_mode off -mode out_of_context
Starting synth_design
Attempting to get a license for feature 'Synthesis' and/or device 'xcu55c'
INFO: [Common 17-349] Got license for feature 'Synthesis' and/or device 'xcu55c'
INFO: [Device 21-403] Loading part xcu55c-fsvh2892-2L-e
INFO: [Synth 8-7079] Multithreading enabled for synth_design using a maximum of 1 processes.
INFO: [Synth 8-7078] Launching helper process for spawning children vivado processes
INFO: [Synth 8-7075] Helper process launched with PID 75156
INFO: [Synth 8-11241] undeclared symbol 'REGCCE', assumed default net type 'wire' [/home/advent/Vivado/Vivado/2022.2/data/verilog/src/unimacro/BRAM_SINGLE_MACRO.v:2170]
---------------------------------------------------------------------------------
Starting RTL Elaboration : Time (s): cpu = 00:00:03 ; elapsed = 00:00:03 . Memory (MB): peak = 3088.004 ; gain = 356.703 ; free physical = 6171 ; free virtual = 11110
Synthesis current peak Physical Memory [PSS] (MB): peak = 2305.413; parent = 2164.911; children = 140.502
Synthesis current peak Virtual Memory [VSS] (MB): peak = 4071.676; parent = 3094.945; children = 976.730
---------------------------------------------------------------------------------
INFO: [Synth 8-6157] synthesizing module 'ulp_causal_mask_u55c_kernel_1_0' [/home/advent/Desktop/RC19/_x/link/vivado/vpl/prj/prj.gen/my_rm/bd/ulp/ip/ulp_causal_mask_u55c_kernel_1_0/synth/ulp_causal_mask_u55c_kernel_1_0.v:53]
INFO: [Synth 8-6157] synthesizing module 'causal_mask_u55c_kernel' [/home/advent/Desktop/RC19/_x/link/vivado/vpl/prj/prj.gen/my_rm/bd/ulp/ipshared/1c74/hdl/verilog/causal_mask_u55c_kernel.v:10]
INFO: [Synth 8-6157] synthesizing module 'causal_mask_u55c_kernel_score_in_local_V_RAM_AUTO_1R1W' [/home/advent/Desktop/RC19/_x/link/vivado/vpl/prj/prj.gen/my_rm/bd/ulp/ipshared/1c74/hdl/verilog/causal_mask_u55c_kernel_score_in_local_V_RAM_AUTO_1R1W.v:7]
INFO: [Synth 8-6155] done synthesizing module 'causal_mask_u55c_kernel_score_in_local_V_RAM_AUTO_1R1W' (0#1) [/home/advent/Desktop/RC19/_x/link/vivado/vpl/prj/prj.gen/my_rm/bd/ulp/ipshared/1c74/hdl/verilog/causal_mask_u55c_kernel_score_in_local_V_RAM_AUTO_1R1W.v:7]
INFO: [Synth 8-6157] synthesizing module 'causal_mask_u55c_kernel_causal_mask_u55c_kernel_Pipeline_VITIS_LOOP_55_1_VITIS_LOOP_56_2' [/home/advent/Desktop/RC19/_x/link/vivado/vpl/prj/prj.gen/my_rm/bd/ulp/ipshared/1c74/hdl/verilog/causal_mask_u55c_kernel_causal_mask_u55c_kernel_Pipeline_VITIS_LOOP_55_1_VITIS_LOOP_56_2.v:10]
INFO: [Synth 8-6157] synthesizing module 'causal_mask_u55c_kernel_flow_control_loop_pipe_sequential_init' [/home/advent/Desktop/RC19/_x/link/vivado/vpl/prj/prj.gen/my_rm/bd/ulp/ipshared/1c74/hdl/verilog/causal_mask_u55c_kernel_flow_control_loop_pipe_sequential_init.v:9]
INFO: [Synth 8-6155] done synthesizing module 'causal_mask_u55c_kernel_flow_control_loop_pipe_sequential_init' (0#1) [/home/advent/Desktop/RC19/_x/link/vivado/vpl/prj/prj.gen/my_rm/bd/ulp/ipshared/1c74/hdl/verilog/causal_mask_u55c_kernel_flow_control_loop_pipe_sequential_init.v:9]
INFO: [Synth 8-6155] done synthesizing module 'causal_mask_u55c_kernel_causal_mask_u55c_kernel_Pipeline_VITIS_LOOP_55_1_VITIS_LOOP_56_2' (0#1) [/home/advent/Desktop/RC19/_x/link/vivado/vpl/prj/prj.gen/my_rm/bd/ulp/ipshared/1c74/hdl/verilog/causal_mask_u55c_kernel_causal_mask_u55c_kernel_Pipeline_VITIS_LOOP_55_1_VITIS_LOOP_56_2.v:10]
INFO: [Synth 8-6157] synthesizing module 'causal_mask_u55c_kernel_causal_mask_core_hls' [/home/advent/Desktop/RC19/_x/link/vivado/vpl/prj/prj.gen/my_rm/bd/ulp/ipshared/1c74/hdl/verilog/causal_mask_u55c_kernel_causal_mask_core_hls.v:10]
INFO: [Synth 8-6155] done synthesizing module 'causal_mask_u55c_kernel_causal_mask_core_hls' (0#1) [/home/advent/Desktop/RC19/_x/link/vivado/vpl/prj/prj.gen/my_rm/bd/ulp/ipshared/1c74/hdl/verilog/causal_mask_u55c_kernel_causal_mask_core_hls.v:10]
INFO: [Synth 8-6157] synthesizing module 'causal_mask_u55c_kernel_causal_mask_u55c_kernel_Pipeline_VITIS_LOOP_70_3_VITIS_LOOP_71_4' [/home/advent/Desktop/RC19/_x/link/vivado/vpl/prj/prj.gen/my_rm/bd/ulp/ipshared/1c74/hdl/verilog/causal_mask_u55c_kernel_causal_mask_u55c_kernel_Pipeline_VITIS_LOOP_70_3_VITIS_LOOP_71_4.v:10]
INFO: [Synth 8-6155] done synthesizing module 'causal_mask_u55c_kernel_causal_mask_u55c_kernel_Pipeline_VITIS_LOOP_70_3_VITIS_LOOP_71_4' (0#1) [/home/advent/Desktop/RC19/_x/link/vivado/vpl/prj/prj.gen/my_rm/bd/ulp/ipshared/1c74/hdl/verilog/causal_mask_u55c_kernel_causal_mask_u55c_kernel_Pipeline_VITIS_LOOP_70_3_VITIS_LOOP_71_4.v:10]
INFO: [Synth 8-6157] synthesizing module 'causal_mask_u55c_kernel_control_s_axi' [/home/advent/Desktop/RC19/_x/link/vivado/vpl/prj/prj.gen/my_rm/bd/ulp/ipshared/1c74/hdl/verilog/causal_mask_u55c_kernel_control_s_axi.v:7]
INFO: [Synth 8-155] case statement is not full and has no default [/home/advent/Desktop/RC19/_x/link/vivado/vpl/prj/prj.gen/my_rm/bd/ulp/ipshared/1c74/hdl/verilog/causal_mask_u55c_kernel_control_s_axi.v:244]
INFO: [Synth 8-6155] done synthesizing module 'causal_mask_u55c_kernel_control_s_axi' (0#1) [/home/advent/Desktop/RC19/_x/link/vivado/vpl/prj/prj.gen/my_rm/bd/ulp/ipshared/1c74/hdl/verilog/causal_mask_u55c_kernel_control_s_axi.v:7]
INFO: [Synth 8-6157] synthesizing module 'causal_mask_u55c_kernel_gmem0_m_axi' [/home/advent/Desktop/RC19/_x/link/vivado/vpl/prj/prj.gen/my_rm/bd/ulp/ipshared/1c74/hdl/verilog/causal_mask_u55c_kernel_gmem0_m_axi.v:11]
INFO: [Synth 8-6157] synthesizing module 'causal_mask_u55c_kernel_gmem0_m_axi_store' [/home/advent/Desktop/RC19/_x/link/vivado/vpl/prj/prj.gen/my_rm/bd/ulp/ipshared/1c74/hdl/verilog/causal_mask_u55c_kernel_gmem0_m_axi.v:781]
INFO: [Synth 8-6157] synthesizing module 'causal_mask_u55c_kernel_gmem0_m_axi_fifo' [/home/advent/Desktop/RC19/_x/link/vivado/vpl/prj/prj.gen/my_rm/bd/ulp/ipshared/1c74/hdl/verilog/causal_mask_u55c_kernel_gmem0_m_axi.v:2551]
INFO: [Synth 8-6157] synthesizing module 'causal_mask_u55c_kernel_gmem0_m_axi_srl' [/home/advent/Desktop/RC19/_x/link/vivado/vpl/prj/prj.gen/my_rm/bd/ulp/ipshared/1c74/hdl/verilog/causal_mask_u55c_kernel_gmem0_m_axi.v:2729]
INFO: [Synth 8-6155] done synthesizing module 'causal_mask_u55c_kernel_gmem0_m_axi_srl' (0#1) [/home/advent/Desktop/RC19/_x/link/vivado/vpl/prj/prj.gen/my_rm/bd/ulp/ipshared/1c74/hdl/verilog/causal_mask_u55c_kernel_gmem0_m_axi.v:2729]
INFO: [Synth 8-6155] done synthesizing module 'causal_mask_u55c_kernel_gmem0_m_axi_fifo' (0#1) [/home/advent/Desktop/RC19/_x/link/vivado/vpl/prj/prj.gen/my_rm/bd/ulp/ipshared/1c74/hdl/verilog/causal_mask_u55c_kernel_gmem0_m_axi.v:2551]
INFO: [Synth 8-6157] synthesizing module 'causal_mask_u55c_kernel_gmem0_m_axi_fifo__parameterized0' [/home/advent/Desktop/RC19/_x/link/vivado/vpl/prj/prj.gen/my_rm/bd/ulp/ipshared/1c74/hdl/verilog/causal_mask_u55c_kernel_gmem0_m_axi.v:2551]
INFO: [Synth 8-6157] synthesizing module 'causal_mask_u55c_kernel_gmem0_m_axi_mem' [/home/advent/Desktop/RC19/_x/link/vivado/vpl/prj/prj.gen/my_rm/bd/ulp/ipshared/1c74/hdl/verilog/causal_mask_u55c_kernel_gmem0_m_axi.v:2783]
INFO: [Synth 8-6155] done synthesizing module 'causal_mask_u55c_kernel_gmem0_m_axi_mem' (0#1) [/home/advent/Desktop/RC19/_x/link/vivado/vpl/prj/prj.gen/my_rm/bd/ulp/ipshared/1c74/hdl/verilog/causal_mask_u55c_kernel_gmem0_m_axi.v:2783]
INFO: [Synth 8-6155] done synthesizing module 'causal_mask_u55c_kernel_gmem0_m_axi_fifo__parameterized0' (0#1) [/home/advent/Desktop/RC19/_x/link/vivado/vpl/prj/prj.gen/my_rm/bd/ulp/ipshared/1c74/hdl/verilog/causal_mask_u55c_kernel_gmem0_m_axi.v:2551]
INFO: [Synth 8-6157] synthesizing module 'causal_mask_u55c_kernel_gmem0_m_axi_fifo__parameterized1' [/home/advent/Desktop/RC19/_x/link/vivado/vpl/prj/prj.gen/my_rm/bd/ulp/ipshared/1c74/hdl/verilog/causal_mask_u55c_kernel_gmem0_m_axi.v:2551]
INFO: [Synth 8-6157] synthesizing module 'causal_mask_u55c_kernel_gmem0_m_axi_srl__parameterized0' [/home/advent/Desktop/RC19/_x/link/vivado/vpl/prj/prj.gen/my_rm/bd/ulp/ipshared/1c74/hdl/verilog/causal_mask_u55c_kernel_gmem0_m_axi.v:2729]
INFO: [Synth 8-6155] done synthesizing module 'causal_mask_u55c_kernel_gmem0_m_axi_srl__parameterized0' (0#1) [/home/advent/Desktop/RC19/_x/link/vivado/vpl/prj/prj.gen/my_rm/bd/ulp/ipshared/1c74/hdl/verilog/causal_mask_u55c_kernel_gmem0_m_axi.v:2729]
INFO: [Synth 8-6155] done synthesizing module 'causal_mask_u55c_kernel_gmem0_m_axi_fifo__parameterized1' (0#1) [/home/advent/Desktop/RC19/_x/link/vivado/vpl/prj/prj.gen/my_rm/bd/ulp/ipshared/1c74/hdl/verilog/causal_mask_u55c_kernel_gmem0_m_axi.v:2551]
INFO: [Synth 8-6157] synthesizing module 'causal_mask_u55c_kernel_gmem0_m_axi_fifo__parameterized2' [/home/advent/Desktop/RC19/_x/link/vivado/vpl/prj/prj.gen/my_rm/bd/ulp/ipshared/1c74/hdl/verilog/causal_mask_u55c_kernel_gmem0_m_axi.v:2551]
INFO: [Synth 8-6157] synthesizing module 'causal_mask_u55c_kernel_gmem0_m_axi_srl__parameterized1' [/home/advent/Desktop/RC19/_x/link/vivado/vpl/prj/prj.gen/my_rm/bd/ulp/ipshared/1c74/hdl/verilog/causal_mask_u55c_kernel_gmem0_m_axi.v:2729]
INFO: [Synth 8-6155] done synthesizing module 'causal_mask_u55c_kernel_gmem0_m_axi_srl__parameterized1' (0#1) [/home/advent/Desktop/RC19/_x/link/vivado/vpl/prj/prj.gen/my_rm/bd/ulp/ipshared/1c74/hdl/verilog/causal_mask_u55c_kernel_gmem0_m_axi.v:2729]
INFO: [Synth 8-6155] done synthesizing module 'causal_mask_u55c_kernel_gmem0_m_axi_fifo__parameterized2' (0#1) [/home/advent/Desktop/RC19/_x/link/vivado/vpl/prj/prj.gen/my_rm/bd/ulp/ipshared/1c74/hdl/verilog/causal_mask_u55c_kernel_gmem0_m_axi.v:2551]
INFO: [Synth 8-6155] done synthesizing module 'causal_mask_u55c_kernel_gmem0_m_axi_store' (0#1) [/home/advent/Desktop/RC19/_x/link/vivado/vpl/prj/prj.gen/my_rm/bd/ulp/ipshared/1c74/hdl/verilog/causal_mask_u55c_kernel_gmem0_m_axi.v:781]
INFO: [Synth 8-6157] synthesizing module 'causal_mask_u55c_kernel_gmem0_m_axi_load' [/home/advent/Desktop/RC19/_x/link/vivado/vpl/prj/prj.gen/my_rm/bd/ulp/ipshared/1c74/hdl/verilog/causal_mask_u55c_kernel_gmem0_m_axi.v:325]
INFO: [Synth 8-6157] synthesizing module 'causal_mask_u55c_kernel_gmem0_m_axi_fifo__parameterized3' [/home/advent/Desktop/RC19/_x/link/vivado/vpl/prj/prj.gen/my_rm/bd/ulp/ipshared/1c74/hdl/verilog/causal_mask_u55c_kernel_gmem0_m_axi.v:2551]
INFO: [Synth 8-6157] synthesizing module 'causal_mask_u55c_kernel_gmem0_m_axi_mem__parameterized0' [/home/advent/Desktop/RC19/_x/link/vivado/vpl/prj/prj.gen/my_rm/bd/ulp/ipshared/1c74/hdl/verilog/causal_mask_u55c_kernel_gmem0_m_axi.v:2783]
INFO: [Synth 8-6155] done synthesizing module 'causal_mask_u55c_kernel_gmem0_m_axi_mem__parameterized0' (0#1) [/home/advent/Desktop/RC19/_x/link/vivado/vpl/prj/prj.gen/my_rm/bd/ulp/ipshared/1c74/hdl/verilog/causal_mask_u55c_kernel_gmem0_m_axi.v:2783]
INFO: [Synth 8-6155] done synthesizing module 'causal_mask_u55c_kernel_gmem0_m_axi_fifo__parameterized3' (0#1) [/home/advent/Desktop/RC19/_x/link/vivado/vpl/prj/prj.gen/my_rm/bd/ulp/ipshared/1c74/hdl/verilog/causal_mask_u55c_kernel_gmem0_m_axi.v:2551]
INFO: [Synth 8-6155] done synthesizing module 'causal_mask_u55c_kernel_gmem0_m_axi_load' (0#1) [/home/advent/Desktop/RC19/_x/link/vivado/vpl/prj/prj.gen/my_rm/bd/ulp/ipshared/1c74/hdl/verilog/causal_mask_u55c_kernel_gmem0_m_axi.v:325]
INFO: [Synth 8-6157] synthesizing module 'causal_mask_u55c_kernel_gmem0_m_axi_write' [/home/advent/Desktop/RC19/_x/link/vivado/vpl/prj/prj.gen/my_rm/bd/ulp/ipshared/1c74/hdl/verilog/causal_mask_u55c_kernel_gmem0_m_axi.v:1716]
INFO: [Synth 8-6157] synthesizing module 'causal_mask_u55c_kernel_gmem0_m_axi_reg_slice' [/home/advent/Desktop/RC19/_x/link/vivado/vpl/prj/prj.gen/my_rm/bd/ulp/ipshared/1c74/hdl/verilog/causal_mask_u55c_kernel_gmem0_m_axi.v:2449]
INFO: [Synth 8-6155] done synthesizing module 'causal_mask_u55c_kernel_gmem0_m_axi_reg_slice' (0#1) [/home/advent/Desktop/RC19/_x/link/vivado/vpl/prj/prj.gen/my_rm/bd/ulp/ipshared/1c74/hdl/verilog/causal_mask_u55c_kernel_gmem0_m_axi.v:2449]
INFO: [Synth 8-6157] synthesizing module 'causal_mask_u55c_kernel_gmem0_m_axi_fifo__parameterized4' [/home/advent/Desktop/RC19/_x/link/vivado/vpl/prj/prj.gen/my_rm/bd/ulp/ipshared/1c74/hdl/verilog/causal_mask_u55c_kernel_gmem0_m_axi.v:2551]
INFO: [Synth 8-6157] synthesizing module 'causal_mask_u55c_kernel_gmem0_m_axi_srl__parameterized2' [/home/advent/Desktop/RC19/_x/link/vivado/vpl/prj/prj.gen/my_rm/bd/ulp/ipshared/1c74/hdl/verilog/causal_mask_u55c_kernel_gmem0_m_axi.v:2729]
INFO: [Synth 8-6155] done synthesizing module 'causal_mask_u55c_kernel_gmem0_m_axi_srl__parameterized2' (0#1) [/home/advent/Desktop/RC19/_x/link/vivado/vpl/prj/prj.gen/my_rm/bd/ulp/ipshared/1c74/hdl/verilog/causal_mask_u55c_kernel_gmem0_m_axi.v:2729]
INFO: [Synth 8-6155] done synthesizing module 'causal_mask_u55c_kernel_gmem0_m_axi_fifo__parameterized4' (0#1) [/home/advent/Desktop/RC19/_x/link/vivado/vpl/prj/prj.gen/my_rm/bd/ulp/ipshared/1c74/hdl/verilog/causal_mask_u55c_kernel_gmem0_m_axi.v:2551]
INFO: [Synth 8-6157] synthesizing module 'causal_mask_u55c_kernel_gmem0_m_axi_throttle' [/home/advent/Desktop/RC19/_x/link/vivado/vpl/prj/prj.gen/my_rm/bd/ulp/ipshared/1c74/hdl/verilog/causal_mask_u55c_kernel_gmem0_m_axi.v:2224]
INFO: [Synth 8-6157] synthesizing module 'causal_mask_u55c_kernel_gmem0_m_axi_reg_slice__parameterized0' [/home/advent/Desktop/RC19/_x/link/vivado/vpl/prj/prj.gen/my_rm/bd/ulp/ipshared/1c74/hdl/verilog/causal_mask_u55c_kernel_gmem0_m_axi.v:2449]
INFO: [Synth 8-6155] done synthesizing module 'causal_mask_u55c_kernel_gmem0_m_axi_reg_slice__parameterized0' (0#1) [/home/advent/Desktop/RC19/_x/link/vivado/vpl/prj/prj.gen/my_rm/bd/ulp/ipshared/1c74/hdl/verilog/causal_mask_u55c_kernel_gmem0_m_axi.v:2449]
INFO: [Synth 8-6157] synthesizing module 'causal_mask_u55c_kernel_gmem0_m_axi_fifo__parameterized5' [/home/advent/Desktop/RC19/_x/link/vivado/vpl/prj/prj.gen/my_rm/bd/ulp/ipshared/1c74/hdl/verilog/causal_mask_u55c_kernel_gmem0_m_axi.v:2551]
INFO: [Synth 8-6157] synthesizing module 'causal_mask_u55c_kernel_gmem0_m_axi_srl__parameterized3' [/home/advent/Desktop/RC19/_x/link/vivado/vpl/prj/prj.gen/my_rm/bd/ulp/ipshared/1c74/hdl/verilog/causal_mask_u55c_kernel_gmem0_m_axi.v:2729]
INFO: [Synth 8-6155] done synthesizing module 'causal_mask_u55c_kernel_gmem0_m_axi_srl__parameterized3' (0#1) [/home/advent/Desktop/RC19/_x/link/vivado/vpl/prj/prj.gen/my_rm/bd/ulp/ipshared/1c74/hdl/verilog/causal_mask_u55c_kernel_gmem0_m_axi.v:2729]
INFO: [Synth 8-6155] done synthesizing module 'causal_mask_u55c_kernel_gmem0_m_axi_fifo__parameterized5' (0#1) [/home/advent/Desktop/RC19/_x/link/vivado/vpl/prj/prj.gen/my_rm/bd/ulp/ipshared/1c74/hdl/verilog/causal_mask_u55c_kernel_gmem0_m_axi.v:2551]
INFO: [Synth 8-6157] synthesizing module 'causal_mask_u55c_kernel_gmem0_m_axi_fifo__parameterized6' [/home/advent/Desktop/RC19/_x/link/vivado/vpl/prj/prj.gen/my_rm/bd/ulp/ipshared/1c74/hdl/verilog/causal_mask_u55c_kernel_gmem0_m_axi.v:2551]
INFO: [Synth 8-6157] synthesizing module 'causal_mask_u55c_kernel_gmem0_m_axi_srl__parameterized4' [/home/advent/Desktop/RC19/_x/link/vivado/vpl/prj/prj.gen/my_rm/bd/ulp/ipshared/1c74/hdl/verilog/causal_mask_u55c_kernel_gmem0_m_axi.v:2729]
INFO: [Synth 8-6155] done synthesizing module 'causal_mask_u55c_kernel_gmem0_m_axi_srl__parameterized4' (0#1) [/home/advent/Desktop/RC19/_x/link/vivado/vpl/prj/prj.gen/my_rm/bd/ulp/ipshared/1c74/hdl/verilog/causal_mask_u55c_kernel_gmem0_m_axi.v:2729]
INFO: [Synth 8-6155] done synthesizing module 'causal_mask_u55c_kernel_gmem0_m_axi_fifo__parameterized6' (0#1) [/home/advent/Desktop/RC19/_x/link/vivado/vpl/prj/prj.gen/my_rm/bd/ulp/ipshared/1c74/hdl/verilog/causal_mask_u55c_kernel_gmem0_m_axi.v:2551]
INFO: [Synth 8-6155] done synthesizing module 'causal_mask_u55c_kernel_gmem0_m_axi_throttle' (0#1) [/home/advent/Desktop/RC19/_x/link/vivado/vpl/prj/prj.gen/my_rm/bd/ulp/ipshared/1c74/hdl/verilog/causal_mask_u55c_kernel_gmem0_m_axi.v:2224]
INFO: [Synth 8-6157] synthesizing module 'causal_mask_u55c_kernel_gmem0_m_axi_reg_slice__parameterized1' [/home/advent/Desktop/RC19/_x/link/vivado/vpl/prj/prj.gen/my_rm/bd/ulp/ipshared/1c74/hdl/verilog/causal_mask_u55c_kernel_gmem0_m_axi.v:2449]
INFO: [Synth 8-6155] done synthesizing module 'causal_mask_u55c_kernel_gmem0_m_axi_reg_slice__parameterized1' (0#1) [/home/advent/Desktop/RC19/_x/link/vivado/vpl/prj/prj.gen/my_rm/bd/ulp/ipshared/1c74/hdl/verilog/causal_mask_u55c_kernel_gmem0_m_axi.v:2449]
WARNING: [Synth 8-589] replacing case/wildcard equality operator === with logical equality operator == [/home/advent/Desktop/RC19/_x/link/vivado/vpl/prj/prj.gen/my_rm/bd/ulp/ipshared/1c74/hdl/verilog/causal_mask_u55c_kernel_gmem0_m_axi.v:2216]
WARNING: [Synth 8-589] replacing case/wildcard equality operator === with logical equality operator == [/home/advent/Desktop/RC19/_x/link/vivado/vpl/prj/prj.gen/my_rm/bd/ulp/ipshared/1c74/hdl/verilog/causal_mask_u55c_kernel_gmem0_m_axi.v:2219]
INFO: [Synth 8-6155] done synthesizing module 'causal_mask_u55c_kernel_gmem0_m_axi_write' (0#1) [/home/advent/Desktop/RC19/_x/link/vivado/vpl/prj/prj.gen/my_rm/bd/ulp/ipshared/1c74/hdl/verilog/causal_mask_u55c_kernel_gmem0_m_axi.v:1716]
INFO: [Synth 8-6157] synthesizing module 'causal_mask_u55c_kernel_gmem0_m_axi_read' [/home/advent/Desktop/RC19/_x/link/vivado/vpl/prj/prj.gen/my_rm/bd/ulp/ipshared/1c74/hdl/verilog/causal_mask_u55c_kernel_gmem0_m_axi.v:1332]
INFO: [Synth 8-6157] synthesizing module 'causal_mask_u55c_kernel_gmem0_m_axi_reg_slice__parameterized2' [/home/advent/Desktop/RC19/_x/link/vivado/vpl/prj/prj.gen/my_rm/bd/ulp/ipshared/1c74/hdl/verilog/causal_mask_u55c_kernel_gmem0_m_axi.v:2449]
INFO: [Synth 8-6155] done synthesizing module 'causal_mask_u55c_kernel_gmem0_m_axi_reg_slice__parameterized2' (0#1) [/home/advent/Desktop/RC19/_x/link/vivado/vpl/prj/prj.gen/my_rm/bd/ulp/ipshared/1c74/hdl/verilog/causal_mask_u55c_kernel_gmem0_m_axi.v:2449]
WARNING: [Synth 8-589] replacing case/wildcard equality operator === with logical equality operator == [/home/advent/Desktop/RC19/_x/link/vivado/vpl/prj/prj.gen/my_rm/bd/ulp/ipshared/1c74/hdl/verilog/causal_mask_u55c_kernel_gmem0_m_axi.v:1708]
INFO: [Synth 8-6155] done synthesizing module 'causal_mask_u55c_kernel_gmem0_m_axi_read' (0#1) [/home/advent/Desktop/RC19/_x/link/vivado/vpl/prj/prj.gen/my_rm/bd/ulp/ipshared/1c74/hdl/verilog/causal_mask_u55c_kernel_gmem0_m_axi.v:1332]
INFO: [Synth 8-6155] done synthesizing module 'causal_mask_u55c_kernel_gmem0_m_axi' (0#1) [/home/advent/Desktop/RC19/_x/link/vivado/vpl/prj/prj.gen/my_rm/bd/ulp/ipshared/1c74/hdl/verilog/causal_mask_u55c_kernel_gmem0_m_axi.v:11]
INFO: [Synth 8-6157] synthesizing module 'causal_mask_u55c_kernel_gmem1_m_axi' [/home/advent/Desktop/RC19/_x/link/vivado/vpl/prj/prj.gen/my_rm/bd/ulp/ipshared/1c74/hdl/verilog/causal_mask_u55c_kernel_gmem1_m_axi.v:11]
INFO: [Synth 8-6157] synthesizing module 'causal_mask_u55c_kernel_gmem1_m_axi_store' [/home/advent/Desktop/RC19/_x/link/vivado/vpl/prj/prj.gen/my_rm/bd/ulp/ipshared/1c74/hdl/verilog/causal_mask_u55c_kernel_gmem1_m_axi.v:781]
INFO: [Synth 8-6157] synthesizing module 'causal_mask_u55c_kernel_gmem1_m_axi_fifo' [/home/advent/Desktop/RC19/_x/link/vivado/vpl/prj/prj.gen/my_rm/bd/ulp/ipshared/1c74/hdl/verilog/causal_mask_u55c_kernel_gmem1_m_axi.v:2551]
INFO: [Synth 8-6157] synthesizing module 'causal_mask_u55c_kernel_gmem1_m_axi_srl' [/home/advent/Desktop/RC19/_x/link/vivado/vpl/prj/prj.gen/my_rm/bd/ulp/ipshared/1c74/hdl/verilog/causal_mask_u55c_kernel_gmem1_m_axi.v:2729]
INFO: [Synth 8-6155] done synthesizing module 'causal_mask_u55c_kernel_gmem1_m_axi_srl' (0#1) [/home/advent/Desktop/RC19/_x/link/vivado/vpl/prj/prj.gen/my_rm/bd/ulp/ipshared/1c74/hdl/verilog/causal_mask_u55c_kernel_gmem1_m_axi.v:2729]
INFO: [Synth 8-6155] done synthesizing module 'causal_mask_u55c_kernel_gmem1_m_axi_fifo' (0#1) [/home/advent/Desktop/RC19/_x/link/vivado/vpl/prj/prj.gen/my_rm/bd/ulp/ipshared/1c74/hdl/verilog/causal_mask_u55c_kernel_gmem1_m_axi.v:2551]
INFO: [Synth 8-6157] synthesizing module 'causal_mask_u55c_kernel_gmem1_m_axi_fifo__parameterized0' [/home/advent/Desktop/RC19/_x/link/vivado/vpl/prj/prj.gen/my_rm/bd/ulp/ipshared/1c74/hdl/verilog/causal_mask_u55c_kernel_gmem1_m_axi.v:2551]
INFO: [Synth 8-6157] synthesizing module 'causal_mask_u55c_kernel_gmem1_m_axi_mem' [/home/advent/Desktop/RC19/_x/link/vivado/vpl/prj/prj.gen/my_rm/bd/ulp/ipshared/1c74/hdl/verilog/causal_mask_u55c_kernel_gmem1_m_axi.v:2783]
INFO: [Synth 8-6155] done synthesizing module 'causal_mask_u55c_kernel_gmem1_m_axi_mem' (0#1) [/home/advent/Desktop/RC19/_x/link/vivado/vpl/prj/prj.gen/my_rm/bd/ulp/ipshared/1c74/hdl/verilog/causal_mask_u55c_kernel_gmem1_m_axi.v:2783]
INFO: [Synth 8-6155] done synthesizing module 'causal_mask_u55c_kernel_gmem1_m_axi_fifo__parameterized0' (0#1) [/home/advent/Desktop/RC19/_x/link/vivado/vpl/prj/prj.gen/my_rm/bd/ulp/ipshared/1c74/hdl/verilog/causal_mask_u55c_kernel_gmem1_m_axi.v:2551]
INFO: [Synth 8-6157] synthesizing module 'causal_mask_u55c_kernel_gmem1_m_axi_fifo__parameterized1' [/home/advent/Desktop/RC19/_x/link/vivado/vpl/prj/prj.gen/my_rm/bd/ulp/ipshared/1c74/hdl/verilog/causal_mask_u55c_kernel_gmem1_m_axi.v:2551]
INFO: [Synth 8-6157] synthesizing module 'causal_mask_u55c_kernel_gmem1_m_axi_srl__parameterized0' [/home/advent/Desktop/RC19/_x/link/vivado/vpl/prj/prj.gen/my_rm/bd/ulp/ipshared/1c74/hdl/verilog/causal_mask_u55c_kernel_gmem1_m_axi.v:2729]
INFO: [Synth 8-6155] done synthesizing module 'causal_mask_u55c_kernel_gmem1_m_axi_srl__parameterized0' (0#1) [/home/advent/Desktop/RC19/_x/link/vivado/vpl/prj/prj.gen/my_rm/bd/ulp/ipshared/1c74/hdl/verilog/causal_mask_u55c_kernel_gmem1_m_axi.v:2729]
INFO: [Synth 8-6155] done synthesizing module 'causal_mask_u55c_kernel_gmem1_m_axi_fifo__parameterized1' (0#1) [/home/advent/Desktop/RC19/_x/link/vivado/vpl/prj/prj.gen/my_rm/bd/ulp/ipshared/1c74/hdl/verilog/causal_mask_u55c_kernel_gmem1_m_axi.v:2551]
INFO: [Synth 8-6157] synthesizing module 'causal_mask_u55c_kernel_gmem1_m_axi_fifo__parameterized2' [/home/advent/Desktop/RC19/_x/link/vivado/vpl/prj/prj.gen/my_rm/bd/ulp/ipshared/1c74/hdl/verilog/causal_mask_u55c_kernel_gmem1_m_axi.v:2551]
INFO: [Synth 8-6157] synthesizing module 'causal_mask_u55c_kernel_gmem1_m_axi_srl__parameterized1' [/home/advent/Desktop/RC19/_x/link/vivado/vpl/prj/prj.gen/my_rm/bd/ulp/ipshared/1c74/hdl/verilog/causal_mask_u55c_kernel_gmem1_m_axi.v:2729]
INFO: [Synth 8-6155] done synthesizing module 'causal_mask_u55c_kernel_gmem1_m_axi_srl__parameterized1' (0#1) [/home/advent/Desktop/RC19/_x/link/vivado/vpl/prj/prj.gen/my_rm/bd/ulp/ipshared/1c74/hdl/verilog/causal_mask_u55c_kernel_gmem1_m_axi.v:2729]
INFO: [Synth 8-6155] done synthesizing module 'causal_mask_u55c_kernel_gmem1_m_axi_fifo__parameterized2' (0#1) [/home/advent/Desktop/RC19/_x/link/vivado/vpl/prj/prj.gen/my_rm/bd/ulp/ipshared/1c74/hdl/verilog/causal_mask_u55c_kernel_gmem1_m_axi.v:2551]
INFO: [Synth 8-6155] done synthesizing module 'causal_mask_u55c_kernel_gmem1_m_axi_store' (0#1) [/home/advent/Desktop/RC19/_x/link/vivado/vpl/prj/prj.gen/my_rm/bd/ulp/ipshared/1c74/hdl/verilog/causal_mask_u55c_kernel_gmem1_m_axi.v:781]
INFO: [Synth 8-6157] synthesizing module 'causal_mask_u55c_kernel_gmem1_m_axi_load' [/home/advent/Desktop/RC19/_x/link/vivado/vpl/prj/prj.gen/my_rm/bd/ulp/ipshared/1c74/hdl/verilog/causal_mask_u55c_kernel_gmem1_m_axi.v:325]
INFO: [Synth 8-6157] synthesizing module 'causal_mask_u55c_kernel_gmem1_m_axi_fifo__parameterized3' [/home/advent/Desktop/RC19/_x/link/vivado/vpl/prj/prj.gen/my_rm/bd/ulp/ipshared/1c74/hdl/verilog/causal_mask_u55c_kernel_gmem1_m_axi.v:2551]
INFO: [Synth 8-6157] synthesizing module 'causal_mask_u55c_kernel_gmem1_m_axi_mem__parameterized0' [/home/advent/Desktop/RC19/_x/link/vivado/vpl/prj/prj.gen/my_rm/bd/ulp/ipshared/1c74/hdl/verilog/causal_mask_u55c_kernel_gmem1_m_axi.v:2783]
INFO: [Synth 8-6155] done synthesizing module 'causal_mask_u55c_kernel_gmem1_m_axi_mem__parameterized0' (0#1) [/home/advent/Desktop/RC19/_x/link/vivado/vpl/prj/prj.gen/my_rm/bd/ulp/ipshared/1c74/hdl/verilog/causal_mask_u55c_kernel_gmem1_m_axi.v:2783]
INFO: [Synth 8-6155] done synthesizing module 'causal_mask_u55c_kernel_gmem1_m_axi_fifo__parameterized3' (0#1) [/home/advent/Desktop/RC19/_x/link/vivado/vpl/prj/prj.gen/my_rm/bd/ulp/ipshared/1c74/hdl/verilog/causal_mask_u55c_kernel_gmem1_m_axi.v:2551]
INFO: [Synth 8-6155] done synthesizing module 'causal_mask_u55c_kernel_gmem1_m_axi_load' (0#1) [/home/advent/Desktop/RC19/_x/link/vivado/vpl/prj/prj.gen/my_rm/bd/ulp/ipshared/1c74/hdl/verilog/causal_mask_u55c_kernel_gmem1_m_axi.v:325]
INFO: [Synth 8-6157] synthesizing module 'causal_mask_u55c_kernel_gmem1_m_axi_write' [/home/advent/Desktop/RC19/_x/link/vivado/vpl/prj/prj.gen/my_rm/bd/ulp/ipshared/1c74/hdl/verilog/causal_mask_u55c_kernel_gmem1_m_axi.v:1716]
INFO: [Synth 8-6157] synthesizing module 'causal_mask_u55c_kernel_gmem1_m_axi_reg_slice' [/home/advent/Desktop/RC19/_x/link/vivado/vpl/prj/prj.gen/my_rm/bd/ulp/ipshared/1c74/hdl/verilog/causal_mask_u55c_kernel_gmem1_m_axi.v:2449]
INFO: [Synth 8-6155] done synthesizing module 'causal_mask_u55c_kernel_gmem1_m_axi_reg_slice' (0#1) [/home/advent/Desktop/RC19/_x/link/vivado/vpl/prj/prj.gen/my_rm/bd/ulp/ipshared/1c74/hdl/verilog/causal_mask_u55c_kernel_gmem1_m_axi.v:2449]
INFO: [Synth 8-6157] synthesizing module 'causal_mask_u55c_kernel_gmem1_m_axi_fifo__parameterized4' [/home/advent/Desktop/RC19/_x/link/vivado/vpl/prj/prj.gen/my_rm/bd/ulp/ipshared/1c74/hdl/verilog/causal_mask_u55c_kernel_gmem1_m_axi.v:2551]
INFO: [Synth 8-6157] synthesizing module 'causal_mask_u55c_kernel_gmem1_m_axi_srl__parameterized2' [/home/advent/Desktop/RC19/_x/link/vivado/vpl/prj/prj.gen/my_rm/bd/ulp/ipshared/1c74/hdl/verilog/causal_mask_u55c_kernel_gmem1_m_axi.v:2729]
INFO: [Synth 8-6155] done synthesizing module 'causal_mask_u55c_kernel_gmem1_m_axi_srl__parameterized2' (0#1) [/home/advent/Desktop/RC19/_x/link/vivado/vpl/prj/prj.gen/my_rm/bd/ulp/ipshared/1c74/hdl/verilog/causal_mask_u55c_kernel_gmem1_m_axi.v:2729]
INFO: [Synth 8-6155] done synthesizing module 'causal_mask_u55c_kernel_gmem1_m_axi_fifo__parameterized4' (0#1) [/home/advent/Desktop/RC19/_x/link/vivado/vpl/prj/prj.gen/my_rm/bd/ulp/ipshared/1c74/hdl/verilog/causal_mask_u55c_kernel_gmem1_m_axi.v:2551]
INFO: [Synth 8-6157] synthesizing module 'causal_mask_u55c_kernel_gmem1_m_axi_throttle' [/home/advent/Desktop/RC19/_x/link/vivado/vpl/prj/prj.gen/my_rm/bd/ulp/ipshared/1c74/hdl/verilog/causal_mask_u55c_kernel_gmem1_m_axi.v:2224]
INFO: [Synth 8-6157] synthesizing module 'causal_mask_u55c_kernel_gmem1_m_axi_reg_slice__parameterized0' [/home/advent/Desktop/RC19/_x/link/vivado/vpl/prj/prj.gen/my_rm/bd/ulp/ipshared/1c74/hdl/verilog/causal_mask_u55c_kernel_gmem1_m_axi.v:2449]
INFO: [Synth 8-6155] done synthesizing module 'causal_mask_u55c_kernel_gmem1_m_axi_reg_slice__parameterized0' (0#1) [/home/advent/Desktop/RC19/_x/link/vivado/vpl/prj/prj.gen/my_rm/bd/ulp/ipshared/1c74/hdl/verilog/causal_mask_u55c_kernel_gmem1_m_axi.v:2449]
INFO: [Synth 8-6157] synthesizing module 'causal_mask_u55c_kernel_gmem1_m_axi_fifo__parameterized5' [/home/advent/Desktop/RC19/_x/link/vivado/vpl/prj/prj.gen/my_rm/bd/ulp/ipshared/1c74/hdl/verilog/causal_mask_u55c_kernel_gmem1_m_axi.v:2551]
INFO: [Synth 8-6157] synthesizing module 'causal_mask_u55c_kernel_gmem1_m_axi_srl__parameterized3' [/home/advent/Desktop/RC19/_x/link/vivado/vpl/prj/prj.gen/my_rm/bd/ulp/ipshared/1c74/hdl/verilog/causal_mask_u55c_kernel_gmem1_m_axi.v:2729]
INFO: [Synth 8-6155] done synthesizing module 'causal_mask_u55c_kernel_gmem1_m_axi_srl__parameterized3' (0#1) [/home/advent/Desktop/RC19/_x/link/vivado/vpl/prj/prj.gen/my_rm/bd/ulp/ipshared/1c74/hdl/verilog/causal_mask_u55c_kernel_gmem1_m_axi.v:2729]
INFO: [Synth 8-6155] done synthesizing module 'causal_mask_u55c_kernel_gmem1_m_axi_fifo__parameterized5' (0#1) [/home/advent/Desktop/RC19/_x/link/vivado/vpl/prj/prj.gen/my_rm/bd/ulp/ipshared/1c74/hdl/verilog/causal_mask_u55c_kernel_gmem1_m_axi.v:2551]
INFO: [Synth 8-6157] synthesizing module 'causal_mask_u55c_kernel_gmem1_m_axi_fifo__parameterized6' [/home/advent/Desktop/RC19/_x/link/vivado/vpl/prj/prj.gen/my_rm/bd/ulp/ipshared/1c74/hdl/verilog/causal_mask_u55c_kernel_gmem1_m_axi.v:2551]
INFO: [Synth 8-6157] synthesizing module 'causal_mask_u55c_kernel_gmem1_m_axi_srl__parameterized4' [/home/advent/Desktop/RC19/_x/link/vivado/vpl/prj/prj.gen/my_rm/bd/ulp/ipshared/1c74/hdl/verilog/causal_mask_u55c_kernel_gmem1_m_axi.v:2729]
INFO: [Synth 8-6155] done synthesizing module 'causal_mask_u55c_kernel_gmem1_m_axi_srl__parameterized4' (0#1) [/home/advent/Desktop/RC19/_x/link/vivado/vpl/prj/prj.gen/my_rm/bd/ulp/ipshared/1c74/hdl/verilog/causal_mask_u55c_kernel_gmem1_m_axi.v:2729]
INFO: [Synth 8-6155] done synthesizing module 'causal_mask_u55c_kernel_gmem1_m_axi_fifo__parameterized6' (0#1) [/home/advent/Desktop/RC19/_x/link/vivado/vpl/prj/prj.gen/my_rm/bd/ulp/ipshared/1c74/hdl/verilog/causal_mask_u55c_kernel_gmem1_m_axi.v:2551]
INFO: [Synth 8-6155] done synthesizing module 'causal_mask_u55c_kernel_gmem1_m_axi_throttle' (0#1) [/home/advent/Desktop/RC19/_x/link/vivado/vpl/prj/prj.gen/my_rm/bd/ulp/ipshared/1c74/hdl/verilog/causal_mask_u55c_kernel_gmem1_m_axi.v:2224]
INFO: [Synth 8-6157] synthesizing module 'causal_mask_u55c_kernel_gmem1_m_axi_reg_slice__parameterized1' [/home/advent/Desktop/RC19/_x/link/vivado/vpl/prj/prj.gen/my_rm/bd/ulp/ipshared/1c74/hdl/verilog/causal_mask_u55c_kernel_gmem1_m_axi.v:2449]
INFO: [Synth 8-6155] done synthesizing module 'causal_mask_u55c_kernel_gmem1_m_axi_reg_slice__parameterized1' (0#1) [/home/advent/Desktop/RC19/_x/link/vivado/vpl/prj/prj.gen/my_rm/bd/ulp/ipshared/1c74/hdl/verilog/causal_mask_u55c_kernel_gmem1_m_axi.v:2449]
WARNING: [Synth 8-589] replacing case/wildcard equality operator === with logical equality operator == [/home/advent/Desktop/RC19/_x/link/vivado/vpl/prj/prj.gen/my_rm/bd/ulp/ipshared/1c74/hdl/verilog/causal_mask_u55c_kernel_gmem1_m_axi.v:2216]
WARNING: [Synth 8-589] replacing case/wildcard equality operator === with logical equality operator == [/home/advent/Desktop/RC19/_x/link/vivado/vpl/prj/prj.gen/my_rm/bd/ulp/ipshared/1c74/hdl/verilog/causal_mask_u55c_kernel_gmem1_m_axi.v:2219]
INFO: [Synth 8-6155] done synthesizing module 'causal_mask_u55c_kernel_gmem1_m_axi_write' (0#1) [/home/advent/Desktop/RC19/_x/link/vivado/vpl/prj/prj.gen/my_rm/bd/ulp/ipshared/1c74/hdl/verilog/causal_mask_u55c_kernel_gmem1_m_axi.v:1716]
INFO: [Synth 8-6157] synthesizing module 'causal_mask_u55c_kernel_gmem1_m_axi_read' [/home/advent/Desktop/RC19/_x/link/vivado/vpl/prj/prj.gen/my_rm/bd/ulp/ipshared/1c74/hdl/verilog/causal_mask_u55c_kernel_gmem1_m_axi.v:1332]
INFO: [Synth 8-6157] synthesizing module 'causal_mask_u55c_kernel_gmem1_m_axi_reg_slice__parameterized2' [/home/advent/Desktop/RC19/_x/link/vivado/vpl/prj/prj.gen/my_rm/bd/ulp/ipshared/1c74/hdl/verilog/causal_mask_u55c_kernel_gmem1_m_axi.v:2449]
INFO: [Synth 8-6155] done synthesizing module 'causal_mask_u55c_kernel_gmem1_m_axi_reg_slice__parameterized2' (0#1) [/home/advent/Desktop/RC19/_x/link/vivado/vpl/prj/prj.gen/my_rm/bd/ulp/ipshared/1c74/hdl/verilog/causal_mask_u55c_kernel_gmem1_m_axi.v:2449]
WARNING: [Synth 8-589] replacing case/wildcard equality operator === with logical equality operator == [/home/advent/Desktop/RC19/_x/link/vivado/vpl/prj/prj.gen/my_rm/bd/ulp/ipshared/1c74/hdl/verilog/causal_mask_u55c_kernel_gmem1_m_axi.v:1708]
INFO: [Synth 8-6155] done synthesizing module 'causal_mask_u55c_kernel_gmem1_m_axi_read' (0#1) [/home/advent/Desktop/RC19/_x/link/vivado/vpl/prj/prj.gen/my_rm/bd/ulp/ipshared/1c74/hdl/verilog/causal_mask_u55c_kernel_gmem1_m_axi.v:1332]
INFO: [Synth 8-6155] done synthesizing module 'causal_mask_u55c_kernel_gmem1_m_axi' (0#1) [/home/advent/Desktop/RC19/_x/link/vivado/vpl/prj/prj.gen/my_rm/bd/ulp/ipshared/1c74/hdl/verilog/causal_mask_u55c_kernel_gmem1_m_axi.v:11]
INFO: [Synth 8-6155] done synthesizing module 'causal_mask_u55c_kernel' (0#1) [/home/advent/Desktop/RC19/_x/link/vivado/vpl/prj/prj.gen/my_rm/bd/ulp/ipshared/1c74/hdl/verilog/causal_mask_u55c_kernel.v:10]
INFO: [Synth 8-6155] done synthesizing module 'ulp_causal_mask_u55c_kernel_1_0' (0#1) [/home/advent/Desktop/RC19/_x/link/vivado/vpl/prj/prj.gen/my_rm/bd/ulp/ip/ulp_causal_mask_u55c_kernel_1_0/synth/ulp_causal_mask_u55c_kernel_1_0.v:53]
WARNING: [Synth 8-6014] Unused sequential element icmp_ln55_reg_327_pp0_iter1_reg_reg was removed.  [/home/advent/Desktop/RC19/_x/link/vivado/vpl/prj/prj.gen/my_rm/bd/ulp/ipshared/1c74/hdl/verilog/causal_mask_u55c_kernel_causal_mask_u55c_kernel_Pipeline_VITIS_LOOP_55_1_VITIS_LOOP_56_2.v:311]
WARNING: [Synth 8-6014] Unused sequential element int_ap_done_reg was removed.  [/home/advent/Desktop/RC19/_x/link/vivado/vpl/prj/prj.gen/my_rm/bd/ulp/ipshared/1c74/hdl/verilog/causal_mask_u55c_kernel_control_s_axi.v:332]
WARNING: [Synth 8-7129] Port in_BUS_RID[0] in module causal_mask_u55c_kernel_gmem1_m_axi_read is either unconnected or has no load
WARNING: [Synth 8-7129] Port in_BUS_RRESP[1] in module causal_mask_u55c_kernel_gmem1_m_axi_read is either unconnected or has no load
WARNING: [Synth 8-7129] Port in_BUS_RRESP[0] in module causal_mask_u55c_kernel_gmem1_m_axi_read is either unconnected or has no load
WARNING: [Synth 8-7129] Port in_BUS_RUSER[0] in module causal_mask_u55c_kernel_gmem1_m_axi_read is either unconnected or has no load
WARNING: [Synth 8-7129] Port in_BUS_BID[0] in module causal_mask_u55c_kernel_gmem1_m_axi_write is either unconnected or has no load
WARNING: [Synth 8-7129] Port in_BUS_BRESP[1] in module causal_mask_u55c_kernel_gmem1_m_axi_write is either unconnected or has no load
WARNING: [Synth 8-7129] Port in_BUS_BRESP[0] in module causal_mask_u55c_kernel_gmem1_m_axi_write is either unconnected or has no load
WARNING: [Synth 8-7129] Port in_BUS_BUSER[0] in module causal_mask_u55c_kernel_gmem1_m_axi_write is either unconnected or has no load
WARNING: [Synth 8-7129] Port in_BUS_RID[0] in module causal_mask_u55c_kernel_gmem0_m_axi_read is either unconnected or has no load
WARNING: [Synth 8-7129] Port in_BUS_RRESP[1] in module causal_mask_u55c_kernel_gmem0_m_axi_read is either unconnected or has no load
WARNING: [Synth 8-7129] Port in_BUS_RRESP[0] in module causal_mask_u55c_kernel_gmem0_m_axi_read is either unconnected or has no load
WARNING: [Synth 8-7129] Port in_BUS_RUSER[0] in module causal_mask_u55c_kernel_gmem0_m_axi_read is either unconnected or has no load
WARNING: [Synth 8-7129] Port in_BUS_BID[0] in module causal_mask_u55c_kernel_gmem0_m_axi_write is either unconnected or has no load
WARNING: [Synth 8-7129] Port in_BUS_BRESP[1] in module causal_mask_u55c_kernel_gmem0_m_axi_write is either unconnected or has no load
WARNING: [Synth 8-7129] Port in_BUS_BRESP[0] in module causal_mask_u55c_kernel_gmem0_m_axi_write is either unconnected or has no load
WARNING: [Synth 8-7129] Port in_BUS_BUSER[0] in module causal_mask_u55c_kernel_gmem0_m_axi_write is either unconnected or has no load
WARNING: [Synth 8-7129] Port m_axi_gmem1_AWREADY in module causal_mask_u55c_kernel_causal_mask_u55c_kernel_Pipeline_VITIS_LOOP_70_3_VITIS_LOOP_71_4 is either unconnected or has no load
WARNING: [Synth 8-7129] Port m_axi_gmem1_ARREADY in module causal_mask_u55c_kernel_causal_mask_u55c_kernel_Pipeline_VITIS_LOOP_70_3_VITIS_LOOP_71_4 is either unconnected or has no load
WARNING: [Synth 8-7129] Port m_axi_gmem1_RVALID in module causal_mask_u55c_kernel_causal_mask_u55c_kernel_Pipeline_VITIS_LOOP_70_3_VITIS_LOOP_71_4 is either unconnected or has no load
WARNING: [Synth 8-7129] Port m_axi_gmem1_RDATA[511] in module causal_mask_u55c_kernel_causal_mask_u55c_kernel_Pipeline_VITIS_LOOP_70_3_VITIS_LOOP_71_4 is either unconnected or has no load
WARNING: [Synth 8-7129] Port m_axi_gmem1_RDATA[510] in module causal_mask_u55c_kernel_causal_mask_u55c_kernel_Pipeline_VITIS_LOOP_70_3_VITIS_LOOP_71_4 is either unconnected or has no load
WARNING: [Synth 8-7129] Port m_axi_gmem1_RDATA[509] in module causal_mask_u55c_kernel_causal_mask_u55c_kernel_Pipeline_VITIS_LOOP_70_3_VITIS_LOOP_71_4 is either unconnected or has no load
WARNING: [Synth 8-7129] Port m_axi_gmem1_RDATA[508] in module causal_mask_u55c_kernel_causal_mask_u55c_kernel_Pipeline_VITIS_LOOP_70_3_VITIS_LOOP_71_4 is either unconnected or has no load
WARNING: [Synth 8-7129] Port m_axi_gmem1_RDATA[507] in module causal_mask_u55c_kernel_causal_mask_u55c_kernel_Pipeline_VITIS_LOOP_70_3_VITIS_LOOP_71_4 is either unconnected or has no load
WARNING: [Synth 8-7129] Port m_axi_gmem1_RDATA[506] in module causal_mask_u55c_kernel_causal_mask_u55c_kernel_Pipeline_VITIS_LOOP_70_3_VITIS_LOOP_71_4 is either unconnected or has no load
WARNING: [Synth 8-7129] Port m_axi_gmem1_RDATA[505] in module causal_mask_u55c_kernel_causal_mask_u55c_kernel_Pipeline_VITIS_LOOP_70_3_VITIS_LOOP_71_4 is either unconnected or has no load
WARNING: [Synth 8-7129] Port m_axi_gmem1_RDATA[504] in module causal_mask_u55c_kernel_causal_mask_u55c_kernel_Pipeline_VITIS_LOOP_70_3_VITIS_LOOP_71_4 is either unconnected or has no load
WARNING: [Synth 8-7129] Port m_axi_gmem1_RDATA[503] in module causal_mask_u55c_kernel_causal_mask_u55c_kernel_Pipeline_VITIS_LOOP_70_3_VITIS_LOOP_71_4 is either unconnected or has no load
WARNING: [Synth 8-7129] Port m_axi_gmem1_RDATA[502] in module causal_mask_u55c_kernel_causal_mask_u55c_kernel_Pipeline_VITIS_LOOP_70_3_VITIS_LOOP_71_4 is either unconnected or has no load
WARNING: [Synth 8-7129] Port m_axi_gmem1_RDATA[501] in module causal_mask_u55c_kernel_causal_mask_u55c_kernel_Pipeline_VITIS_LOOP_70_3_VITIS_LOOP_71_4 is either unconnected or has no load
WARNING: [Synth 8-7129] Port m_axi_gmem1_RDATA[500] in module causal_mask_u55c_kernel_causal_mask_u55c_kernel_Pipeline_VITIS_LOOP_70_3_VITIS_LOOP_71_4 is either unconnected or has no load
WARNING: [Synth 8-7129] Port m_axi_gmem1_RDATA[499] in module causal_mask_u55c_kernel_causal_mask_u55c_kernel_Pipeline_VITIS_LOOP_70_3_VITIS_LOOP_71_4 is either unconnected or has no load
WARNING: [Synth 8-7129] Port m_axi_gmem1_RDATA[498] in module causal_mask_u55c_kernel_causal_mask_u55c_kernel_Pipeline_VITIS_LOOP_70_3_VITIS_LOOP_71_4 is either unconnected or has no load
WARNING: [Synth 8-7129] Port m_axi_gmem1_RDATA[497] in module causal_mask_u55c_kernel_causal_mask_u55c_kernel_Pipeline_VITIS_LOOP_70_3_VITIS_LOOP_71_4 is either unconnected or has no load
WARNING: [Synth 8-7129] Port m_axi_gmem1_RDATA[496] in module causal_mask_u55c_kernel_causal_mask_u55c_kernel_Pipeline_VITIS_LOOP_70_3_VITIS_LOOP_71_4 is either unconnected or has no load
WARNING: [Synth 8-7129] Port m_axi_gmem1_RDATA[495] in module causal_mask_u55c_kernel_causal_mask_u55c_kernel_Pipeline_VITIS_LOOP_70_3_VITIS_LOOP_71_4 is either unconnected or has no load
WARNING: [Synth 8-7129] Port m_axi_gmem1_RDATA[494] in module causal_mask_u55c_kernel_causal_mask_u55c_kernel_Pipeline_VITIS_LOOP_70_3_VITIS_LOOP_71_4 is either unconnected or has no load
WARNING: [Synth 8-7129] Port m_axi_gmem1_RDATA[493] in module causal_mask_u55c_kernel_causal_mask_u55c_kernel_Pipeline_VITIS_LOOP_70_3_VITIS_LOOP_71_4 is either unconnected or has no load
WARNING: [Synth 8-7129] Port m_axi_gmem1_RDATA[492] in module causal_mask_u55c_kernel_causal_mask_u55c_kernel_Pipeline_VITIS_LOOP_70_3_VITIS_LOOP_71_4 is either unconnected or has no load
WARNING: [Synth 8-7129] Port m_axi_gmem1_RDATA[491] in module causal_mask_u55c_kernel_causal_mask_u55c_kernel_Pipeline_VITIS_LOOP_70_3_VITIS_LOOP_71_4 is either unconnected or has no load
WARNING: [Synth 8-7129] Port m_axi_gmem1_RDATA[490] in module causal_mask_u55c_kernel_causal_mask_u55c_kernel_Pipeline_VITIS_LOOP_70_3_VITIS_LOOP_71_4 is either unconnected or has no load
WARNING: [Synth 8-7129] Port m_axi_gmem1_RDATA[489] in module causal_mask_u55c_kernel_causal_mask_u55c_kernel_Pipeline_VITIS_LOOP_70_3_VITIS_LOOP_71_4 is either unconnected or has no load
WARNING: [Synth 8-7129] Port m_axi_gmem1_RDATA[488] in module causal_mask_u55c_kernel_causal_mask_u55c_kernel_Pipeline_VITIS_LOOP_70_3_VITIS_LOOP_71_4 is either unconnected or has no load
WARNING: [Synth 8-7129] Port m_axi_gmem1_RDATA[487] in module causal_mask_u55c_kernel_causal_mask_u55c_kernel_Pipeline_VITIS_LOOP_70_3_VITIS_LOOP_71_4 is either unconnected or has no load
WARNING: [Synth 8-7129] Port m_axi_gmem1_RDATA[486] in module causal_mask_u55c_kernel_causal_mask_u55c_kernel_Pipeline_VITIS_LOOP_70_3_VITIS_LOOP_71_4 is either unconnected or has no load
WARNING: [Synth 8-7129] Port m_axi_gmem1_RDATA[485] in module causal_mask_u55c_kernel_causal_mask_u55c_kernel_Pipeline_VITIS_LOOP_70_3_VITIS_LOOP_71_4 is either unconnected or has no load
WARNING: [Synth 8-7129] Port m_axi_gmem1_RDATA[484] in module causal_mask_u55c_kernel_causal_mask_u55c_kernel_Pipeline_VITIS_LOOP_70_3_VITIS_LOOP_71_4 is either unconnected or has no load
WARNING: [Synth 8-7129] Port m_axi_gmem1_RDATA[483] in module causal_mask_u55c_kernel_causal_mask_u55c_kernel_Pipeline_VITIS_LOOP_70_3_VITIS_LOOP_71_4 is either unconnected or has no load
WARNING: [Synth 8-7129] Port m_axi_gmem1_RDATA[482] in module causal_mask_u55c_kernel_causal_mask_u55c_kernel_Pipeline_VITIS_LOOP_70_3_VITIS_LOOP_71_4 is either unconnected or has no load
WARNING: [Synth 8-7129] Port m_axi_gmem1_RDATA[481] in module causal_mask_u55c_kernel_causal_mask_u55c_kernel_Pipeline_VITIS_LOOP_70_3_VITIS_LOOP_71_4 is either unconnected or has no load
WARNING: [Synth 8-7129] Port m_axi_gmem1_RDATA[480] in module causal_mask_u55c_kernel_causal_mask_u55c_kernel_Pipeline_VITIS_LOOP_70_3_VITIS_LOOP_71_4 is either unconnected or has no load
WARNING: [Synth 8-7129] Port m_axi_gmem1_RDATA[479] in module causal_mask_u55c_kernel_causal_mask_u55c_kernel_Pipeline_VITIS_LOOP_70_3_VITIS_LOOP_71_4 is either unconnected or has no load
WARNING: [Synth 8-7129] Port m_axi_gmem1_RDATA[478] in module causal_mask_u55c_kernel_causal_mask_u55c_kernel_Pipeline_VITIS_LOOP_70_3_VITIS_LOOP_71_4 is either unconnected or has no load
WARNING: [Synth 8-7129] Port m_axi_gmem1_RDATA[477] in module causal_mask_u55c_kernel_causal_mask_u55c_kernel_Pipeline_VITIS_LOOP_70_3_VITIS_LOOP_71_4 is either unconnected or has no load
WARNING: [Synth 8-7129] Port m_axi_gmem1_RDATA[476] in module causal_mask_u55c_kernel_causal_mask_u55c_kernel_Pipeline_VITIS_LOOP_70_3_VITIS_LOOP_71_4 is either unconnected or has no load
WARNING: [Synth 8-7129] Port m_axi_gmem1_RDATA[475] in module causal_mask_u55c_kernel_causal_mask_u55c_kernel_Pipeline_VITIS_LOOP_70_3_VITIS_LOOP_71_4 is either unconnected or has no load
WARNING: [Synth 8-7129] Port m_axi_gmem1_RDATA[474] in module causal_mask_u55c_kernel_causal_mask_u55c_kernel_Pipeline_VITIS_LOOP_70_3_VITIS_LOOP_71_4 is either unconnected or has no load
WARNING: [Synth 8-7129] Port m_axi_gmem1_RDATA[473] in module causal_mask_u55c_kernel_causal_mask_u55c_kernel_Pipeline_VITIS_LOOP_70_3_VITIS_LOOP_71_4 is either unconnected or has no load
WARNING: [Synth 8-7129] Port m_axi_gmem1_RDATA[472] in module causal_mask_u55c_kernel_causal_mask_u55c_kernel_Pipeline_VITIS_LOOP_70_3_VITIS_LOOP_71_4 is either unconnected or has no load
WARNING: [Synth 8-7129] Port m_axi_gmem1_RDATA[471] in module causal_mask_u55c_kernel_causal_mask_u55c_kernel_Pipeline_VITIS_LOOP_70_3_VITIS_LOOP_71_4 is either unconnected or has no load
WARNING: [Synth 8-7129] Port m_axi_gmem1_RDATA[470] in module causal_mask_u55c_kernel_causal_mask_u55c_kernel_Pipeline_VITIS_LOOP_70_3_VITIS_LOOP_71_4 is either unconnected or has no load
WARNING: [Synth 8-7129] Port m_axi_gmem1_RDATA[469] in module causal_mask_u55c_kernel_causal_mask_u55c_kernel_Pipeline_VITIS_LOOP_70_3_VITIS_LOOP_71_4 is either unconnected or has no load
WARNING: [Synth 8-7129] Port m_axi_gmem1_RDATA[468] in module causal_mask_u55c_kernel_causal_mask_u55c_kernel_Pipeline_VITIS_LOOP_70_3_VITIS_LOOP_71_4 is either unconnected or has no load
WARNING: [Synth 8-7129] Port m_axi_gmem1_RDATA[467] in module causal_mask_u55c_kernel_causal_mask_u55c_kernel_Pipeline_VITIS_LOOP_70_3_VITIS_LOOP_71_4 is either unconnected or has no load
WARNING: [Synth 8-7129] Port m_axi_gmem1_RDATA[466] in module causal_mask_u55c_kernel_causal_mask_u55c_kernel_Pipeline_VITIS_LOOP_70_3_VITIS_LOOP_71_4 is either unconnected or has no load
WARNING: [Synth 8-7129] Port m_axi_gmem1_RDATA[465] in module causal_mask_u55c_kernel_causal_mask_u55c_kernel_Pipeline_VITIS_LOOP_70_3_VITIS_LOOP_71_4 is either unconnected or has no load
WARNING: [Synth 8-7129] Port m_axi_gmem1_RDATA[464] in module causal_mask_u55c_kernel_causal_mask_u55c_kernel_Pipeline_VITIS_LOOP_70_3_VITIS_LOOP_71_4 is either unconnected or has no load
WARNING: [Synth 8-7129] Port m_axi_gmem1_RDATA[463] in module causal_mask_u55c_kernel_causal_mask_u55c_kernel_Pipeline_VITIS_LOOP_70_3_VITIS_LOOP_71_4 is either unconnected or has no load
WARNING: [Synth 8-7129] Port m_axi_gmem1_RDATA[462] in module causal_mask_u55c_kernel_causal_mask_u55c_kernel_Pipeline_VITIS_LOOP_70_3_VITIS_LOOP_71_4 is either unconnected or has no load
WARNING: [Synth 8-7129] Port m_axi_gmem1_RDATA[461] in module causal_mask_u55c_kernel_causal_mask_u55c_kernel_Pipeline_VITIS_LOOP_70_3_VITIS_LOOP_71_4 is either unconnected or has no load
WARNING: [Synth 8-7129] Port m_axi_gmem1_RDATA[460] in module causal_mask_u55c_kernel_causal_mask_u55c_kernel_Pipeline_VITIS_LOOP_70_3_VITIS_LOOP_71_4 is either unconnected or has no load
WARNING: [Synth 8-7129] Port m_axi_gmem1_RDATA[459] in module causal_mask_u55c_kernel_causal_mask_u55c_kernel_Pipeline_VITIS_LOOP_70_3_VITIS_LOOP_71_4 is either unconnected or has no load
WARNING: [Synth 8-7129] Port m_axi_gmem1_RDATA[458] in module causal_mask_u55c_kernel_causal_mask_u55c_kernel_Pipeline_VITIS_LOOP_70_3_VITIS_LOOP_71_4 is either unconnected or has no load
WARNING: [Synth 8-7129] Port m_axi_gmem1_RDATA[457] in module causal_mask_u55c_kernel_causal_mask_u55c_kernel_Pipeline_VITIS_LOOP_70_3_VITIS_LOOP_71_4 is either unconnected or has no load
WARNING: [Synth 8-7129] Port m_axi_gmem1_RDATA[456] in module causal_mask_u55c_kernel_causal_mask_u55c_kernel_Pipeline_VITIS_LOOP_70_3_VITIS_LOOP_71_4 is either unconnected or has no load
WARNING: [Synth 8-7129] Port m_axi_gmem1_RDATA[455] in module causal_mask_u55c_kernel_causal_mask_u55c_kernel_Pipeline_VITIS_LOOP_70_3_VITIS_LOOP_71_4 is either unconnected or has no load
WARNING: [Synth 8-7129] Port m_axi_gmem1_RDATA[454] in module causal_mask_u55c_kernel_causal_mask_u55c_kernel_Pipeline_VITIS_LOOP_70_3_VITIS_LOOP_71_4 is either unconnected or has no load
WARNING: [Synth 8-7129] Port m_axi_gmem1_RDATA[453] in module causal_mask_u55c_kernel_causal_mask_u55c_kernel_Pipeline_VITIS_LOOP_70_3_VITIS_LOOP_71_4 is either unconnected or has no load
WARNING: [Synth 8-7129] Port m_axi_gmem1_RDATA[452] in module causal_mask_u55c_kernel_causal_mask_u55c_kernel_Pipeline_VITIS_LOOP_70_3_VITIS_LOOP_71_4 is either unconnected or has no load
WARNING: [Synth 8-7129] Port m_axi_gmem1_RDATA[451] in module causal_mask_u55c_kernel_causal_mask_u55c_kernel_Pipeline_VITIS_LOOP_70_3_VITIS_LOOP_71_4 is either unconnected or has no load
WARNING: [Synth 8-7129] Port m_axi_gmem1_RDATA[450] in module causal_mask_u55c_kernel_causal_mask_u55c_kernel_Pipeline_VITIS_LOOP_70_3_VITIS_LOOP_71_4 is either unconnected or has no load
WARNING: [Synth 8-7129] Port m_axi_gmem1_RDATA[449] in module causal_mask_u55c_kernel_causal_mask_u55c_kernel_Pipeline_VITIS_LOOP_70_3_VITIS_LOOP_71_4 is either unconnected or has no load
WARNING: [Synth 8-7129] Port m_axi_gmem1_RDATA[448] in module causal_mask_u55c_kernel_causal_mask_u55c_kernel_Pipeline_VITIS_LOOP_70_3_VITIS_LOOP_71_4 is either unconnected or has no load
WARNING: [Synth 8-7129] Port m_axi_gmem1_RDATA[447] in module causal_mask_u55c_kernel_causal_mask_u55c_kernel_Pipeline_VITIS_LOOP_70_3_VITIS_LOOP_71_4 is either unconnected or has no load
WARNING: [Synth 8-7129] Port m_axi_gmem1_RDATA[446] in module causal_mask_u55c_kernel_causal_mask_u55c_kernel_Pipeline_VITIS_LOOP_70_3_VITIS_LOOP_71_4 is either unconnected or has no load
WARNING: [Synth 8-7129] Port m_axi_gmem1_RDATA[445] in module causal_mask_u55c_kernel_causal_mask_u55c_kernel_Pipeline_VITIS_LOOP_70_3_VITIS_LOOP_71_4 is either unconnected or has no load
WARNING: [Synth 8-7129] Port m_axi_gmem1_RDATA[444] in module causal_mask_u55c_kernel_causal_mask_u55c_kernel_Pipeline_VITIS_LOOP_70_3_VITIS_LOOP_71_4 is either unconnected or has no load
WARNING: [Synth 8-7129] Port m_axi_gmem1_RDATA[443] in module causal_mask_u55c_kernel_causal_mask_u55c_kernel_Pipeline_VITIS_LOOP_70_3_VITIS_LOOP_71_4 is either unconnected or has no load
WARNING: [Synth 8-7129] Port m_axi_gmem1_RDATA[442] in module causal_mask_u55c_kernel_causal_mask_u55c_kernel_Pipeline_VITIS_LOOP_70_3_VITIS_LOOP_71_4 is either unconnected or has no load
WARNING: [Synth 8-7129] Port m_axi_gmem1_RDATA[441] in module causal_mask_u55c_kernel_causal_mask_u55c_kernel_Pipeline_VITIS_LOOP_70_3_VITIS_LOOP_71_4 is either unconnected or has no load
WARNING: [Synth 8-7129] Port m_axi_gmem1_RDATA[440] in module causal_mask_u55c_kernel_causal_mask_u55c_kernel_Pipeline_VITIS_LOOP_70_3_VITIS_LOOP_71_4 is either unconnected or has no load
WARNING: [Synth 8-7129] Port m_axi_gmem1_RDATA[439] in module causal_mask_u55c_kernel_causal_mask_u55c_kernel_Pipeline_VITIS_LOOP_70_3_VITIS_LOOP_71_4 is either unconnected or has no load
WARNING: [Synth 8-7129] Port m_axi_gmem1_RDATA[438] in module causal_mask_u55c_kernel_causal_mask_u55c_kernel_Pipeline_VITIS_LOOP_70_3_VITIS_LOOP_71_4 is either unconnected or has no load
WARNING: [Synth 8-7129] Port m_axi_gmem1_RDATA[437] in module causal_mask_u55c_kernel_causal_mask_u55c_kernel_Pipeline_VITIS_LOOP_70_3_VITIS_LOOP_71_4 is either unconnected or has no load
WARNING: [Synth 8-7129] Port m_axi_gmem1_RDATA[436] in module causal_mask_u55c_kernel_causal_mask_u55c_kernel_Pipeline_VITIS_LOOP_70_3_VITIS_LOOP_71_4 is either unconnected or has no load
WARNING: [Synth 8-7129] Port m_axi_gmem1_RDATA[435] in module causal_mask_u55c_kernel_causal_mask_u55c_kernel_Pipeline_VITIS_LOOP_70_3_VITIS_LOOP_71_4 is either unconnected or has no load
WARNING: [Synth 8-7129] Port m_axi_gmem1_RDATA[434] in module causal_mask_u55c_kernel_causal_mask_u55c_kernel_Pipeline_VITIS_LOOP_70_3_VITIS_LOOP_71_4 is either unconnected or has no load
WARNING: [Synth 8-7129] Port m_axi_gmem1_RDATA[433] in module causal_mask_u55c_kernel_causal_mask_u55c_kernel_Pipeline_VITIS_LOOP_70_3_VITIS_LOOP_71_4 is either unconnected or has no load
WARNING: [Synth 8-7129] Port m_axi_gmem1_RDATA[432] in module causal_mask_u55c_kernel_causal_mask_u55c_kernel_Pipeline_VITIS_LOOP_70_3_VITIS_LOOP_71_4 is either unconnected or has no load
WARNING: [Synth 8-7129] Port m_axi_gmem1_RDATA[431] in module causal_mask_u55c_kernel_causal_mask_u55c_kernel_Pipeline_VITIS_LOOP_70_3_VITIS_LOOP_71_4 is either unconnected or has no load
INFO: [Common 17-14] Message 'Synth 8-7129' appears 100 times and further instances of the messages will be disabled. Use the Tcl command set_msg_config to change the current settings.
---------------------------------------------------------------------------------
Finished RTL Elaboration : Time (s): cpu = 00:00:04 ; elapsed = 00:00:05 . Memory (MB): peak = 3224.910 ; gain = 493.609 ; free physical = 9318 ; free virtual = 14255
Synthesis current peak Physical Memory [PSS] (MB): peak = 2305.413; parent = 2164.911; children = 143.050
Synthesis current peak Virtual Memory [VSS] (MB): peak = 4201.645; parent = 3224.914; children = 976.730
---------------------------------------------------------------------------------
---------------------------------------------------------------------------------
Start Handling Custom Attributes
---------------------------------------------------------------------------------
---------------------------------------------------------------------------------
Finished Handling Custom Attributes : Time (s): cpu = 00:00:04 ; elapsed = 00:00:05 . Memory (MB): peak = 3242.723 ; gain = 511.422 ; free physical = 10378 ; free virtual = 15323
Synthesis current peak Physical Memory [PSS] (MB): peak = 2305.413; parent = 2164.911; children = 146.397
Synthesis current peak Virtual Memory [VSS] (MB): peak = 4219.457; parent = 3242.727; children = 976.730
---------------------------------------------------------------------------------
---------------------------------------------------------------------------------
Finished RTL Optimization Phase 1 : Time (s): cpu = 00:00:04 ; elapsed = 00:00:05 . Memory (MB): peak = 3242.723 ; gain = 511.422 ; free physical = 10341 ; free virtual = 15296
Synthesis current peak Physical Memory [PSS] (MB): peak = 2305.413; parent = 2164.911; children = 146.397
Synthesis current peak Virtual Memory [VSS] (MB): peak = 4219.457; parent = 3242.727; children = 976.730
---------------------------------------------------------------------------------
Netlist sorting complete. Time (s): cpu = 00:00:00.29 ; elapsed = 00:00:00.29 . Memory (MB): peak = 3242.723 ; gain = 0.000 ; free physical = 9222 ; free virtual = 14160
INFO: [Project 1-570] Preparing netlist for logic optimization

Processing XDC Constraints
Initializing timing engine
Parsing XDC File [/home/advent/Desktop/RC19/_x/link/vivado/vpl/prj/prj.gen/my_rm/bd/ulp/ip/ulp_causal_mask_u55c_kernel_1_0/constraints/causal_mask_u55c_kernel_ooc.xdc] for cell 'inst'
0V85_VCCINT { VCCINT }  -supply_current_budget  100.000 A -voltage  0.850 V -direct
0V85_VCCINT_IO { VCCINT_IO VCCBRAM }  -supply_current_budget  30.000 A -voltage  0.850 V -direct
0V9_AVCC { MGTYAVCC }  -supply_current_budget  0.000 A -voltage  0.900 V -direct
1V2_AVTT { MGTYAVTT }  -supply_current_budget  0.000 A -voltage  1.200 V -direct
1V2_HBM { VCC_HBM }  -supply_current_budget  0.000 A -voltage  1.200 V -direct
1V8 { VCCAUX VCCAUX_IO MGTYVCCAUX VCCO18 VCCADC }  -supply_current_budget  4.000 A -voltage  1.800 V -direct
2V5_VPP { VCCAUX_HBM }  -supply_current_budget  0.300 A -voltage  2.500 V -direct
Finished Parsing XDC File [/home/advent/Desktop/RC19/_x/link/vivado/vpl/prj/prj.gen/my_rm/bd/ulp/ip/ulp_causal_mask_u55c_kernel_1_0/constraints/causal_mask_u55c_kernel_ooc.xdc] for cell 'inst'
Parsing XDC File [/home/advent/Desktop/RC19/_x/link/vivado/vpl/prj/prj.runs/ulp_causal_mask_u55c_kernel_1_0_synth_1/dont_touch.xdc]
Finished Parsing XDC File [/home/advent/Desktop/RC19/_x/link/vivado/vpl/prj/prj.runs/ulp_causal_mask_u55c_kernel_1_0_synth_1/dont_touch.xdc]
Completed Processing XDC Constraints

Netlist sorting complete. Time (s): cpu = 00:00:00 ; elapsed = 00:00:00 . Memory (MB): peak = 3428.039 ; gain = 0.000 ; free physical = 9106 ; free virtual = 14057
INFO: [Project 1-111] Unisim Transformation Summary:
No Unisim elements were transformed.

Constraint Validation Runtime : Time (s): cpu = 00:00:00.47 ; elapsed = 00:00:00.47 . Memory (MB): peak = 3451.852 ; gain = 23.812 ; free physical = 9022 ; free virtual = 13973
INFO: [Designutils 20-5008] Incremental synthesis strategy off
INFO: [Synth 8-11241] undeclared symbol 'REGCCE', assumed default net type 'wire' [/home/advent/Vivado/Vivado/2022.2/data/verilog/src/unimacro/BRAM_SINGLE_MACRO.v:2170]
---------------------------------------------------------------------------------
Finished Constraint Validation : Time (s): cpu = 00:00:15 ; elapsed = 00:00:16 . Memory (MB): peak = 3451.852 ; gain = 720.551 ; free physical = 8501 ; free virtual = 13454
Synthesis current peak Physical Memory [PSS] (MB): peak = 2558.948; parent = 2418.646; children = 146.397
Synthesis current peak Virtual Memory [VSS] (MB): peak = 4428.586; parent = 3451.855; children = 976.730
---------------------------------------------------------------------------------
---------------------------------------------------------------------------------
Start Loading Part and Timing Information
---------------------------------------------------------------------------------
Loading part: xcu55c-fsvh2892-2L-e
INFO: [Synth 8-6742] Reading net delay rules and data
---------------------------------------------------------------------------------
Finished Loading Part and Timing Information : Time (s): cpu = 00:00:15 ; elapsed = 00:00:16 . Memory (MB): peak = 3451.852 ; gain = 720.551 ; free physical = 8451 ; free virtual = 13405
Synthesis current peak Physical Memory [PSS] (MB): peak = 2558.948; parent = 2418.646; children = 146.397
Synthesis current peak Virtual Memory [VSS] (MB): peak = 4428.586; parent = 3451.855; children = 976.730
---------------------------------------------------------------------------------
---------------------------------------------------------------------------------
Start Applying 'set_property' XDC Constraints
---------------------------------------------------------------------------------
Applied set_property KEEP_HIERARCHY = SOFT for inst. (constraint file  /home/advent/Desktop/RC19/_x/link/vivado/vpl/prj/prj.runs/ulp_causal_mask_u55c_kernel_1_0_synth_1/dont_touch.xdc, line 9).
---------------------------------------------------------------------------------
Finished applying 'set_property' XDC Constraints : Time (s): cpu = 00:00:15 ; elapsed = 00:00:16 . Memory (MB): peak = 3451.852 ; gain = 720.551 ; free physical = 8353 ; free virtual = 13306
Synthesis current peak Physical Memory [PSS] (MB): peak = 2558.948; parent = 2418.646; children = 146.397
Synthesis current peak Virtual Memory [VSS] (MB): peak = 4428.586; parent = 3451.855; children = 976.730
---------------------------------------------------------------------------------
INFO: [Synth 8-802] inferred FSM for state register 'wstate_reg' in module 'causal_mask_u55c_kernel_control_s_axi'
INFO: [Synth 8-802] inferred FSM for state register 'rstate_reg' in module 'causal_mask_u55c_kernel_control_s_axi'
INFO: [Synth 8-802] inferred FSM for state register 'state_reg' in module 'causal_mask_u55c_kernel_gmem0_m_axi_reg_slice'
INFO: [Synth 8-802] inferred FSM for state register 'state_reg' in module 'causal_mask_u55c_kernel_gmem0_m_axi_reg_slice__parameterized0'
INFO: [Synth 8-802] inferred FSM for state register 'state_reg' in module 'causal_mask_u55c_kernel_gmem0_m_axi_reg_slice__parameterized1'
INFO: [Synth 8-802] inferred FSM for state register 'state_reg' in module 'causal_mask_u55c_kernel_gmem0_m_axi_reg_slice__parameterized2'
INFO: [Synth 8-802] inferred FSM for state register 'state_reg' in module 'causal_mask_u55c_kernel_gmem1_m_axi_reg_slice'
INFO: [Synth 8-802] inferred FSM for state register 'state_reg' in module 'causal_mask_u55c_kernel_gmem1_m_axi_reg_slice__parameterized0'
INFO: [Synth 8-802] inferred FSM for state register 'state_reg' in module 'causal_mask_u55c_kernel_gmem1_m_axi_reg_slice__parameterized1'
INFO: [Synth 8-802] inferred FSM for state register 'state_reg' in module 'causal_mask_u55c_kernel_gmem1_m_axi_reg_slice__parameterized2'
INFO: [Synth 8-4490] FSM extraction disabled for register 'ap_CS_fsm_reg' through user attribute
---------------------------------------------------------------------------------------------------
                   State |                     New Encoding |                Previous Encoding 
---------------------------------------------------------------------------------------------------
                  iSTATE |                             0001 |                               11
*
                  WRIDLE |                             0010 |                               00
                  WRDATA |                             0100 |                               01
                  WRRESP |                             1000 |                               10
---------------------------------------------------------------------------------------------------
INFO: [Synth 8-3354] encoded FSM with state register 'wstate_reg' using encoding 'one-hot' in module 'causal_mask_u55c_kernel_control_s_axi'
---------------------------------------------------------------------------------------------------
                   State |                     New Encoding |                Previous Encoding 
---------------------------------------------------------------------------------------------------
                  iSTATE |                              001 |                               10
*
                  RDIDLE |                              010 |                               00
                  RDDATA |                              100 |                               01
---------------------------------------------------------------------------------------------------
INFO: [Synth 8-3354] encoded FSM with state register 'rstate_reg' using encoding 'one-hot' in module 'causal_mask_u55c_kernel_control_s_axi'
---------------------------------------------------------------------------------------------------
                   State |                     New Encoding |                Previous Encoding 
---------------------------------------------------------------------------------------------------
                    ZERO |                               00 |                               10
                     ONE |                               10 |                               11
                     TWO |                               01 |                               01
---------------------------------------------------------------------------------------------------
INFO: [Synth 8-3354] encoded FSM with state register 'state_reg' using encoding 'sequential' in module 'causal_mask_u55c_kernel_gmem0_m_axi_reg_slice'
---------------------------------------------------------------------------------------------------
                   State |                     New Encoding |                Previous Encoding 
---------------------------------------------------------------------------------------------------
                    ZERO |                               00 |                               10
                     ONE |                               10 |                               11
                     TWO |                               01 |                               01
---------------------------------------------------------------------------------------------------
INFO: [Synth 8-3354] encoded FSM with state register 'state_reg' using encoding 'sequential' in module 'causal_mask_u55c_kernel_gmem0_m_axi_reg_slice__parameterized0'
---------------------------------------------------------------------------------------------------
                   State |                     New Encoding |                Previous Encoding 
---------------------------------------------------------------------------------------------------
                    ZERO |                               00 |                               10
                     ONE |                               10 |                               11
                     TWO |                               01 |                               01
---------------------------------------------------------------------------------------------------
INFO: [Synth 8-3354] encoded FSM with state register 'state_reg' using encoding 'sequential' in module 'causal_mask_u55c_kernel_gmem0_m_axi_reg_slice__parameterized1'
---------------------------------------------------------------------------------------------------
                   State |                     New Encoding |                Previous Encoding 
---------------------------------------------------------------------------------------------------
                    ZERO |                               00 |                               10
                     ONE |                               10 |                               11
                     TWO |                               01 |                               01
---------------------------------------------------------------------------------------------------
INFO: [Synth 8-3354] encoded FSM with state register 'state_reg' using encoding 'sequential' in module 'causal_mask_u55c_kernel_gmem0_m_axi_reg_slice__parameterized2'
---------------------------------------------------------------------------------------------------
                   State |                     New Encoding |                Previous Encoding 
---------------------------------------------------------------------------------------------------
                    ZERO |                               00 |                               10
                     ONE |                               10 |                               11
                     TWO |                               01 |                               01
---------------------------------------------------------------------------------------------------
INFO: [Synth 8-3354] encoded FSM with state register 'state_reg' using encoding 'sequential' in module 'causal_mask_u55c_kernel_gmem1_m_axi_reg_slice'
---------------------------------------------------------------------------------------------------
                   State |                     New Encoding |                Previous Encoding 
---------------------------------------------------------------------------------------------------
                    ZERO |                               00 |                               10
                     ONE |                               10 |                               11
                     TWO |                               01 |                               01
---------------------------------------------------------------------------------------------------
INFO: [Synth 8-3354] encoded FSM with state register 'state_reg' using encoding 'sequential' in module 'causal_mask_u55c_kernel_gmem1_m_axi_reg_slice__parameterized0'
---------------------------------------------------------------------------------------------------
                   State |                     New Encoding |                Previous Encoding 
---------------------------------------------------------------------------------------------------
                    ZERO |                               00 |                               10
                     ONE |                               10 |                               11
                     TWO |                               01 |                               01
---------------------------------------------------------------------------------------------------
INFO: [Synth 8-3354] encoded FSM with state register 'state_reg' using encoding 'sequential' in module 'causal_mask_u55c_kernel_gmem1_m_axi_reg_slice__parameterized1'
---------------------------------------------------------------------------------------------------
                   State |                     New Encoding |                Previous Encoding 
---------------------------------------------------------------------------------------------------
                    ZERO |                               00 |                               10
                     ONE |                               10 |                               11
                     TWO |                               01 |                               01
---------------------------------------------------------------------------------------------------
INFO: [Synth 8-3354] encoded FSM with state register 'state_reg' using encoding 'sequential' in module 'causal_mask_u55c_kernel_gmem1_m_axi_reg_slice__parameterized2'
---------------------------------------------------------------------------------
Finished RTL Optimization Phase 2 : Time (s): cpu = 00:00:17 ; elapsed = 00:00:18 . Memory (MB): peak = 3451.852 ; gain = 720.551 ; free physical = 8318 ; free virtual = 13278
Synthesis current peak Physical Memory [PSS] (MB): peak = 2558.948; parent = 2418.646; children = 146.397
Synthesis current peak Virtual Memory [VSS] (MB): peak = 4428.586; parent = 3451.855; children = 976.730
---------------------------------------------------------------------------------
---------------------------------------------------------------------------------
Start RTL Component Statistics 
---------------------------------------------------------------------------------
Detailed RTL Component Info : 
+---Adders : 
	   2 Input   64 Bit       Adders := 8     
	   2 Input   52 Bit       Adders := 4     
	   2 Input   32 Bit       Adders := 4     
	   3 Input   18 Bit       Adders := 1     
	   2 Input   17 Bit       Adders := 2     
	   2 Input   12 Bit       Adders := 4     
	   2 Input   10 Bit       Adders := 3     
	   2 Input    9 Bit       Adders := 11    
	   2 Input    8 Bit       Adders := 18    
	   2 Input    7 Bit       Adders := 9     
	   2 Input    5 Bit       Adders := 34    
	   2 Input    4 Bit       Adders := 22    
	   2 Input    2 Bit       Adders := 4     
+---XORs : 
	   2 Input      1 Bit         XORs := 3     
+---Registers : 
	              577 Bit    Registers := 2     
	              576 Bit    Registers := 2     
	              514 Bit    Registers := 2     
	              513 Bit    Registers := 4     
	              512 Bit    Registers := 4     
	              480 Bit    Registers := 2     
	              145 Bit    Registers := 1     
	               96 Bit    Registers := 12    
	               72 Bit    Registers := 6     
	               64 Bit    Registers := 22    
	               58 Bit    Registers := 2     
	               52 Bit    Registers := 4     
	               32 Bit    Registers := 16    
	               16 Bit    Registers := 6     
	               10 Bit    Registers := 3     
	                9 Bit    Registers := 6     
	                8 Bit    Registers := 18    
	                7 Bit    Registers := 12    
	                6 Bit    Registers := 8     
	                5 Bit    Registers := 18    
	                4 Bit    Registers := 22    
	                3 Bit    Registers := 1     
	                2 Bit    Registers := 15    
	                1 Bit    Registers := 190   
+---RAMs : 
	             127K Bit	(255 X 514 bit)          RAMs := 2     
	              16K Bit	(512 X 32 bit)          RAMs := 2     
	               8K Bit	(15 X 576 bit)          RAMs := 2     
+---Muxes : 
	   2 Input  513 Bit        Muxes := 2     
	   2 Input  512 Bit        Muxes := 5     
	   2 Input  480 Bit        Muxes := 1     
	   2 Input  145 Bit        Muxes := 1     
	 146 Input  145 Bit        Muxes := 1     
	   2 Input   96 Bit        Muxes := 4     
	   2 Input   78 Bit        Muxes := 1     
	   2 Input   76 Bit        Muxes := 1     
	   2 Input   74 Bit        Muxes := 1     
	   2 Input   72 Bit        Muxes := 2     
	   2 Input   64 Bit        Muxes := 22    
	   2 Input   52 Bit        Muxes := 4     
	   2 Input   32 Bit        Muxes := 3     
	   4 Input   12 Bit        Muxes := 4     
	   2 Input    9 Bit        Muxes := 6     
	   2 Input    8 Bit        Muxes := 24    
	   4 Input    8 Bit        Muxes := 4     
	   2 Input    6 Bit        Muxes := 16    
	   2 Input    5 Bit        Muxes := 34    
	   2 Input    4 Bit        Muxes := 18    
	   4 Input    4 Bit        Muxes := 1     
	   3 Input    3 Bit        Muxes := 1     
	   2 Input    3 Bit        Muxes := 3     
	   2 Input    2 Bit        Muxes := 123   
	   3 Input    2 Bit        Muxes := 30    
	   4 Input    2 Bit        Muxes := 10    
	   2 Input    1 Bit        Muxes := 204   
---------------------------------------------------------------------------------
Finished RTL Component Statistics 
---------------------------------------------------------------------------------
---------------------------------------------------------------------------------
Start Part Resource Summary
---------------------------------------------------------------------------------
Part Resources:
DSPs: 9024 (col length:94)
BRAMs: 4032 (col length: RAMB18 288 RAMB36 144)
---------------------------------------------------------------------------------
Finished Part Resource Summary
---------------------------------------------------------------------------------
---------------------------------------------------------------------------------
Start Cross Boundary and Area Optimization
---------------------------------------------------------------------------------
WARNING: [Synth 8-7080] Parallel synthesis criteria is not met
RAM ("inst/score_in_local_V_U/ram_reg") is too shallow (depth = 512) to use URAM. Choosing BRAM instead of URAM 
RAM ("inst/score_out_local_U/ram_reg") is too shallow (depth = 512) to use URAM. Choosing BRAM instead of URAM 
INFO: [Synth 8-5784] Optimized 576 bits of RAM "buff_wdata/U_fifo_mem/mem_reg" due to constant propagation. Old ram width 576 bits, new ram width 0 bits.
WARNING: [Synth 8-5785] Removed RAM "buff_wdata/U_fifo_mem/mem_reg" due to constant propagation. Write data stuck at zero 
WARNING: [Synth 8-3332] Sequential element (control_s_axi_U/FSM_onehot_wstate_reg[0]) is unused and will be removed from module causal_mask_u55c_kernel.
WARNING: [Synth 8-3332] Sequential element (control_s_axi_U/FSM_onehot_rstate_reg[0]) is unused and will be removed from module causal_mask_u55c_kernel.
WARNING: [Synth 8-3332] Sequential element (rs_wreq/FSM_sequential_state_reg[1]) is unused and will be removed from module causal_mask_u55c_kernel_gmem0_m_axi_write.
WARNING: [Synth 8-3332] Sequential element (rs_wreq/FSM_sequential_state_reg[0]) is unused and will be removed from module causal_mask_u55c_kernel_gmem0_m_axi_write.
WARNING: [Synth 8-3332] Sequential element (wreq_throttle/rs_req/FSM_sequential_state_reg[1]) is unused and will be removed from module causal_mask_u55c_kernel_gmem0_m_axi_write.
WARNING: [Synth 8-3332] Sequential element (wreq_throttle/rs_req/FSM_sequential_state_reg[0]) is unused and will be removed from module causal_mask_u55c_kernel_gmem0_m_axi_write.
WARNING: [Synth 8-3332] Sequential element (rs_rreq/FSM_sequential_state_reg[1]) is unused and will be removed from module causal_mask_u55c_kernel_gmem1_m_axi_read.
WARNING: [Synth 8-3332] Sequential element (rs_rreq/FSM_sequential_state_reg[0]) is unused and will be removed from module causal_mask_u55c_kernel_gmem1_m_axi_read.
---------------------------------------------------------------------------------
Finished Cross Boundary and Area Optimization : Time (s): cpu = 00:00:28 ; elapsed = 00:00:29 . Memory (MB): peak = 3451.852 ; gain = 720.551 ; free physical = 5623 ; free virtual = 10649
Synthesis current peak Physical Memory [PSS] (MB): peak = 2558.948; parent = 2418.646; children = 146.397
Synthesis current peak Virtual Memory [VSS] (MB): peak = 4428.586; parent = 3451.855; children = 976.730
---------------------------------------------------------------------------------
---------------------------------------------------------------------------------
Start ROM, RAM, DSP, Shift Register and Retiming Reporting
---------------------------------------------------------------------------------

Block RAM: Preliminary Mapping Report (see note below)
+------------------------------+-------------------------------+------------------------+---+---+------------------------+---+---+------------------+--------+--------+-----------------+
|Module Name                   | RTL Object                    | PORT A (Depth x Width) | W | R | PORT B (Depth x Width) | W | R | Ports driving FF | RAMB18 | RAMB36 | Cascade Heights | 
+------------------------------+-------------------------------+------------------------+---+---+------------------------+---+---+------------------+--------+--------+-----------------+
|inst                          | score_in_local_V_U/ram_reg    | 512 x 32(READ_FIRST)   | W | R |                        |   |   | Port A           | 1      | 0      |                 | 
|inst                          | score_out_local_U/ram_reg     | 512 x 32(READ_FIRST)   | W | R |                        |   |   | Port A           | 1      | 0      |                 | 
|inst/gmem0_m_axi_U/load_unit  | buff_rdata/U_fifo_mem/mem_reg | 255 x 514(READ_FIRST)  | W |   | 255 x 514(WRITE_FIRST) |   | R | Port A and B     | 1      | 7      |                 | 
|inst/gmem1_m_axi_U/store_unit | buff_wdata/U_fifo_mem/mem_reg | 15 x 576(READ_FIRST)   | W |   | 15 x 576(WRITE_FIRST)  |   | R | Port A and B     | 0      | 8      |                 | 
+------------------------------+-------------------------------+------------------------+---+---+------------------------+---+---+------------------+--------+--------+-----------------+

Note: The table above is a preliminary report that shows the Block RAMs at the current stage of the synthesis flow. Some Block RAMs may be reimplemented as non Block RAM primitives later in the synthesis flow. Multiple instantiated Block RAMs are reported only once. 
---------------------------------------------------------------------------------
Finished ROM, RAM, DSP, Shift Register and Retiming Reporting
---------------------------------------------------------------------------------
---------------------------------------------------------------------------------
Start Applying XDC Timing Constraints
---------------------------------------------------------------------------------
---------------------------------------------------------------------------------
Finished Applying XDC Timing Constraints : Time (s): cpu = 00:00:35 ; elapsed = 00:00:38 . Memory (MB): peak = 3615.734 ; gain = 884.434 ; free physical = 5724 ; free virtual = 10780
Synthesis current peak Physical Memory [PSS] (MB): peak = 2808.077; parent = 2674.396; children = 146.397
Synthesis current peak Virtual Memory [VSS] (MB): peak = 4592.469; parent = 3615.738; children = 976.730
---------------------------------------------------------------------------------
---------------------------------------------------------------------------------
Start Timing Optimization
---------------------------------------------------------------------------------
---------------------------------------------------------------------------------
Finished Timing Optimization : Time (s): cpu = 00:00:39 ; elapsed = 00:00:41 . Memory (MB): peak = 3733.367 ; gain = 1002.066 ; free physical = 5195 ; free virtual = 10257
Synthesis current peak Physical Memory [PSS] (MB): peak = 2880.705; parent = 2747.703; children = 146.397
Synthesis current peak Virtual Memory [VSS] (MB): peak = 4710.102; parent = 3733.371; children = 976.730
---------------------------------------------------------------------------------
---------------------------------------------------------------------------------
Start ROM, RAM, DSP, Shift Register and Retiming Reporting
---------------------------------------------------------------------------------

Block RAM: Final Mapping Report
+------------------------------+-------------------------------+------------------------+---+---+------------------------+---+---+------------------+--------+--------+-----------------+
|Module Name                   | RTL Object                    | PORT A (Depth x Width) | W | R | PORT B (Depth x Width) | W | R | Ports driving FF | RAMB18 | RAMB36 | Cascade Heights | 
+------------------------------+-------------------------------+------------------------+---+---+------------------------+---+---+------------------+--------+--------+-----------------+
|inst                          | score_in_local_V_U/ram_reg    | 512 x 32(READ_FIRST)   | W | R |                        |   |   | Port A           | 1      | 0      |                 | 
|inst                          | score_out_local_U/ram_reg     | 512 x 32(READ_FIRST)   | W | R |                        |   |   | Port A           | 1      | 0      |                 | 
|inst/gmem0_m_axi_U/load_unit  | buff_rdata/U_fifo_mem/mem_reg | 255 x 514(READ_FIRST)  | W |   | 255 x 514(WRITE_FIRST) |   | R | Port A and B     | 1      | 7      |                 | 
|inst/gmem1_m_axi_U/store_unit | buff_wdata/U_fifo_mem/mem_reg | 15 x 576(READ_FIRST)   | W |   | 15 x 576(WRITE_FIRST)  |   | R | Port A and B     | 0      | 8      |                 | 
+------------------------------+-------------------------------+------------------------+---+---+------------------------+---+---+------------------+--------+--------+-----------------+

---------------------------------------------------------------------------------
Finished ROM, RAM, DSP, Shift Register and Retiming Reporting
---------------------------------------------------------------------------------
---------------------------------------------------------------------------------
Start Technology Mapping
---------------------------------------------------------------------------------
INFO: [Synth 8-7052] The timing for the instance inst/score_out_local_U/ram_reg (implemented as a Block RAM) might be sub-optimal as no optional output register could be merged into the ram block. Providing additional output register may help in improving timing.
INFO: [Synth 8-7052] The timing for the instance inst/score_out_local_U/ram_reg (implemented as a Block RAM) might be sub-optimal as no optional output register could be merged into the ram block. Providing additional output register may help in improving timing.
INFO: [Synth 8-7052] The timing for the instance inst/gmem0_m_axi_U/load_unit/buff_rdata/U_fifo_mem/mem_reg_7 (implemented as a Block RAM) might be sub-optimal as no optional output register could be merged into the ram block. Providing additional output register may help in improving timing.
---------------------------------------------------------------------------------
Finished Technology Mapping : Time (s): cpu = 00:00:40 ; elapsed = 00:00:43 . Memory (MB): peak = 3733.367 ; gain = 1002.066 ; free physical = 4718 ; free virtual = 9780
Synthesis current peak Physical Memory [PSS] (MB): peak = 2880.705; parent = 2747.703; children = 146.397
Synthesis current peak Virtual Memory [VSS] (MB): peak = 4710.102; parent = 3733.371; children = 976.730
---------------------------------------------------------------------------------
---------------------------------------------------------------------------------
Start IO Insertion
---------------------------------------------------------------------------------
---------------------------------------------------------------------------------
Start Flattening Before IO Insertion
---------------------------------------------------------------------------------
---------------------------------------------------------------------------------
Finished Flattening Before IO Insertion
---------------------------------------------------------------------------------
---------------------------------------------------------------------------------
Start Final Netlist Cleanup
---------------------------------------------------------------------------------
---------------------------------------------------------------------------------
Finished Final Netlist Cleanup
---------------------------------------------------------------------------------
---------------------------------------------------------------------------------
Finished IO Insertion : Time (s): cpu = 00:00:43 ; elapsed = 00:00:46 . Memory (MB): peak = 3733.367 ; gain = 1002.066 ; free physical = 3972 ; free virtual = 9036
Synthesis current peak Physical Memory [PSS] (MB): peak = 2880.705; parent = 2747.703; children = 146.397
Synthesis current peak Virtual Memory [VSS] (MB): peak = 4710.102; parent = 3733.371; children = 976.730
---------------------------------------------------------------------------------
---------------------------------------------------------------------------------
Start Renaming Generated Instances
---------------------------------------------------------------------------------
---------------------------------------------------------------------------------
Finished Renaming Generated Instances : Time (s): cpu = 00:00:43 ; elapsed = 00:00:46 . Memory (MB): peak = 3733.367 ; gain = 1002.066 ; free physical = 3954 ; free virtual = 9018
Synthesis current peak Physical Memory [PSS] (MB): peak = 2880.705; parent = 2747.703; children = 146.397
Synthesis current peak Virtual Memory [VSS] (MB): peak = 4710.102; parent = 3733.371; children = 976.730
---------------------------------------------------------------------------------
---------------------------------------------------------------------------------
Start Rebuilding User Hierarchy
---------------------------------------------------------------------------------
---------------------------------------------------------------------------------
Finished Rebuilding User Hierarchy : Time (s): cpu = 00:00:43 ; elapsed = 00:00:46 . Memory (MB): peak = 3733.367 ; gain = 1002.066 ; free physical = 3824 ; free virtual = 8887
Synthesis current peak Physical Memory [PSS] (MB): peak = 2880.705; parent = 2747.703; children = 146.397
Synthesis current peak Virtual Memory [VSS] (MB): peak = 4710.102; parent = 3733.371; children = 976.730
---------------------------------------------------------------------------------
---------------------------------------------------------------------------------
Start Renaming Generated Ports
---------------------------------------------------------------------------------
---------------------------------------------------------------------------------
Finished Renaming Generated Ports : Time (s): cpu = 00:00:43 ; elapsed = 00:00:46 . Memory (MB): peak = 3733.367 ; gain = 1002.066 ; free physical = 3806 ; free virtual = 8870
Synthesis current peak Physical Memory [PSS] (MB): peak = 2880.705; parent = 2747.703; children = 146.397
Synthesis current peak Virtual Memory [VSS] (MB): peak = 4710.102; parent = 3733.371; children = 976.730
---------------------------------------------------------------------------------
---------------------------------------------------------------------------------
Start Handling Custom Attributes
---------------------------------------------------------------------------------
---------------------------------------------------------------------------------
Finished Handling Custom Attributes : Time (s): cpu = 00:00:44 ; elapsed = 00:00:47 . Memory (MB): peak = 3733.367 ; gain = 1002.066 ; free physical = 3643 ; free virtual = 8707
Synthesis current peak Physical Memory [PSS] (MB): peak = 2880.705; parent = 2747.703; children = 146.397
Synthesis current peak Virtual Memory [VSS] (MB): peak = 4710.102; parent = 3733.371; children = 976.730
---------------------------------------------------------------------------------
---------------------------------------------------------------------------------
Start Renaming Generated Nets
---------------------------------------------------------------------------------
---------------------------------------------------------------------------------
Finished Renaming Generated Nets : Time (s): cpu = 00:00:44 ; elapsed = 00:00:47 . Memory (MB): peak = 3733.367 ; gain = 1002.066 ; free physical = 3619 ; free virtual = 8683
Synthesis current peak Physical Memory [PSS] (MB): peak = 2880.705; parent = 2747.703; children = 146.397
Synthesis current peak Virtual Memory [VSS] (MB): peak = 4710.102; parent = 3733.371; children = 976.730
---------------------------------------------------------------------------------
---------------------------------------------------------------------------------
Start ROM, RAM, DSP, Shift Register and Retiming Reporting
---------------------------------------------------------------------------------

Dynamic Shift Register Report:
+------------+-------------+--------+------------+--------+---------+--------+--------+--------+
|Module Name | RTL Name    | Length | Data Width | SRL16E | SRLC32E | Mux F7 | Mux F8 | Mux F9 | 
+------------+-------------+--------+------------+--------+---------+--------+--------+--------+
|dsrl        | mem_reg[67] | 96     | 96         | 0      | 288     | 192    | 96     | 0      | 
|dsrl__1     | mem_reg[14] | 1      | 1          | 1      | 0       | 0      | 0      | 0      | 
|dsrl__2     | mem_reg[67] | 1      | 1          | 0      | 3       | 2      | 1      | 0      | 
|dsrl__3     | mem_reg[14] | 8      | 8          | 8      | 0       | 0      | 0      | 0      | 
|dsrl__4     | mem_reg[14] | 72     | 72         | 72     | 0       | 0      | 0      | 0      | 
|dsrl__5     | mem_reg[14] | 577    | 577        | 577    | 0       | 0      | 0      | 0      | 
|dsrl__6     | mem_reg[67] | 96     | 96         | 0      | 288     | 192    | 96     | 0      | 
|dsrl__7     | mem_reg[14] | 1      | 1          | 1      | 0       | 0      | 0      | 0      | 
|dsrl__8     | mem_reg[67] | 1      | 1          | 0      | 3       | 2      | 1      | 0      | 
|dsrl__9     | mem_reg[14] | 8      | 8          | 8      | 0       | 0      | 0      | 0      | 
|dsrl__10    | mem_reg[14] | 72     | 72         | 72     | 0       | 0      | 0      | 0      | 
|dsrl__11    | mem_reg[14] | 577    | 577        | 577    | 0       | 0      | 0      | 0      | 
+------------+-------------+--------+------------+--------+---------+--------+--------+--------+

---------------------------------------------------------------------------------
Finished ROM, RAM, DSP, Shift Register and Retiming Reporting
---------------------------------------------------------------------------------
---------------------------------------------------------------------------------
Start Writing Synthesis Report
---------------------------------------------------------------------------------

Report BlackBoxes: 
+-+--------------+----------+
| |BlackBox name |Instances |
+-+--------------+----------+
+-+--------------+----------+

Report Cell Usage: 
+------+---------+------+
|      |Cell     |Count |
+------+---------+------+
|1     |CARRY8   |    72|
|2     |LUT1     |    32|
|3     |LUT2     |   661|
|4     |LUT3     |   632|
|5     |LUT4     |  1554|
|6     |LUT5     |   219|
|7     |LUT6     |   435|
|8     |MUXF7    |   118|
|9     |RAMB18E2 |     3|
|12    |RAMB36E2 |    15|
|14    |SRL16E   |   646|
|15    |SRLC32E  |   354|
|16    |FDRE     |  5442|
|17    |FDSE     |     7|
+------+---------+------+
---------------------------------------------------------------------------------
Finished Writing Synthesis Report : Time (s): cpu = 00:00:44 ; elapsed = 00:00:47 . Memory (MB): peak = 3733.367 ; gain = 1002.066 ; free physical = 3631 ; free virtual = 8695
Synthesis current peak Physical Memory [PSS] (MB): peak = 2880.705; parent = 2747.703; children = 146.397
Synthesis current peak Virtual Memory [VSS] (MB): peak = 4710.102; parent = 3733.371; children = 976.730
---------------------------------------------------------------------------------
Synthesis finished with 0 errors, 0 critical warnings and 698 warnings.
Synthesis Optimization Runtime : Time (s): cpu = 00:00:36 ; elapsed = 00:00:39 . Memory (MB): peak = 3733.367 ; gain = 792.938 ; free physical = 3643 ; free virtual = 8707
Synthesis Optimization Complete : Time (s): cpu = 00:00:44 ; elapsed = 00:00:47 . Memory (MB): peak = 3733.375 ; gain = 1002.066 ; free physical = 3534 ; free virtual = 8598
INFO: [Project 1-571] Translating synthesized netlist
Netlist sorting complete. Time (s): cpu = 00:00:00.08 ; elapsed = 00:00:00.08 . Memory (MB): peak = 3733.375 ; gain = 0.000 ; free physical = 3587 ; free virtual = 8650
INFO: [Netlist 29-17] Analyzing 190 Unisim elements for replacement
INFO: [Netlist 29-28] Unisim Transformation completed in 0 CPU seconds
INFO: [Project 1-570] Preparing netlist for logic optimization
INFO: [Opt 31-138] Pushed 0 inverter(s) to 0 load pin(s).
INFO: [Opt 31-422] The CLOCK_DOMAINS attribute on the BRAM cell inst/score_in_local_V_U/ram_reg has been changed from INDEPENDENT to COMMON to match the clocking topology used for the BRAM.
INFO: [Opt 31-422] The CLOCK_DOMAINS attribute on the BRAM cell inst/score_out_local_U/ram_reg has been changed from INDEPENDENT to COMMON to match the clocking topology used for the BRAM.
Netlist sorting complete. Time (s): cpu = 00:00:00 ; elapsed = 00:00:00 . Memory (MB): peak = 3766.086 ; gain = 0.000 ; free physical = 2419 ; free virtual = 7483
INFO: [Project 1-111] Unisim Transformation Summary:
No Unisim elements were transformed.

Synth Design complete, checksum: 62ae9be7
INFO: [Common 17-83] Releasing license: Synthesis
177 Infos, 123 Warnings, 0 Critical Warnings and 0 Errors encountered.
synth_design completed successfully
synth_design: Time (s): cpu = 00:00:53 ; elapsed = 00:00:55 . Memory (MB): peak = 3766.086 ; gain = 2348.566 ; free physical = 2378 ; free virtual = 7442
INFO: [Common 17-600] The following parameters have non-default value.
general.maxThreads
INFO: [Common 17-1381] The checkpoint '/home/advent/Desktop/RC19/_x/link/vivado/vpl/prj/prj.runs/ulp_causal_mask_u55c_kernel_1_0_synth_1/ulp_causal_mask_u55c_kernel_1_0.dcp' has been generated.
INFO: [Coretcl 2-1648] Added synthesis output to IP cache for IP ulp_causal_mask_u55c_kernel_1_0, cache-ID = 2341a5ff2f58e209
INFO: [Coretcl 2-1174] Renamed 50 cell refs.
INFO: [Common 17-1381] The checkpoint '/home/advent/Desktop/RC19/_x/link/vivado/vpl/prj/prj.runs/ulp_causal_mask_u55c_kernel_1_0_synth_1/ulp_causal_mask_u55c_kernel_1_0.dcp' has been generated.
INFO: [runtcl-4] Executing : report_utilization -file ulp_causal_mask_u55c_kernel_1_0_utilization_synth.rpt -pb ulp_causal_mask_u55c_kernel_1_0_utilization_synth.pb
INFO: [Common 17-206] Exiting Vivado at Mon Apr 27 18:56:56 2026...
