
*** Running vivado
    with args -log ulp_score_scale_u55c_kernel_1_0.vds -m64 -product Vivado -mode batch -messageDb vivado.pb -notrace -source ulp_score_scale_u55c_kernel_1_0.tcl


****** Vivado v2022.2 (64-bit)
  **** SW Build 3671981 on Fri Oct 14 04:59:54 MDT 2022
  **** IP Build 3669848 on Fri Oct 14 08:30:02 MDT 2022
    ** Copyright 1986-2022 Xilinx, Inc. All Rights Reserved.

source ulp_score_scale_u55c_kernel_1_0.tcl -notrace
INFO: Dispatch client connection id - 37729
INFO: [IP_Flow 19-234] Refreshing IP repositories
INFO: [IP_Flow 19-1700] Loaded user IP repository '/home/advent/Desktop/RC19/_x/link/int/xo/ip_repo/xilinx_com_hls_softmax_u55c_kernel_1_0'.
INFO: [IP_Flow 19-1700] Loaded user IP repository '/home/advent/Desktop/RC19/_x/link/int/xo/ip_repo/xilinx_com_hls_attention_score_u55c_kernel_1_0'.
INFO: [IP_Flow 19-1700] Loaded user IP repository '/home/advent/Desktop/RC19/_x/link/int/xo/ip_repo/xilinx_com_hls_causal_mask_u55c_kernel_1_0'.
INFO: [IP_Flow 19-1700] Loaded user IP repository '/home/advent/Desktop/RC19/_x/link/int/xo/ip_repo/xilinx_com_hls_score_scale_u55c_kernel_1_0'.
INFO: [IP_Flow 19-1700] Loaded user IP repository '/home/advent/Desktop/RC19/_x/link/vivado/vpl/.local/hw_platform/iprepo'.
INFO: [IP_Flow 19-1700] Loaded user IP repository '/home/advent/Desktop/RC19/_x/link/vivado/vpl/.local/hw_platform/ipcache'.
INFO: [IP_Flow 19-1700] Loaded user IP repository '/home/advent/Vivado/Vitis/2022.2/data/ip'.
INFO: [IP_Flow 19-2313] Loaded Vivado IP repository '/home/advent/Vivado/Vivado/2022.2/data/ip'.
WARNING: [IP_Flow 19-1663] Duplicate IP found for 'xilinx.com:ip:clk_metadata_adapter:1.0'. The one found in IP location '/home/advent/Desktop/RC19/_x/link/vivado/vpl/.local/hw_platform/iprepo/ipdefs/pxi_ii_infra/clk_metadata_adapter_v1_0' will take precedence over the same IP in location /home/advent/Desktop/RC19/_x/link/vivado/vpl/.local/hw_platform/iprepo/ipdefs/other_ipdefs/clk_metadata_adapter_v1_0
WARNING: [IP_Flow 19-1663] Duplicate IP found for 'xilinx.com:ip:pipeline_reg:1.0'. The one found in IP location '/home/advent/Desktop/RC19/_x/link/vivado/vpl/.local/hw_platform/iprepo/ipdefs/pxi_ii_infra/pipeline_reg_v1_0' will take precedence over the same IP in location /home/advent/Desktop/RC19/_x/link/vivado/vpl/.local/hw_platform/iprepo/ipdefs/other_ipdefs/pipeline_reg_v1_0
WARNING: [IP_Flow 19-1663] Duplicate IP found for 'xilinx.com:ip:axi_clk_metadata_adapter:1.0'. The one found in IP location '/home/advent/Desktop/RC19/_x/link/vivado/vpl/.local/hw_platform/iprepo/ipdefs/other_ipdefs/axi_clk_metadata_adapter_v1_0' will take precedence over the same IP in location /home/advent/Desktop/RC19/_x/link/vivado/vpl/.local/hw_platform/iprepo/ipdefs/pxi_ii_infra/axi_clk_metadata_adapter_v1_0
WARNING: [IP_Flow 19-1663] Duplicate IP found for 'xilinx.com:ip:shell_utils_build_info:1.0'. The one found in IP location '/home/advent/Desktop/RC19/_x/link/vivado/vpl/.local/hw_platform/iprepo/ipdefs/other_ipdefs/shell_utils_build_info_v1_0' will take precedence over the same IP in the Xilinx installed IP.
WARNING: [IP_Flow 19-1663] Duplicate IP found for 'xilinx.com:ip:axis_clk_metadata_adapter:1.0'. The one found in IP location '/home/advent/Desktop/RC19/_x/link/vivado/vpl/.local/hw_platform/iprepo/ipdefs/other_ipdefs/axis_clk_metadata_adapter_v1_0' will take precedence over the same IP in location /home/advent/Desktop/RC19/_x/link/vivado/vpl/.local/hw_platform/iprepo/ipdefs/pxi_ii_infra/axis_clk_metadata_adapter_v1_0
INFO: [IP_Flow 19-6924] IPCACHE: Running cache check for IP inst: ulp_score_scale_u55c_kernel_1_0
Command: synth_design -top ulp_score_scale_u55c_kernel_1_0 -part xcu55c-fsvh2892-2L-e -directive sdx_optimization_effort_high -incremental_mode off -mode out_of_context
Starting synth_design
Attempting to get a license for feature 'Synthesis' and/or device 'xcu55c'
INFO: [Common 17-349] Got license for feature 'Synthesis' and/or device 'xcu55c'
INFO: [Device 21-403] Loading part xcu55c-fsvh2892-2L-e
INFO: [Synth 8-7079] Multithreading enabled for synth_design using a maximum of 1 processes.
INFO: [Synth 8-7078] Launching helper process for spawning children vivado processes
INFO: [Synth 8-7075] Helper process launched with PID 75394
INFO: [Synth 8-11241] undeclared symbol 'REGCCE', assumed default net type 'wire' [/home/advent/Vivado/Vivado/2022.2/data/verilog/src/unimacro/BRAM_SINGLE_MACRO.v:2170]
---------------------------------------------------------------------------------
Starting RTL Elaboration : Time (s): cpu = 00:00:04 ; elapsed = 00:00:04 . Memory (MB): peak = 3089.004 ; gain = 357.734 ; free physical = 10569 ; free virtual = 15513
Synthesis current peak Physical Memory [PSS] (MB): peak = 2317.653; parent = 2175.616; children = 142.037
Synthesis current peak Virtual Memory [VSS] (MB): peak = 4069.020; parent = 3095.945; children = 973.074
---------------------------------------------------------------------------------
INFO: [Synth 8-6157] synthesizing module 'ulp_score_scale_u55c_kernel_1_0' [/home/advent/Desktop/RC19/_x/link/vivado/vpl/prj/prj.gen/my_rm/bd/ulp/ip/ulp_score_scale_u55c_kernel_1_0/synth/ulp_score_scale_u55c_kernel_1_0.v:53]
INFO: [Synth 8-6157] synthesizing module 'score_scale_u55c_kernel' [/home/advent/Desktop/RC19/_x/link/vivado/vpl/prj/prj.gen/my_rm/bd/ulp/ipshared/1362/hdl/verilog/score_scale_u55c_kernel.v:10]
INFO: [Synth 8-6157] synthesizing module 'score_scale_u55c_kernel_score_in_local_V_RAM_AUTO_1R1W' [/home/advent/Desktop/RC19/_x/link/vivado/vpl/prj/prj.gen/my_rm/bd/ulp/ipshared/1362/hdl/verilog/score_scale_u55c_kernel_score_in_local_V_RAM_AUTO_1R1W.v:7]
INFO: [Synth 8-6155] done synthesizing module 'score_scale_u55c_kernel_score_in_local_V_RAM_AUTO_1R1W' (0#1) [/home/advent/Desktop/RC19/_x/link/vivado/vpl/prj/prj.gen/my_rm/bd/ulp/ipshared/1362/hdl/verilog/score_scale_u55c_kernel_score_in_local_V_RAM_AUTO_1R1W.v:7]
INFO: [Synth 8-6157] synthesizing module 'score_scale_u55c_kernel_score_scale_u55c_kernel_Pipeline_VITIS_LOOP_36_1_VITIS_LOOP_37_2' [/home/advent/Desktop/RC19/_x/link/vivado/vpl/prj/prj.gen/my_rm/bd/ulp/ipshared/1362/hdl/verilog/score_scale_u55c_kernel_score_scale_u55c_kernel_Pipeline_VITIS_LOOP_36_1_VITIS_LOOP_37_2.v:10]
INFO: [Synth 8-6157] synthesizing module 'score_scale_u55c_kernel_flow_control_loop_pipe_sequential_init' [/home/advent/Desktop/RC19/_x/link/vivado/vpl/prj/prj.gen/my_rm/bd/ulp/ipshared/1362/hdl/verilog/score_scale_u55c_kernel_flow_control_loop_pipe_sequential_init.v:9]
INFO: [Synth 8-6155] done synthesizing module 'score_scale_u55c_kernel_flow_control_loop_pipe_sequential_init' (0#1) [/home/advent/Desktop/RC19/_x/link/vivado/vpl/prj/prj.gen/my_rm/bd/ulp/ipshared/1362/hdl/verilog/score_scale_u55c_kernel_flow_control_loop_pipe_sequential_init.v:9]
INFO: [Synth 8-6155] done synthesizing module 'score_scale_u55c_kernel_score_scale_u55c_kernel_Pipeline_VITIS_LOOP_36_1_VITIS_LOOP_37_2' (0#1) [/home/advent/Desktop/RC19/_x/link/vivado/vpl/prj/prj.gen/my_rm/bd/ulp/ipshared/1362/hdl/verilog/score_scale_u55c_kernel_score_scale_u55c_kernel_Pipeline_VITIS_LOOP_36_1_VITIS_LOOP_37_2.v:10]
INFO: [Synth 8-6157] synthesizing module 'score_scale_u55c_kernel_score_scale_core_hls' [/home/advent/Desktop/RC19/_x/link/vivado/vpl/prj/prj.gen/my_rm/bd/ulp/ipshared/1362/hdl/verilog/score_scale_u55c_kernel_score_scale_core_hls.v:10]
INFO: [Synth 8-6157] synthesizing module 'score_scale_u55c_kernel_fmul_32ns_32ns_32_4_max_dsp_1' [/home/advent/Desktop/RC19/_x/link/vivado/vpl/prj/prj.gen/my_rm/bd/ulp/ipshared/1362/hdl/verilog/score_scale_u55c_kernel_fmul_32ns_32ns_32_4_max_dsp_1.v:9]
INFO: [Synth 8-6157] synthesizing module 'score_scale_u55c_kernel_fmul_32ns_32ns_32_4_max_dsp_1_ip' [/home/advent/Desktop/RC19/_x/link/vivado/vpl/prj/prj.gen/my_rm/bd/ulp/ipshared/1362/hdl/ip/score_scale_u55c_kernel_fmul_32ns_32ns_32_4_max_dsp_1_ip.v:53]
INFO: [Synth 8-6157] synthesizing module 'LUT1' [/home/advent/Vivado/Vivado/2022.2/scripts/rt/data/unisim_comp.v:78971]
INFO: [Synth 8-6155] done synthesizing module 'LUT1' (0#1) [/home/advent/Vivado/Vivado/2022.2/scripts/rt/data/unisim_comp.v:78971]
INFO: [Synth 8-6155] done synthesizing module 'score_scale_u55c_kernel_fmul_32ns_32ns_32_4_max_dsp_1_ip' (0#1) [/home/advent/Desktop/RC19/_x/link/vivado/vpl/prj/prj.gen/my_rm/bd/ulp/ipshared/1362/hdl/ip/score_scale_u55c_kernel_fmul_32ns_32ns_32_4_max_dsp_1_ip.v:53]
INFO: [Synth 8-6155] done synthesizing module 'score_scale_u55c_kernel_fmul_32ns_32ns_32_4_max_dsp_1' (0#1) [/home/advent/Desktop/RC19/_x/link/vivado/vpl/prj/prj.gen/my_rm/bd/ulp/ipshared/1362/hdl/verilog/score_scale_u55c_kernel_fmul_32ns_32ns_32_4_max_dsp_1.v:9]
INFO: [Synth 8-6157] synthesizing module 'score_scale_u55c_kernel_sitofp_32ns_32_5_no_dsp_1' [/home/advent/Desktop/RC19/_x/link/vivado/vpl/prj/prj.gen/my_rm/bd/ulp/ipshared/1362/hdl/verilog/score_scale_u55c_kernel_sitofp_32ns_32_5_no_dsp_1.v:9]
INFO: [Synth 8-6157] synthesizing module 'score_scale_u55c_kernel_sitofp_32ns_32_5_no_dsp_1_ip' [/home/advent/Desktop/RC19/_x/link/vivado/vpl/prj/prj.gen/my_rm/bd/ulp/ipshared/1362/hdl/ip/score_scale_u55c_kernel_sitofp_32ns_32_5_no_dsp_1_ip.v:53]
INFO: [Synth 8-6155] done synthesizing module 'score_scale_u55c_kernel_sitofp_32ns_32_5_no_dsp_1_ip' (0#1) [/home/advent/Desktop/RC19/_x/link/vivado/vpl/prj/prj.gen/my_rm/bd/ulp/ipshared/1362/hdl/ip/score_scale_u55c_kernel_sitofp_32ns_32_5_no_dsp_1_ip.v:53]
INFO: [Synth 8-6155] done synthesizing module 'score_scale_u55c_kernel_sitofp_32ns_32_5_no_dsp_1' (0#1) [/home/advent/Desktop/RC19/_x/link/vivado/vpl/prj/prj.gen/my_rm/bd/ulp/ipshared/1362/hdl/verilog/score_scale_u55c_kernel_sitofp_32ns_32_5_no_dsp_1.v:9]
INFO: [Synth 8-6155] done synthesizing module 'score_scale_u55c_kernel_score_scale_core_hls' (0#1) [/home/advent/Desktop/RC19/_x/link/vivado/vpl/prj/prj.gen/my_rm/bd/ulp/ipshared/1362/hdl/verilog/score_scale_u55c_kernel_score_scale_core_hls.v:10]
INFO: [Synth 8-6157] synthesizing module 'score_scale_u55c_kernel_score_scale_u55c_kernel_Pipeline_VITIS_LOOP_45_3_VITIS_LOOP_46_4' [/home/advent/Desktop/RC19/_x/link/vivado/vpl/prj/prj.gen/my_rm/bd/ulp/ipshared/1362/hdl/verilog/score_scale_u55c_kernel_score_scale_u55c_kernel_Pipeline_VITIS_LOOP_45_3_VITIS_LOOP_46_4.v:10]
INFO: [Synth 8-6155] done synthesizing module 'score_scale_u55c_kernel_score_scale_u55c_kernel_Pipeline_VITIS_LOOP_45_3_VITIS_LOOP_46_4' (0#1) [/home/advent/Desktop/RC19/_x/link/vivado/vpl/prj/prj.gen/my_rm/bd/ulp/ipshared/1362/hdl/verilog/score_scale_u55c_kernel_score_scale_u55c_kernel_Pipeline_VITIS_LOOP_45_3_VITIS_LOOP_46_4.v:10]
INFO: [Synth 8-6157] synthesizing module 'score_scale_u55c_kernel_control_s_axi' [/home/advent/Desktop/RC19/_x/link/vivado/vpl/prj/prj.gen/my_rm/bd/ulp/ipshared/1362/hdl/verilog/score_scale_u55c_kernel_control_s_axi.v:7]
INFO: [Synth 8-155] case statement is not full and has no default [/home/advent/Desktop/RC19/_x/link/vivado/vpl/prj/prj.gen/my_rm/bd/ulp/ipshared/1362/hdl/verilog/score_scale_u55c_kernel_control_s_axi.v:223]
INFO: [Synth 8-6155] done synthesizing module 'score_scale_u55c_kernel_control_s_axi' (0#1) [/home/advent/Desktop/RC19/_x/link/vivado/vpl/prj/prj.gen/my_rm/bd/ulp/ipshared/1362/hdl/verilog/score_scale_u55c_kernel_control_s_axi.v:7]
INFO: [Synth 8-6157] synthesizing module 'score_scale_u55c_kernel_gmem0_m_axi' [/home/advent/Desktop/RC19/_x/link/vivado/vpl/prj/prj.gen/my_rm/bd/ulp/ipshared/1362/hdl/verilog/score_scale_u55c_kernel_gmem0_m_axi.v:11]
INFO: [Synth 8-6157] synthesizing module 'score_scale_u55c_kernel_gmem0_m_axi_store' [/home/advent/Desktop/RC19/_x/link/vivado/vpl/prj/prj.gen/my_rm/bd/ulp/ipshared/1362/hdl/verilog/score_scale_u55c_kernel_gmem0_m_axi.v:781]
INFO: [Synth 8-6157] synthesizing module 'score_scale_u55c_kernel_gmem0_m_axi_fifo' [/home/advent/Desktop/RC19/_x/link/vivado/vpl/prj/prj.gen/my_rm/bd/ulp/ipshared/1362/hdl/verilog/score_scale_u55c_kernel_gmem0_m_axi.v:2551]
INFO: [Synth 8-6157] synthesizing module 'score_scale_u55c_kernel_gmem0_m_axi_srl' [/home/advent/Desktop/RC19/_x/link/vivado/vpl/prj/prj.gen/my_rm/bd/ulp/ipshared/1362/hdl/verilog/score_scale_u55c_kernel_gmem0_m_axi.v:2729]
INFO: [Synth 8-6155] done synthesizing module 'score_scale_u55c_kernel_gmem0_m_axi_srl' (0#1) [/home/advent/Desktop/RC19/_x/link/vivado/vpl/prj/prj.gen/my_rm/bd/ulp/ipshared/1362/hdl/verilog/score_scale_u55c_kernel_gmem0_m_axi.v:2729]
INFO: [Synth 8-6155] done synthesizing module 'score_scale_u55c_kernel_gmem0_m_axi_fifo' (0#1) [/home/advent/Desktop/RC19/_x/link/vivado/vpl/prj/prj.gen/my_rm/bd/ulp/ipshared/1362/hdl/verilog/score_scale_u55c_kernel_gmem0_m_axi.v:2551]
INFO: [Synth 8-6157] synthesizing module 'score_scale_u55c_kernel_gmem0_m_axi_fifo__parameterized0' [/home/advent/Desktop/RC19/_x/link/vivado/vpl/prj/prj.gen/my_rm/bd/ulp/ipshared/1362/hdl/verilog/score_scale_u55c_kernel_gmem0_m_axi.v:2551]
INFO: [Synth 8-6157] synthesizing module 'score_scale_u55c_kernel_gmem0_m_axi_mem' [/home/advent/Desktop/RC19/_x/link/vivado/vpl/prj/prj.gen/my_rm/bd/ulp/ipshared/1362/hdl/verilog/score_scale_u55c_kernel_gmem0_m_axi.v:2783]
INFO: [Synth 8-6155] done synthesizing module 'score_scale_u55c_kernel_gmem0_m_axi_mem' (0#1) [/home/advent/Desktop/RC19/_x/link/vivado/vpl/prj/prj.gen/my_rm/bd/ulp/ipshared/1362/hdl/verilog/score_scale_u55c_kernel_gmem0_m_axi.v:2783]
INFO: [Synth 8-6155] done synthesizing module 'score_scale_u55c_kernel_gmem0_m_axi_fifo__parameterized0' (0#1) [/home/advent/Desktop/RC19/_x/link/vivado/vpl/prj/prj.gen/my_rm/bd/ulp/ipshared/1362/hdl/verilog/score_scale_u55c_kernel_gmem0_m_axi.v:2551]
INFO: [Synth 8-6157] synthesizing module 'score_scale_u55c_kernel_gmem0_m_axi_fifo__parameterized1' [/home/advent/Desktop/RC19/_x/link/vivado/vpl/prj/prj.gen/my_rm/bd/ulp/ipshared/1362/hdl/verilog/score_scale_u55c_kernel_gmem0_m_axi.v:2551]
INFO: [Synth 8-6157] synthesizing module 'score_scale_u55c_kernel_gmem0_m_axi_srl__parameterized0' [/home/advent/Desktop/RC19/_x/link/vivado/vpl/prj/prj.gen/my_rm/bd/ulp/ipshared/1362/hdl/verilog/score_scale_u55c_kernel_gmem0_m_axi.v:2729]
INFO: [Synth 8-6155] done synthesizing module 'score_scale_u55c_kernel_gmem0_m_axi_srl__parameterized0' (0#1) [/home/advent/Desktop/RC19/_x/link/vivado/vpl/prj/prj.gen/my_rm/bd/ulp/ipshared/1362/hdl/verilog/score_scale_u55c_kernel_gmem0_m_axi.v:2729]
INFO: [Synth 8-6155] done synthesizing module 'score_scale_u55c_kernel_gmem0_m_axi_fifo__parameterized1' (0#1) [/home/advent/Desktop/RC19/_x/link/vivado/vpl/prj/prj.gen/my_rm/bd/ulp/ipshared/1362/hdl/verilog/score_scale_u55c_kernel_gmem0_m_axi.v:2551]
INFO: [Synth 8-6157] synthesizing module 'score_scale_u55c_kernel_gmem0_m_axi_fifo__parameterized2' [/home/advent/Desktop/RC19/_x/link/vivado/vpl/prj/prj.gen/my_rm/bd/ulp/ipshared/1362/hdl/verilog/score_scale_u55c_kernel_gmem0_m_axi.v:2551]
INFO: [Synth 8-6157] synthesizing module 'score_scale_u55c_kernel_gmem0_m_axi_srl__parameterized1' [/home/advent/Desktop/RC19/_x/link/vivado/vpl/prj/prj.gen/my_rm/bd/ulp/ipshared/1362/hdl/verilog/score_scale_u55c_kernel_gmem0_m_axi.v:2729]
INFO: [Synth 8-6155] done synthesizing module 'score_scale_u55c_kernel_gmem0_m_axi_srl__parameterized1' (0#1) [/home/advent/Desktop/RC19/_x/link/vivado/vpl/prj/prj.gen/my_rm/bd/ulp/ipshared/1362/hdl/verilog/score_scale_u55c_kernel_gmem0_m_axi.v:2729]
INFO: [Synth 8-6155] done synthesizing module 'score_scale_u55c_kernel_gmem0_m_axi_fifo__parameterized2' (0#1) [/home/advent/Desktop/RC19/_x/link/vivado/vpl/prj/prj.gen/my_rm/bd/ulp/ipshared/1362/hdl/verilog/score_scale_u55c_kernel_gmem0_m_axi.v:2551]
INFO: [Synth 8-6155] done synthesizing module 'score_scale_u55c_kernel_gmem0_m_axi_store' (0#1) [/home/advent/Desktop/RC19/_x/link/vivado/vpl/prj/prj.gen/my_rm/bd/ulp/ipshared/1362/hdl/verilog/score_scale_u55c_kernel_gmem0_m_axi.v:781]
INFO: [Synth 8-6157] synthesizing module 'score_scale_u55c_kernel_gmem0_m_axi_load' [/home/advent/Desktop/RC19/_x/link/vivado/vpl/prj/prj.gen/my_rm/bd/ulp/ipshared/1362/hdl/verilog/score_scale_u55c_kernel_gmem0_m_axi.v:325]
INFO: [Synth 8-6157] synthesizing module 'score_scale_u55c_kernel_gmem0_m_axi_fifo__parameterized3' [/home/advent/Desktop/RC19/_x/link/vivado/vpl/prj/prj.gen/my_rm/bd/ulp/ipshared/1362/hdl/verilog/score_scale_u55c_kernel_gmem0_m_axi.v:2551]
INFO: [Synth 8-6157] synthesizing module 'score_scale_u55c_kernel_gmem0_m_axi_mem__parameterized0' [/home/advent/Desktop/RC19/_x/link/vivado/vpl/prj/prj.gen/my_rm/bd/ulp/ipshared/1362/hdl/verilog/score_scale_u55c_kernel_gmem0_m_axi.v:2783]
INFO: [Synth 8-6155] done synthesizing module 'score_scale_u55c_kernel_gmem0_m_axi_mem__parameterized0' (0#1) [/home/advent/Desktop/RC19/_x/link/vivado/vpl/prj/prj.gen/my_rm/bd/ulp/ipshared/1362/hdl/verilog/score_scale_u55c_kernel_gmem0_m_axi.v:2783]
INFO: [Synth 8-6155] done synthesizing module 'score_scale_u55c_kernel_gmem0_m_axi_fifo__parameterized3' (0#1) [/home/advent/Desktop/RC19/_x/link/vivado/vpl/prj/prj.gen/my_rm/bd/ulp/ipshared/1362/hdl/verilog/score_scale_u55c_kernel_gmem0_m_axi.v:2551]
INFO: [Synth 8-6155] done synthesizing module 'score_scale_u55c_kernel_gmem0_m_axi_load' (0#1) [/home/advent/Desktop/RC19/_x/link/vivado/vpl/prj/prj.gen/my_rm/bd/ulp/ipshared/1362/hdl/verilog/score_scale_u55c_kernel_gmem0_m_axi.v:325]
INFO: [Synth 8-6157] synthesizing module 'score_scale_u55c_kernel_gmem0_m_axi_write' [/home/advent/Desktop/RC19/_x/link/vivado/vpl/prj/prj.gen/my_rm/bd/ulp/ipshared/1362/hdl/verilog/score_scale_u55c_kernel_gmem0_m_axi.v:1716]
INFO: [Synth 8-6157] synthesizing module 'score_scale_u55c_kernel_gmem0_m_axi_reg_slice' [/home/advent/Desktop/RC19/_x/link/vivado/vpl/prj/prj.gen/my_rm/bd/ulp/ipshared/1362/hdl/verilog/score_scale_u55c_kernel_gmem0_m_axi.v:2449]
INFO: [Synth 8-6155] done synthesizing module 'score_scale_u55c_kernel_gmem0_m_axi_reg_slice' (0#1) [/home/advent/Desktop/RC19/_x/link/vivado/vpl/prj/prj.gen/my_rm/bd/ulp/ipshared/1362/hdl/verilog/score_scale_u55c_kernel_gmem0_m_axi.v:2449]
INFO: [Synth 8-6157] synthesizing module 'score_scale_u55c_kernel_gmem0_m_axi_fifo__parameterized4' [/home/advent/Desktop/RC19/_x/link/vivado/vpl/prj/prj.gen/my_rm/bd/ulp/ipshared/1362/hdl/verilog/score_scale_u55c_kernel_gmem0_m_axi.v:2551]
INFO: [Synth 8-6157] synthesizing module 'score_scale_u55c_kernel_gmem0_m_axi_srl__parameterized2' [/home/advent/Desktop/RC19/_x/link/vivado/vpl/prj/prj.gen/my_rm/bd/ulp/ipshared/1362/hdl/verilog/score_scale_u55c_kernel_gmem0_m_axi.v:2729]
INFO: [Synth 8-6155] done synthesizing module 'score_scale_u55c_kernel_gmem0_m_axi_srl__parameterized2' (0#1) [/home/advent/Desktop/RC19/_x/link/vivado/vpl/prj/prj.gen/my_rm/bd/ulp/ipshared/1362/hdl/verilog/score_scale_u55c_kernel_gmem0_m_axi.v:2729]
INFO: [Synth 8-6155] done synthesizing module 'score_scale_u55c_kernel_gmem0_m_axi_fifo__parameterized4' (0#1) [/home/advent/Desktop/RC19/_x/link/vivado/vpl/prj/prj.gen/my_rm/bd/ulp/ipshared/1362/hdl/verilog/score_scale_u55c_kernel_gmem0_m_axi.v:2551]
INFO: [Synth 8-6157] synthesizing module 'score_scale_u55c_kernel_gmem0_m_axi_throttle' [/home/advent/Desktop/RC19/_x/link/vivado/vpl/prj/prj.gen/my_rm/bd/ulp/ipshared/1362/hdl/verilog/score_scale_u55c_kernel_gmem0_m_axi.v:2224]
INFO: [Synth 8-6157] synthesizing module 'score_scale_u55c_kernel_gmem0_m_axi_reg_slice__parameterized0' [/home/advent/Desktop/RC19/_x/link/vivado/vpl/prj/prj.gen/my_rm/bd/ulp/ipshared/1362/hdl/verilog/score_scale_u55c_kernel_gmem0_m_axi.v:2449]
INFO: [Synth 8-6155] done synthesizing module 'score_scale_u55c_kernel_gmem0_m_axi_reg_slice__parameterized0' (0#1) [/home/advent/Desktop/RC19/_x/link/vivado/vpl/prj/prj.gen/my_rm/bd/ulp/ipshared/1362/hdl/verilog/score_scale_u55c_kernel_gmem0_m_axi.v:2449]
INFO: [Synth 8-6157] synthesizing module 'score_scale_u55c_kernel_gmem0_m_axi_fifo__parameterized5' [/home/advent/Desktop/RC19/_x/link/vivado/vpl/prj/prj.gen/my_rm/bd/ulp/ipshared/1362/hdl/verilog/score_scale_u55c_kernel_gmem0_m_axi.v:2551]
INFO: [Synth 8-6157] synthesizing module 'score_scale_u55c_kernel_gmem0_m_axi_srl__parameterized3' [/home/advent/Desktop/RC19/_x/link/vivado/vpl/prj/prj.gen/my_rm/bd/ulp/ipshared/1362/hdl/verilog/score_scale_u55c_kernel_gmem0_m_axi.v:2729]
INFO: [Synth 8-6155] done synthesizing module 'score_scale_u55c_kernel_gmem0_m_axi_srl__parameterized3' (0#1) [/home/advent/Desktop/RC19/_x/link/vivado/vpl/prj/prj.gen/my_rm/bd/ulp/ipshared/1362/hdl/verilog/score_scale_u55c_kernel_gmem0_m_axi.v:2729]
INFO: [Synth 8-6155] done synthesizing module 'score_scale_u55c_kernel_gmem0_m_axi_fifo__parameterized5' (0#1) [/home/advent/Desktop/RC19/_x/link/vivado/vpl/prj/prj.gen/my_rm/bd/ulp/ipshared/1362/hdl/verilog/score_scale_u55c_kernel_gmem0_m_axi.v:2551]
INFO: [Synth 8-6157] synthesizing module 'score_scale_u55c_kernel_gmem0_m_axi_fifo__parameterized6' [/home/advent/Desktop/RC19/_x/link/vivado/vpl/prj/prj.gen/my_rm/bd/ulp/ipshared/1362/hdl/verilog/score_scale_u55c_kernel_gmem0_m_axi.v:2551]
INFO: [Synth 8-6157] synthesizing module 'score_scale_u55c_kernel_gmem0_m_axi_srl__parameterized4' [/home/advent/Desktop/RC19/_x/link/vivado/vpl/prj/prj.gen/my_rm/bd/ulp/ipshared/1362/hdl/verilog/score_scale_u55c_kernel_gmem0_m_axi.v:2729]
INFO: [Synth 8-6155] done synthesizing module 'score_scale_u55c_kernel_gmem0_m_axi_srl__parameterized4' (0#1) [/home/advent/Desktop/RC19/_x/link/vivado/vpl/prj/prj.gen/my_rm/bd/ulp/ipshared/1362/hdl/verilog/score_scale_u55c_kernel_gmem0_m_axi.v:2729]
INFO: [Synth 8-6155] done synthesizing module 'score_scale_u55c_kernel_gmem0_m_axi_fifo__parameterized6' (0#1) [/home/advent/Desktop/RC19/_x/link/vivado/vpl/prj/prj.gen/my_rm/bd/ulp/ipshared/1362/hdl/verilog/score_scale_u55c_kernel_gmem0_m_axi.v:2551]
INFO: [Synth 8-6155] done synthesizing module 'score_scale_u55c_kernel_gmem0_m_axi_throttle' (0#1) [/home/advent/Desktop/RC19/_x/link/vivado/vpl/prj/prj.gen/my_rm/bd/ulp/ipshared/1362/hdl/verilog/score_scale_u55c_kernel_gmem0_m_axi.v:2224]
INFO: [Synth 8-6157] synthesizing module 'score_scale_u55c_kernel_gmem0_m_axi_reg_slice__parameterized1' [/home/advent/Desktop/RC19/_x/link/vivado/vpl/prj/prj.gen/my_rm/bd/ulp/ipshared/1362/hdl/verilog/score_scale_u55c_kernel_gmem0_m_axi.v:2449]
INFO: [Synth 8-6155] done synthesizing module 'score_scale_u55c_kernel_gmem0_m_axi_reg_slice__parameterized1' (0#1) [/home/advent/Desktop/RC19/_x/link/vivado/vpl/prj/prj.gen/my_rm/bd/ulp/ipshared/1362/hdl/verilog/score_scale_u55c_kernel_gmem0_m_axi.v:2449]
WARNING: [Synth 8-589] replacing case/wildcard equality operator === with logical equality operator == [/home/advent/Desktop/RC19/_x/link/vivado/vpl/prj/prj.gen/my_rm/bd/ulp/ipshared/1362/hdl/verilog/score_scale_u55c_kernel_gmem0_m_axi.v:2216]
WARNING: [Synth 8-589] replacing case/wildcard equality operator === with logical equality operator == [/home/advent/Desktop/RC19/_x/link/vivado/vpl/prj/prj.gen/my_rm/bd/ulp/ipshared/1362/hdl/verilog/score_scale_u55c_kernel_gmem0_m_axi.v:2219]
INFO: [Synth 8-6155] done synthesizing module 'score_scale_u55c_kernel_gmem0_m_axi_write' (0#1) [/home/advent/Desktop/RC19/_x/link/vivado/vpl/prj/prj.gen/my_rm/bd/ulp/ipshared/1362/hdl/verilog/score_scale_u55c_kernel_gmem0_m_axi.v:1716]
INFO: [Synth 8-6157] synthesizing module 'score_scale_u55c_kernel_gmem0_m_axi_read' [/home/advent/Desktop/RC19/_x/link/vivado/vpl/prj/prj.gen/my_rm/bd/ulp/ipshared/1362/hdl/verilog/score_scale_u55c_kernel_gmem0_m_axi.v:1332]
INFO: [Synth 8-6157] synthesizing module 'score_scale_u55c_kernel_gmem0_m_axi_reg_slice__parameterized2' [/home/advent/Desktop/RC19/_x/link/vivado/vpl/prj/prj.gen/my_rm/bd/ulp/ipshared/1362/hdl/verilog/score_scale_u55c_kernel_gmem0_m_axi.v:2449]
INFO: [Synth 8-6155] done synthesizing module 'score_scale_u55c_kernel_gmem0_m_axi_reg_slice__parameterized2' (0#1) [/home/advent/Desktop/RC19/_x/link/vivado/vpl/prj/prj.gen/my_rm/bd/ulp/ipshared/1362/hdl/verilog/score_scale_u55c_kernel_gmem0_m_axi.v:2449]
WARNING: [Synth 8-589] replacing case/wildcard equality operator === with logical equality operator == [/home/advent/Desktop/RC19/_x/link/vivado/vpl/prj/prj.gen/my_rm/bd/ulp/ipshared/1362/hdl/verilog/score_scale_u55c_kernel_gmem0_m_axi.v:1708]
INFO: [Synth 8-6155] done synthesizing module 'score_scale_u55c_kernel_gmem0_m_axi_read' (0#1) [/home/advent/Desktop/RC19/_x/link/vivado/vpl/prj/prj.gen/my_rm/bd/ulp/ipshared/1362/hdl/verilog/score_scale_u55c_kernel_gmem0_m_axi.v:1332]
INFO: [Synth 8-6155] done synthesizing module 'score_scale_u55c_kernel_gmem0_m_axi' (0#1) [/home/advent/Desktop/RC19/_x/link/vivado/vpl/prj/prj.gen/my_rm/bd/ulp/ipshared/1362/hdl/verilog/score_scale_u55c_kernel_gmem0_m_axi.v:11]
INFO: [Synth 8-6157] synthesizing module 'score_scale_u55c_kernel_gmem1_m_axi' [/home/advent/Desktop/RC19/_x/link/vivado/vpl/prj/prj.gen/my_rm/bd/ulp/ipshared/1362/hdl/verilog/score_scale_u55c_kernel_gmem1_m_axi.v:11]
INFO: [Synth 8-6157] synthesizing module 'score_scale_u55c_kernel_gmem1_m_axi_store' [/home/advent/Desktop/RC19/_x/link/vivado/vpl/prj/prj.gen/my_rm/bd/ulp/ipshared/1362/hdl/verilog/score_scale_u55c_kernel_gmem1_m_axi.v:781]
INFO: [Synth 8-6157] synthesizing module 'score_scale_u55c_kernel_gmem1_m_axi_fifo' [/home/advent/Desktop/RC19/_x/link/vivado/vpl/prj/prj.gen/my_rm/bd/ulp/ipshared/1362/hdl/verilog/score_scale_u55c_kernel_gmem1_m_axi.v:2551]
INFO: [Synth 8-6157] synthesizing module 'score_scale_u55c_kernel_gmem1_m_axi_srl' [/home/advent/Desktop/RC19/_x/link/vivado/vpl/prj/prj.gen/my_rm/bd/ulp/ipshared/1362/hdl/verilog/score_scale_u55c_kernel_gmem1_m_axi.v:2729]
INFO: [Synth 8-6155] done synthesizing module 'score_scale_u55c_kernel_gmem1_m_axi_srl' (0#1) [/home/advent/Desktop/RC19/_x/link/vivado/vpl/prj/prj.gen/my_rm/bd/ulp/ipshared/1362/hdl/verilog/score_scale_u55c_kernel_gmem1_m_axi.v:2729]
INFO: [Synth 8-6155] done synthesizing module 'score_scale_u55c_kernel_gmem1_m_axi_fifo' (0#1) [/home/advent/Desktop/RC19/_x/link/vivado/vpl/prj/prj.gen/my_rm/bd/ulp/ipshared/1362/hdl/verilog/score_scale_u55c_kernel_gmem1_m_axi.v:2551]
INFO: [Synth 8-6157] synthesizing module 'score_scale_u55c_kernel_gmem1_m_axi_fifo__parameterized0' [/home/advent/Desktop/RC19/_x/link/vivado/vpl/prj/prj.gen/my_rm/bd/ulp/ipshared/1362/hdl/verilog/score_scale_u55c_kernel_gmem1_m_axi.v:2551]
INFO: [Synth 8-6157] synthesizing module 'score_scale_u55c_kernel_gmem1_m_axi_mem' [/home/advent/Desktop/RC19/_x/link/vivado/vpl/prj/prj.gen/my_rm/bd/ulp/ipshared/1362/hdl/verilog/score_scale_u55c_kernel_gmem1_m_axi.v:2783]
INFO: [Synth 8-6155] done synthesizing module 'score_scale_u55c_kernel_gmem1_m_axi_mem' (0#1) [/home/advent/Desktop/RC19/_x/link/vivado/vpl/prj/prj.gen/my_rm/bd/ulp/ipshared/1362/hdl/verilog/score_scale_u55c_kernel_gmem1_m_axi.v:2783]
INFO: [Synth 8-6155] done synthesizing module 'score_scale_u55c_kernel_gmem1_m_axi_fifo__parameterized0' (0#1) [/home/advent/Desktop/RC19/_x/link/vivado/vpl/prj/prj.gen/my_rm/bd/ulp/ipshared/1362/hdl/verilog/score_scale_u55c_kernel_gmem1_m_axi.v:2551]
INFO: [Synth 8-6157] synthesizing module 'score_scale_u55c_kernel_gmem1_m_axi_fifo__parameterized1' [/home/advent/Desktop/RC19/_x/link/vivado/vpl/prj/prj.gen/my_rm/bd/ulp/ipshared/1362/hdl/verilog/score_scale_u55c_kernel_gmem1_m_axi.v:2551]
INFO: [Synth 8-6157] synthesizing module 'score_scale_u55c_kernel_gmem1_m_axi_srl__parameterized0' [/home/advent/Desktop/RC19/_x/link/vivado/vpl/prj/prj.gen/my_rm/bd/ulp/ipshared/1362/hdl/verilog/score_scale_u55c_kernel_gmem1_m_axi.v:2729]
INFO: [Synth 8-6155] done synthesizing module 'score_scale_u55c_kernel_gmem1_m_axi_srl__parameterized0' (0#1) [/home/advent/Desktop/RC19/_x/link/vivado/vpl/prj/prj.gen/my_rm/bd/ulp/ipshared/1362/hdl/verilog/score_scale_u55c_kernel_gmem1_m_axi.v:2729]
INFO: [Synth 8-6155] done synthesizing module 'score_scale_u55c_kernel_gmem1_m_axi_fifo__parameterized1' (0#1) [/home/advent/Desktop/RC19/_x/link/vivado/vpl/prj/prj.gen/my_rm/bd/ulp/ipshared/1362/hdl/verilog/score_scale_u55c_kernel_gmem1_m_axi.v:2551]
INFO: [Synth 8-6157] synthesizing module 'score_scale_u55c_kernel_gmem1_m_axi_fifo__parameterized2' [/home/advent/Desktop/RC19/_x/link/vivado/vpl/prj/prj.gen/my_rm/bd/ulp/ipshared/1362/hdl/verilog/score_scale_u55c_kernel_gmem1_m_axi.v:2551]
INFO: [Synth 8-6157] synthesizing module 'score_scale_u55c_kernel_gmem1_m_axi_srl__parameterized1' [/home/advent/Desktop/RC19/_x/link/vivado/vpl/prj/prj.gen/my_rm/bd/ulp/ipshared/1362/hdl/verilog/score_scale_u55c_kernel_gmem1_m_axi.v:2729]
INFO: [Synth 8-6155] done synthesizing module 'score_scale_u55c_kernel_gmem1_m_axi_srl__parameterized1' (0#1) [/home/advent/Desktop/RC19/_x/link/vivado/vpl/prj/prj.gen/my_rm/bd/ulp/ipshared/1362/hdl/verilog/score_scale_u55c_kernel_gmem1_m_axi.v:2729]
INFO: [Synth 8-6155] done synthesizing module 'score_scale_u55c_kernel_gmem1_m_axi_fifo__parameterized2' (0#1) [/home/advent/Desktop/RC19/_x/link/vivado/vpl/prj/prj.gen/my_rm/bd/ulp/ipshared/1362/hdl/verilog/score_scale_u55c_kernel_gmem1_m_axi.v:2551]
INFO: [Synth 8-6155] done synthesizing module 'score_scale_u55c_kernel_gmem1_m_axi_store' (0#1) [/home/advent/Desktop/RC19/_x/link/vivado/vpl/prj/prj.gen/my_rm/bd/ulp/ipshared/1362/hdl/verilog/score_scale_u55c_kernel_gmem1_m_axi.v:781]
INFO: [Synth 8-6157] synthesizing module 'score_scale_u55c_kernel_gmem1_m_axi_load' [/home/advent/Desktop/RC19/_x/link/vivado/vpl/prj/prj.gen/my_rm/bd/ulp/ipshared/1362/hdl/verilog/score_scale_u55c_kernel_gmem1_m_axi.v:325]
INFO: [Synth 8-6157] synthesizing module 'score_scale_u55c_kernel_gmem1_m_axi_fifo__parameterized3' [/home/advent/Desktop/RC19/_x/link/vivado/vpl/prj/prj.gen/my_rm/bd/ulp/ipshared/1362/hdl/verilog/score_scale_u55c_kernel_gmem1_m_axi.v:2551]
INFO: [Synth 8-6157] synthesizing module 'score_scale_u55c_kernel_gmem1_m_axi_mem__parameterized0' [/home/advent/Desktop/RC19/_x/link/vivado/vpl/prj/prj.gen/my_rm/bd/ulp/ipshared/1362/hdl/verilog/score_scale_u55c_kernel_gmem1_m_axi.v:2783]
INFO: [Synth 8-6155] done synthesizing module 'score_scale_u55c_kernel_gmem1_m_axi_mem__parameterized0' (0#1) [/home/advent/Desktop/RC19/_x/link/vivado/vpl/prj/prj.gen/my_rm/bd/ulp/ipshared/1362/hdl/verilog/score_scale_u55c_kernel_gmem1_m_axi.v:2783]
INFO: [Synth 8-6155] done synthesizing module 'score_scale_u55c_kernel_gmem1_m_axi_fifo__parameterized3' (0#1) [/home/advent/Desktop/RC19/_x/link/vivado/vpl/prj/prj.gen/my_rm/bd/ulp/ipshared/1362/hdl/verilog/score_scale_u55c_kernel_gmem1_m_axi.v:2551]
INFO: [Synth 8-6155] done synthesizing module 'score_scale_u55c_kernel_gmem1_m_axi_load' (0#1) [/home/advent/Desktop/RC19/_x/link/vivado/vpl/prj/prj.gen/my_rm/bd/ulp/ipshared/1362/hdl/verilog/score_scale_u55c_kernel_gmem1_m_axi.v:325]
INFO: [Synth 8-6157] synthesizing module 'score_scale_u55c_kernel_gmem1_m_axi_write' [/home/advent/Desktop/RC19/_x/link/vivado/vpl/prj/prj.gen/my_rm/bd/ulp/ipshared/1362/hdl/verilog/score_scale_u55c_kernel_gmem1_m_axi.v:1716]
INFO: [Synth 8-6157] synthesizing module 'score_scale_u55c_kernel_gmem1_m_axi_reg_slice' [/home/advent/Desktop/RC19/_x/link/vivado/vpl/prj/prj.gen/my_rm/bd/ulp/ipshared/1362/hdl/verilog/score_scale_u55c_kernel_gmem1_m_axi.v:2449]
INFO: [Synth 8-6155] done synthesizing module 'score_scale_u55c_kernel_gmem1_m_axi_reg_slice' (0#1) [/home/advent/Desktop/RC19/_x/link/vivado/vpl/prj/prj.gen/my_rm/bd/ulp/ipshared/1362/hdl/verilog/score_scale_u55c_kernel_gmem1_m_axi.v:2449]
INFO: [Synth 8-6157] synthesizing module 'score_scale_u55c_kernel_gmem1_m_axi_fifo__parameterized4' [/home/advent/Desktop/RC19/_x/link/vivado/vpl/prj/prj.gen/my_rm/bd/ulp/ipshared/1362/hdl/verilog/score_scale_u55c_kernel_gmem1_m_axi.v:2551]
INFO: [Synth 8-6157] synthesizing module 'score_scale_u55c_kernel_gmem1_m_axi_srl__parameterized2' [/home/advent/Desktop/RC19/_x/link/vivado/vpl/prj/prj.gen/my_rm/bd/ulp/ipshared/1362/hdl/verilog/score_scale_u55c_kernel_gmem1_m_axi.v:2729]
INFO: [Synth 8-6155] done synthesizing module 'score_scale_u55c_kernel_gmem1_m_axi_srl__parameterized2' (0#1) [/home/advent/Desktop/RC19/_x/link/vivado/vpl/prj/prj.gen/my_rm/bd/ulp/ipshared/1362/hdl/verilog/score_scale_u55c_kernel_gmem1_m_axi.v:2729]
INFO: [Synth 8-6155] done synthesizing module 'score_scale_u55c_kernel_gmem1_m_axi_fifo__parameterized4' (0#1) [/home/advent/Desktop/RC19/_x/link/vivado/vpl/prj/prj.gen/my_rm/bd/ulp/ipshared/1362/hdl/verilog/score_scale_u55c_kernel_gmem1_m_axi.v:2551]
INFO: [Synth 8-6157] synthesizing module 'score_scale_u55c_kernel_gmem1_m_axi_throttle' [/home/advent/Desktop/RC19/_x/link/vivado/vpl/prj/prj.gen/my_rm/bd/ulp/ipshared/1362/hdl/verilog/score_scale_u55c_kernel_gmem1_m_axi.v:2224]
INFO: [Synth 8-6157] synthesizing module 'score_scale_u55c_kernel_gmem1_m_axi_reg_slice__parameterized0' [/home/advent/Desktop/RC19/_x/link/vivado/vpl/prj/prj.gen/my_rm/bd/ulp/ipshared/1362/hdl/verilog/score_scale_u55c_kernel_gmem1_m_axi.v:2449]
INFO: [Synth 8-6155] done synthesizing module 'score_scale_u55c_kernel_gmem1_m_axi_reg_slice__parameterized0' (0#1) [/home/advent/Desktop/RC19/_x/link/vivado/vpl/prj/prj.gen/my_rm/bd/ulp/ipshared/1362/hdl/verilog/score_scale_u55c_kernel_gmem1_m_axi.v:2449]
INFO: [Synth 8-6157] synthesizing module 'score_scale_u55c_kernel_gmem1_m_axi_fifo__parameterized5' [/home/advent/Desktop/RC19/_x/link/vivado/vpl/prj/prj.gen/my_rm/bd/ulp/ipshared/1362/hdl/verilog/score_scale_u55c_kernel_gmem1_m_axi.v:2551]
INFO: [Synth 8-6157] synthesizing module 'score_scale_u55c_kernel_gmem1_m_axi_srl__parameterized3' [/home/advent/Desktop/RC19/_x/link/vivado/vpl/prj/prj.gen/my_rm/bd/ulp/ipshared/1362/hdl/verilog/score_scale_u55c_kernel_gmem1_m_axi.v:2729]
INFO: [Synth 8-6155] done synthesizing module 'score_scale_u55c_kernel_gmem1_m_axi_srl__parameterized3' (0#1) [/home/advent/Desktop/RC19/_x/link/vivado/vpl/prj/prj.gen/my_rm/bd/ulp/ipshared/1362/hdl/verilog/score_scale_u55c_kernel_gmem1_m_axi.v:2729]
INFO: [Synth 8-6155] done synthesizing module 'score_scale_u55c_kernel_gmem1_m_axi_fifo__parameterized5' (0#1) [/home/advent/Desktop/RC19/_x/link/vivado/vpl/prj/prj.gen/my_rm/bd/ulp/ipshared/1362/hdl/verilog/score_scale_u55c_kernel_gmem1_m_axi.v:2551]
INFO: [Synth 8-6157] synthesizing module 'score_scale_u55c_kernel_gmem1_m_axi_fifo__parameterized6' [/home/advent/Desktop/RC19/_x/link/vivado/vpl/prj/prj.gen/my_rm/bd/ulp/ipshared/1362/hdl/verilog/score_scale_u55c_kernel_gmem1_m_axi.v:2551]
INFO: [Synth 8-6157] synthesizing module 'score_scale_u55c_kernel_gmem1_m_axi_srl__parameterized4' [/home/advent/Desktop/RC19/_x/link/vivado/vpl/prj/prj.gen/my_rm/bd/ulp/ipshared/1362/hdl/verilog/score_scale_u55c_kernel_gmem1_m_axi.v:2729]
INFO: [Synth 8-6155] done synthesizing module 'score_scale_u55c_kernel_gmem1_m_axi_srl__parameterized4' (0#1) [/home/advent/Desktop/RC19/_x/link/vivado/vpl/prj/prj.gen/my_rm/bd/ulp/ipshared/1362/hdl/verilog/score_scale_u55c_kernel_gmem1_m_axi.v:2729]
INFO: [Synth 8-6155] done synthesizing module 'score_scale_u55c_kernel_gmem1_m_axi_fifo__parameterized6' (0#1) [/home/advent/Desktop/RC19/_x/link/vivado/vpl/prj/prj.gen/my_rm/bd/ulp/ipshared/1362/hdl/verilog/score_scale_u55c_kernel_gmem1_m_axi.v:2551]
INFO: [Synth 8-6155] done synthesizing module 'score_scale_u55c_kernel_gmem1_m_axi_throttle' (0#1) [/home/advent/Desktop/RC19/_x/link/vivado/vpl/prj/prj.gen/my_rm/bd/ulp/ipshared/1362/hdl/verilog/score_scale_u55c_kernel_gmem1_m_axi.v:2224]
INFO: [Synth 8-6157] synthesizing module 'score_scale_u55c_kernel_gmem1_m_axi_reg_slice__parameterized1' [/home/advent/Desktop/RC19/_x/link/vivado/vpl/prj/prj.gen/my_rm/bd/ulp/ipshared/1362/hdl/verilog/score_scale_u55c_kernel_gmem1_m_axi.v:2449]
INFO: [Synth 8-6155] done synthesizing module 'score_scale_u55c_kernel_gmem1_m_axi_reg_slice__parameterized1' (0#1) [/home/advent/Desktop/RC19/_x/link/vivado/vpl/prj/prj.gen/my_rm/bd/ulp/ipshared/1362/hdl/verilog/score_scale_u55c_kernel_gmem1_m_axi.v:2449]
WARNING: [Synth 8-589] replacing case/wildcard equality operator === with logical equality operator == [/home/advent/Desktop/RC19/_x/link/vivado/vpl/prj/prj.gen/my_rm/bd/ulp/ipshared/1362/hdl/verilog/score_scale_u55c_kernel_gmem1_m_axi.v:2216]
WARNING: [Synth 8-589] replacing case/wildcard equality operator === with logical equality operator == [/home/advent/Desktop/RC19/_x/link/vivado/vpl/prj/prj.gen/my_rm/bd/ulp/ipshared/1362/hdl/verilog/score_scale_u55c_kernel_gmem1_m_axi.v:2219]
INFO: [Synth 8-6155] done synthesizing module 'score_scale_u55c_kernel_gmem1_m_axi_write' (0#1) [/home/advent/Desktop/RC19/_x/link/vivado/vpl/prj/prj.gen/my_rm/bd/ulp/ipshared/1362/hdl/verilog/score_scale_u55c_kernel_gmem1_m_axi.v:1716]
INFO: [Synth 8-6157] synthesizing module 'score_scale_u55c_kernel_gmem1_m_axi_read' [/home/advent/Desktop/RC19/_x/link/vivado/vpl/prj/prj.gen/my_rm/bd/ulp/ipshared/1362/hdl/verilog/score_scale_u55c_kernel_gmem1_m_axi.v:1332]
INFO: [Synth 8-6157] synthesizing module 'score_scale_u55c_kernel_gmem1_m_axi_reg_slice__parameterized2' [/home/advent/Desktop/RC19/_x/link/vivado/vpl/prj/prj.gen/my_rm/bd/ulp/ipshared/1362/hdl/verilog/score_scale_u55c_kernel_gmem1_m_axi.v:2449]
INFO: [Synth 8-6155] done synthesizing module 'score_scale_u55c_kernel_gmem1_m_axi_reg_slice__parameterized2' (0#1) [/home/advent/Desktop/RC19/_x/link/vivado/vpl/prj/prj.gen/my_rm/bd/ulp/ipshared/1362/hdl/verilog/score_scale_u55c_kernel_gmem1_m_axi.v:2449]
WARNING: [Synth 8-589] replacing case/wildcard equality operator === with logical equality operator == [/home/advent/Desktop/RC19/_x/link/vivado/vpl/prj/prj.gen/my_rm/bd/ulp/ipshared/1362/hdl/verilog/score_scale_u55c_kernel_gmem1_m_axi.v:1708]
INFO: [Synth 8-6155] done synthesizing module 'score_scale_u55c_kernel_gmem1_m_axi_read' (0#1) [/home/advent/Desktop/RC19/_x/link/vivado/vpl/prj/prj.gen/my_rm/bd/ulp/ipshared/1362/hdl/verilog/score_scale_u55c_kernel_gmem1_m_axi.v:1332]
INFO: [Synth 8-6155] done synthesizing module 'score_scale_u55c_kernel_gmem1_m_axi' (0#1) [/home/advent/Desktop/RC19/_x/link/vivado/vpl/prj/prj.gen/my_rm/bd/ulp/ipshared/1362/hdl/verilog/score_scale_u55c_kernel_gmem1_m_axi.v:11]
INFO: [Synth 8-6155] done synthesizing module 'score_scale_u55c_kernel' (0#1) [/home/advent/Desktop/RC19/_x/link/vivado/vpl/prj/prj.gen/my_rm/bd/ulp/ipshared/1362/hdl/verilog/score_scale_u55c_kernel.v:10]
INFO: [Synth 8-6155] done synthesizing module 'ulp_score_scale_u55c_kernel_1_0' (0#1) [/home/advent/Desktop/RC19/_x/link/vivado/vpl/prj/prj.gen/my_rm/bd/ulp/ip/ulp_score_scale_u55c_kernel_1_0/synth/ulp_score_scale_u55c_kernel_1_0.v:53]
WARNING: [Synth 8-6014] Unused sequential element icmp_ln36_reg_327_pp0_iter1_reg_reg was removed.  [/home/advent/Desktop/RC19/_x/link/vivado/vpl/prj/prj.gen/my_rm/bd/ulp/ipshared/1362/hdl/verilog/score_scale_u55c_kernel_score_scale_u55c_kernel_Pipeline_VITIS_LOOP_36_1_VITIS_LOOP_37_2.v:311]
WARNING: [Synth 8-6014] Unused sequential element int_ap_done_reg was removed.  [/home/advent/Desktop/RC19/_x/link/vivado/vpl/prj/prj.gen/my_rm/bd/ulp/ipshared/1362/hdl/verilog/score_scale_u55c_kernel_control_s_axi.v:299]
WARNING: [Synth 8-7129] Port in_BUS_RID[0] in module score_scale_u55c_kernel_gmem1_m_axi_read is either unconnected or has no load
WARNING: [Synth 8-7129] Port in_BUS_RRESP[1] in module score_scale_u55c_kernel_gmem1_m_axi_read is either unconnected or has no load
WARNING: [Synth 8-7129] Port in_BUS_RRESP[0] in module score_scale_u55c_kernel_gmem1_m_axi_read is either unconnected or has no load
WARNING: [Synth 8-7129] Port in_BUS_RUSER[0] in module score_scale_u55c_kernel_gmem1_m_axi_read is either unconnected or has no load
WARNING: [Synth 8-7129] Port in_BUS_BID[0] in module score_scale_u55c_kernel_gmem1_m_axi_write is either unconnected or has no load
WARNING: [Synth 8-7129] Port in_BUS_BRESP[1] in module score_scale_u55c_kernel_gmem1_m_axi_write is either unconnected or has no load
WARNING: [Synth 8-7129] Port in_BUS_BRESP[0] in module score_scale_u55c_kernel_gmem1_m_axi_write is either unconnected or has no load
WARNING: [Synth 8-7129] Port in_BUS_BUSER[0] in module score_scale_u55c_kernel_gmem1_m_axi_write is either unconnected or has no load
WARNING: [Synth 8-7129] Port in_BUS_RID[0] in module score_scale_u55c_kernel_gmem0_m_axi_read is either unconnected or has no load
WARNING: [Synth 8-7129] Port in_BUS_RRESP[1] in module score_scale_u55c_kernel_gmem0_m_axi_read is either unconnected or has no load
WARNING: [Synth 8-7129] Port in_BUS_RRESP[0] in module score_scale_u55c_kernel_gmem0_m_axi_read is either unconnected or has no load
WARNING: [Synth 8-7129] Port in_BUS_RUSER[0] in module score_scale_u55c_kernel_gmem0_m_axi_read is either unconnected or has no load
WARNING: [Synth 8-7129] Port in_BUS_BID[0] in module score_scale_u55c_kernel_gmem0_m_axi_write is either unconnected or has no load
WARNING: [Synth 8-7129] Port in_BUS_BRESP[1] in module score_scale_u55c_kernel_gmem0_m_axi_write is either unconnected or has no load
WARNING: [Synth 8-7129] Port in_BUS_BRESP[0] in module score_scale_u55c_kernel_gmem0_m_axi_write is either unconnected or has no load
WARNING: [Synth 8-7129] Port in_BUS_BUSER[0] in module score_scale_u55c_kernel_gmem0_m_axi_write is either unconnected or has no load
WARNING: [Synth 8-7129] Port m_axi_gmem1_AWREADY in module score_scale_u55c_kernel_score_scale_u55c_kernel_Pipeline_VITIS_LOOP_45_3_VITIS_LOOP_46_4 is either unconnected or has no load
WARNING: [Synth 8-7129] Port m_axi_gmem1_ARREADY in module score_scale_u55c_kernel_score_scale_u55c_kernel_Pipeline_VITIS_LOOP_45_3_VITIS_LOOP_46_4 is either unconnected or has no load
WARNING: [Synth 8-7129] Port m_axi_gmem1_RVALID in module score_scale_u55c_kernel_score_scale_u55c_kernel_Pipeline_VITIS_LOOP_45_3_VITIS_LOOP_46_4 is either unconnected or has no load
WARNING: [Synth 8-7129] Port m_axi_gmem1_RDATA[511] in module score_scale_u55c_kernel_score_scale_u55c_kernel_Pipeline_VITIS_LOOP_45_3_VITIS_LOOP_46_4 is either unconnected or has no load
WARNING: [Synth 8-7129] Port m_axi_gmem1_RDATA[510] in module score_scale_u55c_kernel_score_scale_u55c_kernel_Pipeline_VITIS_LOOP_45_3_VITIS_LOOP_46_4 is either unconnected or has no load
WARNING: [Synth 8-7129] Port m_axi_gmem1_RDATA[509] in module score_scale_u55c_kernel_score_scale_u55c_kernel_Pipeline_VITIS_LOOP_45_3_VITIS_LOOP_46_4 is either unconnected or has no load
WARNING: [Synth 8-7129] Port m_axi_gmem1_RDATA[508] in module score_scale_u55c_kernel_score_scale_u55c_kernel_Pipeline_VITIS_LOOP_45_3_VITIS_LOOP_46_4 is either unconnected or has no load
WARNING: [Synth 8-7129] Port m_axi_gmem1_RDATA[507] in module score_scale_u55c_kernel_score_scale_u55c_kernel_Pipeline_VITIS_LOOP_45_3_VITIS_LOOP_46_4 is either unconnected or has no load
WARNING: [Synth 8-7129] Port m_axi_gmem1_RDATA[506] in module score_scale_u55c_kernel_score_scale_u55c_kernel_Pipeline_VITIS_LOOP_45_3_VITIS_LOOP_46_4 is either unconnected or has no load
WARNING: [Synth 8-7129] Port m_axi_gmem1_RDATA[505] in module score_scale_u55c_kernel_score_scale_u55c_kernel_Pipeline_VITIS_LOOP_45_3_VITIS_LOOP_46_4 is either unconnected or has no load
WARNING: [Synth 8-7129] Port m_axi_gmem1_RDATA[504] in module score_scale_u55c_kernel_score_scale_u55c_kernel_Pipeline_VITIS_LOOP_45_3_VITIS_LOOP_46_4 is either unconnected or has no load
WARNING: [Synth 8-7129] Port m_axi_gmem1_RDATA[503] in module score_scale_u55c_kernel_score_scale_u55c_kernel_Pipeline_VITIS_LOOP_45_3_VITIS_LOOP_46_4 is either unconnected or has no load
WARNING: [Synth 8-7129] Port m_axi_gmem1_RDATA[502] in module score_scale_u55c_kernel_score_scale_u55c_kernel_Pipeline_VITIS_LOOP_45_3_VITIS_LOOP_46_4 is either unconnected or has no load
WARNING: [Synth 8-7129] Port m_axi_gmem1_RDATA[501] in module score_scale_u55c_kernel_score_scale_u55c_kernel_Pipeline_VITIS_LOOP_45_3_VITIS_LOOP_46_4 is either unconnected or has no load
WARNING: [Synth 8-7129] Port m_axi_gmem1_RDATA[500] in module score_scale_u55c_kernel_score_scale_u55c_kernel_Pipeline_VITIS_LOOP_45_3_VITIS_LOOP_46_4 is either unconnected or has no load
WARNING: [Synth 8-7129] Port m_axi_gmem1_RDATA[499] in module score_scale_u55c_kernel_score_scale_u55c_kernel_Pipeline_VITIS_LOOP_45_3_VITIS_LOOP_46_4 is either unconnected or has no load
WARNING: [Synth 8-7129] Port m_axi_gmem1_RDATA[498] in module score_scale_u55c_kernel_score_scale_u55c_kernel_Pipeline_VITIS_LOOP_45_3_VITIS_LOOP_46_4 is either unconnected or has no load
WARNING: [Synth 8-7129] Port m_axi_gmem1_RDATA[497] in module score_scale_u55c_kernel_score_scale_u55c_kernel_Pipeline_VITIS_LOOP_45_3_VITIS_LOOP_46_4 is either unconnected or has no load
WARNING: [Synth 8-7129] Port m_axi_gmem1_RDATA[496] in module score_scale_u55c_kernel_score_scale_u55c_kernel_Pipeline_VITIS_LOOP_45_3_VITIS_LOOP_46_4 is either unconnected or has no load
WARNING: [Synth 8-7129] Port m_axi_gmem1_RDATA[495] in module score_scale_u55c_kernel_score_scale_u55c_kernel_Pipeline_VITIS_LOOP_45_3_VITIS_LOOP_46_4 is either unconnected or has no load
WARNING: [Synth 8-7129] Port m_axi_gmem1_RDATA[494] in module score_scale_u55c_kernel_score_scale_u55c_kernel_Pipeline_VITIS_LOOP_45_3_VITIS_LOOP_46_4 is either unconnected or has no load
WARNING: [Synth 8-7129] Port m_axi_gmem1_RDATA[493] in module score_scale_u55c_kernel_score_scale_u55c_kernel_Pipeline_VITIS_LOOP_45_3_VITIS_LOOP_46_4 is either unconnected or has no load
WARNING: [Synth 8-7129] Port m_axi_gmem1_RDATA[492] in module score_scale_u55c_kernel_score_scale_u55c_kernel_Pipeline_VITIS_LOOP_45_3_VITIS_LOOP_46_4 is either unconnected or has no load
WARNING: [Synth 8-7129] Port m_axi_gmem1_RDATA[491] in module score_scale_u55c_kernel_score_scale_u55c_kernel_Pipeline_VITIS_LOOP_45_3_VITIS_LOOP_46_4 is either unconnected or has no load
WARNING: [Synth 8-7129] Port m_axi_gmem1_RDATA[490] in module score_scale_u55c_kernel_score_scale_u55c_kernel_Pipeline_VITIS_LOOP_45_3_VITIS_LOOP_46_4 is either unconnected or has no load
WARNING: [Synth 8-7129] Port m_axi_gmem1_RDATA[489] in module score_scale_u55c_kernel_score_scale_u55c_kernel_Pipeline_VITIS_LOOP_45_3_VITIS_LOOP_46_4 is either unconnected or has no load
WARNING: [Synth 8-7129] Port m_axi_gmem1_RDATA[488] in module score_scale_u55c_kernel_score_scale_u55c_kernel_Pipeline_VITIS_LOOP_45_3_VITIS_LOOP_46_4 is either unconnected or has no load
WARNING: [Synth 8-7129] Port m_axi_gmem1_RDATA[487] in module score_scale_u55c_kernel_score_scale_u55c_kernel_Pipeline_VITIS_LOOP_45_3_VITIS_LOOP_46_4 is either unconnected or has no load
WARNING: [Synth 8-7129] Port m_axi_gmem1_RDATA[486] in module score_scale_u55c_kernel_score_scale_u55c_kernel_Pipeline_VITIS_LOOP_45_3_VITIS_LOOP_46_4 is either unconnected or has no load
WARNING: [Synth 8-7129] Port m_axi_gmem1_RDATA[485] in module score_scale_u55c_kernel_score_scale_u55c_kernel_Pipeline_VITIS_LOOP_45_3_VITIS_LOOP_46_4 is either unconnected or has no load
WARNING: [Synth 8-7129] Port m_axi_gmem1_RDATA[484] in module score_scale_u55c_kernel_score_scale_u55c_kernel_Pipeline_VITIS_LOOP_45_3_VITIS_LOOP_46_4 is either unconnected or has no load
WARNING: [Synth 8-7129] Port m_axi_gmem1_RDATA[483] in module score_scale_u55c_kernel_score_scale_u55c_kernel_Pipeline_VITIS_LOOP_45_3_VITIS_LOOP_46_4 is either unconnected or has no load
WARNING: [Synth 8-7129] Port m_axi_gmem1_RDATA[482] in module score_scale_u55c_kernel_score_scale_u55c_kernel_Pipeline_VITIS_LOOP_45_3_VITIS_LOOP_46_4 is either unconnected or has no load
WARNING: [Synth 8-7129] Port m_axi_gmem1_RDATA[481] in module score_scale_u55c_kernel_score_scale_u55c_kernel_Pipeline_VITIS_LOOP_45_3_VITIS_LOOP_46_4 is either unconnected or has no load
WARNING: [Synth 8-7129] Port m_axi_gmem1_RDATA[480] in module score_scale_u55c_kernel_score_scale_u55c_kernel_Pipeline_VITIS_LOOP_45_3_VITIS_LOOP_46_4 is either unconnected or has no load
WARNING: [Synth 8-7129] Port m_axi_gmem1_RDATA[479] in module score_scale_u55c_kernel_score_scale_u55c_kernel_Pipeline_VITIS_LOOP_45_3_VITIS_LOOP_46_4 is either unconnected or has no load
WARNING: [Synth 8-7129] Port m_axi_gmem1_RDATA[478] in module score_scale_u55c_kernel_score_scale_u55c_kernel_Pipeline_VITIS_LOOP_45_3_VITIS_LOOP_46_4 is either unconnected or has no load
WARNING: [Synth 8-7129] Port m_axi_gmem1_RDATA[477] in module score_scale_u55c_kernel_score_scale_u55c_kernel_Pipeline_VITIS_LOOP_45_3_VITIS_LOOP_46_4 is either unconnected or has no load
WARNING: [Synth 8-7129] Port m_axi_gmem1_RDATA[476] in module score_scale_u55c_kernel_score_scale_u55c_kernel_Pipeline_VITIS_LOOP_45_3_VITIS_LOOP_46_4 is either unconnected or has no load
WARNING: [Synth 8-7129] Port m_axi_gmem1_RDATA[475] in module score_scale_u55c_kernel_score_scale_u55c_kernel_Pipeline_VITIS_LOOP_45_3_VITIS_LOOP_46_4 is either unconnected or has no load
WARNING: [Synth 8-7129] Port m_axi_gmem1_RDATA[474] in module score_scale_u55c_kernel_score_scale_u55c_kernel_Pipeline_VITIS_LOOP_45_3_VITIS_LOOP_46_4 is either unconnected or has no load
WARNING: [Synth 8-7129] Port m_axi_gmem1_RDATA[473] in module score_scale_u55c_kernel_score_scale_u55c_kernel_Pipeline_VITIS_LOOP_45_3_VITIS_LOOP_46_4 is either unconnected or has no load
WARNING: [Synth 8-7129] Port m_axi_gmem1_RDATA[472] in module score_scale_u55c_kernel_score_scale_u55c_kernel_Pipeline_VITIS_LOOP_45_3_VITIS_LOOP_46_4 is either unconnected or has no load
WARNING: [Synth 8-7129] Port m_axi_gmem1_RDATA[471] in module score_scale_u55c_kernel_score_scale_u55c_kernel_Pipeline_VITIS_LOOP_45_3_VITIS_LOOP_46_4 is either unconnected or has no load
WARNING: [Synth 8-7129] Port m_axi_gmem1_RDATA[470] in module score_scale_u55c_kernel_score_scale_u55c_kernel_Pipeline_VITIS_LOOP_45_3_VITIS_LOOP_46_4 is either unconnected or has no load
WARNING: [Synth 8-7129] Port m_axi_gmem1_RDATA[469] in module score_scale_u55c_kernel_score_scale_u55c_kernel_Pipeline_VITIS_LOOP_45_3_VITIS_LOOP_46_4 is either unconnected or has no load
WARNING: [Synth 8-7129] Port m_axi_gmem1_RDATA[468] in module score_scale_u55c_kernel_score_scale_u55c_kernel_Pipeline_VITIS_LOOP_45_3_VITIS_LOOP_46_4 is either unconnected or has no load
WARNING: [Synth 8-7129] Port m_axi_gmem1_RDATA[467] in module score_scale_u55c_kernel_score_scale_u55c_kernel_Pipeline_VITIS_LOOP_45_3_VITIS_LOOP_46_4 is either unconnected or has no load
WARNING: [Synth 8-7129] Port m_axi_gmem1_RDATA[466] in module score_scale_u55c_kernel_score_scale_u55c_kernel_Pipeline_VITIS_LOOP_45_3_VITIS_LOOP_46_4 is either unconnected or has no load
WARNING: [Synth 8-7129] Port m_axi_gmem1_RDATA[465] in module score_scale_u55c_kernel_score_scale_u55c_kernel_Pipeline_VITIS_LOOP_45_3_VITIS_LOOP_46_4 is either unconnected or has no load
WARNING: [Synth 8-7129] Port m_axi_gmem1_RDATA[464] in module score_scale_u55c_kernel_score_scale_u55c_kernel_Pipeline_VITIS_LOOP_45_3_VITIS_LOOP_46_4 is either unconnected or has no load
WARNING: [Synth 8-7129] Port m_axi_gmem1_RDATA[463] in module score_scale_u55c_kernel_score_scale_u55c_kernel_Pipeline_VITIS_LOOP_45_3_VITIS_LOOP_46_4 is either unconnected or has no load
WARNING: [Synth 8-7129] Port m_axi_gmem1_RDATA[462] in module score_scale_u55c_kernel_score_scale_u55c_kernel_Pipeline_VITIS_LOOP_45_3_VITIS_LOOP_46_4 is either unconnected or has no load
WARNING: [Synth 8-7129] Port m_axi_gmem1_RDATA[461] in module score_scale_u55c_kernel_score_scale_u55c_kernel_Pipeline_VITIS_LOOP_45_3_VITIS_LOOP_46_4 is either unconnected or has no load
WARNING: [Synth 8-7129] Port m_axi_gmem1_RDATA[460] in module score_scale_u55c_kernel_score_scale_u55c_kernel_Pipeline_VITIS_LOOP_45_3_VITIS_LOOP_46_4 is either unconnected or has no load
WARNING: [Synth 8-7129] Port m_axi_gmem1_RDATA[459] in module score_scale_u55c_kernel_score_scale_u55c_kernel_Pipeline_VITIS_LOOP_45_3_VITIS_LOOP_46_4 is either unconnected or has no load
WARNING: [Synth 8-7129] Port m_axi_gmem1_RDATA[458] in module score_scale_u55c_kernel_score_scale_u55c_kernel_Pipeline_VITIS_LOOP_45_3_VITIS_LOOP_46_4 is either unconnected or has no load
WARNING: [Synth 8-7129] Port m_axi_gmem1_RDATA[457] in module score_scale_u55c_kernel_score_scale_u55c_kernel_Pipeline_VITIS_LOOP_45_3_VITIS_LOOP_46_4 is either unconnected or has no load
WARNING: [Synth 8-7129] Port m_axi_gmem1_RDATA[456] in module score_scale_u55c_kernel_score_scale_u55c_kernel_Pipeline_VITIS_LOOP_45_3_VITIS_LOOP_46_4 is either unconnected or has no load
WARNING: [Synth 8-7129] Port m_axi_gmem1_RDATA[455] in module score_scale_u55c_kernel_score_scale_u55c_kernel_Pipeline_VITIS_LOOP_45_3_VITIS_LOOP_46_4 is either unconnected or has no load
WARNING: [Synth 8-7129] Port m_axi_gmem1_RDATA[454] in module score_scale_u55c_kernel_score_scale_u55c_kernel_Pipeline_VITIS_LOOP_45_3_VITIS_LOOP_46_4 is either unconnected or has no load
WARNING: [Synth 8-7129] Port m_axi_gmem1_RDATA[453] in module score_scale_u55c_kernel_score_scale_u55c_kernel_Pipeline_VITIS_LOOP_45_3_VITIS_LOOP_46_4 is either unconnected or has no load
WARNING: [Synth 8-7129] Port m_axi_gmem1_RDATA[452] in module score_scale_u55c_kernel_score_scale_u55c_kernel_Pipeline_VITIS_LOOP_45_3_VITIS_LOOP_46_4 is either unconnected or has no load
WARNING: [Synth 8-7129] Port m_axi_gmem1_RDATA[451] in module score_scale_u55c_kernel_score_scale_u55c_kernel_Pipeline_VITIS_LOOP_45_3_VITIS_LOOP_46_4 is either unconnected or has no load
WARNING: [Synth 8-7129] Port m_axi_gmem1_RDATA[450] in module score_scale_u55c_kernel_score_scale_u55c_kernel_Pipeline_VITIS_LOOP_45_3_VITIS_LOOP_46_4 is either unconnected or has no load
WARNING: [Synth 8-7129] Port m_axi_gmem1_RDATA[449] in module score_scale_u55c_kernel_score_scale_u55c_kernel_Pipeline_VITIS_LOOP_45_3_VITIS_LOOP_46_4 is either unconnected or has no load
WARNING: [Synth 8-7129] Port m_axi_gmem1_RDATA[448] in module score_scale_u55c_kernel_score_scale_u55c_kernel_Pipeline_VITIS_LOOP_45_3_VITIS_LOOP_46_4 is either unconnected or has no load
WARNING: [Synth 8-7129] Port m_axi_gmem1_RDATA[447] in module score_scale_u55c_kernel_score_scale_u55c_kernel_Pipeline_VITIS_LOOP_45_3_VITIS_LOOP_46_4 is either unconnected or has no load
WARNING: [Synth 8-7129] Port m_axi_gmem1_RDATA[446] in module score_scale_u55c_kernel_score_scale_u55c_kernel_Pipeline_VITIS_LOOP_45_3_VITIS_LOOP_46_4 is either unconnected or has no load
WARNING: [Synth 8-7129] Port m_axi_gmem1_RDATA[445] in module score_scale_u55c_kernel_score_scale_u55c_kernel_Pipeline_VITIS_LOOP_45_3_VITIS_LOOP_46_4 is either unconnected or has no load
WARNING: [Synth 8-7129] Port m_axi_gmem1_RDATA[444] in module score_scale_u55c_kernel_score_scale_u55c_kernel_Pipeline_VITIS_LOOP_45_3_VITIS_LOOP_46_4 is either unconnected or has no load
WARNING: [Synth 8-7129] Port m_axi_gmem1_RDATA[443] in module score_scale_u55c_kernel_score_scale_u55c_kernel_Pipeline_VITIS_LOOP_45_3_VITIS_LOOP_46_4 is either unconnected or has no load
WARNING: [Synth 8-7129] Port m_axi_gmem1_RDATA[442] in module score_scale_u55c_kernel_score_scale_u55c_kernel_Pipeline_VITIS_LOOP_45_3_VITIS_LOOP_46_4 is either unconnected or has no load
WARNING: [Synth 8-7129] Port m_axi_gmem1_RDATA[441] in module score_scale_u55c_kernel_score_scale_u55c_kernel_Pipeline_VITIS_LOOP_45_3_VITIS_LOOP_46_4 is either unconnected or has no load
WARNING: [Synth 8-7129] Port m_axi_gmem1_RDATA[440] in module score_scale_u55c_kernel_score_scale_u55c_kernel_Pipeline_VITIS_LOOP_45_3_VITIS_LOOP_46_4 is either unconnected or has no load
WARNING: [Synth 8-7129] Port m_axi_gmem1_RDATA[439] in module score_scale_u55c_kernel_score_scale_u55c_kernel_Pipeline_VITIS_LOOP_45_3_VITIS_LOOP_46_4 is either unconnected or has no load
WARNING: [Synth 8-7129] Port m_axi_gmem1_RDATA[438] in module score_scale_u55c_kernel_score_scale_u55c_kernel_Pipeline_VITIS_LOOP_45_3_VITIS_LOOP_46_4 is either unconnected or has no load
WARNING: [Synth 8-7129] Port m_axi_gmem1_RDATA[437] in module score_scale_u55c_kernel_score_scale_u55c_kernel_Pipeline_VITIS_LOOP_45_3_VITIS_LOOP_46_4 is either unconnected or has no load
WARNING: [Synth 8-7129] Port m_axi_gmem1_RDATA[436] in module score_scale_u55c_kernel_score_scale_u55c_kernel_Pipeline_VITIS_LOOP_45_3_VITIS_LOOP_46_4 is either unconnected or has no load
WARNING: [Synth 8-7129] Port m_axi_gmem1_RDATA[435] in module score_scale_u55c_kernel_score_scale_u55c_kernel_Pipeline_VITIS_LOOP_45_3_VITIS_LOOP_46_4 is either unconnected or has no load
WARNING: [Synth 8-7129] Port m_axi_gmem1_RDATA[434] in module score_scale_u55c_kernel_score_scale_u55c_kernel_Pipeline_VITIS_LOOP_45_3_VITIS_LOOP_46_4 is either unconnected or has no load
WARNING: [Synth 8-7129] Port m_axi_gmem1_RDATA[433] in module score_scale_u55c_kernel_score_scale_u55c_kernel_Pipeline_VITIS_LOOP_45_3_VITIS_LOOP_46_4 is either unconnected or has no load
WARNING: [Synth 8-7129] Port m_axi_gmem1_RDATA[432] in module score_scale_u55c_kernel_score_scale_u55c_kernel_Pipeline_VITIS_LOOP_45_3_VITIS_LOOP_46_4 is either unconnected or has no load
WARNING: [Synth 8-7129] Port m_axi_gmem1_RDATA[431] in module score_scale_u55c_kernel_score_scale_u55c_kernel_Pipeline_VITIS_LOOP_45_3_VITIS_LOOP_46_4 is either unconnected or has no load
INFO: [Common 17-14] Message 'Synth 8-7129' appears 100 times and further instances of the messages will be disabled. Use the Tcl command set_msg_config to change the current settings.
---------------------------------------------------------------------------------
Finished RTL Elaboration : Time (s): cpu = 00:00:08 ; elapsed = 00:00:08 . Memory (MB): peak = 3286.910 ; gain = 555.641 ; free physical = 9290 ; free virtual = 14248
Synthesis current peak Physical Memory [PSS] (MB): peak = 2317.653; parent = 2175.616; children = 142.037
Synthesis current peak Virtual Memory [VSS] (MB): peak = 4259.988; parent = 3286.914; children = 973.074
---------------------------------------------------------------------------------
---------------------------------------------------------------------------------
Start Handling Custom Attributes
---------------------------------------------------------------------------------
---------------------------------------------------------------------------------
Finished Handling Custom Attributes : Time (s): cpu = 00:00:08 ; elapsed = 00:00:09 . Memory (MB): peak = 3304.723 ; gain = 573.453 ; free physical = 9227 ; free virtual = 14185
Synthesis current peak Physical Memory [PSS] (MB): peak = 2317.653; parent = 2175.616; children = 142.037
Synthesis current peak Virtual Memory [VSS] (MB): peak = 4277.801; parent = 3304.727; children = 973.074
---------------------------------------------------------------------------------
---------------------------------------------------------------------------------
Finished RTL Optimization Phase 1 : Time (s): cpu = 00:00:08 ; elapsed = 00:00:09 . Memory (MB): peak = 3304.723 ; gain = 573.453 ; free physical = 9293 ; free virtual = 14251
Synthesis current peak Physical Memory [PSS] (MB): peak = 2317.653; parent = 2175.616; children = 142.037
Synthesis current peak Virtual Memory [VSS] (MB): peak = 4277.801; parent = 3304.727; children = 973.074
---------------------------------------------------------------------------------
Netlist sorting complete. Time (s): cpu = 00:00:00.32 ; elapsed = 00:00:00.32 . Memory (MB): peak = 3310.660 ; gain = 0.000 ; free physical = 9183 ; free virtual = 14136
INFO: [Netlist 29-17] Analyzing 160 Unisim elements for replacement
INFO: [Netlist 29-28] Unisim Transformation completed in 0 CPU seconds
INFO: [Project 1-570] Preparing netlist for logic optimization

Processing XDC Constraints
Initializing timing engine
Parsing XDC File [/home/advent/Desktop/RC19/_x/link/vivado/vpl/prj/prj.gen/my_rm/bd/ulp/ip/ulp_score_scale_u55c_kernel_1_0/constraints/score_scale_u55c_kernel_ooc.xdc] for cell 'inst'
0V85_VCCINT { VCCINT }  -supply_current_budget  100.000 A -voltage  0.850 V -direct
0V85_VCCINT_IO { VCCINT_IO VCCBRAM }  -supply_current_budget  30.000 A -voltage  0.850 V -direct
0V9_AVCC { MGTYAVCC }  -supply_current_budget  0.000 A -voltage  0.900 V -direct
1V2_AVTT { MGTYAVTT }  -supply_current_budget  0.000 A -voltage  1.200 V -direct
1V2_HBM { VCC_HBM }  -supply_current_budget  0.000 A -voltage  1.200 V -direct
1V8 { VCCAUX VCCAUX_IO MGTYVCCAUX VCCO18 VCCADC }  -supply_current_budget  4.000 A -voltage  1.800 V -direct
2V5_VPP { VCCAUX_HBM }  -supply_current_budget  0.300 A -voltage  2.500 V -direct
Finished Parsing XDC File [/home/advent/Desktop/RC19/_x/link/vivado/vpl/prj/prj.gen/my_rm/bd/ulp/ip/ulp_score_scale_u55c_kernel_1_0/constraints/score_scale_u55c_kernel_ooc.xdc] for cell 'inst'
Parsing XDC File [/home/advent/Desktop/RC19/_x/link/vivado/vpl/prj/prj.runs/ulp_score_scale_u55c_kernel_1_0_synth_1/dont_touch.xdc]
Finished Parsing XDC File [/home/advent/Desktop/RC19/_x/link/vivado/vpl/prj/prj.runs/ulp_score_scale_u55c_kernel_1_0_synth_1/dont_touch.xdc]
Completed Processing XDC Constraints

Netlist sorting complete. Time (s): cpu = 00:00:00 ; elapsed = 00:00:00.01 . Memory (MB): peak = 3444.289 ; gain = 0.000 ; free physical = 7612 ; free virtual = 12591
INFO: [Project 1-111] Unisim Transformation Summary:
  A total of 3 instances were transformed.
  DSP48E1 => DSP48E2 (DSP_ALU, DSP_A_B_DATA, DSP_C_DATA, DSP_MULTIPLIER, DSP_M_DATA, DSP_OUTPUT, DSP_PREADD, DSP_PREADD_DATA): 3 instances

Constraint Validation Runtime : Time (s): cpu = 00:00:00.66 ; elapsed = 00:00:00.67 . Memory (MB): peak = 3467.102 ; gain = 22.812 ; free physical = 7429 ; free virtual = 12416
INFO: [Designutils 20-5008] Incremental synthesis strategy off
INFO: [Synth 8-11241] undeclared symbol 'REGCCE', assumed default net type 'wire' [/home/advent/Vivado/Vivado/2022.2/data/verilog/src/unimacro/BRAM_SINGLE_MACRO.v:2170]
---------------------------------------------------------------------------------
Finished Constraint Validation : Time (s): cpu = 00:00:20 ; elapsed = 00:00:21 . Memory (MB): peak = 3467.102 ; gain = 735.832 ; free physical = 6238 ; free virtual = 11245
Synthesis current peak Physical Memory [PSS] (MB): peak = 2333.749; parent = 2197.322; children = 142.037
Synthesis current peak Virtual Memory [VSS] (MB): peak = 4440.180; parent = 3467.105; children = 973.074
---------------------------------------------------------------------------------
---------------------------------------------------------------------------------
Start Loading Part and Timing Information
---------------------------------------------------------------------------------
Loading part: xcu55c-fsvh2892-2L-e
INFO: [Synth 8-6742] Reading net delay rules and data
---------------------------------------------------------------------------------
Finished Loading Part and Timing Information : Time (s): cpu = 00:00:20 ; elapsed = 00:00:21 . Memory (MB): peak = 3467.102 ; gain = 735.832 ; free physical = 6219 ; free virtual = 11226
Synthesis current peak Physical Memory [PSS] (MB): peak = 2333.749; parent = 2197.322; children = 142.037
Synthesis current peak Virtual Memory [VSS] (MB): peak = 4440.180; parent = 3467.105; children = 973.074
---------------------------------------------------------------------------------
---------------------------------------------------------------------------------
Start Applying 'set_property' XDC Constraints
---------------------------------------------------------------------------------
Applied set_property KEEP_HIERARCHY = SOFT for inst. (constraint file  /home/advent/Desktop/RC19/_x/link/vivado/vpl/prj/prj.runs/ulp_score_scale_u55c_kernel_1_0_synth_1/dont_touch.xdc, line 9).
---------------------------------------------------------------------------------
Finished applying 'set_property' XDC Constraints : Time (s): cpu = 00:00:20 ; elapsed = 00:00:21 . Memory (MB): peak = 3467.102 ; gain = 735.832 ; free physical = 6209 ; free virtual = 11216
Synthesis current peak Physical Memory [PSS] (MB): peak = 2333.749; parent = 2197.322; children = 142.037
Synthesis current peak Virtual Memory [VSS] (MB): peak = 4440.180; parent = 3467.105; children = 973.074
---------------------------------------------------------------------------------
INFO: [Synth 8-802] inferred FSM for state register 'wstate_reg' in module 'score_scale_u55c_kernel_control_s_axi'
INFO: [Synth 8-802] inferred FSM for state register 'rstate_reg' in module 'score_scale_u55c_kernel_control_s_axi'
INFO: [Synth 8-802] inferred FSM for state register 'state_reg' in module 'score_scale_u55c_kernel_gmem0_m_axi_reg_slice'
INFO: [Synth 8-802] inferred FSM for state register 'state_reg' in module 'score_scale_u55c_kernel_gmem0_m_axi_reg_slice__parameterized0'
INFO: [Synth 8-802] inferred FSM for state register 'state_reg' in module 'score_scale_u55c_kernel_gmem0_m_axi_reg_slice__parameterized1'
INFO: [Synth 8-802] inferred FSM for state register 'state_reg' in module 'score_scale_u55c_kernel_gmem0_m_axi_reg_slice__parameterized2'
INFO: [Synth 8-802] inferred FSM for state register 'state_reg' in module 'score_scale_u55c_kernel_gmem1_m_axi_reg_slice'
INFO: [Synth 8-802] inferred FSM for state register 'state_reg' in module 'score_scale_u55c_kernel_gmem1_m_axi_reg_slice__parameterized0'
INFO: [Synth 8-802] inferred FSM for state register 'state_reg' in module 'score_scale_u55c_kernel_gmem1_m_axi_reg_slice__parameterized1'
INFO: [Synth 8-802] inferred FSM for state register 'state_reg' in module 'score_scale_u55c_kernel_gmem1_m_axi_reg_slice__parameterized2'
INFO: [Synth 8-4490] FSM extraction disabled for register 'ap_CS_fsm_reg' through user attribute
---------------------------------------------------------------------------------------------------
                   State |                     New Encoding |                Previous Encoding 
---------------------------------------------------------------------------------------------------
                  iSTATE |                             0001 |                               11
*
                  WRIDLE |                             0010 |                               00
                  WRDATA |                             0100 |                               01
                  WRRESP |                             1000 |                               10
---------------------------------------------------------------------------------------------------
INFO: [Synth 8-3354] encoded FSM with state register 'wstate_reg' using encoding 'one-hot' in module 'score_scale_u55c_kernel_control_s_axi'
---------------------------------------------------------------------------------------------------
                   State |                     New Encoding |                Previous Encoding 
---------------------------------------------------------------------------------------------------
                  iSTATE |                              001 |                               10
*
                  RDIDLE |                              010 |                               00
                  RDDATA |                              100 |                               01
---------------------------------------------------------------------------------------------------
INFO: [Synth 8-3354] encoded FSM with state register 'rstate_reg' using encoding 'one-hot' in module 'score_scale_u55c_kernel_control_s_axi'
---------------------------------------------------------------------------------------------------
                   State |                     New Encoding |                Previous Encoding 
---------------------------------------------------------------------------------------------------
                    ZERO |                               00 |                               10
                     ONE |                               10 |                               11
                     TWO |                               01 |                               01
---------------------------------------------------------------------------------------------------
INFO: [Synth 8-3354] encoded FSM with state register 'state_reg' using encoding 'sequential' in module 'score_scale_u55c_kernel_gmem0_m_axi_reg_slice'
---------------------------------------------------------------------------------------------------
                   State |                     New Encoding |                Previous Encoding 
---------------------------------------------------------------------------------------------------
                    ZERO |                               00 |                               10
                     ONE |                               10 |                               11
                     TWO |                               01 |                               01
---------------------------------------------------------------------------------------------------
INFO: [Synth 8-3354] encoded FSM with state register 'state_reg' using encoding 'sequential' in module 'score_scale_u55c_kernel_gmem0_m_axi_reg_slice__parameterized0'
---------------------------------------------------------------------------------------------------
                   State |                     New Encoding |                Previous Encoding 
---------------------------------------------------------------------------------------------------
                    ZERO |                               00 |                               10
                     ONE |                               10 |                               11
                     TWO |                               01 |                               01
---------------------------------------------------------------------------------------------------
INFO: [Synth 8-3354] encoded FSM with state register 'state_reg' using encoding 'sequential' in module 'score_scale_u55c_kernel_gmem0_m_axi_reg_slice__parameterized1'
---------------------------------------------------------------------------------------------------
                   State |                     New Encoding |                Previous Encoding 
---------------------------------------------------------------------------------------------------
                    ZERO |                               00 |                               10
                     ONE |                               10 |                               11
                     TWO |                               01 |                               01
---------------------------------------------------------------------------------------------------
INFO: [Synth 8-3354] encoded FSM with state register 'state_reg' using encoding 'sequential' in module 'score_scale_u55c_kernel_gmem0_m_axi_reg_slice__parameterized2'
---------------------------------------------------------------------------------------------------
                   State |                     New Encoding |                Previous Encoding 
---------------------------------------------------------------------------------------------------
                    ZERO |                               00 |                               10
                     ONE |                               10 |                               11
                     TWO |                               01 |                               01
---------------------------------------------------------------------------------------------------
INFO: [Synth 8-3354] encoded FSM with state register 'state_reg' using encoding 'sequential' in module 'score_scale_u55c_kernel_gmem1_m_axi_reg_slice'
---------------------------------------------------------------------------------------------------
                   State |                     New Encoding |                Previous Encoding 
---------------------------------------------------------------------------------------------------
                    ZERO |                               00 |                               10
                     ONE |                               10 |                               11
                     TWO |                               01 |                               01
---------------------------------------------------------------------------------------------------
INFO: [Synth 8-3354] encoded FSM with state register 'state_reg' using encoding 'sequential' in module 'score_scale_u55c_kernel_gmem1_m_axi_reg_slice__parameterized0'
---------------------------------------------------------------------------------------------------
                   State |                     New Encoding |                Previous Encoding 
---------------------------------------------------------------------------------------------------
                    ZERO |                               00 |                               10
                     ONE |                               10 |                               11
                     TWO |                               01 |                               01
---------------------------------------------------------------------------------------------------
INFO: [Synth 8-3354] encoded FSM with state register 'state_reg' using encoding 'sequential' in module 'score_scale_u55c_kernel_gmem1_m_axi_reg_slice__parameterized1'
---------------------------------------------------------------------------------------------------
                   State |                     New Encoding |                Previous Encoding 
---------------------------------------------------------------------------------------------------
                    ZERO |                               00 |                               10
                     ONE |                               10 |                               11
                     TWO |                               01 |                               01
---------------------------------------------------------------------------------------------------
INFO: [Synth 8-3354] encoded FSM with state register 'state_reg' using encoding 'sequential' in module 'score_scale_u55c_kernel_gmem1_m_axi_reg_slice__parameterized2'
---------------------------------------------------------------------------------
Finished RTL Optimization Phase 2 : Time (s): cpu = 00:00:22 ; elapsed = 00:00:24 . Memory (MB): peak = 3467.102 ; gain = 735.832 ; free physical = 5622 ; free virtual = 10633
Synthesis current peak Physical Memory [PSS] (MB): peak = 2333.749; parent = 2197.322; children = 142.037
Synthesis current peak Virtual Memory [VSS] (MB): peak = 4440.180; parent = 3467.105; children = 973.074
---------------------------------------------------------------------------------
INFO: [Synth 8-223] decloning instance 'inst/grp_score_scale_core_hls_fu_131/fmul_32ns_32ns_32_4_max_dsp_1_U4/score_scale_u55c_kernel_fmul_32ns_32ns_32_4_max_dsp_1_ip_u/inst/i_synth/DELAY_DIVIDE_BY_ZERO' (delay__parameterized1) to 'inst/grp_score_scale_core_hls_fu_131/fmul_32ns_32ns_32_4_max_dsp_1_U4/score_scale_u55c_kernel_fmul_32ns_32ns_32_4_max_dsp_1_ip_u/inst/i_synth/DELAY_ACCUM_OVERFLOW'
INFO: [Synth 8-223] decloning instance 'inst/grp_score_scale_core_hls_fu_131/fmul_32ns_32ns_32_4_max_dsp_1_U4/score_scale_u55c_kernel_fmul_32ns_32ns_32_4_max_dsp_1_ip_u/inst/i_synth/DELAY_DIVIDE_BY_ZERO' (delay__parameterized1) to 'inst/grp_score_scale_core_hls_fu_131/fmul_32ns_32ns_32_4_max_dsp_1_U4/score_scale_u55c_kernel_fmul_32ns_32ns_32_4_max_dsp_1_ip_u/inst/i_synth/DELAY_ACCUM_INPUT_OVERFLOW'
INFO: [Synth 8-223] decloning instance 'inst/grp_score_scale_core_hls_fu_131/sitofp_32ns_32_5_no_dsp_1_U5/score_scale_u55c_kernel_sitofp_32ns_32_5_no_dsp_1_ip_u/inst/i_synth/FIX_TO_FLT_OP.SPD.OP/ROUND/EXTRA_LSB_BIT_DEL' (delay__parameterized1) to 'inst/grp_score_scale_core_hls_fu_131/sitofp_32ns_32_5_no_dsp_1_U5/score_scale_u55c_kernel_sitofp_32ns_32_5_no_dsp_1_ip_u/inst/i_synth/FIX_TO_FLT_OP.SPD.OP/ROUND/EXTRA_LSB_RND1_DEL'
INFO: [Synth 8-223] decloning instance 'inst/grp_score_scale_core_hls_fu_131/sitofp_32ns_32_5_no_dsp_1_U5/score_scale_u55c_kernel_sitofp_32ns_32_5_no_dsp_1_ip_u/inst/i_synth/FIX_TO_FLT_OP.SPD.OP/ROUND/EXP_INC_DELAY' (delay__parameterized1) to 'inst/grp_score_scale_core_hls_fu_131/sitofp_32ns_32_5_no_dsp_1_U5/score_scale_u55c_kernel_sitofp_32ns_32_5_no_dsp_1_ip_u/inst/i_synth/FIX_TO_FLT_OP.SPD.OP/ROUND/EXP_INC_RND1_DELAY'
INFO: [Synth 8-223] decloning instance 'inst/grp_score_scale_core_hls_fu_131/sitofp_32ns_32_5_no_dsp_1_U5/score_scale_u55c_kernel_sitofp_32ns_32_5_no_dsp_1_ip_u/inst/i_synth/FIX_TO_FLT_OP.SPD.OP/ROUND/EXP_IN_DELAY.EXP_IN_DEL' (delay__parameterized30) to 'inst/grp_score_scale_core_hls_fu_131/sitofp_32ns_32_5_no_dsp_1_U5/score_scale_u55c_kernel_sitofp_32ns_32_5_no_dsp_1_ip_u/inst/i_synth/FIX_TO_FLT_OP.SPD.OP/ROUND/EXP_RND2_DELAY.EXP_RND_DEL'
INFO: [Synth 8-223] decloning instance 'inst/grp_score_scale_core_hls_fu_131/sitofp_32ns_32_5_no_dsp_1_U5/score_scale_u55c_kernel_sitofp_32ns_32_5_no_dsp_1_ip_u/inst/i_synth/FIX_TO_FLT_OP.SPD.OP/ROUND/EXP_IN_DELAY.EXP_OFF_OP_DEL' (delay__parameterized30) to 'inst/grp_score_scale_core_hls_fu_131/sitofp_32ns_32_5_no_dsp_1_U5/score_scale_u55c_kernel_sitofp_32ns_32_5_no_dsp_1_ip_u/inst/i_synth/FIX_TO_FLT_OP.SPD.OP/ROUND/EXP_RND2_DELAY.EXP_OFF_RND_DEL'
INFO: [Synth 8-223] decloning instance 'inst/grp_score_scale_core_hls_fu_131/sitofp_32ns_32_5_no_dsp_1_U5/score_scale_u55c_kernel_sitofp_32ns_32_5_no_dsp_1_ip_u/inst/i_synth/DELAY_INVALID_OP' (delay__parameterized1) to 'inst/grp_score_scale_core_hls_fu_131/sitofp_32ns_32_5_no_dsp_1_U5/score_scale_u55c_kernel_sitofp_32ns_32_5_no_dsp_1_ip_u/inst/i_synth/DELAY_DIVIDE_BY_ZERO'
INFO: [Synth 8-223] decloning instance 'inst/grp_score_scale_core_hls_fu_131/sitofp_32ns_32_5_no_dsp_1_U5/score_scale_u55c_kernel_sitofp_32ns_32_5_no_dsp_1_ip_u/inst/i_synth/DELAY_INVALID_OP' (delay__parameterized1) to 'inst/grp_score_scale_core_hls_fu_131/sitofp_32ns_32_5_no_dsp_1_U5/score_scale_u55c_kernel_sitofp_32ns_32_5_no_dsp_1_ip_u/inst/i_synth/DELAY_OVERFLOW'
INFO: [Synth 8-223] decloning instance 'inst/grp_score_scale_core_hls_fu_131/sitofp_32ns_32_5_no_dsp_1_U5/score_scale_u55c_kernel_sitofp_32ns_32_5_no_dsp_1_ip_u/inst/i_synth/DELAY_INVALID_OP' (delay__parameterized1) to 'inst/grp_score_scale_core_hls_fu_131/sitofp_32ns_32_5_no_dsp_1_U5/score_scale_u55c_kernel_sitofp_32ns_32_5_no_dsp_1_ip_u/inst/i_synth/DELAY_UNDERFLOW'
INFO: [Synth 8-223] decloning instance 'inst/grp_score_scale_core_hls_fu_131/sitofp_32ns_32_5_no_dsp_1_U5/score_scale_u55c_kernel_sitofp_32ns_32_5_no_dsp_1_ip_u/inst/i_synth/DELAY_INVALID_OP' (delay__parameterized1) to 'inst/grp_score_scale_core_hls_fu_131/sitofp_32ns_32_5_no_dsp_1_U5/score_scale_u55c_kernel_sitofp_32ns_32_5_no_dsp_1_ip_u/inst/i_synth/DELAY_ACCUM_OVERFLOW'
INFO: [Synth 8-223] decloning instance 'inst/grp_score_scale_core_hls_fu_131/sitofp_32ns_32_5_no_dsp_1_U5/score_scale_u55c_kernel_sitofp_32ns_32_5_no_dsp_1_ip_u/inst/i_synth/DELAY_INVALID_OP' (delay__parameterized1) to 'inst/grp_score_scale_core_hls_fu_131/sitofp_32ns_32_5_no_dsp_1_U5/score_scale_u55c_kernel_sitofp_32ns_32_5_no_dsp_1_ip_u/inst/i_synth/DELAY_ACCUM_INPUT_OVERFLOW'
---------------------------------------------------------------------------------
Start RTL Component Statistics 
---------------------------------------------------------------------------------
---------------------------------------------------------------------------------
Finished RTL Component Statistics 
---------------------------------------------------------------------------------
---------------------------------------------------------------------------------
Start Part Resource Summary
---------------------------------------------------------------------------------
Part Resources:
DSPs: 9024 (col length:94)
BRAMs: 4032 (col length: RAMB18 288 RAMB36 144)
---------------------------------------------------------------------------------
Finished Part Resource Summary
---------------------------------------------------------------------------------
---------------------------------------------------------------------------------
Start Cross Boundary and Area Optimization
---------------------------------------------------------------------------------
WARNING: [Synth 8-7080] Parallel synthesis criteria is not met
RAM ("inst/score_in_local_V_U/ram_reg") is too shallow (depth = 512) to use URAM. Choosing BRAM instead of URAM 
RAM ("inst/score_out_local_U/ram_reg") is too shallow (depth = 512) to use URAM. Choosing BRAM instead of URAM 
INFO: [Synth 8-5784] Optimized 576 bits of RAM "buff_wdata/U_fifo_mem/mem_reg" due to constant propagation. Old ram width 576 bits, new ram width 0 bits.
WARNING: [Synth 8-5785] Removed RAM "buff_wdata/U_fifo_mem/mem_reg" due to constant propagation. Write data stuck at zero 
WARNING: [Synth 8-3332] Sequential element (control_s_axi_U/FSM_onehot_wstate_reg[0]) is unused and will be removed from module score_scale_u55c_kernel.
WARNING: [Synth 8-3332] Sequential element (control_s_axi_U/FSM_onehot_rstate_reg[0]) is unused and will be removed from module score_scale_u55c_kernel.
WARNING: [Synth 8-3332] Sequential element (rs_wreq/FSM_sequential_state_reg[1]) is unused and will be removed from module score_scale_u55c_kernel_gmem0_m_axi_write.
WARNING: [Synth 8-3332] Sequential element (rs_wreq/FSM_sequential_state_reg[0]) is unused and will be removed from module score_scale_u55c_kernel_gmem0_m_axi_write.
WARNING: [Synth 8-3332] Sequential element (wreq_throttle/rs_req/FSM_sequential_state_reg[1]) is unused and will be removed from module score_scale_u55c_kernel_gmem0_m_axi_write.
WARNING: [Synth 8-3332] Sequential element (wreq_throttle/rs_req/FSM_sequential_state_reg[0]) is unused and will be removed from module score_scale_u55c_kernel_gmem0_m_axi_write.
WARNING: [Synth 8-3332] Sequential element (rs_rreq/FSM_sequential_state_reg[1]) is unused and will be removed from module score_scale_u55c_kernel_gmem1_m_axi_read.
WARNING: [Synth 8-3332] Sequential element (rs_rreq/FSM_sequential_state_reg[0]) is unused and will be removed from module score_scale_u55c_kernel_gmem1_m_axi_read.
---------------------------------------------------------------------------------
Finished Cross Boundary and Area Optimization : Time (s): cpu = 00:00:33 ; elapsed = 00:00:35 . Memory (MB): peak = 3467.102 ; gain = 735.832 ; free physical = 5226 ; free virtual = 10284
Synthesis current peak Physical Memory [PSS] (MB): peak = 2338.039; parent = 2202.548; children = 142.037
Synthesis current peak Virtual Memory [VSS] (MB): peak = 4440.180; parent = 3467.105; children = 973.074
---------------------------------------------------------------------------------
---------------------------------------------------------------------------------
Start Applying XDC Timing Constraints
---------------------------------------------------------------------------------
---------------------------------------------------------------------------------
Finished Applying XDC Timing Constraints : Time (s): cpu = 00:00:41 ; elapsed = 00:00:44 . Memory (MB): peak = 3618.727 ; gain = 887.457 ; free physical = 2809 ; free virtual = 7873
Synthesis current peak Physical Memory [PSS] (MB): peak = 2806.481; parent = 2671.537; children = 142.037
Synthesis current peak Virtual Memory [VSS] (MB): peak = 4591.805; parent = 3618.730; children = 973.074
---------------------------------------------------------------------------------
---------------------------------------------------------------------------------
Start Timing Optimization
---------------------------------------------------------------------------------
---------------------------------------------------------------------------------
Finished Timing Optimization : Time (s): cpu = 00:00:44 ; elapsed = 00:00:47 . Memory (MB): peak = 3700.773 ; gain = 969.504 ; free physical = 1467 ; free virtual = 6557
Synthesis current peak Physical Memory [PSS] (MB): peak = 2847.068; parent = 2710.732; children = 142.037
Synthesis current peak Virtual Memory [VSS] (MB): peak = 4673.852; parent = 3700.777; children = 973.074
---------------------------------------------------------------------------------
---------------------------------------------------------------------------------
Start Technology Mapping
---------------------------------------------------------------------------------
INFO: [Synth 8-7052] The timing for the instance inst/score_out_local_U/ram_reg (implemented as a Block RAM) might be sub-optimal as no optional output register could be merged into the ram block. Providing additional output register may help in improving timing.
INFO: [Synth 8-7052] The timing for the instance inst/score_out_local_U/ram_reg (implemented as a Block RAM) might be sub-optimal as no optional output register could be merged into the ram block. Providing additional output register may help in improving timing.
INFO: [Synth 8-7052] The timing for the instance inst/gmem0_m_axi_U/load_unit/buff_rdata/U_fifo_mem/mem_reg_7 (implemented as a Block RAM) might be sub-optimal as no optional output register could be merged into the ram block. Providing additional output register may help in improving timing.
---------------------------------------------------------------------------------
Finished Technology Mapping : Time (s): cpu = 00:00:46 ; elapsed = 00:00:49 . Memory (MB): peak = 3700.773 ; gain = 969.504 ; free physical = 1015 ; free virtual = 6093
Synthesis current peak Physical Memory [PSS] (MB): peak = 2853.730; parent = 2716.923; children = 142.037
Synthesis current peak Virtual Memory [VSS] (MB): peak = 4673.852; parent = 3700.777; children = 973.074
---------------------------------------------------------------------------------
---------------------------------------------------------------------------------
Start IO Insertion
---------------------------------------------------------------------------------
---------------------------------------------------------------------------------
Start Flattening Before IO Insertion
---------------------------------------------------------------------------------
---------------------------------------------------------------------------------
Finished Flattening Before IO Insertion
---------------------------------------------------------------------------------
---------------------------------------------------------------------------------
Start Final Netlist Cleanup
---------------------------------------------------------------------------------
---------------------------------------------------------------------------------
Finished Final Netlist Cleanup
---------------------------------------------------------------------------------
---------------------------------------------------------------------------------
Finished IO Insertion : Time (s): cpu = 00:00:48 ; elapsed = 00:00:51 . Memory (MB): peak = 3700.773 ; gain = 969.504 ; free physical = 3892 ; free virtual = 8802
Synthesis current peak Physical Memory [PSS] (MB): peak = 2853.730; parent = 2716.923; children = 142.037
Synthesis current peak Virtual Memory [VSS] (MB): peak = 4673.852; parent = 3700.777; children = 973.074
---------------------------------------------------------------------------------
---------------------------------------------------------------------------------
Start Renaming Generated Instances
---------------------------------------------------------------------------------
---------------------------------------------------------------------------------
Finished Renaming Generated Instances : Time (s): cpu = 00:00:48 ; elapsed = 00:00:51 . Memory (MB): peak = 3700.773 ; gain = 969.504 ; free physical = 4110 ; free virtual = 9020
Synthesis current peak Physical Memory [PSS] (MB): peak = 2853.730; parent = 2716.923; children = 142.037
Synthesis current peak Virtual Memory [VSS] (MB): peak = 4673.852; parent = 3700.777; children = 973.074
---------------------------------------------------------------------------------
---------------------------------------------------------------------------------
Start Rebuilding User Hierarchy
---------------------------------------------------------------------------------
---------------------------------------------------------------------------------
Finished Rebuilding User Hierarchy : Time (s): cpu = 00:00:49 ; elapsed = 00:00:52 . Memory (MB): peak = 3700.773 ; gain = 969.504 ; free physical = 7998 ; free virtual = 12925
Synthesis current peak Physical Memory [PSS] (MB): peak = 2877.582; parent = 2737.649; children = 142.037
Synthesis current peak Virtual Memory [VSS] (MB): peak = 4673.852; parent = 3700.777; children = 973.074
---------------------------------------------------------------------------------
---------------------------------------------------------------------------------
Start Renaming Generated Ports
---------------------------------------------------------------------------------
---------------------------------------------------------------------------------
Finished Renaming Generated Ports : Time (s): cpu = 00:00:49 ; elapsed = 00:00:52 . Memory (MB): peak = 3700.773 ; gain = 969.504 ; free physical = 7976 ; free virtual = 12903
Synthesis current peak Physical Memory [PSS] (MB): peak = 2877.582; parent = 2737.649; children = 142.037
Synthesis current peak Virtual Memory [VSS] (MB): peak = 4673.852; parent = 3700.777; children = 973.074
---------------------------------------------------------------------------------
---------------------------------------------------------------------------------
Start Handling Custom Attributes
---------------------------------------------------------------------------------
---------------------------------------------------------------------------------
Finished Handling Custom Attributes : Time (s): cpu = 00:00:49 ; elapsed = 00:00:53 . Memory (MB): peak = 3700.773 ; gain = 969.504 ; free physical = 7933 ; free virtual = 12861
Synthesis current peak Physical Memory [PSS] (MB): peak = 2877.715; parent = 2737.790; children = 142.037
Synthesis current peak Virtual Memory [VSS] (MB): peak = 4673.852; parent = 3700.777; children = 973.074
---------------------------------------------------------------------------------
---------------------------------------------------------------------------------
Start Renaming Generated Nets
---------------------------------------------------------------------------------
---------------------------------------------------------------------------------
Finished Renaming Generated Nets : Time (s): cpu = 00:00:49 ; elapsed = 00:00:53 . Memory (MB): peak = 3700.773 ; gain = 969.504 ; free physical = 7943 ; free virtual = 12870
Synthesis current peak Physical Memory [PSS] (MB): peak = 2877.715; parent = 2737.790; children = 142.037
Synthesis current peak Virtual Memory [VSS] (MB): peak = 4673.852; parent = 3700.777; children = 973.074
---------------------------------------------------------------------------------
---------------------------------------------------------------------------------
Start Writing Synthesis Report
---------------------------------------------------------------------------------

DSP Final Report (the ' indicates corresponding REG is set)
+--------------------------------+-----------------+--------+--------+--------+--------+--------+------+------+------+------+-------+------+------+
|Module Name                     | DSP Mapping     | A Size | B Size | C Size | D Size | P Size | AREG | BREG | CREG | DREG | ADREG | MREG | PREG | 
+--------------------------------+-----------------+--------+--------+--------+--------+--------+------+------+------+------+-------+------+------+
|dsp48e1_wrapper                 | (A*B)'          | 24     | 17     | -      | -      | 41     | 0    | 0    | -    | -    | -     | 0    | 1    | 
|dsp48e1_wrapper__parameterized0 | PCIN>>17+(A*B)' | 0      | 7      | -      | -      | 31     | 0    | 0    | -    | -    | -     | 1    | 0    | 
|dsp48e1_wrapper__parameterized1 | PCIN+A:B+C      | 22     | 0      | -      | -      | 48     | 0    | 0    | -    | -    | -     | 0    | 0    | 
+--------------------------------+-----------------+--------+--------+--------+--------+--------+------+------+------+------+-------+------+------+


Report BlackBoxes: 
+-+--------------+----------+
| |BlackBox name |Instances |
+-+--------------+----------+
+-+--------------+----------+

Report Cell Usage: 
+------+---------+------+
|      |Cell     |Count |
+------+---------+------+
|1     |CARRY8   |    60|
|2     |DSP48E1  |     3|
|3     |LUT1     |    32|
|4     |LUT2     |   669|
|5     |LUT3     |   570|
|6     |LUT4     |  1565|
|7     |LUT5     |   268|
|8     |LUT6     |   440|
|9     |MUXCY    |    93|
|10    |MUXF7    |   121|
|11    |RAMB18E2 |     3|
|14    |RAMB36E2 |    15|
|16    |SRL16E   |   657|
|17    |SRLC32E  |   354|
|18    |XORCY    |    64|
|19    |FDRE     |  5542|
|20    |FDSE     |     7|
+------+---------+------+
---------------------------------------------------------------------------------
Finished Writing Synthesis Report : Time (s): cpu = 00:00:49 ; elapsed = 00:00:53 . Memory (MB): peak = 3700.773 ; gain = 969.504 ; free physical = 7898 ; free virtual = 12829
Synthesis current peak Physical Memory [PSS] (MB): peak = 2877.715; parent = 2737.790; children = 142.037
Synthesis current peak Virtual Memory [VSS] (MB): peak = 4673.852; parent = 3700.777; children = 973.074
---------------------------------------------------------------------------------
Synthesis finished with 0 errors, 0 critical warnings and 835 warnings.
Synthesis Optimization Runtime : Time (s): cpu = 00:00:40 ; elapsed = 00:00:44 . Memory (MB): peak = 3700.773 ; gain = 807.125 ; free physical = 7965 ; free virtual = 12896
Synthesis Optimization Complete : Time (s): cpu = 00:00:49 ; elapsed = 00:00:53 . Memory (MB): peak = 3700.781 ; gain = 969.504 ; free physical = 7961 ; free virtual = 12892
INFO: [Project 1-571] Translating synthesized netlist
Netlist sorting complete. Time (s): cpu = 00:00:00.07 ; elapsed = 00:00:00.08 . Memory (MB): peak = 3700.781 ; gain = 0.000 ; free physical = 7962 ; free virtual = 12922
INFO: [Netlist 29-17] Analyzing 341 Unisim elements for replacement
INFO: [Netlist 29-28] Unisim Transformation completed in 0 CPU seconds
INFO: [Project 1-570] Preparing netlist for logic optimization
INFO: [Opt 31-138] Pushed 0 inverter(s) to 0 load pin(s).
INFO: [Opt 31-422] The CLOCK_DOMAINS attribute on the BRAM cell inst/score_in_local_V_U/ram_reg has been changed from INDEPENDENT to COMMON to match the clocking topology used for the BRAM.
INFO: [Opt 31-422] The CLOCK_DOMAINS attribute on the BRAM cell inst/score_out_local_U/ram_reg has been changed from INDEPENDENT to COMMON to match the clocking topology used for the BRAM.
Netlist sorting complete. Time (s): cpu = 00:00:00 ; elapsed = 00:00:00.01 . Memory (MB): peak = 3768.188 ; gain = 0.000 ; free physical = 7827 ; free virtual = 12787
INFO: [Project 1-111] Unisim Transformation Summary:
  A total of 17 instances were transformed.
  (CARRY4) => CARRY8: 14 instances
  DSP48E1 => DSP48E2 (DSP_ALU, DSP_A_B_DATA, DSP_C_DATA, DSP_MULTIPLIER, DSP_M_DATA, DSP_OUTPUT, DSP_PREADD, DSP_PREADD_DATA): 3 instances

Synth Design complete, checksum: e12d4428
INFO: [Common 17-83] Releasing license: Synthesis
200 Infos, 123 Warnings, 0 Critical Warnings and 0 Errors encountered.
synth_design completed successfully
synth_design: Time (s): cpu = 00:00:59 ; elapsed = 00:01:01 . Memory (MB): peak = 3768.188 ; gain = 2341.699 ; free physical = 8163 ; free virtual = 13124
INFO: [Common 17-600] The following parameters have non-default value.
general.maxThreads
INFO: [Common 17-1381] The checkpoint '/home/advent/Desktop/RC19/_x/link/vivado/vpl/prj/prj.runs/ulp_score_scale_u55c_kernel_1_0_synth_1/ulp_score_scale_u55c_kernel_1_0.dcp' has been generated.
INFO: [Coretcl 2-1648] Added synthesis output to IP cache for IP ulp_score_scale_u55c_kernel_1_0, cache-ID = ce480f4fdd93fd7d
INFO: [Coretcl 2-1174] Renamed 121 cell refs.
INFO: [Common 17-1381] The checkpoint '/home/advent/Desktop/RC19/_x/link/vivado/vpl/prj/prj.runs/ulp_score_scale_u55c_kernel_1_0_synth_1/ulp_score_scale_u55c_kernel_1_0.dcp' has been generated.
INFO: [runtcl-4] Executing : report_utilization -file ulp_score_scale_u55c_kernel_1_0_utilization_synth.rpt -pb ulp_score_scale_u55c_kernel_1_0_utilization_synth.pb
INFO: [Common 17-206] Exiting Vivado at Mon Apr 27 18:57:07 2026...
