INFO: [v++ 60-1306] Additional information associated with this v++ compile can be found at:
	Reports: /home/advent/Desktop/RC19/_x/reports/causal_mask_u55c_kernel
	Log files: /home/advent/Desktop/RC19/_x/logs/causal_mask_u55c_kernel
INFO: [v++ 60-1548] Creating build summary session with primary output /home/advent/Desktop/RC19/attention_score_u55c/build/causal_mask_u55c_kernel.xo.compile_summary, at Mon Apr 27 18:41:53 2026
INFO: [v++ 60-1315] Creating rulecheck session with output '/home/advent/Desktop/RC19/_x/reports/causal_mask_u55c_kernel/v++_compile_causal_mask_u55c_kernel_guidance.html', at Mon Apr 27 18:41:53 2026
INFO: [v++ 60-895]   Target platform: /opt/xilinx/platforms/xilinx_u55c_gen3x16_xdma_3_202210_1/xilinx_u55c_gen3x16_xdma_3_202210_1.xpfm
INFO: [v++ 60-1578]   This platform contains Xilinx Shell Archive '/opt/xilinx/platforms/xilinx_u55c_gen3x16_xdma_3_202210_1/hw/hw.xsa'
INFO: [v++ 74-78] Compiler Version string: 2022.2
INFO: [v++ 60-585] Compiling for hardware target
INFO: [v++ 60-423]   Target device: xilinx_u55c_gen3x16_xdma_3_202210_1
INFO: [v++ 60-242] Creating kernel: 'causal_mask_u55c_kernel'

===>The following messages were generated while  performing high-level synthesis for kernel: causal_mask_u55c_kernel Log file: /home/advent/Desktop/RC19/_x/causal_mask_u55c_kernel/causal_mask_u55c_kernel/vitis_hls.log :
INFO: [v++ 204-61] Pipelining loop 'VITIS_LOOP_55_1_VITIS_LOOP_56_2'.
INFO: [v++ 200-1470] Pipelining result : Target II = 1, Final II = 1, Depth = 3, loop 'VITIS_LOOP_55_1_VITIS_LOOP_56_2'
INFO: [v++ 204-61] Pipelining loop 'VITIS_LOOP_17_1_VITIS_LOOP_18_2'.
INFO: [v++ 200-1470] Pipelining result : Target II = 1, Final II = 1, Depth = 4, loop 'VITIS_LOOP_17_1_VITIS_LOOP_18_2'
INFO: [v++ 204-61] Pipelining loop 'VITIS_LOOP_70_3_VITIS_LOOP_71_4'.
INFO: [v++ 200-1470] Pipelining result : Target II = 1, Final II = 1, Depth = 4, loop 'VITIS_LOOP_70_3_VITIS_LOOP_71_4'
INFO: [v++ 200-790] **** Loop Constraint Status: All loop constraints were satisfied.
INFO: [v++ 200-789] **** Estimated Fmax: 411.00 MHz
INFO: [v++ 60-594] Finished kernel compilation
INFO: [v++ 60-244] Generating system estimate report...
INFO: [v++ 60-1092] Generated system estimate report: /home/advent/Desktop/RC19/_x/reports/causal_mask_u55c_kernel/system_estimate_causal_mask_u55c_kernel.xtxt
WARNING: [v++-17-1525]  
INFO: [v++ 60-586] Created attention_score_u55c/build/causal_mask_u55c_kernel.xo
INFO: [v++ 60-2343] Use the vitis_analyzer tool to visualize and navigate the relevant reports. Run the following command. 
    vitis_analyzer /home/advent/Desktop/RC19/attention_score_u55c/build/causal_mask_u55c_kernel.xo.compile_summary 
INFO: [v++ 60-791] Total elapsed time: 0h 0m 28s
