

================================================================
== Vitis HLS Report for 'attention_score_u55c_kernel_Pipeline_VITIS_LOOP_57_1_VITIS_LOOP_58_2'
================================================================
* Date:           Mon Apr 27 17:15:18 2026

* Version:        2022.2 (Build 3670227 on Oct 13 2022)
* Project:        attention_score_prj
* Solution:       sol1 (Vivado IP Flow Target)
* Product family: virtexuplus
* Target device:  xcu55c-fsvh2892-2L-e


================================================================
== Performance Estimates
================================================================
+ Timing: 
    * Summary: 
    +--------+---------+----------+------------+
    |  Clock |  Target | Estimated| Uncertainty|
    +--------+---------+----------+------------+
    |ap_clk  |  4.00 ns|  2.920 ns|     1.08 ns|
    +--------+---------+----------+------------+

+ Latency: 
    * Summary: 
    +---------+---------+----------+----------+-----+-----+---------+
    |  Latency (cycles) |  Latency (absolute) |  Interval | Pipeline|
    |   min   |   max   |    min   |    max   | min | max |   Type  |
    +---------+---------+----------+----------+-----+-----+---------+
    |      515|      515|  2.060 us|  2.060 us|  515|  515|       no|
    +---------+---------+----------+----------+-----+-----+---------+

    + Detail: 
        * Instance: 
        N/A

        * Loop: 
        +-----------------------------------+---------+---------+----------+-----------+-----------+------+----------+
        |                                   |  Latency (cycles) | Iteration|  Initiation Interval  | Trip |          |
        |             Loop Name             |   min   |   max   |  Latency |  achieved |   target  | Count| Pipelined|
        +-----------------------------------+---------+---------+----------+-----------+-----------+------+----------+
        |- VITIS_LOOP_57_1_VITIS_LOOP_58_2  |      513|      513|         3|          1|          1|   512|       yes|
        +-----------------------------------+---------+---------+----------+-----------+-----------+------+----------+



================================================================
== Utilization Estimates
================================================================
* Summary: 
+---------------------+---------+------+---------+---------+-----+
|         Name        | BRAM_18K|  DSP |    FF   |   LUT   | URAM|
+---------------------+---------+------+---------+---------+-----+
|DSP                  |        -|     -|        -|        -|    -|
|Expression           |        -|     -|        0|       80|    -|
|FIFO                 |        -|     -|        -|        -|    -|
|Instance             |        -|     -|        -|        -|    -|
|Memory               |        -|     -|        -|        -|    -|
|Multiplexer          |        -|     -|        -|       63|    -|
|Register             |        -|     -|       34|        -|    -|
+---------------------+---------+------+---------+---------+-----+
|Total                |        0|     0|       34|      143|    0|
+---------------------+---------+------+---------+---------+-----+
|Available SLR        |     1344|  3008|   869120|   434560|  320|
+---------------------+---------+------+---------+---------+-----+
|Utilization SLR (%)  |        0|     0|       ~0|       ~0|    0|
+---------------------+---------+------+---------+---------+-----+
|Available            |     4032|  9024|  2607360|  1303680|  960|
+---------------------+---------+------+---------+---------+-----+
|Utilization (%)      |        0|     0|       ~0|       ~0|    0|
+---------------------+---------+------+---------+---------+-----+

+ Detail: 
    * Instance: 
    N/A

    * DSP: 
    N/A

    * Memory: 
    N/A

    * FIFO: 
    N/A

    * Expression: 
    +---------------------------+----------+----+---+----+------------+------------+
    |       Variable Name       | Operation| DSP| FF| LUT| Bitwidth P0| Bitwidth P1|
    +---------------------------+----------+----+---+----+------------+------------+
    |add_ln57_1_fu_253_p2       |         +|   0|  0|  17|          10|           1|
    |add_ln57_fu_270_p2         |         +|   0|  0|  12|           4|           1|
    |add_ln58_fu_336_p2         |         +|   0|  0|  14|           7|           1|
    |ap_block_pp0_stage0_11001  |       and|   0|  0|   2|           1|           1|
    |icmp_ln57_fu_247_p2        |      icmp|   0|  0|  11|          10|          11|
    |icmp_ln58_fu_276_p2        |      icmp|   0|  0|  11|           7|           8|
    |select_ln57_1_fu_290_p3    |    select|   0|  0|   4|           1|           4|
    |select_ln57_fu_282_p3      |    select|   0|  0|   7|           1|           1|
    |ap_enable_pp0              |       xor|   0|  0|   2|           1|           2|
    +---------------------------+----------+----+---+----+------------+------------+
    |Total                      |          |   0|  0|  80|          42|          30|
    +---------------------------+----------+----+---+----+------------+------------+

    * Multiplexer: 
    +--------------------------------------+----+-----------+-----+-----------+
    |                 Name                 | LUT| Input Size| Bits| Total Bits|
    +--------------------------------------+----+-----------+-----+-----------+
    |ap_done_int                           |   9|          2|    1|          2|
    |ap_enable_reg_pp0_iter1               |   9|          2|    1|          2|
    |ap_sig_allocacmp_indvar_flatten_load  |   9|          2|   10|         20|
    |dim_fu_96                             |   9|          2|    7|         14|
    |gmem0_blk_n_R                         |   9|          2|    1|          2|
    |indvar_flatten_fu_104                 |   9|          2|   10|         20|
    |row_fu_100                            |   9|          2|    4|          8|
    +--------------------------------------+----+-----------+-----+-----------+
    |Total                                 |  63|         14|   34|         68|
    +--------------------------------------+----+-----------+-----+-----------+

    * Register: 
    +----------------------------------+----+----+-----+-----------+
    |               Name               | FF | LUT| Bits| Const Bits|
    +----------------------------------+----+----+-----+-----------+
    |ap_CS_fsm                         |   1|   0|    1|          0|
    |ap_done_reg                       |   1|   0|    1|          0|
    |ap_enable_reg_pp0_iter1           |   1|   0|    1|          0|
    |ap_enable_reg_pp0_iter2           |   1|   0|    1|          0|
    |ap_loop_exit_ready_pp0_iter1_reg  |   1|   0|    1|          0|
    |dim_fu_96                         |   7|   0|    7|          0|
    |gmem0_addr_read_reg_382           |   8|   0|    8|          0|
    |indvar_flatten_fu_104             |  10|   0|   10|          0|
    |row_fu_100                        |   4|   0|    4|          0|
    +----------------------------------+----+----+-----+-----------+
    |Total                             |  34|   0|   34|          0|
    +----------------------------------+----+----+-----+-----------+



================================================================
== Interface
================================================================
* Summary: 
+----------------------+-----+-----+------------+----------------------------------------------------------------------+--------------+
|       RTL Ports      | Dir | Bits|  Protocol  |                             Source Object                            |    C Type    |
+----------------------+-----+-----+------------+----------------------------------------------------------------------+--------------+
|ap_clk                |   in|    1|  ap_ctrl_hs|  attention_score_u55c_kernel_Pipeline_VITIS_LOOP_57_1_VITIS_LOOP_58_2|  return value|
|ap_rst                |   in|    1|  ap_ctrl_hs|  attention_score_u55c_kernel_Pipeline_VITIS_LOOP_57_1_VITIS_LOOP_58_2|  return value|
|ap_start              |   in|    1|  ap_ctrl_hs|  attention_score_u55c_kernel_Pipeline_VITIS_LOOP_57_1_VITIS_LOOP_58_2|  return value|
|ap_done               |  out|    1|  ap_ctrl_hs|  attention_score_u55c_kernel_Pipeline_VITIS_LOOP_57_1_VITIS_LOOP_58_2|  return value|
|ap_idle               |  out|    1|  ap_ctrl_hs|  attention_score_u55c_kernel_Pipeline_VITIS_LOOP_57_1_VITIS_LOOP_58_2|  return value|
|ap_ready              |  out|    1|  ap_ctrl_hs|  attention_score_u55c_kernel_Pipeline_VITIS_LOOP_57_1_VITIS_LOOP_58_2|  return value|
|m_axi_gmem0_AWVALID   |  out|    1|       m_axi|                                                                 gmem0|       pointer|
|m_axi_gmem0_AWREADY   |   in|    1|       m_axi|                                                                 gmem0|       pointer|
|m_axi_gmem0_AWADDR    |  out|   64|       m_axi|                                                                 gmem0|       pointer|
|m_axi_gmem0_AWID      |  out|    1|       m_axi|                                                                 gmem0|       pointer|
|m_axi_gmem0_AWLEN     |  out|   32|       m_axi|                                                                 gmem0|       pointer|
|m_axi_gmem0_AWSIZE    |  out|    3|       m_axi|                                                                 gmem0|       pointer|
|m_axi_gmem0_AWBURST   |  out|    2|       m_axi|                                                                 gmem0|       pointer|
|m_axi_gmem0_AWLOCK    |  out|    2|       m_axi|                                                                 gmem0|       pointer|
|m_axi_gmem0_AWCACHE   |  out|    4|       m_axi|                                                                 gmem0|       pointer|
|m_axi_gmem0_AWPROT    |  out|    3|       m_axi|                                                                 gmem0|       pointer|
|m_axi_gmem0_AWQOS     |  out|    4|       m_axi|                                                                 gmem0|       pointer|
|m_axi_gmem0_AWREGION  |  out|    4|       m_axi|                                                                 gmem0|       pointer|
|m_axi_gmem0_AWUSER    |  out|    1|       m_axi|                                                                 gmem0|       pointer|
|m_axi_gmem0_WVALID    |  out|    1|       m_axi|                                                                 gmem0|       pointer|
|m_axi_gmem0_WREADY    |   in|    1|       m_axi|                                                                 gmem0|       pointer|
|m_axi_gmem0_WDATA     |  out|    8|       m_axi|                                                                 gmem0|       pointer|
|m_axi_gmem0_WSTRB     |  out|    1|       m_axi|                                                                 gmem0|       pointer|
|m_axi_gmem0_WLAST     |  out|    1|       m_axi|                                                                 gmem0|       pointer|
|m_axi_gmem0_WID       |  out|    1|       m_axi|                                                                 gmem0|       pointer|
|m_axi_gmem0_WUSER     |  out|    1|       m_axi|                                                                 gmem0|       pointer|
|m_axi_gmem0_ARVALID   |  out|    1|       m_axi|                                                                 gmem0|       pointer|
|m_axi_gmem0_ARREADY   |   in|    1|       m_axi|                                                                 gmem0|       pointer|
|m_axi_gmem0_ARADDR    |  out|   64|       m_axi|                                                                 gmem0|       pointer|
|m_axi_gmem0_ARID      |  out|    1|       m_axi|                                                                 gmem0|       pointer|
|m_axi_gmem0_ARLEN     |  out|   32|       m_axi|                                                                 gmem0|       pointer|
|m_axi_gmem0_ARSIZE    |  out|    3|       m_axi|                                                                 gmem0|       pointer|
|m_axi_gmem0_ARBURST   |  out|    2|       m_axi|                                                                 gmem0|       pointer|
|m_axi_gmem0_ARLOCK    |  out|    2|       m_axi|                                                                 gmem0|       pointer|
|m_axi_gmem0_ARCACHE   |  out|    4|       m_axi|                                                                 gmem0|       pointer|
|m_axi_gmem0_ARPROT    |  out|    3|       m_axi|                                                                 gmem0|       pointer|
|m_axi_gmem0_ARQOS     |  out|    4|       m_axi|                                                                 gmem0|       pointer|
|m_axi_gmem0_ARREGION  |  out|    4|       m_axi|                                                                 gmem0|       pointer|
|m_axi_gmem0_ARUSER    |  out|    1|       m_axi|                                                                 gmem0|       pointer|
|m_axi_gmem0_RVALID    |   in|    1|       m_axi|                                                                 gmem0|       pointer|
|m_axi_gmem0_RREADY    |  out|    1|       m_axi|                                                                 gmem0|       pointer|
|m_axi_gmem0_RDATA     |   in|    8|       m_axi|                                                                 gmem0|       pointer|
|m_axi_gmem0_RLAST     |   in|    1|       m_axi|                                                                 gmem0|       pointer|
|m_axi_gmem0_RID       |   in|    1|       m_axi|                                                                 gmem0|       pointer|
|m_axi_gmem0_RFIFONUM  |   in|   11|       m_axi|                                                                 gmem0|       pointer|
|m_axi_gmem0_RUSER     |   in|    1|       m_axi|                                                                 gmem0|       pointer|
|m_axi_gmem0_RRESP     |   in|    2|       m_axi|                                                                 gmem0|       pointer|
|m_axi_gmem0_BVALID    |   in|    1|       m_axi|                                                                 gmem0|       pointer|
|m_axi_gmem0_BREADY    |  out|    1|       m_axi|                                                                 gmem0|       pointer|
|m_axi_gmem0_BRESP     |   in|    2|       m_axi|                                                                 gmem0|       pointer|
|m_axi_gmem0_BID       |   in|    1|       m_axi|                                                                 gmem0|       pointer|
|m_axi_gmem0_BUSER     |   in|    1|       m_axi|                                                                 gmem0|       pointer|
|q_tile                |   in|   64|     ap_none|                                                                q_tile|        scalar|
|q_local_V_7_address0  |  out|    6|   ap_memory|                                                           q_local_V_7|         array|
|q_local_V_7_ce0       |  out|    1|   ap_memory|                                                           q_local_V_7|         array|
|q_local_V_7_we0       |  out|    1|   ap_memory|                                                           q_local_V_7|         array|
|q_local_V_7_d0        |  out|    8|   ap_memory|                                                           q_local_V_7|         array|
|q_local_V_6_address0  |  out|    6|   ap_memory|                                                           q_local_V_6|         array|
|q_local_V_6_ce0       |  out|    1|   ap_memory|                                                           q_local_V_6|         array|
|q_local_V_6_we0       |  out|    1|   ap_memory|                                                           q_local_V_6|         array|
|q_local_V_6_d0        |  out|    8|   ap_memory|                                                           q_local_V_6|         array|
|q_local_V_5_address0  |  out|    6|   ap_memory|                                                           q_local_V_5|         array|
|q_local_V_5_ce0       |  out|    1|   ap_memory|                                                           q_local_V_5|         array|
|q_local_V_5_we0       |  out|    1|   ap_memory|                                                           q_local_V_5|         array|
|q_local_V_5_d0        |  out|    8|   ap_memory|                                                           q_local_V_5|         array|
|q_local_V_4_address0  |  out|    6|   ap_memory|                                                           q_local_V_4|         array|
|q_local_V_4_ce0       |  out|    1|   ap_memory|                                                           q_local_V_4|         array|
|q_local_V_4_we0       |  out|    1|   ap_memory|                                                           q_local_V_4|         array|
|q_local_V_4_d0        |  out|    8|   ap_memory|                                                           q_local_V_4|         array|
|q_local_V_3_address0  |  out|    6|   ap_memory|                                                           q_local_V_3|         array|
|q_local_V_3_ce0       |  out|    1|   ap_memory|                                                           q_local_V_3|         array|
|q_local_V_3_we0       |  out|    1|   ap_memory|                                                           q_local_V_3|         array|
|q_local_V_3_d0        |  out|    8|   ap_memory|                                                           q_local_V_3|         array|
|q_local_V_2_address0  |  out|    6|   ap_memory|                                                           q_local_V_2|         array|
|q_local_V_2_ce0       |  out|    1|   ap_memory|                                                           q_local_V_2|         array|
|q_local_V_2_we0       |  out|    1|   ap_memory|                                                           q_local_V_2|         array|
|q_local_V_2_d0        |  out|    8|   ap_memory|                                                           q_local_V_2|         array|
|q_local_V_1_address0  |  out|    6|   ap_memory|                                                           q_local_V_1|         array|
|q_local_V_1_ce0       |  out|    1|   ap_memory|                                                           q_local_V_1|         array|
|q_local_V_1_we0       |  out|    1|   ap_memory|                                                           q_local_V_1|         array|
|q_local_V_1_d0        |  out|    8|   ap_memory|                                                           q_local_V_1|         array|
|q_local_V_address0    |  out|    6|   ap_memory|                                                             q_local_V|         array|
|q_local_V_ce0         |  out|    1|   ap_memory|                                                             q_local_V|         array|
|q_local_V_we0         |  out|    1|   ap_memory|                                                             q_local_V|         array|
|q_local_V_d0          |  out|    8|   ap_memory|                                                             q_local_V|         array|
+----------------------+-----+-----+------------+----------------------------------------------------------------------+--------------+

