

================================================================
== Vitis HLS Report for 'attention_score_core_hls'
================================================================
* Date:           Mon Apr 27 17:15:18 2026

* Version:        2022.2 (Build 3670227 on Oct 13 2022)
* Project:        attention_score_prj
* Solution:       sol1 (Vivado IP Flow Target)
* Product family: virtexuplus
* Target device:  xcu55c-fsvh2892-2L-e


================================================================
== Performance Estimates
================================================================
+ Timing: 
    * Summary: 
    +--------+---------+----------+------------+
    |  Clock |  Target | Estimated| Uncertainty|
    +--------+---------+----------+------------+
    |ap_clk  |  4.00 ns|  2.779 ns|     1.08 ns|
    +--------+---------+----------+------------+

+ Latency: 
    * Summary: 
    +---------+---------+----------+----------+-----+-----+---------+
    |  Latency (cycles) |  Latency (absolute) |  Interval | Pipeline|
    |   min   |   max   |    min   |    max   | min | max |   Type  |
    +---------+---------+----------+----------+-----+-----+---------+
    |      519|      519|  2.076 us|  2.076 us|  519|  519|       no|
    +---------+---------+----------+----------+-----+-----+---------+

    + Detail: 
        * Instance: 
        N/A

        * Loop: 
        +-----------------------------------+---------+---------+----------+-----------+-----------+------+----------+
        |                                   |  Latency (cycles) | Iteration|  Initiation Interval  | Trip |          |
        |             Loop Name             |   min   |   max   |  Latency |  achieved |   target  | Count| Pipelined|
        +-----------------------------------+---------+---------+----------+-----------+-----------+------+----------+
        |- VITIS_LOOP_16_1_VITIS_LOOP_17_2  |      517|      517|         7|          1|          1|   512|       yes|
        +-----------------------------------+---------+---------+----------+-----------+-----------+------+----------+



================================================================
== Utilization Estimates
================================================================
* Summary: 
+---------------------+---------+------+---------+---------+-----+
|         Name        | BRAM_18K|  DSP |    FF   |   LUT   | URAM|
+---------------------+---------+------+---------+---------+-----+
|DSP                  |        -|    32|        -|        -|    -|
|Expression           |        -|     -|        0|     1113|    -|
|FIFO                 |        -|     -|        -|        -|    -|
|Instance             |        -|     0|        0|     1280|    -|
|Memory               |        -|     -|        -|        -|    -|
|Multiplexer          |        -|     -|        -|       72|    -|
|Register             |        -|     -|     1565|      160|    -|
+---------------------+---------+------+---------+---------+-----+
|Total                |        0|    32|     1565|     2625|    0|
+---------------------+---------+------+---------+---------+-----+
|Available SLR        |     1344|  3008|   869120|   434560|  320|
+---------------------+---------+------+---------+---------+-----+
|Utilization SLR (%)  |        0|     1|       ~0|       ~0|    0|
+---------------------+---------+------+---------+---------+-----+
|Available            |     4032|  9024|  2607360|  1303680|  960|
+---------------------+---------+------+---------+---------+-----+
|Utilization (%)      |        0|    ~0|       ~0|       ~0|    0|
+---------------------+---------+------+---------+---------+-----+

+ Detail: 
    * Instance: 
    +----------------------+------------------+---------+----+---+----+-----+
    |       Instance       |      Module      | BRAM_18K| DSP| FF| LUT| URAM|
    +----------------------+------------------+---------+----+---+----+-----+
    |mul_8s_8s_16_1_1_U21  |mul_8s_8s_16_1_1  |        0|   0|  0|  40|    0|
    |mul_8s_8s_16_1_1_U22  |mul_8s_8s_16_1_1  |        0|   0|  0|  40|    0|
    |mul_8s_8s_16_1_1_U23  |mul_8s_8s_16_1_1  |        0|   0|  0|  40|    0|
    |mul_8s_8s_16_1_1_U24  |mul_8s_8s_16_1_1  |        0|   0|  0|  40|    0|
    |mul_8s_8s_16_1_1_U25  |mul_8s_8s_16_1_1  |        0|   0|  0|  40|    0|
    |mul_8s_8s_16_1_1_U26  |mul_8s_8s_16_1_1  |        0|   0|  0|  40|    0|
    |mul_8s_8s_16_1_1_U27  |mul_8s_8s_16_1_1  |        0|   0|  0|  40|    0|
    |mul_8s_8s_16_1_1_U28  |mul_8s_8s_16_1_1  |        0|   0|  0|  40|    0|
    |mul_8s_8s_16_1_1_U29  |mul_8s_8s_16_1_1  |        0|   0|  0|  40|    0|
    |mul_8s_8s_16_1_1_U30  |mul_8s_8s_16_1_1  |        0|   0|  0|  40|    0|
    |mul_8s_8s_16_1_1_U31  |mul_8s_8s_16_1_1  |        0|   0|  0|  40|    0|
    |mul_8s_8s_16_1_1_U32  |mul_8s_8s_16_1_1  |        0|   0|  0|  40|    0|
    |mul_8s_8s_16_1_1_U33  |mul_8s_8s_16_1_1  |        0|   0|  0|  40|    0|
    |mul_8s_8s_16_1_1_U34  |mul_8s_8s_16_1_1  |        0|   0|  0|  40|    0|
    |mul_8s_8s_16_1_1_U35  |mul_8s_8s_16_1_1  |        0|   0|  0|  40|    0|
    |mul_8s_8s_16_1_1_U36  |mul_8s_8s_16_1_1  |        0|   0|  0|  40|    0|
    |mul_8s_8s_16_1_1_U37  |mul_8s_8s_16_1_1  |        0|   0|  0|  40|    0|
    |mul_8s_8s_16_1_1_U38  |mul_8s_8s_16_1_1  |        0|   0|  0|  40|    0|
    |mul_8s_8s_16_1_1_U39  |mul_8s_8s_16_1_1  |        0|   0|  0|  40|    0|
    |mul_8s_8s_16_1_1_U40  |mul_8s_8s_16_1_1  |        0|   0|  0|  40|    0|
    |mul_8s_8s_16_1_1_U41  |mul_8s_8s_16_1_1  |        0|   0|  0|  40|    0|
    |mul_8s_8s_16_1_1_U42  |mul_8s_8s_16_1_1  |        0|   0|  0|  40|    0|
    |mul_8s_8s_16_1_1_U43  |mul_8s_8s_16_1_1  |        0|   0|  0|  40|    0|
    |mul_8s_8s_16_1_1_U44  |mul_8s_8s_16_1_1  |        0|   0|  0|  40|    0|
    |mul_8s_8s_16_1_1_U45  |mul_8s_8s_16_1_1  |        0|   0|  0|  40|    0|
    |mul_8s_8s_16_1_1_U46  |mul_8s_8s_16_1_1  |        0|   0|  0|  40|    0|
    |mul_8s_8s_16_1_1_U47  |mul_8s_8s_16_1_1  |        0|   0|  0|  40|    0|
    |mul_8s_8s_16_1_1_U48  |mul_8s_8s_16_1_1  |        0|   0|  0|  40|    0|
    |mul_8s_8s_16_1_1_U49  |mul_8s_8s_16_1_1  |        0|   0|  0|  40|    0|
    |mul_8s_8s_16_1_1_U50  |mul_8s_8s_16_1_1  |        0|   0|  0|  40|    0|
    |mul_8s_8s_16_1_1_U51  |mul_8s_8s_16_1_1  |        0|   0|  0|  40|    0|
    |mul_8s_8s_16_1_1_U52  |mul_8s_8s_16_1_1  |        0|   0|  0|  40|    0|
    +----------------------+------------------+---------+----+---+----+-----+
    |Total                 |                  |        0|   0|  0|1280|    0|
    +----------------------+------------------+---------+----+---+----+-----+

    * DSP: 
    +---------------------------------+-----------------------------+--------------+
    |             Instance            |            Module           |  Expression  |
    +---------------------------------+-----------------------------+--------------+
    |mac_muladd_8s_8s_16s_17_4_1_U53  |mac_muladd_8s_8s_16s_17_4_1  |  i0 + i1 * i2|
    |mac_muladd_8s_8s_16s_17_4_1_U54  |mac_muladd_8s_8s_16s_17_4_1  |  i0 + i1 * i2|
    |mac_muladd_8s_8s_16s_17_4_1_U55  |mac_muladd_8s_8s_16s_17_4_1  |  i0 + i1 * i2|
    |mac_muladd_8s_8s_16s_17_4_1_U56  |mac_muladd_8s_8s_16s_17_4_1  |  i0 + i1 * i2|
    |mac_muladd_8s_8s_16s_17_4_1_U57  |mac_muladd_8s_8s_16s_17_4_1  |  i0 + i1 * i2|
    |mac_muladd_8s_8s_16s_17_4_1_U58  |mac_muladd_8s_8s_16s_17_4_1  |  i0 + i1 * i2|
    |mac_muladd_8s_8s_16s_17_4_1_U59  |mac_muladd_8s_8s_16s_17_4_1  |  i0 + i1 * i2|
    |mac_muladd_8s_8s_16s_17_4_1_U60  |mac_muladd_8s_8s_16s_17_4_1  |  i0 + i1 * i2|
    |mac_muladd_8s_8s_16s_17_4_1_U61  |mac_muladd_8s_8s_16s_17_4_1  |  i0 + i1 * i2|
    |mac_muladd_8s_8s_16s_17_4_1_U62  |mac_muladd_8s_8s_16s_17_4_1  |  i0 + i1 * i2|
    |mac_muladd_8s_8s_16s_17_4_1_U63  |mac_muladd_8s_8s_16s_17_4_1  |  i0 + i1 * i2|
    |mac_muladd_8s_8s_16s_17_4_1_U64  |mac_muladd_8s_8s_16s_17_4_1  |  i0 + i1 * i2|
    |mac_muladd_8s_8s_16s_17_4_1_U65  |mac_muladd_8s_8s_16s_17_4_1  |  i0 + i1 * i2|
    |mac_muladd_8s_8s_16s_17_4_1_U66  |mac_muladd_8s_8s_16s_17_4_1  |  i0 + i1 * i2|
    |mac_muladd_8s_8s_16s_17_4_1_U67  |mac_muladd_8s_8s_16s_17_4_1  |  i0 + i1 * i2|
    |mac_muladd_8s_8s_16s_17_4_1_U68  |mac_muladd_8s_8s_16s_17_4_1  |  i0 + i1 * i2|
    |mac_muladd_8s_8s_16s_17_4_1_U69  |mac_muladd_8s_8s_16s_17_4_1  |  i0 + i1 * i2|
    |mac_muladd_8s_8s_16s_17_4_1_U70  |mac_muladd_8s_8s_16s_17_4_1  |  i0 + i1 * i2|
    |mac_muladd_8s_8s_16s_17_4_1_U71  |mac_muladd_8s_8s_16s_17_4_1  |  i0 + i1 * i2|
    |mac_muladd_8s_8s_16s_17_4_1_U72  |mac_muladd_8s_8s_16s_17_4_1  |  i0 + i1 * i2|
    |mac_muladd_8s_8s_16s_17_4_1_U73  |mac_muladd_8s_8s_16s_17_4_1  |  i0 + i1 * i2|
    |mac_muladd_8s_8s_16s_17_4_1_U74  |mac_muladd_8s_8s_16s_17_4_1  |  i0 + i1 * i2|
    |mac_muladd_8s_8s_16s_17_4_1_U75  |mac_muladd_8s_8s_16s_17_4_1  |  i0 + i1 * i2|
    |mac_muladd_8s_8s_16s_17_4_1_U76  |mac_muladd_8s_8s_16s_17_4_1  |  i0 + i1 * i2|
    |mac_muladd_8s_8s_16s_17_4_1_U77  |mac_muladd_8s_8s_16s_17_4_1  |  i0 + i1 * i2|
    |mac_muladd_8s_8s_16s_17_4_1_U78  |mac_muladd_8s_8s_16s_17_4_1  |  i0 + i1 * i2|
    |mac_muladd_8s_8s_16s_17_4_1_U79  |mac_muladd_8s_8s_16s_17_4_1  |  i0 + i1 * i2|
    |mac_muladd_8s_8s_16s_17_4_1_U80  |mac_muladd_8s_8s_16s_17_4_1  |  i0 + i1 * i2|
    |mac_muladd_8s_8s_16s_17_4_1_U81  |mac_muladd_8s_8s_16s_17_4_1  |  i0 + i1 * i2|
    |mac_muladd_8s_8s_16s_17_4_1_U82  |mac_muladd_8s_8s_16s_17_4_1  |  i0 + i1 * i2|
    |mac_muladd_8s_8s_16s_17_4_1_U83  |mac_muladd_8s_8s_16s_17_4_1  |  i0 + i1 * i2|
    |mac_muladd_8s_8s_16s_17_4_1_U84  |mac_muladd_8s_8s_16s_17_4_1  |  i0 + i1 * i2|
    +---------------------------------+-----------------------------+--------------+

    * Memory: 
    N/A

    * FIFO: 
    N/A

    * Expression: 
    +---------------------------+----------+----+---+----+------------+------------+
    |       Variable Name       | Operation| DSP| FF| LUT| Bitwidth P0| Bitwidth P1|
    +---------------------------+----------+----+---+----+------------+------------+
    |accum_V_1_fu_3387_p2       |         +|   0|  0|  29|          22|          22|
    |add_ln16_1_fu_1754_p2      |         +|   0|  0|  17|          10|           1|
    |add_ln16_fu_1763_p2        |         +|   0|  0|  12|           4|           1|
    |add_ln17_fu_2197_p2        |         +|   0|  0|  14|           7|           1|
    |add_ln29_fu_2181_p2        |         +|   0|  0|  16|           9|           9|
    |add_ln840_12_fu_3049_p2    |         +|   0|  0|  25|          18|          18|
    |add_ln840_13_fu_3059_p2    |         +|   0|  0|  26|          19|          19|
    |add_ln840_14_fu_3309_p2    |         +|   0|  0|  27|          20|          20|
    |add_ln840_17_fu_3071_p2    |         +|   0|  0|  25|          18|          18|
    |add_ln840_20_fu_3087_p2    |         +|   0|  0|  25|          18|          18|
    |add_ln840_21_fu_3097_p2    |         +|   0|  0|  26|          19|          19|
    |add_ln840_24_fu_3109_p2    |         +|   0|  0|  25|          18|          18|
    |add_ln840_27_fu_3125_p2    |         +|   0|  0|  25|          18|          18|
    |add_ln840_28_fu_3135_p2    |         +|   0|  0|  26|          19|          19|
    |add_ln840_29_fu_3325_p2    |         +|   0|  0|  27|          20|          20|
    |add_ln840_2_fu_2995_p2     |         +|   0|  0|  25|          18|          18|
    |add_ln840_30_fu_3335_p2    |         +|   0|  0|  28|          21|          21|
    |add_ln840_33_fu_3147_p2    |         +|   0|  0|  25|          18|          18|
    |add_ln840_36_fu_3163_p2    |         +|   0|  0|  25|          18|          18|
    |add_ln840_37_fu_3173_p2    |         +|   0|  0|  26|          19|          19|
    |add_ln840_40_fu_3185_p2    |         +|   0|  0|  25|          18|          18|
    |add_ln840_43_fu_3201_p2    |         +|   0|  0|  25|          18|          18|
    |add_ln840_44_fu_3211_p2    |         +|   0|  0|  26|          19|          19|
    |add_ln840_45_fu_3351_p2    |         +|   0|  0|  27|          20|          20|
    |add_ln840_48_fu_3223_p2    |         +|   0|  0|  25|          18|          18|
    |add_ln840_51_fu_3239_p2    |         +|   0|  0|  25|          18|          18|
    |add_ln840_52_fu_3249_p2    |         +|   0|  0|  26|          19|          19|
    |add_ln840_55_fu_3261_p2    |         +|   0|  0|  25|          18|          18|
    |add_ln840_58_fu_3277_p2    |         +|   0|  0|  25|          18|          18|
    |add_ln840_59_fu_3287_p2    |         +|   0|  0|  26|          19|          19|
    |add_ln840_5_fu_3011_p2     |         +|   0|  0|  25|          18|          18|
    |add_ln840_60_fu_3367_p2    |         +|   0|  0|  27|          20|          20|
    |add_ln840_61_fu_3377_p2    |         +|   0|  0|  28|          21|          21|
    |add_ln840_6_fu_3021_p2     |         +|   0|  0|  26|          19|          19|
    |add_ln840_9_fu_3033_p2     |         +|   0|  0|  25|          18|          18|
    |and_ln21_fu_3298_p2        |       and|   0|  0|   2|           1|           1|
    |cmp5_fu_1742_p2            |      icmp|   0|  0|  13|          16|          16|
    |cmp5_mid1_fu_1823_p2       |      icmp|   0|  0|  13|          16|          16|
    |icmp_ln16_fu_1748_p2       |      icmp|   0|  0|  11|          10|          11|
    |icmp_ln17_fu_1773_p2       |      icmp|   0|  0|  11|           7|           8|
    |icmp_ln21_fu_2191_p2       |      icmp|   0|  0|  13|          16|          16|
    |or_ln16_1_fu_1883_p2       |        or|   0|  0|   6|           6|           2|
    |or_ln16_2_fu_1909_p2       |        or|   0|  0|   6|           6|           2|
    |or_ln16_3_fu_1935_p2       |        or|   0|  0|   6|           6|           3|
    |or_ln16_4_fu_1961_p2       |        or|   0|  0|   6|           6|           3|
    |or_ln16_5_fu_1987_p2       |        or|   0|  0|   6|           6|           3|
    |or_ln16_6_fu_2013_p2       |        or|   0|  0|   6|           6|           3|
    |or_ln16_fu_1857_p2         |        or|   0|  0|   6|           6|           1|
    |or_ln25_1_fu_2073_p2       |        or|   0|  0|   9|           9|           2|
    |or_ln25_2_fu_2091_p2       |        or|   0|  0|   9|           9|           2|
    |or_ln25_3_fu_2109_p2       |        or|   0|  0|   9|           9|           3|
    |or_ln25_4_fu_2127_p2       |        or|   0|  0|   9|           9|           3|
    |or_ln25_5_fu_2145_p2       |        or|   0|  0|   9|           9|           3|
    |or_ln25_6_fu_2163_p2       |        or|   0|  0|   9|           9|           3|
    |or_ln25_fu_2055_p2         |        or|   0|  0|   9|           9|           1|
    |accum_V_2_fu_3393_p3       |    select|   0|  0|  22|           1|          22|
    |select_ln16_10_fu_2005_p3  |    select|   0|  0|   6|           1|           6|
    |select_ln16_1_fu_1799_p3   |    select|   0|  0|   4|           1|           4|
    |select_ln16_2_fu_3293_p3   |    select|   0|  0|   2|           1|           1|
    |select_ln16_3_fu_1829_p3   |    select|   0|  0|   6|           1|           6|
    |select_ln16_4_fu_1849_p3   |    select|   0|  0|   6|           1|           6|
    |select_ln16_5_fu_1875_p3   |    select|   0|  0|   6|           1|           6|
    |select_ln16_6_fu_1901_p3   |    select|   0|  0|   6|           1|           6|
    |select_ln16_7_fu_1927_p3   |    select|   0|  0|   6|           1|           6|
    |select_ln16_8_fu_1953_p3   |    select|   0|  0|   6|           1|           6|
    |select_ln16_9_fu_1979_p3   |    select|   0|  0|   6|           1|           6|
    |select_ln16_fu_1779_p3     |    select|   0|  0|   7|           1|           1|
    |ap_enable_pp0              |       xor|   0|  0|   2|           1|           2|
    +---------------------------+----------+----+---+----+------------+------------+
    |Total                      |          |   0|  0|1113|         798|         776|
    +---------------------------+----------+----+---+----+------------+------------+

    * Multiplexer: 
    +--------------------------------------+----+-----------+-----+-----------+
    |                 Name                 | LUT| Input Size| Bits| Total Bits|
    +--------------------------------------+----+-----------+-----+-----------+
    |ap_done_int                           |   9|          2|    1|          2|
    |ap_enable_reg_pp0_iter1               |   9|          2|    1|          2|
    |ap_sig_allocacmp_col_load             |   9|          2|    7|         14|
    |ap_sig_allocacmp_indvar_flatten_load  |   9|          2|   10|         20|
    |ap_sig_allocacmp_row_1                |   9|          2|    4|          8|
    |col_fu_116                            |   9|          2|    7|         14|
    |indvar_flatten_fu_124                 |   9|          2|   10|         20|
    |row_fu_120                            |   9|          2|    4|          8|
    +--------------------------------------+----+-----------+-----+-----------+
    |Total                                 |  72|         16|   44|         88|
    +--------------------------------------+----+-----------+-----+-----------+

    * Register: 
    +----------------------------------------+----+----+-----+-----------+
    |                  Name                  | FF | LUT| Bits| Const Bits|
    +----------------------------------------+----+----+-----+-----------+
    |accum_V_2_reg_5208                      |  22|   0|   22|          0|
    |add_ln29_reg_4373                       |   9|   0|    9|          0|
    |add_ln840_13_reg_5173                   |  19|   0|   19|          0|
    |add_ln840_21_reg_5178                   |  19|   0|   19|          0|
    |add_ln840_28_reg_5183                   |  19|   0|   19|          0|
    |add_ln840_37_reg_5188                   |  19|   0|   19|          0|
    |add_ln840_44_reg_5193                   |  19|   0|   19|          0|
    |add_ln840_52_reg_5198                   |  19|   0|   19|          0|
    |add_ln840_59_reg_5203                   |  19|   0|   19|          0|
    |add_ln840_6_reg_5168                    |  19|   0|   19|          0|
    |ap_CS_fsm                               |   1|   0|    1|          0|
    |ap_done_reg                             |   1|   0|    1|          0|
    |ap_enable_reg_pp0_iter1                 |   1|   0|    1|          0|
    |ap_enable_reg_pp0_iter2                 |   1|   0|    1|          0|
    |ap_enable_reg_pp0_iter3                 |   1|   0|    1|          0|
    |ap_enable_reg_pp0_iter4                 |   1|   0|    1|          0|
    |ap_enable_reg_pp0_iter5                 |   1|   0|    1|          0|
    |ap_enable_reg_pp0_iter6                 |   1|   0|    1|          0|
    |ap_loop_exit_ready_pp0_iter1_reg        |   1|   0|    1|          0|
    |ap_loop_exit_ready_pp0_iter2_reg        |   1|   0|    1|          0|
    |ap_loop_exit_ready_pp0_iter3_reg        |   1|   0|    1|          0|
    |ap_loop_exit_ready_pp0_iter4_reg        |   1|   0|    1|          0|
    |ap_loop_exit_ready_pp0_iter5_reg        |   1|   0|    1|          0|
    |cmp5_mid1_reg_3728                      |   1|   0|    1|          0|
    |cmp5_reg_3714                           |   1|   0|    1|          0|
    |col_fu_116                              |   7|   0|    7|          0|
    |icmp_ln17_reg_3723                      |   1|   0|    1|          0|
    |icmp_ln21_reg_4378                      |   1|   0|    1|          0|
    |indvar_flatten_fu_124                   |  10|   0|   10|          0|
    |k_tile_0_load_1_reg_4728                |   8|   0|    8|          0|
    |k_tile_0_load_1_reg_4728_pp0_iter2_reg  |   8|   0|    8|          0|
    |k_tile_0_load_2_reg_4768                |   8|   0|    8|          0|
    |k_tile_0_load_2_reg_4768_pp0_iter2_reg  |   8|   0|    8|          0|
    |k_tile_0_load_3_reg_4808                |   8|   0|    8|          0|
    |k_tile_0_load_3_reg_4808_pp0_iter2_reg  |   8|   0|    8|          0|
    |k_tile_0_load_4_reg_4848                |   8|   0|    8|          0|
    |k_tile_0_load_4_reg_4848_pp0_iter2_reg  |   8|   0|    8|          0|
    |k_tile_0_load_6_reg_4928                |   8|   0|    8|          0|
    |k_tile_0_load_6_reg_4928_pp0_iter2_reg  |   8|   0|    8|          0|
    |k_tile_0_load_7_reg_4968                |   8|   0|    8|          0|
    |k_tile_0_load_7_reg_4968_pp0_iter2_reg  |   8|   0|    8|          0|
    |k_tile_1_load_reg_4693                  |   8|   0|    8|          0|
    |k_tile_1_load_reg_4693_pp0_iter2_reg    |   8|   0|    8|          0|
    |k_tile_2_load_1_reg_4738                |   8|   0|    8|          0|
    |k_tile_2_load_1_reg_4738_pp0_iter2_reg  |   8|   0|    8|          0|
    |k_tile_2_load_2_reg_4778                |   8|   0|    8|          0|
    |k_tile_2_load_2_reg_4778_pp0_iter2_reg  |   8|   0|    8|          0|
    |k_tile_2_load_3_reg_4818                |   8|   0|    8|          0|
    |k_tile_2_load_3_reg_4818_pp0_iter2_reg  |   8|   0|    8|          0|
    |k_tile_2_load_4_reg_4858                |   8|   0|    8|          0|
    |k_tile_2_load_4_reg_4858_pp0_iter2_reg  |   8|   0|    8|          0|
    |k_tile_2_load_5_reg_4898                |   8|   0|    8|          0|
    |k_tile_2_load_5_reg_4898_pp0_iter2_reg  |   8|   0|    8|          0|
    |k_tile_2_load_6_reg_4938                |   8|   0|    8|          0|
    |k_tile_2_load_6_reg_4938_pp0_iter2_reg  |   8|   0|    8|          0|
    |k_tile_2_load_7_reg_4978                |   8|   0|    8|          0|
    |k_tile_2_load_7_reg_4978_pp0_iter2_reg  |   8|   0|    8|          0|
    |k_tile_2_load_reg_4698                  |   8|   0|    8|          0|
    |k_tile_2_load_reg_4698_pp0_iter2_reg    |   8|   0|    8|          0|
    |k_tile_4_load_1_reg_4748                |   8|   0|    8|          0|
    |k_tile_4_load_1_reg_4748_pp0_iter2_reg  |   8|   0|    8|          0|
    |k_tile_4_load_2_reg_4788                |   8|   0|    8|          0|
    |k_tile_4_load_2_reg_4788_pp0_iter2_reg  |   8|   0|    8|          0|
    |k_tile_4_load_3_reg_4828                |   8|   0|    8|          0|
    |k_tile_4_load_3_reg_4828_pp0_iter2_reg  |   8|   0|    8|          0|
    |k_tile_4_load_4_reg_4868                |   8|   0|    8|          0|
    |k_tile_4_load_4_reg_4868_pp0_iter2_reg  |   8|   0|    8|          0|
    |k_tile_4_load_5_reg_4908                |   8|   0|    8|          0|
    |k_tile_4_load_5_reg_4908_pp0_iter2_reg  |   8|   0|    8|          0|
    |k_tile_4_load_6_reg_4948                |   8|   0|    8|          0|
    |k_tile_4_load_6_reg_4948_pp0_iter2_reg  |   8|   0|    8|          0|
    |k_tile_4_load_7_reg_4988                |   8|   0|    8|          0|
    |k_tile_4_load_7_reg_4988_pp0_iter2_reg  |   8|   0|    8|          0|
    |k_tile_4_load_reg_4708                  |   8|   0|    8|          0|
    |k_tile_4_load_reg_4708_pp0_iter2_reg    |   8|   0|    8|          0|
    |k_tile_6_load_1_reg_4758                |   8|   0|    8|          0|
    |k_tile_6_load_1_reg_4758_pp0_iter2_reg  |   8|   0|    8|          0|
    |k_tile_6_load_2_reg_4798                |   8|   0|    8|          0|
    |k_tile_6_load_2_reg_4798_pp0_iter2_reg  |   8|   0|    8|          0|
    |k_tile_6_load_3_reg_4838                |   8|   0|    8|          0|
    |k_tile_6_load_3_reg_4838_pp0_iter2_reg  |   8|   0|    8|          0|
    |k_tile_6_load_5_reg_4918                |   8|   0|    8|          0|
    |k_tile_6_load_5_reg_4918_pp0_iter2_reg  |   8|   0|    8|          0|
    |k_tile_6_load_7_reg_4998                |   8|   0|    8|          0|
    |k_tile_6_load_7_reg_4998_pp0_iter2_reg  |   8|   0|    8|          0|
    |k_tile_6_load_reg_4718                  |   8|   0|    8|          0|
    |k_tile_6_load_reg_4718_pp0_iter2_reg    |   8|   0|    8|          0|
    |mul_ln840_37_reg_4878                   |  16|   0|   16|          0|
    |mul_ln840_37_reg_4878_pp0_iter2_reg     |  16|   0|   16|          0|
    |mul_ln840_39_reg_4888                   |  16|   0|   16|          0|
    |mul_ln840_39_reg_4888_pp0_iter2_reg     |  16|   0|   16|          0|
    |mul_ln840_53_reg_4958                   |  16|   0|   16|          0|
    |mul_ln840_53_reg_4958_pp0_iter2_reg     |  16|   0|   16|          0|
    |q_tile_0_load_1_reg_4423                |   8|   0|    8|          0|
    |q_tile_0_load_1_reg_4423_pp0_iter2_reg  |   8|   0|    8|          0|
    |q_tile_0_load_2_reg_4463                |   8|   0|    8|          0|
    |q_tile_0_load_2_reg_4463_pp0_iter2_reg  |   8|   0|    8|          0|
    |q_tile_0_load_3_reg_4503                |   8|   0|    8|          0|
    |q_tile_0_load_3_reg_4503_pp0_iter2_reg  |   8|   0|    8|          0|
    |q_tile_0_load_4_reg_4543                |   8|   0|    8|          0|
    |q_tile_0_load_4_reg_4543_pp0_iter2_reg  |   8|   0|    8|          0|
    |q_tile_0_load_6_reg_4613                |   8|   0|    8|          0|
    |q_tile_0_load_6_reg_4613_pp0_iter2_reg  |   8|   0|    8|          0|
    |q_tile_0_load_7_reg_4648                |   8|   0|    8|          0|
    |q_tile_0_load_7_reg_4648_pp0_iter2_reg  |   8|   0|    8|          0|
    |q_tile_1_load_reg_4388                  |   8|   0|    8|          0|
    |q_tile_1_load_reg_4388_pp0_iter2_reg    |   8|   0|    8|          0|
    |q_tile_2_load_1_reg_4433                |   8|   0|    8|          0|
    |q_tile_2_load_1_reg_4433_pp0_iter2_reg  |   8|   0|    8|          0|
    |q_tile_2_load_2_reg_4473                |   8|   0|    8|          0|
    |q_tile_2_load_2_reg_4473_pp0_iter2_reg  |   8|   0|    8|          0|
    |q_tile_2_load_3_reg_4513                |   8|   0|    8|          0|
    |q_tile_2_load_3_reg_4513_pp0_iter2_reg  |   8|   0|    8|          0|
    |q_tile_2_load_4_reg_4553                |   8|   0|    8|          0|
    |q_tile_2_load_4_reg_4553_pp0_iter2_reg  |   8|   0|    8|          0|
    |q_tile_2_load_5_reg_4583                |   8|   0|    8|          0|
    |q_tile_2_load_5_reg_4583_pp0_iter2_reg  |   8|   0|    8|          0|
    |q_tile_2_load_6_reg_4623                |   8|   0|    8|          0|
    |q_tile_2_load_6_reg_4623_pp0_iter2_reg  |   8|   0|    8|          0|
    |q_tile_2_load_7_reg_4658                |   8|   0|    8|          0|
    |q_tile_2_load_7_reg_4658_pp0_iter2_reg  |   8|   0|    8|          0|
    |q_tile_2_load_reg_4393                  |   8|   0|    8|          0|
    |q_tile_2_load_reg_4393_pp0_iter2_reg    |   8|   0|    8|          0|
    |q_tile_4_load_1_reg_4443                |   8|   0|    8|          0|
    |q_tile_4_load_1_reg_4443_pp0_iter2_reg  |   8|   0|    8|          0|
    |q_tile_4_load_2_reg_4483                |   8|   0|    8|          0|
    |q_tile_4_load_2_reg_4483_pp0_iter2_reg  |   8|   0|    8|          0|
    |q_tile_4_load_3_reg_4523                |   8|   0|    8|          0|
    |q_tile_4_load_3_reg_4523_pp0_iter2_reg  |   8|   0|    8|          0|
    |q_tile_4_load_4_reg_4563                |   8|   0|    8|          0|
    |q_tile_4_load_4_reg_4563_pp0_iter2_reg  |   8|   0|    8|          0|
    |q_tile_4_load_5_reg_4593                |   8|   0|    8|          0|
    |q_tile_4_load_5_reg_4593_pp0_iter2_reg  |   8|   0|    8|          0|
    |q_tile_4_load_6_reg_4633                |   8|   0|    8|          0|
    |q_tile_4_load_6_reg_4633_pp0_iter2_reg  |   8|   0|    8|          0|
    |q_tile_4_load_7_reg_4668                |   8|   0|    8|          0|
    |q_tile_4_load_7_reg_4668_pp0_iter2_reg  |   8|   0|    8|          0|
    |q_tile_4_load_reg_4403                  |   8|   0|    8|          0|
    |q_tile_4_load_reg_4403_pp0_iter2_reg    |   8|   0|    8|          0|
    |q_tile_6_load_1_reg_4453                |   8|   0|    8|          0|
    |q_tile_6_load_1_reg_4453_pp0_iter2_reg  |   8|   0|    8|          0|
    |q_tile_6_load_2_reg_4493                |   8|   0|    8|          0|
    |q_tile_6_load_2_reg_4493_pp0_iter2_reg  |   8|   0|    8|          0|
    |q_tile_6_load_3_reg_4533                |   8|   0|    8|          0|
    |q_tile_6_load_3_reg_4533_pp0_iter2_reg  |   8|   0|    8|          0|
    |q_tile_6_load_5_reg_4603                |   8|   0|    8|          0|
    |q_tile_6_load_5_reg_4603_pp0_iter2_reg  |   8|   0|    8|          0|
    |q_tile_6_load_7_reg_4678                |   8|   0|    8|          0|
    |q_tile_6_load_7_reg_4678_pp0_iter2_reg  |   8|   0|    8|          0|
    |q_tile_6_load_reg_4413                  |   8|   0|    8|          0|
    |q_tile_6_load_reg_4413_pp0_iter2_reg    |   8|   0|    8|          0|
    |row_fu_120                              |   4|   0|    4|          0|
    |add_ln29_reg_4373                       |  64|  32|    9|          0|
    |cmp5_mid1_reg_3728                      |  64|  32|    1|          0|
    |cmp5_reg_3714                           |  64|  32|    1|          0|
    |icmp_ln17_reg_3723                      |  64|  32|    1|          0|
    |icmp_ln21_reg_4378                      |  64|  32|    1|          0|
    +----------------------------------------+----+----+-----+-----------+
    |Total                                   |1565| 160| 1258|          0|
    +----------------------------------------+----+----+-----+-----------+



================================================================
== Interface
================================================================
* Summary: 
+---------------------+-----+-----+------------+--------------------------+--------------+
|      RTL Ports      | Dir | Bits|  Protocol  |       Source Object      |    C Type    |
+---------------------+-----+-----+------------+--------------------------+--------------+
|ap_clk               |   in|    1|  ap_ctrl_hs|  attention_score_core_hls|  return value|
|ap_rst               |   in|    1|  ap_ctrl_hs|  attention_score_core_hls|  return value|
|ap_start             |   in|    1|  ap_ctrl_hs|  attention_score_core_hls|  return value|
|ap_done              |  out|    1|  ap_ctrl_hs|  attention_score_core_hls|  return value|
|ap_idle              |  out|    1|  ap_ctrl_hs|  attention_score_core_hls|  return value|
|ap_ready             |  out|    1|  ap_ctrl_hs|  attention_score_core_hls|  return value|
|q_tile_0_address0    |  out|    6|   ap_memory|                  q_tile_0|         array|
|q_tile_0_ce0         |  out|    1|   ap_memory|                  q_tile_0|         array|
|q_tile_0_q0          |   in|    8|   ap_memory|                  q_tile_0|         array|
|q_tile_0_address1    |  out|    6|   ap_memory|                  q_tile_0|         array|
|q_tile_0_ce1         |  out|    1|   ap_memory|                  q_tile_0|         array|
|q_tile_0_q1          |   in|    8|   ap_memory|                  q_tile_0|         array|
|q_tile_0_address2    |  out|    6|   ap_memory|                  q_tile_0|         array|
|q_tile_0_ce2         |  out|    1|   ap_memory|                  q_tile_0|         array|
|q_tile_0_q2          |   in|    8|   ap_memory|                  q_tile_0|         array|
|q_tile_0_address3    |  out|    6|   ap_memory|                  q_tile_0|         array|
|q_tile_0_ce3         |  out|    1|   ap_memory|                  q_tile_0|         array|
|q_tile_0_q3          |   in|    8|   ap_memory|                  q_tile_0|         array|
|q_tile_0_address4    |  out|    6|   ap_memory|                  q_tile_0|         array|
|q_tile_0_ce4         |  out|    1|   ap_memory|                  q_tile_0|         array|
|q_tile_0_q4          |   in|    8|   ap_memory|                  q_tile_0|         array|
|q_tile_0_address5    |  out|    6|   ap_memory|                  q_tile_0|         array|
|q_tile_0_ce5         |  out|    1|   ap_memory|                  q_tile_0|         array|
|q_tile_0_q5          |   in|    8|   ap_memory|                  q_tile_0|         array|
|q_tile_0_address6    |  out|    6|   ap_memory|                  q_tile_0|         array|
|q_tile_0_ce6         |  out|    1|   ap_memory|                  q_tile_0|         array|
|q_tile_0_q6          |   in|    8|   ap_memory|                  q_tile_0|         array|
|q_tile_0_address7    |  out|    6|   ap_memory|                  q_tile_0|         array|
|q_tile_0_ce7         |  out|    1|   ap_memory|                  q_tile_0|         array|
|q_tile_0_q7          |   in|    8|   ap_memory|                  q_tile_0|         array|
|q_tile_1_address0    |  out|    6|   ap_memory|                  q_tile_1|         array|
|q_tile_1_ce0         |  out|    1|   ap_memory|                  q_tile_1|         array|
|q_tile_1_q0          |   in|    8|   ap_memory|                  q_tile_1|         array|
|q_tile_1_address1    |  out|    6|   ap_memory|                  q_tile_1|         array|
|q_tile_1_ce1         |  out|    1|   ap_memory|                  q_tile_1|         array|
|q_tile_1_q1          |   in|    8|   ap_memory|                  q_tile_1|         array|
|q_tile_1_address2    |  out|    6|   ap_memory|                  q_tile_1|         array|
|q_tile_1_ce2         |  out|    1|   ap_memory|                  q_tile_1|         array|
|q_tile_1_q2          |   in|    8|   ap_memory|                  q_tile_1|         array|
|q_tile_1_address3    |  out|    6|   ap_memory|                  q_tile_1|         array|
|q_tile_1_ce3         |  out|    1|   ap_memory|                  q_tile_1|         array|
|q_tile_1_q3          |   in|    8|   ap_memory|                  q_tile_1|         array|
|q_tile_1_address4    |  out|    6|   ap_memory|                  q_tile_1|         array|
|q_tile_1_ce4         |  out|    1|   ap_memory|                  q_tile_1|         array|
|q_tile_1_q4          |   in|    8|   ap_memory|                  q_tile_1|         array|
|q_tile_1_address5    |  out|    6|   ap_memory|                  q_tile_1|         array|
|q_tile_1_ce5         |  out|    1|   ap_memory|                  q_tile_1|         array|
|q_tile_1_q5          |   in|    8|   ap_memory|                  q_tile_1|         array|
|q_tile_1_address6    |  out|    6|   ap_memory|                  q_tile_1|         array|
|q_tile_1_ce6         |  out|    1|   ap_memory|                  q_tile_1|         array|
|q_tile_1_q6          |   in|    8|   ap_memory|                  q_tile_1|         array|
|q_tile_1_address7    |  out|    6|   ap_memory|                  q_tile_1|         array|
|q_tile_1_ce7         |  out|    1|   ap_memory|                  q_tile_1|         array|
|q_tile_1_q7          |   in|    8|   ap_memory|                  q_tile_1|         array|
|q_tile_2_address0    |  out|    6|   ap_memory|                  q_tile_2|         array|
|q_tile_2_ce0         |  out|    1|   ap_memory|                  q_tile_2|         array|
|q_tile_2_q0          |   in|    8|   ap_memory|                  q_tile_2|         array|
|q_tile_2_address1    |  out|    6|   ap_memory|                  q_tile_2|         array|
|q_tile_2_ce1         |  out|    1|   ap_memory|                  q_tile_2|         array|
|q_tile_2_q1          |   in|    8|   ap_memory|                  q_tile_2|         array|
|q_tile_2_address2    |  out|    6|   ap_memory|                  q_tile_2|         array|
|q_tile_2_ce2         |  out|    1|   ap_memory|                  q_tile_2|         array|
|q_tile_2_q2          |   in|    8|   ap_memory|                  q_tile_2|         array|
|q_tile_2_address3    |  out|    6|   ap_memory|                  q_tile_2|         array|
|q_tile_2_ce3         |  out|    1|   ap_memory|                  q_tile_2|         array|
|q_tile_2_q3          |   in|    8|   ap_memory|                  q_tile_2|         array|
|q_tile_2_address4    |  out|    6|   ap_memory|                  q_tile_2|         array|
|q_tile_2_ce4         |  out|    1|   ap_memory|                  q_tile_2|         array|
|q_tile_2_q4          |   in|    8|   ap_memory|                  q_tile_2|         array|
|q_tile_2_address5    |  out|    6|   ap_memory|                  q_tile_2|         array|
|q_tile_2_ce5         |  out|    1|   ap_memory|                  q_tile_2|         array|
|q_tile_2_q5          |   in|    8|   ap_memory|                  q_tile_2|         array|
|q_tile_2_address6    |  out|    6|   ap_memory|                  q_tile_2|         array|
|q_tile_2_ce6         |  out|    1|   ap_memory|                  q_tile_2|         array|
|q_tile_2_q6          |   in|    8|   ap_memory|                  q_tile_2|         array|
|q_tile_2_address7    |  out|    6|   ap_memory|                  q_tile_2|         array|
|q_tile_2_ce7         |  out|    1|   ap_memory|                  q_tile_2|         array|
|q_tile_2_q7          |   in|    8|   ap_memory|                  q_tile_2|         array|
|q_tile_3_address0    |  out|    6|   ap_memory|                  q_tile_3|         array|
|q_tile_3_ce0         |  out|    1|   ap_memory|                  q_tile_3|         array|
|q_tile_3_q0          |   in|    8|   ap_memory|                  q_tile_3|         array|
|q_tile_3_address1    |  out|    6|   ap_memory|                  q_tile_3|         array|
|q_tile_3_ce1         |  out|    1|   ap_memory|                  q_tile_3|         array|
|q_tile_3_q1          |   in|    8|   ap_memory|                  q_tile_3|         array|
|q_tile_3_address2    |  out|    6|   ap_memory|                  q_tile_3|         array|
|q_tile_3_ce2         |  out|    1|   ap_memory|                  q_tile_3|         array|
|q_tile_3_q2          |   in|    8|   ap_memory|                  q_tile_3|         array|
|q_tile_3_address3    |  out|    6|   ap_memory|                  q_tile_3|         array|
|q_tile_3_ce3         |  out|    1|   ap_memory|                  q_tile_3|         array|
|q_tile_3_q3          |   in|    8|   ap_memory|                  q_tile_3|         array|
|q_tile_3_address4    |  out|    6|   ap_memory|                  q_tile_3|         array|
|q_tile_3_ce4         |  out|    1|   ap_memory|                  q_tile_3|         array|
|q_tile_3_q4          |   in|    8|   ap_memory|                  q_tile_3|         array|
|q_tile_3_address5    |  out|    6|   ap_memory|                  q_tile_3|         array|
|q_tile_3_ce5         |  out|    1|   ap_memory|                  q_tile_3|         array|
|q_tile_3_q5          |   in|    8|   ap_memory|                  q_tile_3|         array|
|q_tile_3_address6    |  out|    6|   ap_memory|                  q_tile_3|         array|
|q_tile_3_ce6         |  out|    1|   ap_memory|                  q_tile_3|         array|
|q_tile_3_q6          |   in|    8|   ap_memory|                  q_tile_3|         array|
|q_tile_3_address7    |  out|    6|   ap_memory|                  q_tile_3|         array|
|q_tile_3_ce7         |  out|    1|   ap_memory|                  q_tile_3|         array|
|q_tile_3_q7          |   in|    8|   ap_memory|                  q_tile_3|         array|
|q_tile_4_address0    |  out|    6|   ap_memory|                  q_tile_4|         array|
|q_tile_4_ce0         |  out|    1|   ap_memory|                  q_tile_4|         array|
|q_tile_4_q0          |   in|    8|   ap_memory|                  q_tile_4|         array|
|q_tile_4_address1    |  out|    6|   ap_memory|                  q_tile_4|         array|
|q_tile_4_ce1         |  out|    1|   ap_memory|                  q_tile_4|         array|
|q_tile_4_q1          |   in|    8|   ap_memory|                  q_tile_4|         array|
|q_tile_4_address2    |  out|    6|   ap_memory|                  q_tile_4|         array|
|q_tile_4_ce2         |  out|    1|   ap_memory|                  q_tile_4|         array|
|q_tile_4_q2          |   in|    8|   ap_memory|                  q_tile_4|         array|
|q_tile_4_address3    |  out|    6|   ap_memory|                  q_tile_4|         array|
|q_tile_4_ce3         |  out|    1|   ap_memory|                  q_tile_4|         array|
|q_tile_4_q3          |   in|    8|   ap_memory|                  q_tile_4|         array|
|q_tile_4_address4    |  out|    6|   ap_memory|                  q_tile_4|         array|
|q_tile_4_ce4         |  out|    1|   ap_memory|                  q_tile_4|         array|
|q_tile_4_q4          |   in|    8|   ap_memory|                  q_tile_4|         array|
|q_tile_4_address5    |  out|    6|   ap_memory|                  q_tile_4|         array|
|q_tile_4_ce5         |  out|    1|   ap_memory|                  q_tile_4|         array|
|q_tile_4_q5          |   in|    8|   ap_memory|                  q_tile_4|         array|
|q_tile_4_address6    |  out|    6|   ap_memory|                  q_tile_4|         array|
|q_tile_4_ce6         |  out|    1|   ap_memory|                  q_tile_4|         array|
|q_tile_4_q6          |   in|    8|   ap_memory|                  q_tile_4|         array|
|q_tile_4_address7    |  out|    6|   ap_memory|                  q_tile_4|         array|
|q_tile_4_ce7         |  out|    1|   ap_memory|                  q_tile_4|         array|
|q_tile_4_q7          |   in|    8|   ap_memory|                  q_tile_4|         array|
|q_tile_5_address0    |  out|    6|   ap_memory|                  q_tile_5|         array|
|q_tile_5_ce0         |  out|    1|   ap_memory|                  q_tile_5|         array|
|q_tile_5_q0          |   in|    8|   ap_memory|                  q_tile_5|         array|
|q_tile_5_address1    |  out|    6|   ap_memory|                  q_tile_5|         array|
|q_tile_5_ce1         |  out|    1|   ap_memory|                  q_tile_5|         array|
|q_tile_5_q1          |   in|    8|   ap_memory|                  q_tile_5|         array|
|q_tile_5_address2    |  out|    6|   ap_memory|                  q_tile_5|         array|
|q_tile_5_ce2         |  out|    1|   ap_memory|                  q_tile_5|         array|
|q_tile_5_q2          |   in|    8|   ap_memory|                  q_tile_5|         array|
|q_tile_5_address3    |  out|    6|   ap_memory|                  q_tile_5|         array|
|q_tile_5_ce3         |  out|    1|   ap_memory|                  q_tile_5|         array|
|q_tile_5_q3          |   in|    8|   ap_memory|                  q_tile_5|         array|
|q_tile_5_address4    |  out|    6|   ap_memory|                  q_tile_5|         array|
|q_tile_5_ce4         |  out|    1|   ap_memory|                  q_tile_5|         array|
|q_tile_5_q4          |   in|    8|   ap_memory|                  q_tile_5|         array|
|q_tile_5_address5    |  out|    6|   ap_memory|                  q_tile_5|         array|
|q_tile_5_ce5         |  out|    1|   ap_memory|                  q_tile_5|         array|
|q_tile_5_q5          |   in|    8|   ap_memory|                  q_tile_5|         array|
|q_tile_5_address6    |  out|    6|   ap_memory|                  q_tile_5|         array|
|q_tile_5_ce6         |  out|    1|   ap_memory|                  q_tile_5|         array|
|q_tile_5_q6          |   in|    8|   ap_memory|                  q_tile_5|         array|
|q_tile_5_address7    |  out|    6|   ap_memory|                  q_tile_5|         array|
|q_tile_5_ce7         |  out|    1|   ap_memory|                  q_tile_5|         array|
|q_tile_5_q7          |   in|    8|   ap_memory|                  q_tile_5|         array|
|q_tile_6_address0    |  out|    6|   ap_memory|                  q_tile_6|         array|
|q_tile_6_ce0         |  out|    1|   ap_memory|                  q_tile_6|         array|
|q_tile_6_q0          |   in|    8|   ap_memory|                  q_tile_6|         array|
|q_tile_6_address1    |  out|    6|   ap_memory|                  q_tile_6|         array|
|q_tile_6_ce1         |  out|    1|   ap_memory|                  q_tile_6|         array|
|q_tile_6_q1          |   in|    8|   ap_memory|                  q_tile_6|         array|
|q_tile_6_address2    |  out|    6|   ap_memory|                  q_tile_6|         array|
|q_tile_6_ce2         |  out|    1|   ap_memory|                  q_tile_6|         array|
|q_tile_6_q2          |   in|    8|   ap_memory|                  q_tile_6|         array|
|q_tile_6_address3    |  out|    6|   ap_memory|                  q_tile_6|         array|
|q_tile_6_ce3         |  out|    1|   ap_memory|                  q_tile_6|         array|
|q_tile_6_q3          |   in|    8|   ap_memory|                  q_tile_6|         array|
|q_tile_6_address4    |  out|    6|   ap_memory|                  q_tile_6|         array|
|q_tile_6_ce4         |  out|    1|   ap_memory|                  q_tile_6|         array|
|q_tile_6_q4          |   in|    8|   ap_memory|                  q_tile_6|         array|
|q_tile_6_address5    |  out|    6|   ap_memory|                  q_tile_6|         array|
|q_tile_6_ce5         |  out|    1|   ap_memory|                  q_tile_6|         array|
|q_tile_6_q5          |   in|    8|   ap_memory|                  q_tile_6|         array|
|q_tile_6_address6    |  out|    6|   ap_memory|                  q_tile_6|         array|
|q_tile_6_ce6         |  out|    1|   ap_memory|                  q_tile_6|         array|
|q_tile_6_q6          |   in|    8|   ap_memory|                  q_tile_6|         array|
|q_tile_6_address7    |  out|    6|   ap_memory|                  q_tile_6|         array|
|q_tile_6_ce7         |  out|    1|   ap_memory|                  q_tile_6|         array|
|q_tile_6_q7          |   in|    8|   ap_memory|                  q_tile_6|         array|
|q_tile_7_address0    |  out|    6|   ap_memory|                  q_tile_7|         array|
|q_tile_7_ce0         |  out|    1|   ap_memory|                  q_tile_7|         array|
|q_tile_7_q0          |   in|    8|   ap_memory|                  q_tile_7|         array|
|q_tile_7_address1    |  out|    6|   ap_memory|                  q_tile_7|         array|
|q_tile_7_ce1         |  out|    1|   ap_memory|                  q_tile_7|         array|
|q_tile_7_q1          |   in|    8|   ap_memory|                  q_tile_7|         array|
|q_tile_7_address2    |  out|    6|   ap_memory|                  q_tile_7|         array|
|q_tile_7_ce2         |  out|    1|   ap_memory|                  q_tile_7|         array|
|q_tile_7_q2          |   in|    8|   ap_memory|                  q_tile_7|         array|
|q_tile_7_address3    |  out|    6|   ap_memory|                  q_tile_7|         array|
|q_tile_7_ce3         |  out|    1|   ap_memory|                  q_tile_7|         array|
|q_tile_7_q3          |   in|    8|   ap_memory|                  q_tile_7|         array|
|q_tile_7_address4    |  out|    6|   ap_memory|                  q_tile_7|         array|
|q_tile_7_ce4         |  out|    1|   ap_memory|                  q_tile_7|         array|
|q_tile_7_q4          |   in|    8|   ap_memory|                  q_tile_7|         array|
|q_tile_7_address5    |  out|    6|   ap_memory|                  q_tile_7|         array|
|q_tile_7_ce5         |  out|    1|   ap_memory|                  q_tile_7|         array|
|q_tile_7_q5          |   in|    8|   ap_memory|                  q_tile_7|         array|
|q_tile_7_address6    |  out|    6|   ap_memory|                  q_tile_7|         array|
|q_tile_7_ce6         |  out|    1|   ap_memory|                  q_tile_7|         array|
|q_tile_7_q6          |   in|    8|   ap_memory|                  q_tile_7|         array|
|q_tile_7_address7    |  out|    6|   ap_memory|                  q_tile_7|         array|
|q_tile_7_ce7         |  out|    1|   ap_memory|                  q_tile_7|         array|
|q_tile_7_q7          |   in|    8|   ap_memory|                  q_tile_7|         array|
|k_tile_0_address0    |  out|    9|   ap_memory|                  k_tile_0|         array|
|k_tile_0_ce0         |  out|    1|   ap_memory|                  k_tile_0|         array|
|k_tile_0_q0          |   in|    8|   ap_memory|                  k_tile_0|         array|
|k_tile_0_address1    |  out|    9|   ap_memory|                  k_tile_0|         array|
|k_tile_0_ce1         |  out|    1|   ap_memory|                  k_tile_0|         array|
|k_tile_0_q1          |   in|    8|   ap_memory|                  k_tile_0|         array|
|k_tile_0_address2    |  out|    9|   ap_memory|                  k_tile_0|         array|
|k_tile_0_ce2         |  out|    1|   ap_memory|                  k_tile_0|         array|
|k_tile_0_q2          |   in|    8|   ap_memory|                  k_tile_0|         array|
|k_tile_0_address3    |  out|    9|   ap_memory|                  k_tile_0|         array|
|k_tile_0_ce3         |  out|    1|   ap_memory|                  k_tile_0|         array|
|k_tile_0_q3          |   in|    8|   ap_memory|                  k_tile_0|         array|
|k_tile_0_address4    |  out|    9|   ap_memory|                  k_tile_0|         array|
|k_tile_0_ce4         |  out|    1|   ap_memory|                  k_tile_0|         array|
|k_tile_0_q4          |   in|    8|   ap_memory|                  k_tile_0|         array|
|k_tile_0_address5    |  out|    9|   ap_memory|                  k_tile_0|         array|
|k_tile_0_ce5         |  out|    1|   ap_memory|                  k_tile_0|         array|
|k_tile_0_q5          |   in|    8|   ap_memory|                  k_tile_0|         array|
|k_tile_0_address6    |  out|    9|   ap_memory|                  k_tile_0|         array|
|k_tile_0_ce6         |  out|    1|   ap_memory|                  k_tile_0|         array|
|k_tile_0_q6          |   in|    8|   ap_memory|                  k_tile_0|         array|
|k_tile_0_address7    |  out|    9|   ap_memory|                  k_tile_0|         array|
|k_tile_0_ce7         |  out|    1|   ap_memory|                  k_tile_0|         array|
|k_tile_0_q7          |   in|    8|   ap_memory|                  k_tile_0|         array|
|k_tile_1_address0    |  out|    9|   ap_memory|                  k_tile_1|         array|
|k_tile_1_ce0         |  out|    1|   ap_memory|                  k_tile_1|         array|
|k_tile_1_q0          |   in|    8|   ap_memory|                  k_tile_1|         array|
|k_tile_1_address1    |  out|    9|   ap_memory|                  k_tile_1|         array|
|k_tile_1_ce1         |  out|    1|   ap_memory|                  k_tile_1|         array|
|k_tile_1_q1          |   in|    8|   ap_memory|                  k_tile_1|         array|
|k_tile_1_address2    |  out|    9|   ap_memory|                  k_tile_1|         array|
|k_tile_1_ce2         |  out|    1|   ap_memory|                  k_tile_1|         array|
|k_tile_1_q2          |   in|    8|   ap_memory|                  k_tile_1|         array|
|k_tile_1_address3    |  out|    9|   ap_memory|                  k_tile_1|         array|
|k_tile_1_ce3         |  out|    1|   ap_memory|                  k_tile_1|         array|
|k_tile_1_q3          |   in|    8|   ap_memory|                  k_tile_1|         array|
|k_tile_1_address4    |  out|    9|   ap_memory|                  k_tile_1|         array|
|k_tile_1_ce4         |  out|    1|   ap_memory|                  k_tile_1|         array|
|k_tile_1_q4          |   in|    8|   ap_memory|                  k_tile_1|         array|
|k_tile_1_address5    |  out|    9|   ap_memory|                  k_tile_1|         array|
|k_tile_1_ce5         |  out|    1|   ap_memory|                  k_tile_1|         array|
|k_tile_1_q5          |   in|    8|   ap_memory|                  k_tile_1|         array|
|k_tile_1_address6    |  out|    9|   ap_memory|                  k_tile_1|         array|
|k_tile_1_ce6         |  out|    1|   ap_memory|                  k_tile_1|         array|
|k_tile_1_q6          |   in|    8|   ap_memory|                  k_tile_1|         array|
|k_tile_1_address7    |  out|    9|   ap_memory|                  k_tile_1|         array|
|k_tile_1_ce7         |  out|    1|   ap_memory|                  k_tile_1|         array|
|k_tile_1_q7          |   in|    8|   ap_memory|                  k_tile_1|         array|
|k_tile_2_address0    |  out|    9|   ap_memory|                  k_tile_2|         array|
|k_tile_2_ce0         |  out|    1|   ap_memory|                  k_tile_2|         array|
|k_tile_2_q0          |   in|    8|   ap_memory|                  k_tile_2|         array|
|k_tile_2_address1    |  out|    9|   ap_memory|                  k_tile_2|         array|
|k_tile_2_ce1         |  out|    1|   ap_memory|                  k_tile_2|         array|
|k_tile_2_q1          |   in|    8|   ap_memory|                  k_tile_2|         array|
|k_tile_2_address2    |  out|    9|   ap_memory|                  k_tile_2|         array|
|k_tile_2_ce2         |  out|    1|   ap_memory|                  k_tile_2|         array|
|k_tile_2_q2          |   in|    8|   ap_memory|                  k_tile_2|         array|
|k_tile_2_address3    |  out|    9|   ap_memory|                  k_tile_2|         array|
|k_tile_2_ce3         |  out|    1|   ap_memory|                  k_tile_2|         array|
|k_tile_2_q3          |   in|    8|   ap_memory|                  k_tile_2|         array|
|k_tile_2_address4    |  out|    9|   ap_memory|                  k_tile_2|         array|
|k_tile_2_ce4         |  out|    1|   ap_memory|                  k_tile_2|         array|
|k_tile_2_q4          |   in|    8|   ap_memory|                  k_tile_2|         array|
|k_tile_2_address5    |  out|    9|   ap_memory|                  k_tile_2|         array|
|k_tile_2_ce5         |  out|    1|   ap_memory|                  k_tile_2|         array|
|k_tile_2_q5          |   in|    8|   ap_memory|                  k_tile_2|         array|
|k_tile_2_address6    |  out|    9|   ap_memory|                  k_tile_2|         array|
|k_tile_2_ce6         |  out|    1|   ap_memory|                  k_tile_2|         array|
|k_tile_2_q6          |   in|    8|   ap_memory|                  k_tile_2|         array|
|k_tile_2_address7    |  out|    9|   ap_memory|                  k_tile_2|         array|
|k_tile_2_ce7         |  out|    1|   ap_memory|                  k_tile_2|         array|
|k_tile_2_q7          |   in|    8|   ap_memory|                  k_tile_2|         array|
|k_tile_3_address0    |  out|    9|   ap_memory|                  k_tile_3|         array|
|k_tile_3_ce0         |  out|    1|   ap_memory|                  k_tile_3|         array|
|k_tile_3_q0          |   in|    8|   ap_memory|                  k_tile_3|         array|
|k_tile_3_address1    |  out|    9|   ap_memory|                  k_tile_3|         array|
|k_tile_3_ce1         |  out|    1|   ap_memory|                  k_tile_3|         array|
|k_tile_3_q1          |   in|    8|   ap_memory|                  k_tile_3|         array|
|k_tile_3_address2    |  out|    9|   ap_memory|                  k_tile_3|         array|
|k_tile_3_ce2         |  out|    1|   ap_memory|                  k_tile_3|         array|
|k_tile_3_q2          |   in|    8|   ap_memory|                  k_tile_3|         array|
|k_tile_3_address3    |  out|    9|   ap_memory|                  k_tile_3|         array|
|k_tile_3_ce3         |  out|    1|   ap_memory|                  k_tile_3|         array|
|k_tile_3_q3          |   in|    8|   ap_memory|                  k_tile_3|         array|
|k_tile_3_address4    |  out|    9|   ap_memory|                  k_tile_3|         array|
|k_tile_3_ce4         |  out|    1|   ap_memory|                  k_tile_3|         array|
|k_tile_3_q4          |   in|    8|   ap_memory|                  k_tile_3|         array|
|k_tile_3_address5    |  out|    9|   ap_memory|                  k_tile_3|         array|
|k_tile_3_ce5         |  out|    1|   ap_memory|                  k_tile_3|         array|
|k_tile_3_q5          |   in|    8|   ap_memory|                  k_tile_3|         array|
|k_tile_3_address6    |  out|    9|   ap_memory|                  k_tile_3|         array|
|k_tile_3_ce6         |  out|    1|   ap_memory|                  k_tile_3|         array|
|k_tile_3_q6          |   in|    8|   ap_memory|                  k_tile_3|         array|
|k_tile_3_address7    |  out|    9|   ap_memory|                  k_tile_3|         array|
|k_tile_3_ce7         |  out|    1|   ap_memory|                  k_tile_3|         array|
|k_tile_3_q7          |   in|    8|   ap_memory|                  k_tile_3|         array|
|k_tile_4_address0    |  out|    9|   ap_memory|                  k_tile_4|         array|
|k_tile_4_ce0         |  out|    1|   ap_memory|                  k_tile_4|         array|
|k_tile_4_q0          |   in|    8|   ap_memory|                  k_tile_4|         array|
|k_tile_4_address1    |  out|    9|   ap_memory|                  k_tile_4|         array|
|k_tile_4_ce1         |  out|    1|   ap_memory|                  k_tile_4|         array|
|k_tile_4_q1          |   in|    8|   ap_memory|                  k_tile_4|         array|
|k_tile_4_address2    |  out|    9|   ap_memory|                  k_tile_4|         array|
|k_tile_4_ce2         |  out|    1|   ap_memory|                  k_tile_4|         array|
|k_tile_4_q2          |   in|    8|   ap_memory|                  k_tile_4|         array|
|k_tile_4_address3    |  out|    9|   ap_memory|                  k_tile_4|         array|
|k_tile_4_ce3         |  out|    1|   ap_memory|                  k_tile_4|         array|
|k_tile_4_q3          |   in|    8|   ap_memory|                  k_tile_4|         array|
|k_tile_4_address4    |  out|    9|   ap_memory|                  k_tile_4|         array|
|k_tile_4_ce4         |  out|    1|   ap_memory|                  k_tile_4|         array|
|k_tile_4_q4          |   in|    8|   ap_memory|                  k_tile_4|         array|
|k_tile_4_address5    |  out|    9|   ap_memory|                  k_tile_4|         array|
|k_tile_4_ce5         |  out|    1|   ap_memory|                  k_tile_4|         array|
|k_tile_4_q5          |   in|    8|   ap_memory|                  k_tile_4|         array|
|k_tile_4_address6    |  out|    9|   ap_memory|                  k_tile_4|         array|
|k_tile_4_ce6         |  out|    1|   ap_memory|                  k_tile_4|         array|
|k_tile_4_q6          |   in|    8|   ap_memory|                  k_tile_4|         array|
|k_tile_4_address7    |  out|    9|   ap_memory|                  k_tile_4|         array|
|k_tile_4_ce7         |  out|    1|   ap_memory|                  k_tile_4|         array|
|k_tile_4_q7          |   in|    8|   ap_memory|                  k_tile_4|         array|
|k_tile_5_address0    |  out|    9|   ap_memory|                  k_tile_5|         array|
|k_tile_5_ce0         |  out|    1|   ap_memory|                  k_tile_5|         array|
|k_tile_5_q0          |   in|    8|   ap_memory|                  k_tile_5|         array|
|k_tile_5_address1    |  out|    9|   ap_memory|                  k_tile_5|         array|
|k_tile_5_ce1         |  out|    1|   ap_memory|                  k_tile_5|         array|
|k_tile_5_q1          |   in|    8|   ap_memory|                  k_tile_5|         array|
|k_tile_5_address2    |  out|    9|   ap_memory|                  k_tile_5|         array|
|k_tile_5_ce2         |  out|    1|   ap_memory|                  k_tile_5|         array|
|k_tile_5_q2          |   in|    8|   ap_memory|                  k_tile_5|         array|
|k_tile_5_address3    |  out|    9|   ap_memory|                  k_tile_5|         array|
|k_tile_5_ce3         |  out|    1|   ap_memory|                  k_tile_5|         array|
|k_tile_5_q3          |   in|    8|   ap_memory|                  k_tile_5|         array|
|k_tile_5_address4    |  out|    9|   ap_memory|                  k_tile_5|         array|
|k_tile_5_ce4         |  out|    1|   ap_memory|                  k_tile_5|         array|
|k_tile_5_q4          |   in|    8|   ap_memory|                  k_tile_5|         array|
|k_tile_5_address5    |  out|    9|   ap_memory|                  k_tile_5|         array|
|k_tile_5_ce5         |  out|    1|   ap_memory|                  k_tile_5|         array|
|k_tile_5_q5          |   in|    8|   ap_memory|                  k_tile_5|         array|
|k_tile_5_address6    |  out|    9|   ap_memory|                  k_tile_5|         array|
|k_tile_5_ce6         |  out|    1|   ap_memory|                  k_tile_5|         array|
|k_tile_5_q6          |   in|    8|   ap_memory|                  k_tile_5|         array|
|k_tile_5_address7    |  out|    9|   ap_memory|                  k_tile_5|         array|
|k_tile_5_ce7         |  out|    1|   ap_memory|                  k_tile_5|         array|
|k_tile_5_q7          |   in|    8|   ap_memory|                  k_tile_5|         array|
|k_tile_6_address0    |  out|    9|   ap_memory|                  k_tile_6|         array|
|k_tile_6_ce0         |  out|    1|   ap_memory|                  k_tile_6|         array|
|k_tile_6_q0          |   in|    8|   ap_memory|                  k_tile_6|         array|
|k_tile_6_address1    |  out|    9|   ap_memory|                  k_tile_6|         array|
|k_tile_6_ce1         |  out|    1|   ap_memory|                  k_tile_6|         array|
|k_tile_6_q1          |   in|    8|   ap_memory|                  k_tile_6|         array|
|k_tile_6_address2    |  out|    9|   ap_memory|                  k_tile_6|         array|
|k_tile_6_ce2         |  out|    1|   ap_memory|                  k_tile_6|         array|
|k_tile_6_q2          |   in|    8|   ap_memory|                  k_tile_6|         array|
|k_tile_6_address3    |  out|    9|   ap_memory|                  k_tile_6|         array|
|k_tile_6_ce3         |  out|    1|   ap_memory|                  k_tile_6|         array|
|k_tile_6_q3          |   in|    8|   ap_memory|                  k_tile_6|         array|
|k_tile_6_address4    |  out|    9|   ap_memory|                  k_tile_6|         array|
|k_tile_6_ce4         |  out|    1|   ap_memory|                  k_tile_6|         array|
|k_tile_6_q4          |   in|    8|   ap_memory|                  k_tile_6|         array|
|k_tile_6_address5    |  out|    9|   ap_memory|                  k_tile_6|         array|
|k_tile_6_ce5         |  out|    1|   ap_memory|                  k_tile_6|         array|
|k_tile_6_q5          |   in|    8|   ap_memory|                  k_tile_6|         array|
|k_tile_6_address6    |  out|    9|   ap_memory|                  k_tile_6|         array|
|k_tile_6_ce6         |  out|    1|   ap_memory|                  k_tile_6|         array|
|k_tile_6_q6          |   in|    8|   ap_memory|                  k_tile_6|         array|
|k_tile_6_address7    |  out|    9|   ap_memory|                  k_tile_6|         array|
|k_tile_6_ce7         |  out|    1|   ap_memory|                  k_tile_6|         array|
|k_tile_6_q7          |   in|    8|   ap_memory|                  k_tile_6|         array|
|k_tile_7_address0    |  out|    9|   ap_memory|                  k_tile_7|         array|
|k_tile_7_ce0         |  out|    1|   ap_memory|                  k_tile_7|         array|
|k_tile_7_q0          |   in|    8|   ap_memory|                  k_tile_7|         array|
|k_tile_7_address1    |  out|    9|   ap_memory|                  k_tile_7|         array|
|k_tile_7_ce1         |  out|    1|   ap_memory|                  k_tile_7|         array|
|k_tile_7_q1          |   in|    8|   ap_memory|                  k_tile_7|         array|
|k_tile_7_address2    |  out|    9|   ap_memory|                  k_tile_7|         array|
|k_tile_7_ce2         |  out|    1|   ap_memory|                  k_tile_7|         array|
|k_tile_7_q2          |   in|    8|   ap_memory|                  k_tile_7|         array|
|k_tile_7_address3    |  out|    9|   ap_memory|                  k_tile_7|         array|
|k_tile_7_ce3         |  out|    1|   ap_memory|                  k_tile_7|         array|
|k_tile_7_q3          |   in|    8|   ap_memory|                  k_tile_7|         array|
|k_tile_7_address4    |  out|    9|   ap_memory|                  k_tile_7|         array|
|k_tile_7_ce4         |  out|    1|   ap_memory|                  k_tile_7|         array|
|k_tile_7_q4          |   in|    8|   ap_memory|                  k_tile_7|         array|
|k_tile_7_address5    |  out|    9|   ap_memory|                  k_tile_7|         array|
|k_tile_7_ce5         |  out|    1|   ap_memory|                  k_tile_7|         array|
|k_tile_7_q5          |   in|    8|   ap_memory|                  k_tile_7|         array|
|k_tile_7_address6    |  out|    9|   ap_memory|                  k_tile_7|         array|
|k_tile_7_ce6         |  out|    1|   ap_memory|                  k_tile_7|         array|
|k_tile_7_q6          |   in|    8|   ap_memory|                  k_tile_7|         array|
|k_tile_7_address7    |  out|    9|   ap_memory|                  k_tile_7|         array|
|k_tile_7_ce7         |  out|    1|   ap_memory|                  k_tile_7|         array|
|k_tile_7_q7          |   in|    8|   ap_memory|                  k_tile_7|         array|
|score_tile_address0  |  out|    9|   ap_memory|                score_tile|         array|
|score_tile_ce0       |  out|    1|   ap_memory|                score_tile|         array|
|score_tile_we0       |  out|    1|   ap_memory|                score_tile|         array|
|score_tile_d0        |  out|   22|   ap_memory|                score_tile|         array|
|query_row_count      |   in|   16|     ap_none|           query_row_count|        scalar|
|key_col_count        |   in|   16|     ap_none|             key_col_count|        scalar|
+---------------------+-----+-----+------------+--------------------------+--------------+

