

================================================================
== Vitis HLS Report for 'attention_score_u55c_kernel_Pipeline_VITIS_LOOP_78_5_VITIS_LOOP_79_6'
================================================================
* Date:           Mon Apr 27 17:15:18 2026

* Version:        2022.2 (Build 3670227 on Oct 13 2022)
* Project:        attention_score_prj
* Solution:       sol1 (Vivado IP Flow Target)
* Product family: virtexuplus
* Target device:  xcu55c-fsvh2892-2L-e


================================================================
== Performance Estimates
================================================================
+ Timing: 
    * Summary: 
    +--------+---------+----------+------------+
    |  Clock |  Target | Estimated| Uncertainty|
    +--------+---------+----------+------------+
    |ap_clk  |  4.00 ns|  2.920 ns|     1.08 ns|
    +--------+---------+----------+------------+

+ Latency: 
    * Summary: 
    +---------+---------+----------+----------+-----+-----+---------+
    |  Latency (cycles) |  Latency (absolute) |  Interval | Pipeline|
    |   min   |   max   |    min   |    max   | min | max |   Type  |
    +---------+---------+----------+----------+-----+-----+---------+
    |      516|      516|  2.064 us|  2.064 us|  516|  516|       no|
    +---------+---------+----------+----------+-----+-----+---------+

    + Detail: 
        * Instance: 
        N/A

        * Loop: 
        +-----------------------------------+---------+---------+----------+-----------+-----------+------+----------+
        |                                   |  Latency (cycles) | Iteration|  Initiation Interval  | Trip |          |
        |             Loop Name             |   min   |   max   |  Latency |  achieved |   target  | Count| Pipelined|
        +-----------------------------------+---------+---------+----------+-----------+-----------+------+----------+
        |- VITIS_LOOP_78_5_VITIS_LOOP_79_6  |      514|      514|         4|          1|          1|   512|       yes|
        +-----------------------------------+---------+---------+----------+-----------+-----------+------+----------+



================================================================
== Utilization Estimates
================================================================
* Summary: 
+---------------------+---------+------+---------+---------+-----+
|         Name        | BRAM_18K|  DSP |    FF   |   LUT   | URAM|
+---------------------+---------+------+---------+---------+-----+
|DSP                  |        -|     -|        -|        -|    -|
|Expression           |        -|     -|        0|       96|    -|
|FIFO                 |        -|     -|        -|        -|    -|
|Instance             |        -|     -|        -|        -|    -|
|Memory               |        -|     -|        -|        -|    -|
|Multiplexer          |        -|     -|        -|       81|    -|
|Register             |        -|     -|       61|        -|    -|
+---------------------+---------+------+---------+---------+-----+
|Total                |        0|     0|       61|      177|    0|
+---------------------+---------+------+---------+---------+-----+
|Available SLR        |     1344|  3008|   869120|   434560|  320|
+---------------------+---------+------+---------+---------+-----+
|Utilization SLR (%)  |        0|     0|       ~0|       ~0|    0|
+---------------------+---------+------+---------+---------+-----+
|Available            |     4032|  9024|  2607360|  1303680|  960|
+---------------------+---------+------+---------+---------+-----+
|Utilization (%)      |        0|     0|       ~0|       ~0|    0|
+---------------------+---------+------+---------+---------+-----+

+ Detail: 
    * Instance: 
    N/A

    * DSP: 
    N/A

    * Memory: 
    N/A

    * FIFO: 
    N/A

    * Expression: 
    +---------------------------+----------+----+---+----+------------+------------+
    |       Variable Name       | Operation| DSP| FF| LUT| Bitwidth P0| Bitwidth P1|
    +---------------------------+----------+----+---+----+------------+------------+
    |add_ln78_1_fu_133_p2       |         +|   0|  0|  17|          10|           1|
    |add_ln78_fu_145_p2         |         +|   0|  0|  12|           4|           1|
    |add_ln79_fu_195_p2         |         +|   0|  0|  14|           7|           1|
    |add_ln81_fu_189_p2         |         +|   0|  0|  16|           9|           9|
    |ap_block_pp0_stage0_11001  |       and|   0|  0|   2|           1|           1|
    |icmp_ln78_fu_127_p2        |      icmp|   0|  0|  11|          10|          11|
    |icmp_ln79_fu_151_p2        |      icmp|   0|  0|  11|           7|           8|
    |select_ln78_1_fu_165_p3    |    select|   0|  0|   4|           1|           4|
    |select_ln78_fu_157_p3      |    select|   0|  0|   7|           1|           1|
    |ap_enable_pp0              |       xor|   0|  0|   2|           1|           2|
    +---------------------------+----------+----+---+----+------------+------------+
    |Total                      |          |   0|  0|  96|          51|          39|
    +---------------------------+----------+----+---+----+------------+------------+

    * Multiplexer: 
    +----------------------------------------+----+-----------+-----+-----------+
    |                  Name                  | LUT| Input Size| Bits| Total Bits|
    +----------------------------------------+----+-----------+-----+-----------+
    |ap_done_int                             |   9|          2|    1|          2|
    |ap_enable_reg_pp0_iter3                 |   9|          2|    1|          2|
    |ap_sig_allocacmp_col_load               |   9|          2|    7|         14|
    |ap_sig_allocacmp_indvar_flatten13_load  |   9|          2|   10|         20|
    |ap_sig_allocacmp_row_load               |   9|          2|    4|          8|
    |col_fu_66                               |   9|          2|    7|         14|
    |gmem2_blk_n_W                           |   9|          2|    1|          2|
    |indvar_flatten13_fu_74                  |   9|          2|   10|         20|
    |row_fu_70                               |   9|          2|    4|          8|
    +----------------------------------------+----+-----------+-----+-----------+
    |Total                                   |  81|         18|   45|         90|
    +----------------------------------------+----+-----------+-----+-----------+

    * Register: 
    +----------------------------------+----+----+-----+-----------+
    |               Name               | FF | LUT| Bits| Const Bits|
    +----------------------------------+----+----+-----+-----------+
    |add_ln81_reg_259                  |   9|   0|    9|          0|
    |ap_CS_fsm                         |   1|   0|    1|          0|
    |ap_done_reg                       |   1|   0|    1|          0|
    |ap_enable_reg_pp0_iter1           |   1|   0|    1|          0|
    |ap_enable_reg_pp0_iter2           |   1|   0|    1|          0|
    |ap_enable_reg_pp0_iter3           |   1|   0|    1|          0|
    |ap_loop_exit_ready_pp0_iter1_reg  |   1|   0|    1|          0|
    |ap_loop_exit_ready_pp0_iter2_reg  |   1|   0|    1|          0|
    |col_fu_66                         |   7|   0|    7|          0|
    |icmp_ln78_reg_255                 |   1|   0|    1|          0|
    |icmp_ln78_reg_255_pp0_iter1_reg   |   1|   0|    1|          0|
    |indvar_flatten13_fu_74            |  10|   0|   10|          0|
    |row_fu_70                         |   4|   0|    4|          0|
    |score_local_load_reg_274          |  22|   0|   22|          0|
    +----------------------------------+----+----+-----+-----------+
    |Total                             |  61|   0|   61|          0|
    +----------------------------------+----+----+-----+-----------+



================================================================
== Interface
================================================================
* Summary: 
+----------------------+-----+-----+------------+----------------------------------------------------------------------+--------------+
|       RTL Ports      | Dir | Bits|  Protocol  |                             Source Object                            |    C Type    |
+----------------------+-----+-----+------------+----------------------------------------------------------------------+--------------+
|ap_clk                |   in|    1|  ap_ctrl_hs|  attention_score_u55c_kernel_Pipeline_VITIS_LOOP_78_5_VITIS_LOOP_79_6|  return value|
|ap_rst                |   in|    1|  ap_ctrl_hs|  attention_score_u55c_kernel_Pipeline_VITIS_LOOP_78_5_VITIS_LOOP_79_6|  return value|
|ap_start              |   in|    1|  ap_ctrl_hs|  attention_score_u55c_kernel_Pipeline_VITIS_LOOP_78_5_VITIS_LOOP_79_6|  return value|
|ap_done               |  out|    1|  ap_ctrl_hs|  attention_score_u55c_kernel_Pipeline_VITIS_LOOP_78_5_VITIS_LOOP_79_6|  return value|
|ap_idle               |  out|    1|  ap_ctrl_hs|  attention_score_u55c_kernel_Pipeline_VITIS_LOOP_78_5_VITIS_LOOP_79_6|  return value|
|ap_ready              |  out|    1|  ap_ctrl_hs|  attention_score_u55c_kernel_Pipeline_VITIS_LOOP_78_5_VITIS_LOOP_79_6|  return value|
|m_axi_gmem2_AWVALID   |  out|    1|       m_axi|                                                                 gmem2|       pointer|
|m_axi_gmem2_AWREADY   |   in|    1|       m_axi|                                                                 gmem2|       pointer|
|m_axi_gmem2_AWADDR    |  out|   64|       m_axi|                                                                 gmem2|       pointer|
|m_axi_gmem2_AWID      |  out|    1|       m_axi|                                                                 gmem2|       pointer|
|m_axi_gmem2_AWLEN     |  out|   32|       m_axi|                                                                 gmem2|       pointer|
|m_axi_gmem2_AWSIZE    |  out|    3|       m_axi|                                                                 gmem2|       pointer|
|m_axi_gmem2_AWBURST   |  out|    2|       m_axi|                                                                 gmem2|       pointer|
|m_axi_gmem2_AWLOCK    |  out|    2|       m_axi|                                                                 gmem2|       pointer|
|m_axi_gmem2_AWCACHE   |  out|    4|       m_axi|                                                                 gmem2|       pointer|
|m_axi_gmem2_AWPROT    |  out|    3|       m_axi|                                                                 gmem2|       pointer|
|m_axi_gmem2_AWQOS     |  out|    4|       m_axi|                                                                 gmem2|       pointer|
|m_axi_gmem2_AWREGION  |  out|    4|       m_axi|                                                                 gmem2|       pointer|
|m_axi_gmem2_AWUSER    |  out|    1|       m_axi|                                                                 gmem2|       pointer|
|m_axi_gmem2_WVALID    |  out|    1|       m_axi|                                                                 gmem2|       pointer|
|m_axi_gmem2_WREADY    |   in|    1|       m_axi|                                                                 gmem2|       pointer|
|m_axi_gmem2_WDATA     |  out|   32|       m_axi|                                                                 gmem2|       pointer|
|m_axi_gmem2_WSTRB     |  out|    4|       m_axi|                                                                 gmem2|       pointer|
|m_axi_gmem2_WLAST     |  out|    1|       m_axi|                                                                 gmem2|       pointer|
|m_axi_gmem2_WID       |  out|    1|       m_axi|                                                                 gmem2|       pointer|
|m_axi_gmem2_WUSER     |  out|    1|       m_axi|                                                                 gmem2|       pointer|
|m_axi_gmem2_ARVALID   |  out|    1|       m_axi|                                                                 gmem2|       pointer|
|m_axi_gmem2_ARREADY   |   in|    1|       m_axi|                                                                 gmem2|       pointer|
|m_axi_gmem2_ARADDR    |  out|   64|       m_axi|                                                                 gmem2|       pointer|
|m_axi_gmem2_ARID      |  out|    1|       m_axi|                                                                 gmem2|       pointer|
|m_axi_gmem2_ARLEN     |  out|   32|       m_axi|                                                                 gmem2|       pointer|
|m_axi_gmem2_ARSIZE    |  out|    3|       m_axi|                                                                 gmem2|       pointer|
|m_axi_gmem2_ARBURST   |  out|    2|       m_axi|                                                                 gmem2|       pointer|
|m_axi_gmem2_ARLOCK    |  out|    2|       m_axi|                                                                 gmem2|       pointer|
|m_axi_gmem2_ARCACHE   |  out|    4|       m_axi|                                                                 gmem2|       pointer|
|m_axi_gmem2_ARPROT    |  out|    3|       m_axi|                                                                 gmem2|       pointer|
|m_axi_gmem2_ARQOS     |  out|    4|       m_axi|                                                                 gmem2|       pointer|
|m_axi_gmem2_ARREGION  |  out|    4|       m_axi|                                                                 gmem2|       pointer|
|m_axi_gmem2_ARUSER    |  out|    1|       m_axi|                                                                 gmem2|       pointer|
|m_axi_gmem2_RVALID    |   in|    1|       m_axi|                                                                 gmem2|       pointer|
|m_axi_gmem2_RREADY    |  out|    1|       m_axi|                                                                 gmem2|       pointer|
|m_axi_gmem2_RDATA     |   in|   32|       m_axi|                                                                 gmem2|       pointer|
|m_axi_gmem2_RLAST     |   in|    1|       m_axi|                                                                 gmem2|       pointer|
|m_axi_gmem2_RID       |   in|    1|       m_axi|                                                                 gmem2|       pointer|
|m_axi_gmem2_RFIFONUM  |   in|    9|       m_axi|                                                                 gmem2|       pointer|
|m_axi_gmem2_RUSER     |   in|    1|       m_axi|                                                                 gmem2|       pointer|
|m_axi_gmem2_RRESP     |   in|    2|       m_axi|                                                                 gmem2|       pointer|
|m_axi_gmem2_BVALID    |   in|    1|       m_axi|                                                                 gmem2|       pointer|
|m_axi_gmem2_BREADY    |  out|    1|       m_axi|                                                                 gmem2|       pointer|
|m_axi_gmem2_BRESP     |   in|    2|       m_axi|                                                                 gmem2|       pointer|
|m_axi_gmem2_BID       |   in|    1|       m_axi|                                                                 gmem2|       pointer|
|m_axi_gmem2_BUSER     |   in|    1|       m_axi|                                                                 gmem2|       pointer|
|sext_ln78             |   in|   62|     ap_none|                                                             sext_ln78|        scalar|
|score_local_address0  |  out|    9|   ap_memory|                                                           score_local|         array|
|score_local_ce0       |  out|    1|   ap_memory|                                                           score_local|         array|
|score_local_q0        |   in|   22|   ap_memory|                                                           score_local|         array|
+----------------------+-----+-----+------------+----------------------------------------------------------------------+--------------+

