

================================================================
== Vitis HLS Report for 'attention_score_u55c_kernel_Pipeline_VITIS_LOOP_64_3_VITIS_LOOP_65_4'
================================================================
* Date:           Mon Apr 27 17:15:18 2026

* Version:        2022.2 (Build 3670227 on Oct 13 2022)
* Project:        attention_score_prj
* Solution:       sol1 (Vivado IP Flow Target)
* Product family: virtexuplus
* Target device:  xcu55c-fsvh2892-2L-e


================================================================
== Performance Estimates
================================================================
+ Timing: 
    * Summary: 
    +--------+---------+----------+------------+
    |  Clock |  Target | Estimated| Uncertainty|
    +--------+---------+----------+------------+
    |ap_clk  |  4.00 ns|  2.920 ns|     1.08 ns|
    +--------+---------+----------+------------+

+ Latency: 
    * Summary: 
    +---------+---------+-----------+-----------+------+------+---------+
    |  Latency (cycles) |   Latency (absolute)  |   Interval  | Pipeline|
    |   min   |   max   |    min    |    max    |  min |  max |   Type  |
    +---------+---------+-----------+-----------+------+------+---------+
    |     4099|     4099|  16.396 us|  16.396 us|  4099|  4099|       no|
    +---------+---------+-----------+-----------+------+------+---------+

    + Detail: 
        * Instance: 
        N/A

        * Loop: 
        +-----------------------------------+---------+---------+----------+-----------+-----------+------+----------+
        |                                   |  Latency (cycles) | Iteration|  Initiation Interval  | Trip |          |
        |             Loop Name             |   min   |   max   |  Latency |  achieved |   target  | Count| Pipelined|
        +-----------------------------------+---------+---------+----------+-----------+-----------+------+----------+
        |- VITIS_LOOP_64_3_VITIS_LOOP_65_4  |     4097|     4097|         3|          1|          1|  4096|       yes|
        +-----------------------------------+---------+---------+----------+-----------+-----------+------+----------+



================================================================
== Utilization Estimates
================================================================
* Summary: 
+---------------------+---------+------+---------+---------+-----+
|         Name        | BRAM_18K|  DSP |    FF   |   LUT   | URAM|
+---------------------+---------+------+---------+---------+-----+
|DSP                  |        -|     -|        -|        -|    -|
|Expression           |        -|     -|        0|       89|    -|
|FIFO                 |        -|     -|        -|        -|    -|
|Instance             |        -|     -|        -|        -|    -|
|Memory               |        -|     -|        -|        -|    -|
|Multiplexer          |        -|     -|        -|       63|    -|
|Register             |        -|     -|       40|        -|    -|
+---------------------+---------+------+---------+---------+-----+
|Total                |        0|     0|       40|      152|    0|
+---------------------+---------+------+---------+---------+-----+
|Available SLR        |     1344|  3008|   869120|   434560|  320|
+---------------------+---------+------+---------+---------+-----+
|Utilization SLR (%)  |        0|     0|       ~0|       ~0|    0|
+---------------------+---------+------+---------+---------+-----+
|Available            |     4032|  9024|  2607360|  1303680|  960|
+---------------------+---------+------+---------+---------+-----+
|Utilization (%)      |        0|     0|       ~0|       ~0|    0|
+---------------------+---------+------+---------+---------+-----+

+ Detail: 
    * Instance: 
    N/A

    * DSP: 
    N/A

    * Memory: 
    N/A

    * FIFO: 
    N/A

    * Expression: 
    +---------------------------+----------+----+---+----+------------+------------+
    |       Variable Name       | Operation| DSP| FF| LUT| Bitwidth P0| Bitwidth P1|
    +---------------------------+----------+----+---+----+------------+------------+
    |add_ln64_1_fu_249_p2       |         +|   0|  0|  20|          13|           1|
    |add_ln64_fu_266_p2         |         +|   0|  0|  14|           7|           1|
    |add_ln65_fu_332_p2         |         +|   0|  0|  14|           7|           1|
    |ap_block_pp0_stage0_11001  |       and|   0|  0|   2|           1|           1|
    |icmp_ln64_fu_243_p2        |      icmp|   0|  0|  12|          13|          14|
    |icmp_ln65_fu_272_p2        |      icmp|   0|  0|  11|           7|           8|
    |select_ln64_1_fu_286_p3    |    select|   0|  0|   7|           1|           7|
    |select_ln64_fu_278_p3      |    select|   0|  0|   7|           1|           1|
    |ap_enable_pp0              |       xor|   0|  0|   2|           1|           2|
    +---------------------------+----------+----+---+----+------------+------------+
    |Total                      |          |   0|  0|  89|          51|          36|
    +---------------------------+----------+----+---+----+------------+------------+

    * Multiplexer: 
    +---------------------------------------+----+-----------+-----+-----------+
    |                  Name                 | LUT| Input Size| Bits| Total Bits|
    +---------------------------------------+----+-----------+-----+-----------+
    |ap_done_int                            |   9|          2|    1|          2|
    |ap_enable_reg_pp0_iter1                |   9|          2|    1|          2|
    |ap_sig_allocacmp_indvar_flatten6_load  |   9|          2|   13|         26|
    |col_fu_96                              |   9|          2|    7|         14|
    |dim_fu_92                              |   9|          2|    7|         14|
    |gmem1_blk_n_R                          |   9|          2|    1|          2|
    |indvar_flatten6_fu_100                 |   9|          2|   13|         26|
    +---------------------------------------+----+-----------+-----+-----------+
    |Total                                  |  63|         14|   43|         86|
    +---------------------------------------+----+-----------+-----+-----------+

    * Register: 
    +----------------------------------+----+----+-----+-----------+
    |               Name               | FF | LUT| Bits| Const Bits|
    +----------------------------------+----+----+-----+-----------+
    |ap_CS_fsm                         |   1|   0|    1|          0|
    |ap_done_reg                       |   1|   0|    1|          0|
    |ap_enable_reg_pp0_iter1           |   1|   0|    1|          0|
    |ap_enable_reg_pp0_iter2           |   1|   0|    1|          0|
    |ap_loop_exit_ready_pp0_iter1_reg  |   1|   0|    1|          0|
    |col_fu_96                         |   7|   0|    7|          0|
    |dim_fu_92                         |   7|   0|    7|          0|
    |gmem1_addr_read_reg_378           |   8|   0|    8|          0|
    |indvar_flatten6_fu_100            |  13|   0|   13|          0|
    +----------------------------------+----+----+-----+-----------+
    |Total                             |  40|   0|   40|          0|
    +----------------------------------+----+----+-----+-----------+



================================================================
== Interface
================================================================
* Summary: 
+----------------------+-----+-----+------------+----------------------------------------------------------------------+--------------+
|       RTL Ports      | Dir | Bits|  Protocol  |                             Source Object                            |    C Type    |
+----------------------+-----+-----+------------+----------------------------------------------------------------------+--------------+
|ap_clk                |   in|    1|  ap_ctrl_hs|  attention_score_u55c_kernel_Pipeline_VITIS_LOOP_64_3_VITIS_LOOP_65_4|  return value|
|ap_rst                |   in|    1|  ap_ctrl_hs|  attention_score_u55c_kernel_Pipeline_VITIS_LOOP_64_3_VITIS_LOOP_65_4|  return value|
|ap_start              |   in|    1|  ap_ctrl_hs|  attention_score_u55c_kernel_Pipeline_VITIS_LOOP_64_3_VITIS_LOOP_65_4|  return value|
|ap_done               |  out|    1|  ap_ctrl_hs|  attention_score_u55c_kernel_Pipeline_VITIS_LOOP_64_3_VITIS_LOOP_65_4|  return value|
|ap_idle               |  out|    1|  ap_ctrl_hs|  attention_score_u55c_kernel_Pipeline_VITIS_LOOP_64_3_VITIS_LOOP_65_4|  return value|
|ap_ready              |  out|    1|  ap_ctrl_hs|  attention_score_u55c_kernel_Pipeline_VITIS_LOOP_64_3_VITIS_LOOP_65_4|  return value|
|m_axi_gmem1_AWVALID   |  out|    1|       m_axi|                                                                 gmem1|       pointer|
|m_axi_gmem1_AWREADY   |   in|    1|       m_axi|                                                                 gmem1|       pointer|
|m_axi_gmem1_AWADDR    |  out|   64|       m_axi|                                                                 gmem1|       pointer|
|m_axi_gmem1_AWID      |  out|    1|       m_axi|                                                                 gmem1|       pointer|
|m_axi_gmem1_AWLEN     |  out|   32|       m_axi|                                                                 gmem1|       pointer|
|m_axi_gmem1_AWSIZE    |  out|    3|       m_axi|                                                                 gmem1|       pointer|
|m_axi_gmem1_AWBURST   |  out|    2|       m_axi|                                                                 gmem1|       pointer|
|m_axi_gmem1_AWLOCK    |  out|    2|       m_axi|                                                                 gmem1|       pointer|
|m_axi_gmem1_AWCACHE   |  out|    4|       m_axi|                                                                 gmem1|       pointer|
|m_axi_gmem1_AWPROT    |  out|    3|       m_axi|                                                                 gmem1|       pointer|
|m_axi_gmem1_AWQOS     |  out|    4|       m_axi|                                                                 gmem1|       pointer|
|m_axi_gmem1_AWREGION  |  out|    4|       m_axi|                                                                 gmem1|       pointer|
|m_axi_gmem1_AWUSER    |  out|    1|       m_axi|                                                                 gmem1|       pointer|
|m_axi_gmem1_WVALID    |  out|    1|       m_axi|                                                                 gmem1|       pointer|
|m_axi_gmem1_WREADY    |   in|    1|       m_axi|                                                                 gmem1|       pointer|
|m_axi_gmem1_WDATA     |  out|    8|       m_axi|                                                                 gmem1|       pointer|
|m_axi_gmem1_WSTRB     |  out|    1|       m_axi|                                                                 gmem1|       pointer|
|m_axi_gmem1_WLAST     |  out|    1|       m_axi|                                                                 gmem1|       pointer|
|m_axi_gmem1_WID       |  out|    1|       m_axi|                                                                 gmem1|       pointer|
|m_axi_gmem1_WUSER     |  out|    1|       m_axi|                                                                 gmem1|       pointer|
|m_axi_gmem1_ARVALID   |  out|    1|       m_axi|                                                                 gmem1|       pointer|
|m_axi_gmem1_ARREADY   |   in|    1|       m_axi|                                                                 gmem1|       pointer|
|m_axi_gmem1_ARADDR    |  out|   64|       m_axi|                                                                 gmem1|       pointer|
|m_axi_gmem1_ARID      |  out|    1|       m_axi|                                                                 gmem1|       pointer|
|m_axi_gmem1_ARLEN     |  out|   32|       m_axi|                                                                 gmem1|       pointer|
|m_axi_gmem1_ARSIZE    |  out|    3|       m_axi|                                                                 gmem1|       pointer|
|m_axi_gmem1_ARBURST   |  out|    2|       m_axi|                                                                 gmem1|       pointer|
|m_axi_gmem1_ARLOCK    |  out|    2|       m_axi|                                                                 gmem1|       pointer|
|m_axi_gmem1_ARCACHE   |  out|    4|       m_axi|                                                                 gmem1|       pointer|
|m_axi_gmem1_ARPROT    |  out|    3|       m_axi|                                                                 gmem1|       pointer|
|m_axi_gmem1_ARQOS     |  out|    4|       m_axi|                                                                 gmem1|       pointer|
|m_axi_gmem1_ARREGION  |  out|    4|       m_axi|                                                                 gmem1|       pointer|
|m_axi_gmem1_ARUSER    |  out|    1|       m_axi|                                                                 gmem1|       pointer|
|m_axi_gmem1_RVALID    |   in|    1|       m_axi|                                                                 gmem1|       pointer|
|m_axi_gmem1_RREADY    |  out|    1|       m_axi|                                                                 gmem1|       pointer|
|m_axi_gmem1_RDATA     |   in|    8|       m_axi|                                                                 gmem1|       pointer|
|m_axi_gmem1_RLAST     |   in|    1|       m_axi|                                                                 gmem1|       pointer|
|m_axi_gmem1_RID       |   in|    1|       m_axi|                                                                 gmem1|       pointer|
|m_axi_gmem1_RFIFONUM  |   in|   11|       m_axi|                                                                 gmem1|       pointer|
|m_axi_gmem1_RUSER     |   in|    1|       m_axi|                                                                 gmem1|       pointer|
|m_axi_gmem1_RRESP     |   in|    2|       m_axi|                                                                 gmem1|       pointer|
|m_axi_gmem1_BVALID    |   in|    1|       m_axi|                                                                 gmem1|       pointer|
|m_axi_gmem1_BREADY    |  out|    1|       m_axi|                                                                 gmem1|       pointer|
|m_axi_gmem1_BRESP     |   in|    2|       m_axi|                                                                 gmem1|       pointer|
|m_axi_gmem1_BID       |   in|    1|       m_axi|                                                                 gmem1|       pointer|
|m_axi_gmem1_BUSER     |   in|    1|       m_axi|                                                                 gmem1|       pointer|
|k_tile                |   in|   64|     ap_none|                                                                k_tile|        scalar|
|k_local_V_7_address0  |  out|    9|   ap_memory|                                                           k_local_V_7|         array|
|k_local_V_7_ce0       |  out|    1|   ap_memory|                                                           k_local_V_7|         array|
|k_local_V_7_we0       |  out|    1|   ap_memory|                                                           k_local_V_7|         array|
|k_local_V_7_d0        |  out|    8|   ap_memory|                                                           k_local_V_7|         array|
|k_local_V_6_address0  |  out|    9|   ap_memory|                                                           k_local_V_6|         array|
|k_local_V_6_ce0       |  out|    1|   ap_memory|                                                           k_local_V_6|         array|
|k_local_V_6_we0       |  out|    1|   ap_memory|                                                           k_local_V_6|         array|
|k_local_V_6_d0        |  out|    8|   ap_memory|                                                           k_local_V_6|         array|
|k_local_V_5_address0  |  out|    9|   ap_memory|                                                           k_local_V_5|         array|
|k_local_V_5_ce0       |  out|    1|   ap_memory|                                                           k_local_V_5|         array|
|k_local_V_5_we0       |  out|    1|   ap_memory|                                                           k_local_V_5|         array|
|k_local_V_5_d0        |  out|    8|   ap_memory|                                                           k_local_V_5|         array|
|k_local_V_4_address0  |  out|    9|   ap_memory|                                                           k_local_V_4|         array|
|k_local_V_4_ce0       |  out|    1|   ap_memory|                                                           k_local_V_4|         array|
|k_local_V_4_we0       |  out|    1|   ap_memory|                                                           k_local_V_4|         array|
|k_local_V_4_d0        |  out|    8|   ap_memory|                                                           k_local_V_4|         array|
|k_local_V_3_address0  |  out|    9|   ap_memory|                                                           k_local_V_3|         array|
|k_local_V_3_ce0       |  out|    1|   ap_memory|                                                           k_local_V_3|         array|
|k_local_V_3_we0       |  out|    1|   ap_memory|                                                           k_local_V_3|         array|
|k_local_V_3_d0        |  out|    8|   ap_memory|                                                           k_local_V_3|         array|
|k_local_V_2_address0  |  out|    9|   ap_memory|                                                           k_local_V_2|         array|
|k_local_V_2_ce0       |  out|    1|   ap_memory|                                                           k_local_V_2|         array|
|k_local_V_2_we0       |  out|    1|   ap_memory|                                                           k_local_V_2|         array|
|k_local_V_2_d0        |  out|    8|   ap_memory|                                                           k_local_V_2|         array|
|k_local_V_1_address0  |  out|    9|   ap_memory|                                                           k_local_V_1|         array|
|k_local_V_1_ce0       |  out|    1|   ap_memory|                                                           k_local_V_1|         array|
|k_local_V_1_we0       |  out|    1|   ap_memory|                                                           k_local_V_1|         array|
|k_local_V_1_d0        |  out|    8|   ap_memory|                                                           k_local_V_1|         array|
|k_local_V_address0    |  out|    9|   ap_memory|                                                             k_local_V|         array|
|k_local_V_ce0         |  out|    1|   ap_memory|                                                             k_local_V|         array|
|k_local_V_we0         |  out|    1|   ap_memory|                                                             k_local_V|         array|
|k_local_V_d0          |  out|    8|   ap_memory|                                                             k_local_V|         array|
+----------------------+-----+-----+------------+----------------------------------------------------------------------+--------------+

