

================================================================
== Vitis HLS Report for 'causal_mask_u55c_kernel_Pipeline_VITIS_LOOP_55_1_VITIS_LOOP_56_2'
================================================================
* Date:           Mon Apr 27 17:15:44 2026

* Version:        2022.2 (Build 3670227 on Oct 13 2022)
* Project:        causal_mask_prj
* Solution:       sol1 (Vivado IP Flow Target)
* Product family: virtexuplus
* Target device:  xcu55c-fsvh2892-2L-e


================================================================
== Performance Estimates
================================================================
+ Timing: 
    * Summary: 
    +--------+---------+----------+------------+
    |  Clock |  Target | Estimated| Uncertainty|
    +--------+---------+----------+------------+
    |ap_clk  |  4.00 ns|  2.920 ns|     1.08 ns|
    +--------+---------+----------+------------+

+ Latency: 
    * Summary: 
    +---------+---------+----------+----------+-----+-----+---------+
    |  Latency (cycles) |  Latency (absolute) |  Interval | Pipeline|
    |   min   |   max   |    min   |    max   | min | max |   Type  |
    +---------+---------+----------+----------+-----+-----+---------+
    |      515|      515|  2.060 us|  2.060 us|  515|  515|       no|
    +---------+---------+----------+----------+-----+-----+---------+

    + Detail: 
        * Instance: 
        N/A

        * Loop: 
        +-----------------------------------+---------+---------+----------+-----------+-----------+------+----------+
        |                                   |  Latency (cycles) | Iteration|  Initiation Interval  | Trip |          |
        |             Loop Name             |   min   |   max   |  Latency |  achieved |   target  | Count| Pipelined|
        +-----------------------------------+---------+---------+----------+-----------+-----------+------+----------+
        |- VITIS_LOOP_55_1_VITIS_LOOP_56_2  |      513|      513|         3|          1|          1|   512|       yes|
        +-----------------------------------+---------+---------+----------+-----------+-----------+------+----------+



================================================================
== Utilization Estimates
================================================================
* Summary: 
+---------------------+---------+------+---------+---------+-----+
|         Name        | BRAM_18K|  DSP |    FF   |   LUT   | URAM|
+---------------------+---------+------+---------+---------+-----+
|DSP                  |        -|     -|        -|        -|    -|
|Expression           |        -|     -|        0|       98|    -|
|FIFO                 |        -|     -|        -|        -|    -|
|Instance             |        -|     -|        -|        -|    -|
|Memory               |        -|     -|        -|        -|    -|
|Multiplexer          |        -|     -|        -|       63|    -|
|Register             |        -|     -|       68|        -|    -|
+---------------------+---------+------+---------+---------+-----+
|Total                |        0|     0|       68|      161|    0|
+---------------------+---------+------+---------+---------+-----+
|Available SLR        |     1344|  3008|   869120|   434560|  320|
+---------------------+---------+------+---------+---------+-----+
|Utilization SLR (%)  |        0|     0|       ~0|       ~0|    0|
+---------------------+---------+------+---------+---------+-----+
|Available            |     4032|  9024|  2607360|  1303680|  960|
+---------------------+---------+------+---------+---------+-----+
|Utilization (%)      |        0|     0|       ~0|       ~0|    0|
+---------------------+---------+------+---------+---------+-----+

+ Detail: 
    * Instance: 
    N/A

    * DSP: 
    N/A

    * Memory: 
    N/A

    * FIFO: 
    N/A

    * Expression: 
    +----------------------------------+----------+----+---+----+------------+------------+
    |           Variable Name          | Operation| DSP| FF| LUT| Bitwidth P0| Bitwidth P1|
    +----------------------------------+----------+----+---+----+------------+------------+
    |add_ln55_1_fu_130_p2              |         +|   0|  0|  17|          10|           1|
    |add_ln55_fu_153_p2                |         +|   0|  0|  12|           4|           1|
    |add_ln56_fu_203_p2                |         +|   0|  0|  14|           7|           1|
    |add_ln58_fu_197_p2                |         +|   0|  0|  16|           9|           9|
    |ap_block_pp0_stage0_11001         |       and|   0|  0|   2|           1|           1|
    |ap_block_state2_pp0_stage0_iter1  |       and|   0|  0|   2|           1|           1|
    |icmp_ln55_fu_124_p2               |      icmp|   0|  0|  11|          10|          11|
    |icmp_ln56_fu_159_p2               |      icmp|   0|  0|  11|           7|           8|
    |select_ln55_1_fu_173_p3           |    select|   0|  0|   4|           1|           4|
    |select_ln55_fu_165_p3             |    select|   0|  0|   7|           1|           1|
    |ap_enable_pp0                     |       xor|   0|  0|   2|           1|           2|
    +----------------------------------+----------+----+---+----+------------+------------+
    |Total                             |          |   0|  0|  98|          52|          40|
    +----------------------------------+----------+----+---+----+------------+------------+

    * Multiplexer: 
    +--------------------------------------+----+-----------+-----+-----------+
    |                 Name                 | LUT| Input Size| Bits| Total Bits|
    +--------------------------------------+----+-----------+-----+-----------+
    |ap_done_int                           |   9|          2|    1|          2|
    |ap_enable_reg_pp0_iter2               |   9|          2|    1|          2|
    |ap_sig_allocacmp_indvar_flatten_load  |   9|          2|   10|         20|
    |col_fu_66                             |   9|          2|    7|         14|
    |gmem0_blk_n_R                         |   9|          2|    1|          2|
    |indvar_flatten_fu_74                  |   9|          2|   10|         20|
    |row_fu_70                             |   9|          2|    4|          8|
    +--------------------------------------+----+-----------+-----+-----------+
    |Total                                 |  63|         14|   34|         68|
    +--------------------------------------+----+-----------+-----+-----------+

    * Register: 
    +----------------------------------+----+----+-----+-----------+
    |               Name               | FF | LUT| Bits| Const Bits|
    +----------------------------------+----+----+-----+-----------+
    |add_ln58_reg_253                  |   9|   0|    9|          0|
    |ap_CS_fsm                         |   1|   0|    1|          0|
    |ap_done_reg                       |   1|   0|    1|          0|
    |ap_enable_reg_pp0_iter1           |   1|   0|    1|          0|
    |ap_enable_reg_pp0_iter2           |   1|   0|    1|          0|
    |ap_loop_exit_ready_pp0_iter1_reg  |   1|   0|    1|          0|
    |col_fu_66                         |   7|   0|    7|          0|
    |gmem0_addr_read_reg_258           |  32|   0|   32|          0|
    |icmp_ln55_reg_249                 |   1|   0|    1|          0|
    |indvar_flatten_fu_74              |  10|   0|   10|          0|
    |row_fu_70                         |   4|   0|    4|          0|
    +----------------------------------+----+----+-----+-----------+
    |Total                             |  68|   0|   68|          0|
    +----------------------------------+----+----+-----+-----------+



================================================================
== Interface
================================================================
* Summary: 
+---------------------------+-----+-----+------------+------------------------------------------------------------------+--------------+
|         RTL Ports         | Dir | Bits|  Protocol  |                           Source Object                          |    C Type    |
+---------------------------+-----+-----+------------+------------------------------------------------------------------+--------------+
|ap_clk                     |   in|    1|  ap_ctrl_hs|  causal_mask_u55c_kernel_Pipeline_VITIS_LOOP_55_1_VITIS_LOOP_56_2|  return value|
|ap_rst                     |   in|    1|  ap_ctrl_hs|  causal_mask_u55c_kernel_Pipeline_VITIS_LOOP_55_1_VITIS_LOOP_56_2|  return value|
|ap_start                   |   in|    1|  ap_ctrl_hs|  causal_mask_u55c_kernel_Pipeline_VITIS_LOOP_55_1_VITIS_LOOP_56_2|  return value|
|ap_done                    |  out|    1|  ap_ctrl_hs|  causal_mask_u55c_kernel_Pipeline_VITIS_LOOP_55_1_VITIS_LOOP_56_2|  return value|
|ap_idle                    |  out|    1|  ap_ctrl_hs|  causal_mask_u55c_kernel_Pipeline_VITIS_LOOP_55_1_VITIS_LOOP_56_2|  return value|
|ap_ready                   |  out|    1|  ap_ctrl_hs|  causal_mask_u55c_kernel_Pipeline_VITIS_LOOP_55_1_VITIS_LOOP_56_2|  return value|
|m_axi_gmem0_AWVALID        |  out|    1|       m_axi|                                                             gmem0|       pointer|
|m_axi_gmem0_AWREADY        |   in|    1|       m_axi|                                                             gmem0|       pointer|
|m_axi_gmem0_AWADDR         |  out|   64|       m_axi|                                                             gmem0|       pointer|
|m_axi_gmem0_AWID           |  out|    1|       m_axi|                                                             gmem0|       pointer|
|m_axi_gmem0_AWLEN          |  out|   32|       m_axi|                                                             gmem0|       pointer|
|m_axi_gmem0_AWSIZE         |  out|    3|       m_axi|                                                             gmem0|       pointer|
|m_axi_gmem0_AWBURST        |  out|    2|       m_axi|                                                             gmem0|       pointer|
|m_axi_gmem0_AWLOCK         |  out|    2|       m_axi|                                                             gmem0|       pointer|
|m_axi_gmem0_AWCACHE        |  out|    4|       m_axi|                                                             gmem0|       pointer|
|m_axi_gmem0_AWPROT         |  out|    3|       m_axi|                                                             gmem0|       pointer|
|m_axi_gmem0_AWQOS          |  out|    4|       m_axi|                                                             gmem0|       pointer|
|m_axi_gmem0_AWREGION       |  out|    4|       m_axi|                                                             gmem0|       pointer|
|m_axi_gmem0_AWUSER         |  out|    1|       m_axi|                                                             gmem0|       pointer|
|m_axi_gmem0_WVALID         |  out|    1|       m_axi|                                                             gmem0|       pointer|
|m_axi_gmem0_WREADY         |   in|    1|       m_axi|                                                             gmem0|       pointer|
|m_axi_gmem0_WDATA          |  out|   32|       m_axi|                                                             gmem0|       pointer|
|m_axi_gmem0_WSTRB          |  out|    4|       m_axi|                                                             gmem0|       pointer|
|m_axi_gmem0_WLAST          |  out|    1|       m_axi|                                                             gmem0|       pointer|
|m_axi_gmem0_WID            |  out|    1|       m_axi|                                                             gmem0|       pointer|
|m_axi_gmem0_WUSER          |  out|    1|       m_axi|                                                             gmem0|       pointer|
|m_axi_gmem0_ARVALID        |  out|    1|       m_axi|                                                             gmem0|       pointer|
|m_axi_gmem0_ARREADY        |   in|    1|       m_axi|                                                             gmem0|       pointer|
|m_axi_gmem0_ARADDR         |  out|   64|       m_axi|                                                             gmem0|       pointer|
|m_axi_gmem0_ARID           |  out|    1|       m_axi|                                                             gmem0|       pointer|
|m_axi_gmem0_ARLEN          |  out|   32|       m_axi|                                                             gmem0|       pointer|
|m_axi_gmem0_ARSIZE         |  out|    3|       m_axi|                                                             gmem0|       pointer|
|m_axi_gmem0_ARBURST        |  out|    2|       m_axi|                                                             gmem0|       pointer|
|m_axi_gmem0_ARLOCK         |  out|    2|       m_axi|                                                             gmem0|       pointer|
|m_axi_gmem0_ARCACHE        |  out|    4|       m_axi|                                                             gmem0|       pointer|
|m_axi_gmem0_ARPROT         |  out|    3|       m_axi|                                                             gmem0|       pointer|
|m_axi_gmem0_ARQOS          |  out|    4|       m_axi|                                                             gmem0|       pointer|
|m_axi_gmem0_ARREGION       |  out|    4|       m_axi|                                                             gmem0|       pointer|
|m_axi_gmem0_ARUSER         |  out|    1|       m_axi|                                                             gmem0|       pointer|
|m_axi_gmem0_RVALID         |   in|    1|       m_axi|                                                             gmem0|       pointer|
|m_axi_gmem0_RREADY         |  out|    1|       m_axi|                                                             gmem0|       pointer|
|m_axi_gmem0_RDATA          |   in|   32|       m_axi|                                                             gmem0|       pointer|
|m_axi_gmem0_RLAST          |   in|    1|       m_axi|                                                             gmem0|       pointer|
|m_axi_gmem0_RID            |   in|    1|       m_axi|                                                             gmem0|       pointer|
|m_axi_gmem0_RFIFONUM       |   in|    9|       m_axi|                                                             gmem0|       pointer|
|m_axi_gmem0_RUSER          |   in|    1|       m_axi|                                                             gmem0|       pointer|
|m_axi_gmem0_RRESP          |   in|    2|       m_axi|                                                             gmem0|       pointer|
|m_axi_gmem0_BVALID         |   in|    1|       m_axi|                                                             gmem0|       pointer|
|m_axi_gmem0_BREADY         |  out|    1|       m_axi|                                                             gmem0|       pointer|
|m_axi_gmem0_BRESP          |   in|    2|       m_axi|                                                             gmem0|       pointer|
|m_axi_gmem0_BID            |   in|    1|       m_axi|                                                             gmem0|       pointer|
|m_axi_gmem0_BUSER          |   in|    1|       m_axi|                                                             gmem0|       pointer|
|sext_ln55                  |   in|   62|     ap_none|                                                         sext_ln55|        scalar|
|score_in_local_V_address0  |  out|    9|   ap_memory|                                                  score_in_local_V|         array|
|score_in_local_V_ce0       |  out|    1|   ap_memory|                                                  score_in_local_V|         array|
|score_in_local_V_we0       |  out|    1|   ap_memory|                                                  score_in_local_V|         array|
|score_in_local_V_d0        |  out|   32|   ap_memory|                                                  score_in_local_V|         array|
+---------------------------+-----+-----+------------+------------------------------------------------------------------+--------------+

