

================================================================
== Vitis HLS Report for 'score_scale_u55c_kernel'
================================================================
* Date:           Mon Apr 27 17:16:24 2026

* Version:        2022.2 (Build 3670227 on Oct 13 2022)
* Project:        score_scale_prj
* Solution:       sol1 (Vivado IP Flow Target)
* Product family: virtexuplus
* Target device:  xcu55c-fsvh2892-2L-e


================================================================
== Performance Estimates
================================================================
+ Timing: 
    * Summary: 
    +--------+---------+----------+------------+
    |  Clock |  Target | Estimated| Uncertainty|
    +--------+---------+----------+------------+
    |ap_clk  |  4.00 ns|  2.920 ns|     1.08 ns|
    +--------+---------+----------+------------+

+ Latency: 
    * Summary: 
    +---------+---------+----------+----------+------+------+---------+
    |  Latency (cycles) |  Latency (absolute) |   Interval  | Pipeline|
    |   min   |   max   |    min   |    max   |  min |  max |   Type  |
    +---------+---------+----------+----------+------+------+---------+
    |     1573|     1573|  6.292 us|  6.292 us|  1574|  1574|       no|
    +---------+---------+----------+----------+------+------+---------+

    + Detail: 
        * Instance: 
        +-----------------------------------------------------------------------------+------------------------------------------------------------------+---------+---------+----------+----------+-----+-----+---------+
        |                                                                             |                                                                  |  Latency (cycles) |  Latency (absolute) |  Interval | Pipeline|
        |                                   Instance                                  |                              Module                              |   min   |   max   |    min   |    max   | min | max |   Type  |
        +-----------------------------------------------------------------------------+------------------------------------------------------------------+---------+---------+----------+----------+-----+-----+---------+
        |grp_score_scale_u55c_kernel_Pipeline_VITIS_LOOP_36_1_VITIS_LOOP_37_2_fu_115  |score_scale_u55c_kernel_Pipeline_VITIS_LOOP_36_1_VITIS_LOOP_37_2  |      515|      515|  2.060 us|  2.060 us|  515|  515|       no|
        |grp_score_scale_core_hls_fu_123                                              |score_scale_core_hls                                              |      524|      524|  2.096 us|  2.096 us|  524|  524|       no|
        |grp_score_scale_u55c_kernel_Pipeline_VITIS_LOOP_45_3_VITIS_LOOP_46_4_fu_130  |score_scale_u55c_kernel_Pipeline_VITIS_LOOP_45_3_VITIS_LOOP_46_4  |      516|      516|  2.064 us|  2.064 us|  516|  516|       no|
        +-----------------------------------------------------------------------------+------------------------------------------------------------------+---------+---------+----------+----------+-----+-----+---------+

        * Loop: 
        N/A



================================================================
== Utilization Estimates
================================================================
* Summary: 
+---------------------+---------+------+---------+---------+-----+
|         Name        | BRAM_18K|  DSP |    FF   |   LUT   | URAM|
+---------------------+---------+------+---------+---------+-----+
|DSP                  |        -|     -|        -|        -|    -|
|Expression           |        -|     -|        -|        -|    -|
|FIFO                 |        -|     -|        -|        -|    -|
|Instance             |        0|     3|     2246|     3210|    0|
|Memory               |        2|     -|        0|        0|    0|
|Multiplexer          |        -|     -|        -|      314|    -|
|Register             |        -|     -|      178|        -|    -|
+---------------------+---------+------+---------+---------+-----+
|Total                |        2|     3|     2424|     3524|    0|
+---------------------+---------+------+---------+---------+-----+
|Available SLR        |     1344|  3008|   869120|   434560|  320|
+---------------------+---------+------+---------+---------+-----+
|Utilization SLR (%)  |       ~0|    ~0|       ~0|       ~0|    0|
+---------------------+---------+------+---------+---------+-----+
|Available            |     4032|  9024|  2607360|  1303680|  960|
+---------------------+---------+------+---------+---------+-----+
|Utilization (%)      |       ~0|    ~0|       ~0|       ~0|    0|
+---------------------+---------+------+---------+---------+-----+

+ Detail: 
    * Instance: 
    +-----------------------------------------------------------------------------+------------------------------------------------------------------+---------+----+-----+------+-----+
    |                                   Instance                                  |                              Module                              | BRAM_18K| DSP|  FF |  LUT | URAM|
    +-----------------------------------------------------------------------------+------------------------------------------------------------------+---------+----+-----+------+-----+
    |control_s_axi_U                                                              |control_s_axi                                                     |        0|   0|  214|   360|    0|
    |gmem0_m_axi_U                                                                |gmem0_m_axi                                                       |        0|   0|  764|  1118|    0|
    |gmem1_m_axi_U                                                                |gmem1_m_axi                                                       |        0|   0|  764|  1118|    0|
    |grp_score_scale_core_hls_fu_123                                              |score_scale_core_hls                                              |        0|   3|  365|   276|    0|
    |grp_score_scale_u55c_kernel_Pipeline_VITIS_LOOP_36_1_VITIS_LOOP_37_2_fu_115  |score_scale_u55c_kernel_Pipeline_VITIS_LOOP_36_1_VITIS_LOOP_37_2  |        0|   0|   68|   161|    0|
    |grp_score_scale_u55c_kernel_Pipeline_VITIS_LOOP_45_3_VITIS_LOOP_46_4_fu_130  |score_scale_u55c_kernel_Pipeline_VITIS_LOOP_45_3_VITIS_LOOP_46_4  |        0|   0|   71|   177|    0|
    +-----------------------------------------------------------------------------+------------------------------------------------------------------+---------+----+-----+------+-----+
    |Total                                                                        |                                                                  |        0|   3| 2246|  3210|    0|
    +-----------------------------------------------------------------------------+------------------------------------------------------------------+---------+----+-----+------+-----+

    * DSP: 
    N/A

    * Memory: 
    +--------------------+--------------------------------+---------+---+----+-----+------+-----+------+-------------+
    |       Memory       |             Module             | BRAM_18K| FF| LUT| URAM| Words| Bits| Banks| W*Bits*Banks|
    +--------------------+--------------------------------+---------+---+----+-----+------+-----+------+-------------+
    |score_in_local_V_U  |score_in_local_V_RAM_AUTO_1R1W  |        1|  0|   0|    0|   512|   32|     1|        16384|
    |score_out_local_U   |score_in_local_V_RAM_AUTO_1R1W  |        1|  0|   0|    0|   512|   32|     1|        16384|
    +--------------------+--------------------------------+---------+---+----+-----+------+-----+------+-------------+
    |Total               |                                |        2|  0|   0|    0|  1024|   64|     2|        32768|
    +--------------------+--------------------------------+---------+---+----+-----+------+-----+------+-------------+

    * FIFO: 
    N/A

    * Expression: 
    N/A

    * Multiplexer: 
    +---------------------------+----+-----------+-----+-----------+
    |            Name           | LUT| Input Size| Bits| Total Bits|
    +---------------------------+----+-----------+-----+-----------+
    |ap_NS_fsm                  |  97|         20|    1|         20|
    |gmem0_ARADDR               |  14|          3|   64|        192|
    |gmem0_ARLEN                |  14|          3|   32|         96|
    |gmem0_ARVALID              |  14|          3|    1|          3|
    |gmem0_RREADY               |   9|          2|    1|          2|
    |gmem0_blk_n_AR             |   9|          2|    1|          2|
    |gmem1_AWADDR               |  14|          3|   64|        192|
    |gmem1_AWLEN                |  14|          3|   32|         96|
    |gmem1_AWVALID              |  14|          3|    1|          3|
    |gmem1_BREADY               |  14|          3|    1|          3|
    |gmem1_WVALID               |   9|          2|    1|          2|
    |gmem1_blk_n_AW             |   9|          2|    1|          2|
    |gmem1_blk_n_B              |   9|          2|    1|          2|
    |score_in_local_V_address0  |  14|          3|    9|         27|
    |score_in_local_V_ce0       |  14|          3|    1|          3|
    |score_in_local_V_we0       |   9|          2|    1|          2|
    |score_out_local_address0   |  14|          3|    9|         27|
    |score_out_local_ce0        |  14|          3|    1|          3|
    |score_out_local_we0        |   9|          2|    1|          2|
    +---------------------------+----+-----------+-----+-----------+
    |Total                      | 314|         67|  223|        679|
    +---------------------------+----+-----------+-----+-----------+

    * Register: 
    +------------------------------------------------------------------------------------------+----+----+-----+-----------+
    |                                           Name                                           | FF | LUT| Bits| Const Bits|
    +------------------------------------------------------------------------------------------+----+----+-----+-----------+
    |ap_CS_fsm                                                                                 |  19|   0|   19|          0|
    |grp_score_scale_core_hls_fu_123_ap_start_reg                                              |   1|   0|    1|          0|
    |grp_score_scale_u55c_kernel_Pipeline_VITIS_LOOP_36_1_VITIS_LOOP_37_2_fu_115_ap_start_reg  |   1|   0|    1|          0|
    |grp_score_scale_u55c_kernel_Pipeline_VITIS_LOOP_45_3_VITIS_LOOP_46_4_fu_130_ap_start_reg  |   1|   0|    1|          0|
    |total_scale_read_reg_178                                                                  |  32|   0|   32|          0|
    |trunc_ln1_reg_189                                                                         |  62|   0|   62|          0|
    |trunc_ln_reg_183                                                                          |  62|   0|   62|          0|
    +------------------------------------------------------------------------------------------+----+----+-----+-----------+
    |Total                                                                                     | 178|   0|  178|          0|
    +------------------------------------------------------------------------------------------+----+----+-----+-----------+



================================================================
== Interface
================================================================
* Summary: 
+-----------------------+-----+-----+------------+------------------------------------------------------------+--------------+
|       RTL Ports       | Dir | Bits|  Protocol  |                        Source Object                       |    C Type    |
+-----------------------+-----+-----+------------+------------------------------------------------------------+--------------+
|s_axi_control_AWVALID  |   in|    1|       s_axi|                                                     control|        scalar|
|s_axi_control_AWREADY  |  out|    1|       s_axi|                                                     control|        scalar|
|s_axi_control_AWADDR   |   in|    6|       s_axi|                                                     control|        scalar|
|s_axi_control_WVALID   |   in|    1|       s_axi|                                                     control|        scalar|
|s_axi_control_WREADY   |  out|    1|       s_axi|                                                     control|        scalar|
|s_axi_control_WDATA    |   in|   32|       s_axi|                                                     control|        scalar|
|s_axi_control_WSTRB    |   in|    4|       s_axi|                                                     control|        scalar|
|s_axi_control_ARVALID  |   in|    1|       s_axi|                                                     control|        scalar|
|s_axi_control_ARREADY  |  out|    1|       s_axi|                                                     control|        scalar|
|s_axi_control_ARADDR   |   in|    6|       s_axi|                                                     control|        scalar|
|s_axi_control_RVALID   |  out|    1|       s_axi|                                                     control|        scalar|
|s_axi_control_RREADY   |   in|    1|       s_axi|                                                     control|        scalar|
|s_axi_control_RDATA    |  out|   32|       s_axi|                                                     control|        scalar|
|s_axi_control_RRESP    |  out|    2|       s_axi|                                                     control|        scalar|
|s_axi_control_BVALID   |  out|    1|       s_axi|                                                     control|        scalar|
|s_axi_control_BREADY   |   in|    1|       s_axi|                                                     control|        scalar|
|s_axi_control_BRESP    |  out|    2|       s_axi|                                                     control|        scalar|
|ap_clk                 |   in|    1|  ap_ctrl_hs|  attention_score_u55c::score_scale::score_scale_u55c_kernel|  return value|
|ap_rst_n               |   in|    1|  ap_ctrl_hs|  attention_score_u55c::score_scale::score_scale_u55c_kernel|  return value|
|interrupt              |  out|    1|  ap_ctrl_hs|  attention_score_u55c::score_scale::score_scale_u55c_kernel|  return value|
|m_axi_gmem0_AWVALID    |  out|    1|       m_axi|                                                       gmem0|       pointer|
|m_axi_gmem0_AWREADY    |   in|    1|       m_axi|                                                       gmem0|       pointer|
|m_axi_gmem0_AWADDR     |  out|   64|       m_axi|                                                       gmem0|       pointer|
|m_axi_gmem0_AWID       |  out|    1|       m_axi|                                                       gmem0|       pointer|
|m_axi_gmem0_AWLEN      |  out|    8|       m_axi|                                                       gmem0|       pointer|
|m_axi_gmem0_AWSIZE     |  out|    3|       m_axi|                                                       gmem0|       pointer|
|m_axi_gmem0_AWBURST    |  out|    2|       m_axi|                                                       gmem0|       pointer|
|m_axi_gmem0_AWLOCK     |  out|    2|       m_axi|                                                       gmem0|       pointer|
|m_axi_gmem0_AWCACHE    |  out|    4|       m_axi|                                                       gmem0|       pointer|
|m_axi_gmem0_AWPROT     |  out|    3|       m_axi|                                                       gmem0|       pointer|
|m_axi_gmem0_AWQOS      |  out|    4|       m_axi|                                                       gmem0|       pointer|
|m_axi_gmem0_AWREGION   |  out|    4|       m_axi|                                                       gmem0|       pointer|
|m_axi_gmem0_AWUSER     |  out|    1|       m_axi|                                                       gmem0|       pointer|
|m_axi_gmem0_WVALID     |  out|    1|       m_axi|                                                       gmem0|       pointer|
|m_axi_gmem0_WREADY     |   in|    1|       m_axi|                                                       gmem0|       pointer|
|m_axi_gmem0_WDATA      |  out|   32|       m_axi|                                                       gmem0|       pointer|
|m_axi_gmem0_WSTRB      |  out|    4|       m_axi|                                                       gmem0|       pointer|
|m_axi_gmem0_WLAST      |  out|    1|       m_axi|                                                       gmem0|       pointer|
|m_axi_gmem0_WID        |  out|    1|       m_axi|                                                       gmem0|       pointer|
|m_axi_gmem0_WUSER      |  out|    1|       m_axi|                                                       gmem0|       pointer|
|m_axi_gmem0_ARVALID    |  out|    1|       m_axi|                                                       gmem0|       pointer|
|m_axi_gmem0_ARREADY    |   in|    1|       m_axi|                                                       gmem0|       pointer|
|m_axi_gmem0_ARADDR     |  out|   64|       m_axi|                                                       gmem0|       pointer|
|m_axi_gmem0_ARID       |  out|    1|       m_axi|                                                       gmem0|       pointer|
|m_axi_gmem0_ARLEN      |  out|    8|       m_axi|                                                       gmem0|       pointer|
|m_axi_gmem0_ARSIZE     |  out|    3|       m_axi|                                                       gmem0|       pointer|
|m_axi_gmem0_ARBURST    |  out|    2|       m_axi|                                                       gmem0|       pointer|
|m_axi_gmem0_ARLOCK     |  out|    2|       m_axi|                                                       gmem0|       pointer|
|m_axi_gmem0_ARCACHE    |  out|    4|       m_axi|                                                       gmem0|       pointer|
|m_axi_gmem0_ARPROT     |  out|    3|       m_axi|                                                       gmem0|       pointer|
|m_axi_gmem0_ARQOS      |  out|    4|       m_axi|                                                       gmem0|       pointer|
|m_axi_gmem0_ARREGION   |  out|    4|       m_axi|                                                       gmem0|       pointer|
|m_axi_gmem0_ARUSER     |  out|    1|       m_axi|                                                       gmem0|       pointer|
|m_axi_gmem0_RVALID     |   in|    1|       m_axi|                                                       gmem0|       pointer|
|m_axi_gmem0_RREADY     |  out|    1|       m_axi|                                                       gmem0|       pointer|
|m_axi_gmem0_RDATA      |   in|   32|       m_axi|                                                       gmem0|       pointer|
|m_axi_gmem0_RLAST      |   in|    1|       m_axi|                                                       gmem0|       pointer|
|m_axi_gmem0_RID        |   in|    1|       m_axi|                                                       gmem0|       pointer|
|m_axi_gmem0_RUSER      |   in|    1|       m_axi|                                                       gmem0|       pointer|
|m_axi_gmem0_RRESP      |   in|    2|       m_axi|                                                       gmem0|       pointer|
|m_axi_gmem0_BVALID     |   in|    1|       m_axi|                                                       gmem0|       pointer|
|m_axi_gmem0_BREADY     |  out|    1|       m_axi|                                                       gmem0|       pointer|
|m_axi_gmem0_BRESP      |   in|    2|       m_axi|                                                       gmem0|       pointer|
|m_axi_gmem0_BID        |   in|    1|       m_axi|                                                       gmem0|       pointer|
|m_axi_gmem0_BUSER      |   in|    1|       m_axi|                                                       gmem0|       pointer|
|m_axi_gmem1_AWVALID    |  out|    1|       m_axi|                                                       gmem1|       pointer|
|m_axi_gmem1_AWREADY    |   in|    1|       m_axi|                                                       gmem1|       pointer|
|m_axi_gmem1_AWADDR     |  out|   64|       m_axi|                                                       gmem1|       pointer|
|m_axi_gmem1_AWID       |  out|    1|       m_axi|                                                       gmem1|       pointer|
|m_axi_gmem1_AWLEN      |  out|    8|       m_axi|                                                       gmem1|       pointer|
|m_axi_gmem1_AWSIZE     |  out|    3|       m_axi|                                                       gmem1|       pointer|
|m_axi_gmem1_AWBURST    |  out|    2|       m_axi|                                                       gmem1|       pointer|
|m_axi_gmem1_AWLOCK     |  out|    2|       m_axi|                                                       gmem1|       pointer|
|m_axi_gmem1_AWCACHE    |  out|    4|       m_axi|                                                       gmem1|       pointer|
|m_axi_gmem1_AWPROT     |  out|    3|       m_axi|                                                       gmem1|       pointer|
|m_axi_gmem1_AWQOS      |  out|    4|       m_axi|                                                       gmem1|       pointer|
|m_axi_gmem1_AWREGION   |  out|    4|       m_axi|                                                       gmem1|       pointer|
|m_axi_gmem1_AWUSER     |  out|    1|       m_axi|                                                       gmem1|       pointer|
|m_axi_gmem1_WVALID     |  out|    1|       m_axi|                                                       gmem1|       pointer|
|m_axi_gmem1_WREADY     |   in|    1|       m_axi|                                                       gmem1|       pointer|
|m_axi_gmem1_WDATA      |  out|   32|       m_axi|                                                       gmem1|       pointer|
|m_axi_gmem1_WSTRB      |  out|    4|       m_axi|                                                       gmem1|       pointer|
|m_axi_gmem1_WLAST      |  out|    1|       m_axi|                                                       gmem1|       pointer|
|m_axi_gmem1_WID        |  out|    1|       m_axi|                                                       gmem1|       pointer|
|m_axi_gmem1_WUSER      |  out|    1|       m_axi|                                                       gmem1|       pointer|
|m_axi_gmem1_ARVALID    |  out|    1|       m_axi|                                                       gmem1|       pointer|
|m_axi_gmem1_ARREADY    |   in|    1|       m_axi|                                                       gmem1|       pointer|
|m_axi_gmem1_ARADDR     |  out|   64|       m_axi|                                                       gmem1|       pointer|
|m_axi_gmem1_ARID       |  out|    1|       m_axi|                                                       gmem1|       pointer|
|m_axi_gmem1_ARLEN      |  out|    8|       m_axi|                                                       gmem1|       pointer|
|m_axi_gmem1_ARSIZE     |  out|    3|       m_axi|                                                       gmem1|       pointer|
|m_axi_gmem1_ARBURST    |  out|    2|       m_axi|                                                       gmem1|       pointer|
|m_axi_gmem1_ARLOCK     |  out|    2|       m_axi|                                                       gmem1|       pointer|
|m_axi_gmem1_ARCACHE    |  out|    4|       m_axi|                                                       gmem1|       pointer|
|m_axi_gmem1_ARPROT     |  out|    3|       m_axi|                                                       gmem1|       pointer|
|m_axi_gmem1_ARQOS      |  out|    4|       m_axi|                                                       gmem1|       pointer|
|m_axi_gmem1_ARREGION   |  out|    4|       m_axi|                                                       gmem1|       pointer|
|m_axi_gmem1_ARUSER     |  out|    1|       m_axi|                                                       gmem1|       pointer|
|m_axi_gmem1_RVALID     |   in|    1|       m_axi|                                                       gmem1|       pointer|
|m_axi_gmem1_RREADY     |  out|    1|       m_axi|                                                       gmem1|       pointer|
|m_axi_gmem1_RDATA      |   in|   32|       m_axi|                                                       gmem1|       pointer|
|m_axi_gmem1_RLAST      |   in|    1|       m_axi|                                                       gmem1|       pointer|
|m_axi_gmem1_RID        |   in|    1|       m_axi|                                                       gmem1|       pointer|
|m_axi_gmem1_RUSER      |   in|    1|       m_axi|                                                       gmem1|       pointer|
|m_axi_gmem1_RRESP      |   in|    2|       m_axi|                                                       gmem1|       pointer|
|m_axi_gmem1_BVALID     |   in|    1|       m_axi|                                                       gmem1|       pointer|
|m_axi_gmem1_BREADY     |  out|    1|       m_axi|                                                       gmem1|       pointer|
|m_axi_gmem1_BRESP      |   in|    2|       m_axi|                                                       gmem1|       pointer|
|m_axi_gmem1_BID        |   in|    1|       m_axi|                                                       gmem1|       pointer|
|m_axi_gmem1_BUSER      |   in|    1|       m_axi|                                                       gmem1|       pointer|
+-----------------------+-----+-----+------------+------------------------------------------------------------+--------------+

