

================================================================
== Vitis HLS Report for 'score_scale_u55c_kernel_Pipeline_VITIS_LOOP_45_3_VITIS_LOOP_46_4'
================================================================
* Date:           Mon Apr 27 17:16:24 2026

* Version:        2022.2 (Build 3670227 on Oct 13 2022)
* Project:        score_scale_prj
* Solution:       sol1 (Vivado IP Flow Target)
* Product family: virtexuplus
* Target device:  xcu55c-fsvh2892-2L-e


================================================================
== Performance Estimates
================================================================
+ Timing: 
    * Summary: 
    +--------+---------+----------+------------+
    |  Clock |  Target | Estimated| Uncertainty|
    +--------+---------+----------+------------+
    |ap_clk  |  4.00 ns|  2.920 ns|     1.08 ns|
    +--------+---------+----------+------------+

+ Latency: 
    * Summary: 
    +---------+---------+----------+----------+-----+-----+---------+
    |  Latency (cycles) |  Latency (absolute) |  Interval | Pipeline|
    |   min   |   max   |    min   |    max   | min | max |   Type  |
    +---------+---------+----------+----------+-----+-----+---------+
    |      516|      516|  2.064 us|  2.064 us|  516|  516|       no|
    +---------+---------+----------+----------+-----+-----+---------+

    + Detail: 
        * Instance: 
        N/A

        * Loop: 
        +-----------------------------------+---------+---------+----------+-----------+-----------+------+----------+
        |                                   |  Latency (cycles) | Iteration|  Initiation Interval  | Trip |          |
        |             Loop Name             |   min   |   max   |  Latency |  achieved |   target  | Count| Pipelined|
        +-----------------------------------+---------+---------+----------+-----------+-----------+------+----------+
        |- VITIS_LOOP_45_3_VITIS_LOOP_46_4  |      514|      514|         4|          1|          1|   512|       yes|
        +-----------------------------------+---------+---------+----------+-----------+-----------+------+----------+



================================================================
== Utilization Estimates
================================================================
* Summary: 
+---------------------+---------+------+---------+---------+-----+
|         Name        | BRAM_18K|  DSP |    FF   |   LUT   | URAM|
+---------------------+---------+------+---------+---------+-----+
|DSP                  |        -|     -|        -|        -|    -|
|Expression           |        -|     -|        0|       96|    -|
|FIFO                 |        -|     -|        -|        -|    -|
|Instance             |        -|     -|        -|        -|    -|
|Memory               |        -|     -|        -|        -|    -|
|Multiplexer          |        -|     -|        -|       81|    -|
|Register             |        -|     -|       71|        -|    -|
+---------------------+---------+------+---------+---------+-----+
|Total                |        0|     0|       71|      177|    0|
+---------------------+---------+------+---------+---------+-----+
|Available SLR        |     1344|  3008|   869120|   434560|  320|
+---------------------+---------+------+---------+---------+-----+
|Utilization SLR (%)  |        0|     0|       ~0|       ~0|    0|
+---------------------+---------+------+---------+---------+-----+
|Available            |     4032|  9024|  2607360|  1303680|  960|
+---------------------+---------+------+---------+---------+-----+
|Utilization (%)      |        0|     0|       ~0|       ~0|    0|
+---------------------+---------+------+---------+---------+-----+

+ Detail: 
    * Instance: 
    N/A

    * DSP: 
    N/A

    * Memory: 
    N/A

    * FIFO: 
    N/A

    * Expression: 
    +---------------------------+----------+----+---+----+------------+------------+
    |       Variable Name       | Operation| DSP| FF| LUT| Bitwidth P0| Bitwidth P1|
    +---------------------------+----------+----+---+----+------------+------------+
    |add_ln45_1_fu_135_p2       |         +|   0|  0|  17|          10|           1|
    |add_ln45_fu_147_p2         |         +|   0|  0|  12|           4|           1|
    |add_ln46_fu_197_p2         |         +|   0|  0|  14|           7|           1|
    |add_ln48_fu_191_p2         |         +|   0|  0|  16|           9|           9|
    |ap_block_pp0_stage0_11001  |       and|   0|  0|   2|           1|           1|
    |icmp_ln45_fu_129_p2        |      icmp|   0|  0|  11|          10|          11|
    |icmp_ln46_fu_153_p2        |      icmp|   0|  0|  11|           7|           8|
    |select_ln45_1_fu_167_p3    |    select|   0|  0|   4|           1|           4|
    |select_ln45_fu_159_p3      |    select|   0|  0|   7|           1|           1|
    |ap_enable_pp0              |       xor|   0|  0|   2|           1|           2|
    +---------------------------+----------+----+---+----+------------+------------+
    |Total                      |          |   0|  0|  96|          51|          39|
    +---------------------------+----------+----+---+----+------------+------------+

    * Multiplexer: 
    +---------------------------------------+----+-----------+-----+-----------+
    |                  Name                 | LUT| Input Size| Bits| Total Bits|
    +---------------------------------------+----+-----------+-----+-----------+
    |ap_done_int                            |   9|          2|    1|          2|
    |ap_enable_reg_pp0_iter3                |   9|          2|    1|          2|
    |ap_sig_allocacmp_col_load              |   9|          2|    7|         14|
    |ap_sig_allocacmp_indvar_flatten6_load  |   9|          2|   10|         20|
    |ap_sig_allocacmp_row_load              |   9|          2|    4|          8|
    |col_fu_68                              |   9|          2|    7|         14|
    |gmem1_blk_n_W                          |   9|          2|    1|          2|
    |indvar_flatten6_fu_76                  |   9|          2|   10|         20|
    |row_fu_72                              |   9|          2|    4|          8|
    +---------------------------------------+----+-----------+-----+-----------+
    |Total                                  |  81|         18|   45|         90|
    +---------------------------------------+----+-----------+-----+-----------+

    * Register: 
    +----------------------------------+----+----+-----+-----------+
    |               Name               | FF | LUT| Bits| Const Bits|
    +----------------------------------+----+----+-----+-----------+
    |add_ln48_reg_261                  |   9|   0|    9|          0|
    |ap_CS_fsm                         |   1|   0|    1|          0|
    |ap_done_reg                       |   1|   0|    1|          0|
    |ap_enable_reg_pp0_iter1           |   1|   0|    1|          0|
    |ap_enable_reg_pp0_iter2           |   1|   0|    1|          0|
    |ap_enable_reg_pp0_iter3           |   1|   0|    1|          0|
    |ap_loop_exit_ready_pp0_iter1_reg  |   1|   0|    1|          0|
    |ap_loop_exit_ready_pp0_iter2_reg  |   1|   0|    1|          0|
    |col_fu_68                         |   7|   0|    7|          0|
    |icmp_ln45_reg_257                 |   1|   0|    1|          0|
    |icmp_ln45_reg_257_pp0_iter1_reg   |   1|   0|    1|          0|
    |indvar_flatten6_fu_76             |  10|   0|   10|          0|
    |row_fu_72                         |   4|   0|    4|          0|
    |score_out_local_load_reg_276      |  32|   0|   32|          0|
    +----------------------------------+----+----+-----+-----------+
    |Total                             |  71|   0|   71|          0|
    +----------------------------------+----+----+-----+-----------+



================================================================
== Interface
================================================================
* Summary: 
+--------------------------+-----+-----+------------+------------------------------------------------------------------+--------------+
|         RTL Ports        | Dir | Bits|  Protocol  |                           Source Object                          |    C Type    |
+--------------------------+-----+-----+------------+------------------------------------------------------------------+--------------+
|ap_clk                    |   in|    1|  ap_ctrl_hs|  score_scale_u55c_kernel_Pipeline_VITIS_LOOP_45_3_VITIS_LOOP_46_4|  return value|
|ap_rst                    |   in|    1|  ap_ctrl_hs|  score_scale_u55c_kernel_Pipeline_VITIS_LOOP_45_3_VITIS_LOOP_46_4|  return value|
|ap_start                  |   in|    1|  ap_ctrl_hs|  score_scale_u55c_kernel_Pipeline_VITIS_LOOP_45_3_VITIS_LOOP_46_4|  return value|
|ap_done                   |  out|    1|  ap_ctrl_hs|  score_scale_u55c_kernel_Pipeline_VITIS_LOOP_45_3_VITIS_LOOP_46_4|  return value|
|ap_idle                   |  out|    1|  ap_ctrl_hs|  score_scale_u55c_kernel_Pipeline_VITIS_LOOP_45_3_VITIS_LOOP_46_4|  return value|
|ap_ready                  |  out|    1|  ap_ctrl_hs|  score_scale_u55c_kernel_Pipeline_VITIS_LOOP_45_3_VITIS_LOOP_46_4|  return value|
|m_axi_gmem1_AWVALID       |  out|    1|       m_axi|                                                             gmem1|       pointer|
|m_axi_gmem1_AWREADY       |   in|    1|       m_axi|                                                             gmem1|       pointer|
|m_axi_gmem1_AWADDR        |  out|   64|       m_axi|                                                             gmem1|       pointer|
|m_axi_gmem1_AWID          |  out|    1|       m_axi|                                                             gmem1|       pointer|
|m_axi_gmem1_AWLEN         |  out|   32|       m_axi|                                                             gmem1|       pointer|
|m_axi_gmem1_AWSIZE        |  out|    3|       m_axi|                                                             gmem1|       pointer|
|m_axi_gmem1_AWBURST       |  out|    2|       m_axi|                                                             gmem1|       pointer|
|m_axi_gmem1_AWLOCK        |  out|    2|       m_axi|                                                             gmem1|       pointer|
|m_axi_gmem1_AWCACHE       |  out|    4|       m_axi|                                                             gmem1|       pointer|
|m_axi_gmem1_AWPROT        |  out|    3|       m_axi|                                                             gmem1|       pointer|
|m_axi_gmem1_AWQOS         |  out|    4|       m_axi|                                                             gmem1|       pointer|
|m_axi_gmem1_AWREGION      |  out|    4|       m_axi|                                                             gmem1|       pointer|
|m_axi_gmem1_AWUSER        |  out|    1|       m_axi|                                                             gmem1|       pointer|
|m_axi_gmem1_WVALID        |  out|    1|       m_axi|                                                             gmem1|       pointer|
|m_axi_gmem1_WREADY        |   in|    1|       m_axi|                                                             gmem1|       pointer|
|m_axi_gmem1_WDATA         |  out|   32|       m_axi|                                                             gmem1|       pointer|
|m_axi_gmem1_WSTRB         |  out|    4|       m_axi|                                                             gmem1|       pointer|
|m_axi_gmem1_WLAST         |  out|    1|       m_axi|                                                             gmem1|       pointer|
|m_axi_gmem1_WID           |  out|    1|       m_axi|                                                             gmem1|       pointer|
|m_axi_gmem1_WUSER         |  out|    1|       m_axi|                                                             gmem1|       pointer|
|m_axi_gmem1_ARVALID       |  out|    1|       m_axi|                                                             gmem1|       pointer|
|m_axi_gmem1_ARREADY       |   in|    1|       m_axi|                                                             gmem1|       pointer|
|m_axi_gmem1_ARADDR        |  out|   64|       m_axi|                                                             gmem1|       pointer|
|m_axi_gmem1_ARID          |  out|    1|       m_axi|                                                             gmem1|       pointer|
|m_axi_gmem1_ARLEN         |  out|   32|       m_axi|                                                             gmem1|       pointer|
|m_axi_gmem1_ARSIZE        |  out|    3|       m_axi|                                                             gmem1|       pointer|
|m_axi_gmem1_ARBURST       |  out|    2|       m_axi|                                                             gmem1|       pointer|
|m_axi_gmem1_ARLOCK        |  out|    2|       m_axi|                                                             gmem1|       pointer|
|m_axi_gmem1_ARCACHE       |  out|    4|       m_axi|                                                             gmem1|       pointer|
|m_axi_gmem1_ARPROT        |  out|    3|       m_axi|                                                             gmem1|       pointer|
|m_axi_gmem1_ARQOS         |  out|    4|       m_axi|                                                             gmem1|       pointer|
|m_axi_gmem1_ARREGION      |  out|    4|       m_axi|                                                             gmem1|       pointer|
|m_axi_gmem1_ARUSER        |  out|    1|       m_axi|                                                             gmem1|       pointer|
|m_axi_gmem1_RVALID        |   in|    1|       m_axi|                                                             gmem1|       pointer|
|m_axi_gmem1_RREADY        |  out|    1|       m_axi|                                                             gmem1|       pointer|
|m_axi_gmem1_RDATA         |   in|   32|       m_axi|                                                             gmem1|       pointer|
|m_axi_gmem1_RLAST         |   in|    1|       m_axi|                                                             gmem1|       pointer|
|m_axi_gmem1_RID           |   in|    1|       m_axi|                                                             gmem1|       pointer|
|m_axi_gmem1_RFIFONUM      |   in|    9|       m_axi|                                                             gmem1|       pointer|
|m_axi_gmem1_RUSER         |   in|    1|       m_axi|                                                             gmem1|       pointer|
|m_axi_gmem1_RRESP         |   in|    2|       m_axi|                                                             gmem1|       pointer|
|m_axi_gmem1_BVALID        |   in|    1|       m_axi|                                                             gmem1|       pointer|
|m_axi_gmem1_BREADY        |  out|    1|       m_axi|                                                             gmem1|       pointer|
|m_axi_gmem1_BRESP         |   in|    2|       m_axi|                                                             gmem1|       pointer|
|m_axi_gmem1_BID           |   in|    1|       m_axi|                                                             gmem1|       pointer|
|m_axi_gmem1_BUSER         |   in|    1|       m_axi|                                                             gmem1|       pointer|
|sext_ln45                 |   in|   62|     ap_none|                                                         sext_ln45|        scalar|
|score_out_local_address0  |  out|    9|   ap_memory|                                                   score_out_local|         array|
|score_out_local_ce0       |  out|    1|   ap_memory|                                                   score_out_local|         array|
|score_out_local_q0        |   in|   32|   ap_memory|                                                   score_out_local|         array|
+--------------------------+-----+-----+------------+------------------------------------------------------------------+--------------+

