

================================================================
== Vitis HLS Report for 'softmax_core_hls_Pipeline_VITIS_LOOP_39_2'
================================================================
* Date:           Mon Apr 27 17:17:05 2026

* Version:        2022.2 (Build 3670227 on Oct 13 2022)
* Project:        softmax_prj
* Solution:       sol1 (Vivado IP Flow Target)
* Product family: virtexuplus
* Target device:  xcu55c-fsvh2892-2L-e


================================================================
== Performance Estimates
================================================================
+ Timing: 
    * Summary: 
    +--------+---------+----------+------------+
    |  Clock |  Target | Estimated| Uncertainty|
    +--------+---------+----------+------------+
    |ap_clk  |  4.00 ns|  2.845 ns|     1.08 ns|
    +--------+---------+----------+------------+

+ Latency: 
    * Summary: 
    +---------+---------+----------+----------+-----+-----+---------+
    |  Latency (cycles) |  Latency (absolute) |  Interval | Pipeline|
    |   min   |   max   |    min   |    max   | min | max |   Type  |
    +---------+---------+----------+----------+-----+-----+---------+
    |        ?|        ?|         ?|         ?|    ?|    ?|       no|
    +---------+---------+----------+----------+-----+-----+---------+

    + Detail: 
        * Instance: 
        N/A

        * Loop: 
        +-------------------+---------+---------+----------+-----------+-----------+------+----------+
        |                   |  Latency (cycles) | Iteration|  Initiation Interval  | Trip |          |
        |     Loop Name     |   min   |   max   |  Latency |  achieved |   target  | Count| Pipelined|
        +-------------------+---------+---------+----------+-----------+-----------+------+----------+
        |- VITIS_LOOP_39_2  |        ?|        ?|         3|          1|          1|     ?|       yes|
        +-------------------+---------+---------+----------+-----------+-----------+------+----------+



================================================================
== Utilization Estimates
================================================================
* Summary: 
+---------------------+---------+------+---------+---------+-----+
|         Name        | BRAM_18K|  DSP |    FF   |   LUT   | URAM|
+---------------------+---------+------+---------+---------+-----+
|DSP                  |        -|     -|        -|        -|    -|
|Expression           |        -|     -|        0|      212|    -|
|FIFO                 |        -|     -|        -|        -|    -|
|Instance             |        -|     -|        -|        -|    -|
|Memory               |        -|     -|        -|        -|    -|
|Multiplexer          |        -|     -|        -|       54|    -|
|Register             |        -|     -|      187|        -|    -|
+---------------------+---------+------+---------+---------+-----+
|Total                |        0|     0|      187|      266|    0|
+---------------------+---------+------+---------+---------+-----+
|Available SLR        |     1344|  3008|   869120|   434560|  320|
+---------------------+---------+------+---------+---------+-----+
|Utilization SLR (%)  |        0|     0|       ~0|       ~0|    0|
+---------------------+---------+------+---------+---------+-----+
|Available            |     4032|  9024|  2607360|  1303680|  960|
+---------------------+---------+------+---------+---------+-----+
|Utilization (%)      |        0|     0|       ~0|       ~0|    0|
+---------------------+---------+------+---------+---------+-----+

+ Detail: 
    * Instance: 
    +--------------------------------+-----------------------------+---------+----+---+----+-----+
    |            Instance            |            Module           | BRAM_18K| DSP| FF| LUT| URAM|
    +--------------------------------+-----------------------------+---------+----+---+----+-----+
    |fcmp_32ns_32ns_1_2_no_dsp_1_U6  |fcmp_32ns_32ns_1_2_no_dsp_1  |        0|   0|  0|   0|    0|
    +--------------------------------+-----------------------------+---------+----+---+----+-----+
    |Total                           |                             |        0|   0|  0|   0|    0|
    +--------------------------------+-----------------------------+---------+----+---+----+-----+

    * DSP: 
    N/A

    * Memory: 
    N/A

    * FIFO: 
    N/A

    * Expression: 
    +-----------------------+----------+----+---+----+------------+------------+
    |     Variable Name     | Operation| DSP| FF| LUT| Bitwidth P0| Bitwidth P1|
    +-----------------------+----------+----+---+----+------------+------------+
    |add_ln39_fu_133_p2     |         +|   0|  0|  71|          64|           1|
    |add_ln40_fu_118_p2     |         +|   0|  0|  16|           9|           9|
    |and_ln40_1_fu_222_p2   |       and|   0|  0|   2|           1|           1|
    |and_ln40_fu_216_p2     |       and|   0|  0|   2|           1|           1|
    |icmp_ln39_fu_128_p2    |      icmp|   0|  0|  29|          64|          64|
    |icmp_ln40_1_fu_190_p2  |      icmp|   0|  0|  16|          23|           1|
    |icmp_ln40_2_fu_196_p2  |      icmp|   0|  0|  11|           8|           2|
    |icmp_ln40_3_fu_202_p2  |      icmp|   0|  0|  16|          23|           1|
    |icmp_ln40_fu_184_p2    |      icmp|   0|  0|  11|           8|           2|
    |or_ln40_1_fu_212_p2    |        or|   0|  0|   2|           1|           1|
    |or_ln40_fu_208_p2      |        or|   0|  0|   2|           1|           1|
    |row_max_3_fu_228_p3    |    select|   0|  0|  32|           1|          32|
    |ap_enable_pp0          |       xor|   0|  0|   2|           1|           2|
    +-----------------------+----------+----+---+----+------------+------------+
    |Total                  |          |   0|  0| 212|         205|         118|
    +-----------------------+----------+----+---+----+------------+------------+

    * Multiplexer: 
    +-----------------------------------+----+-----------+-----+-----------+
    |                Name               | LUT| Input Size| Bits| Total Bits|
    +-----------------------------------+----+-----------+-----+-----------+
    |ap_done_int                        |   9|          2|    1|          2|
    |ap_enable_reg_pp0_iter1            |   9|          2|    1|          2|
    |ap_enable_reg_pp0_iter2            |   9|          2|    1|          2|
    |ap_sig_allocacmp_row_max_1_load_1  |   9|          2|   32|         64|
    |col_1_fu_50                        |   9|          2|   64|        128|
    |row_max_1_fu_46                    |   9|          2|   32|         64|
    +-----------------------------------+----+-----------+-----+-----------+
    |Total                              |  54|         12|  131|        262|
    +-----------------------------------+----+-----------+-----+-----------+

    * Register: 
    +----------------------------------+----+----+-----+-----------+
    |               Name               | FF | LUT| Bits| Const Bits|
    +----------------------------------+----+----+-----+-----------+
    |ap_CS_fsm                         |   1|   0|    1|          0|
    |ap_done_reg                       |   1|   0|    1|          0|
    |ap_enable_reg_pp0_iter1           |   1|   0|    1|          0|
    |ap_enable_reg_pp0_iter2           |   1|   0|    1|          0|
    |ap_enable_reg_pp0_iter3           |   1|   0|    1|          0|
    |ap_loop_exit_ready_pp0_iter2_reg  |   1|   0|    1|          0|
    |col_1_fu_50                       |  64|   0|   64|          0|
    |icmp_ln39_reg_273                 |   1|   0|    1|          0|
    |icmp_ln40_1_reg_294               |   1|   0|    1|          0|
    |icmp_ln40_2_reg_299               |   1|   0|    1|          0|
    |icmp_ln40_3_reg_304               |   1|   0|    1|          0|
    |icmp_ln40_reg_289                 |   1|   0|    1|          0|
    |row_max_1_fu_46                   |  32|   0|   32|          0|
    |row_max_1_load_1_reg_277          |  32|   0|   32|          0|
    |row_max_2_reg_283                 |  32|   0|   32|          0|
    |zext_ln35_cast_reg_263            |  16|   0|   64|         48|
    +----------------------------------+----+----+-----+-----------+
    |Total                             | 187|   0|  235|         48|
    +----------------------------------+----+----+-----+-----------+



================================================================
== Interface
================================================================
* Summary: 
+----------------------+-----+-----+------------+-------------------------------------------+--------------+
|       RTL Ports      | Dir | Bits|  Protocol  |               Source Object               |    C Type    |
+----------------------+-----+-----+------------+-------------------------------------------+--------------+
|ap_clk                |   in|    1|  ap_ctrl_hs|  softmax_core_hls_Pipeline_VITIS_LOOP_39_2|  return value|
|ap_rst                |   in|    1|  ap_ctrl_hs|  softmax_core_hls_Pipeline_VITIS_LOOP_39_2|  return value|
|ap_start              |   in|    1|  ap_ctrl_hs|  softmax_core_hls_Pipeline_VITIS_LOOP_39_2|  return value|
|ap_done               |  out|    1|  ap_ctrl_hs|  softmax_core_hls_Pipeline_VITIS_LOOP_39_2|  return value|
|ap_idle               |  out|    1|  ap_ctrl_hs|  softmax_core_hls_Pipeline_VITIS_LOOP_39_2|  return value|
|ap_ready              |  out|    1|  ap_ctrl_hs|  softmax_core_hls_Pipeline_VITIS_LOOP_39_2|  return value|
|row_max               |   in|   32|     ap_none|                                    row_max|        scalar|
|zext_ln38             |   in|    9|     ap_none|                                  zext_ln38|        scalar|
|score_in_address0     |  out|    9|   ap_memory|                                   score_in|         array|
|score_in_ce0          |  out|    1|   ap_memory|                                   score_in|         array|
|score_in_q0           |   in|   32|   ap_memory|                                   score_in|         array|
|zext_ln35             |   in|   16|     ap_none|                                  zext_ln35|        scalar|
|row_max_1_out         |  out|   32|      ap_vld|                              row_max_1_out|       pointer|
|row_max_1_out_ap_vld  |  out|    1|      ap_vld|                              row_max_1_out|       pointer|
+----------------------+-----+-----+------------+-------------------------------------------+--------------+

