

================================================================
== Vitis HLS Report for 'softmax_core_hls_Pipeline_VITIS_LOOP_62_6'
================================================================
* Date:           Mon Apr 27 17:17:05 2026

* Version:        2022.2 (Build 3670227 on Oct 13 2022)
* Project:        softmax_prj
* Solution:       sol1 (Vivado IP Flow Target)
* Product family: virtexuplus
* Target device:  xcu55c-fsvh2892-2L-e


================================================================
== Performance Estimates
================================================================
+ Timing: 
    * Summary: 
    +--------+---------+----------+------------+
    |  Clock |  Target | Estimated| Uncertainty|
    +--------+---------+----------+------------+
    |ap_clk  |  4.00 ns|  1.911 ns|     1.08 ns|
    +--------+---------+----------+------------+

+ Latency: 
    * Summary: 
    +---------+---------+----------+----------+-----+-----+---------+
    |  Latency (cycles) |  Latency (absolute) |  Interval | Pipeline|
    |   min   |   max   |    min   |    max   | min | max |   Type  |
    +---------+---------+----------+----------+-----+-----+---------+
    |        ?|        ?|         ?|         ?|    ?|    ?|       no|
    +---------+---------+----------+----------+-----+-----+---------+

    + Detail: 
        * Instance: 
        N/A

        * Loop: 
        +-------------------+---------+---------+----------+-----------+-----------+------+----------+
        |                   |  Latency (cycles) | Iteration|  Initiation Interval  | Trip |          |
        |     Loop Name     |   min   |   max   |  Latency |  achieved |   target  | Count| Pipelined|
        +-------------------+---------+---------+----------+-----------+-----------+------+----------+
        |- VITIS_LOOP_62_6  |        ?|        ?|         1|          1|          1|     ?|       yes|
        +-------------------+---------+---------+----------+-----------+-----------+------+----------+



================================================================
== Utilization Estimates
================================================================
* Summary: 
+---------------------+---------+------+---------+---------+-----+
|         Name        | BRAM_18K|  DSP |    FF   |   LUT   | URAM|
+---------------------+---------+------+---------+---------+-----+
|DSP                  |        -|     -|        -|        -|    -|
|Expression           |        -|     -|        0|       50|    -|
|FIFO                 |        -|     -|        -|        -|    -|
|Instance             |        -|     -|        -|        -|    -|
|Memory               |        -|     -|        -|        -|    -|
|Multiplexer          |        -|     -|        -|       27|    -|
|Register             |        -|     -|       18|        -|    -|
+---------------------+---------+------+---------+---------+-----+
|Total                |        0|     0|       18|       77|    0|
+---------------------+---------+------+---------+---------+-----+
|Available SLR        |     1344|  3008|   869120|   434560|  320|
+---------------------+---------+------+---------+---------+-----+
|Utilization SLR (%)  |        0|     0|       ~0|       ~0|    0|
+---------------------+---------+------+---------+---------+-----+
|Available            |     4032|  9024|  2607360|  1303680|  960|
+---------------------+---------+------+---------+---------+-----+
|Utilization (%)      |        0|     0|       ~0|       ~0|    0|
+---------------------+---------+------+---------+---------+-----+

+ Detail: 
    * Instance: 
    N/A

    * DSP: 
    N/A

    * Memory: 
    N/A

    * FIFO: 
    N/A

    * Expression: 
    +--------------------+----------+----+---+----+------------+------------+
    |    Variable Name   | Operation| DSP| FF| LUT| Bitwidth P0| Bitwidth P1|
    +--------------------+----------+----+---+----+------------+------------+
    |add_ln62_fu_109_p2  |         +|   0|  0|  23|          16|           1|
    |add_ln64_fu_98_p2   |         +|   0|  0|  16|           9|           9|
    |icmp_ln62_fu_84_p2  |      icmp|   0|  0|  11|          10|           1|
    +--------------------+----------+----+---+----+------------+------------+
    |Total               |          |   0|  0|  50|          35|          11|
    +--------------------+----------+----+---+----+------------+------------+

    * Multiplexer: 
    +------------------------+----+-----------+-----+-----------+
    |          Name          | LUT| Input Size| Bits| Total Bits|
    +------------------------+----+-----------+-----+-----------+
    |ap_done_int             |   9|          2|    1|          2|
    |ap_sig_allocacmp_col_2  |   9|          2|   16|         32|
    |col_fu_36               |   9|          2|   16|         32|
    +------------------------+----+-----------+-----+-----------+
    |Total                   |  27|          6|   33|         66|
    +------------------------+----+-----------+-----+-----------+

    * Register: 
    +-------------+----+----+-----+-----------+
    |     Name    | FF | LUT| Bits| Const Bits|
    +-------------+----+----+-----+-----------+
    |ap_CS_fsm    |   1|   0|    1|          0|
    |ap_done_reg  |   1|   0|    1|          0|
    |col_fu_36    |  16|   0|   16|          0|
    +-------------+----+----+-----+-----------+
    |Total        |  18|   0|   18|          0|
    +-------------+----+----+-----+-----------+



================================================================
== Interface
================================================================
* Summary: 
+-------------------+-----+-----+------------+-------------------------------------------+--------------+
|     RTL Ports     | Dir | Bits|  Protocol  |               Source Object               |    C Type    |
+-------------------+-----+-----+------------+-------------------------------------------+--------------+
|ap_clk             |   in|    1|  ap_ctrl_hs|  softmax_core_hls_Pipeline_VITIS_LOOP_62_6|  return value|
|ap_rst             |   in|    1|  ap_ctrl_hs|  softmax_core_hls_Pipeline_VITIS_LOOP_62_6|  return value|
|ap_start           |   in|    1|  ap_ctrl_hs|  softmax_core_hls_Pipeline_VITIS_LOOP_62_6|  return value|
|ap_done            |  out|    1|  ap_ctrl_hs|  softmax_core_hls_Pipeline_VITIS_LOOP_62_6|  return value|
|ap_idle            |  out|    1|  ap_ctrl_hs|  softmax_core_hls_Pipeline_VITIS_LOOP_62_6|  return value|
|ap_ready           |  out|    1|  ap_ctrl_hs|  softmax_core_hls_Pipeline_VITIS_LOOP_62_6|  return value|
|key_col_count      |   in|   16|     ap_none|                              key_col_count|        scalar|
|zext_ln38          |   in|    9|     ap_none|                                  zext_ln38|        scalar|
|prob_out_address0  |  out|    9|   ap_memory|                                   prob_out|         array|
|prob_out_ce0       |  out|    1|   ap_memory|                                   prob_out|         array|
|prob_out_we0       |  out|    1|   ap_memory|                                   prob_out|         array|
|prob_out_d0        |  out|   32|   ap_memory|                                   prob_out|         array|
+-------------------+-----+-----+------------+-------------------------------------------+--------------+

