Copyright 1986-2022 Xilinx, Inc. All Rights Reserved.
----------------------------------------------------------------------------------------------------------------------------------------------------------------------------------------------------------------------------------------------------------------------------------------------------------------------------------------------------------------------------------------------------------------------------------------------------------------------------------------------------------------
| Tool Version : Vivado v.2022.2 (lin64) Build 3671981 Fri Oct 14 04:59:54 MDT 2022
| Date         : Mon Apr 27 19:18:25 2026
| Host         : advent running 64-bit Ubuntu 20.04.6 LTS
| Command      : report_accelerator_utilization -kernels { attention_score_u55c_kernel:level0_i/ulp/attention_score_u55c_kernel_1/inst:attention_score_u55c_kernel_1 causal_mask_u55c_kernel:level0_i/ulp/causal_mask_u55c_kernel_1/inst:causal_mask_u55c_kernel_1 score_scale_u55c_kernel:level0_i/ulp/score_scale_u55c_kernel_1/inst:score_scale_u55c_kernel_1 softmax_u55c_kernel:level0_i/ulp/softmax_u55c_kernel_1/inst:softmax_u55c_kernel_1} -file kernel_util_placed.rpt -name kernel_util_placed -json
| Design       : level0_wrapper
| Device       : xcu55c
| Design State : Fully Placed
----------------------------------------------------------------------------------------------------------------------------------------------------------------------------------------------------------------------------------------------------------------------------------------------------------------------------------------------------------------------------------------------------------------------------------------------------------------------------------------------------------------

Accelerator Utilization Design Information

Table of Contents
-----------------
1. System Utilization

1. System Utilization
---------------------

+----------------------------------+-------------------+------------------+-------------------+----------------+---------------+----------------+
| Name                             | LUT               | LUTAsMem         | REG               | BRAM           | URAM          | DSP            |
+----------------------------------+-------------------+------------------+-------------------+----------------+---------------+----------------+
| Platform                         |  129757 [  9.95%] |  11287 [  1.88%] |  180871 [  6.94%] |  198 [  9.82%] |   0 [  0.00%] |    4 [  0.04%] |
| User Budget                      | 1173923 [100.00%] | 589673 [100.00%] | 2426489 [100.00%] | 1818 [100.00%] | 960 [100.00%] | 9020 [100.00%] |
|    Used Resources                |   18491 [  1.58%] |   3629 [  0.62%] |   25662 [  1.06%] |   99 [  5.45%] |   0 [  0.00%] |   76 [  0.84%] |
|    Unused Resources              | 1155432 [ 98.42%] | 586044 [ 99.38%] | 2400827 [ 98.94%] | 1719 [ 94.55%] | 960 [100.00%] | 8944 [ 99.16%] |
| attention_score_u55c_kernel      |    5931 [  0.51%] |   1477 [  0.25%] |    7798 [  0.32%] |   51 [  2.81%] |   0 [  0.00%] |   64 [  0.71%] |
|    attention_score_u55c_kernel_1 |    5931 [  0.51%] |   1477 [  0.25%] |    7798 [  0.32%] |   51 [  2.81%] |   0 [  0.00%] |   64 [  0.71%] |
| causal_mask_u55c_kernel          |    3407 [  0.29%] |    678 [  0.11%] |    5341 [  0.22%] |   16 [  0.88%] |   0 [  0.00%] |    0 [  0.00%] |
|    causal_mask_u55c_kernel_1     |    3407 [  0.29%] |    678 [  0.11%] |    5341 [  0.22%] |   16 [  0.88%] |   0 [  0.00%] |    0 [  0.00%] |
| score_scale_u55c_kernel          |    3484 [  0.30%] |    688 [  0.12%] |    5446 [  0.22%] |   16 [  0.88%] |   0 [  0.00%] |    3 [  0.03%] |
|    score_scale_u55c_kernel_1     |    3484 [  0.30%] |    688 [  0.12%] |    5446 [  0.22%] |   16 [  0.88%] |   0 [  0.00%] |    3 [  0.03%] |
| softmax_u55c_kernel              |    5669 [  0.48%] |    786 [  0.13%] |    7077 [  0.29%] |   16 [  0.88%] |   0 [  0.00%] |    9 [  0.10%] |
|    softmax_u55c_kernel_1         |    5669 [  0.48%] |    786 [  0.13%] |    7077 [  0.29%] |   16 [  0.88%] |   0 [  0.00%] |    9 [  0.10%] |
+----------------------------------+-------------------+------------------+-------------------+----------------+---------------+----------------+


