Copyright 1986-2022 Xilinx, Inc. All Rights Reserved.
------------------------------------------------------------------------------------------
| Tool Version : Vivado v.2022.2 (lin64) Build 3671981 Fri Oct 14 04:59:54 MDT 2022
| Date         : Mon Apr 27 19:30:24 2026
| Host         : advent running 64-bit Ubuntu 20.04.6 LTS
| Command      : report_utilization -slr -file slr_util_routed.rpt -pb slr_util_routed.pb
| Design       : level0_wrapper
| Device       : xcu55c-fsvh2892-2L-e
| Speed File   : -2L
| Design State : Routed
------------------------------------------------------------------------------------------

Utilization Design Information

Table of Contents
-----------------
1. SLR Connectivity
2. SLR Connectivity Matrix
3. SLR CLB Logic and Dedicated Block Utilization
4. SLR IO Utilization

1. SLR Connectivity
-------------------

+----------------------------------+-------+-------+-----------+-------+
|                                  |  Used | Fixed | Available | Util% |
+----------------------------------+-------+-------+-----------+-------+
| SLR2 <-> SLR1                    |  5099 |       |     23040 | 22.13 |
|   SLR1 -> SLR2                   |  2590 |       |           | 11.24 |
|     Using TX_REG only            |     0 |     0 |           |       |
|     Using RX_REG only            |     0 |     0 |           |       |
|     Using Both TX_REG and RX_REG |     0 |     0 |           |       |
|   SLR2 -> SLR1                   |  2509 |       |           | 10.89 |
|     Using TX_REG only            |     0 |     0 |           |       |
|     Using RX_REG only            |     0 |     0 |           |       |
|     Using Both TX_REG and RX_REG |     0 |     0 |           |       |
| SLR1 <-> SLR0                    |  5400 |       |     23040 | 23.44 |
|   SLR0 -> SLR1                   |  2821 |       |           | 12.24 |
|     Using TX_REG only            |     0 |     0 |           |       |
|     Using RX_REG only            |     0 |     0 |           |       |
|     Using Both TX_REG and RX_REG |     0 |     0 |           |       |
|   SLR1 -> SLR0                   |  2579 |       |           | 11.19 |
|     Using TX_REG only            |     0 |     0 |           |       |
|     Using RX_REG only            |     0 |     0 |           |       |
|     Using Both TX_REG and RX_REG |     0 |     0 |           |       |
+----------------------------------+-------+-------+-----------+-------+
| Total SLLs Used                  | 10499 |       |           |       |
+----------------------------------+-------+-------+-----------+-------+


2. SLR Connectivity Matrix
--------------------------

+-----------+------+------+------+
| FROM \ TO | SLR2 | SLR1 | SLR0 |
+-----------+------+------+------+
| SLR2      |    0 | 2360 |  149 |
| SLR1      | 2521 |    0 | 2430 |
| SLR0      |   69 | 2752 |    0 |
+-----------+------+------+------+


3. SLR CLB Logic and Dedicated Block Utilization
------------------------------------------------

+----------------------------+--------+-------+-------+--------+--------+--------+
|          Site Type         |  SLR0  |  SLR1 |  SLR2 | SLR0 % | SLR1 % | SLR2 % |
+----------------------------+--------+-------+-------+--------+--------+--------+
| CLB                        |  16322 | 10055 |  6864 |  29.70 |  18.62 |  12.71 |
|   CLBL                     |   8647 |  5517 |  3533 |  29.53 |  18.84 |  12.07 |
|   CLBM                     |   7675 |  4538 |  3331 |  29.89 |  18.36 |  13.47 |
| CLB LUTs                   |  64352 | 58106 | 25789 |  14.64 |  13.45 |   5.97 |
|   LUT as Logic             |  54625 | 54438 | 24268 |  12.42 |  12.60 |   5.62 |
|     using O5 output only   |   1509 |   861 |   438 |   0.34 |   0.20 |   0.10 |
|     using O6 output only   |  39494 | 40326 | 17219 |   8.98 |   9.33 |   3.99 |
|     using O5 and O6        |  13622 | 13251 |  6611 |   3.10 |   3.07 |   1.53 |
|   LUT as Memory            |   9727 |  3668 |  1521 |   4.73 |   1.85 |   0.77 |
|     LUT as Distributed RAM |   4779 |  3532 |   820 |   2.33 |   1.79 |   0.41 |
|       using O5 output only |      0 |     0 |     0 |   0.00 |   0.00 |   0.00 |
|       using O6 output only |    899 |   386 |     0 |   0.44 |   0.20 |   0.00 |
|       using O5 and O6      |   3880 |  3146 |   820 |   1.89 |   1.59 |   0.41 |
|     LUT as Shift Register  |   4948 |   136 |   701 |   2.41 |   0.07 |   0.35 |
|       using O5 output only |      0 |     0 |     0 |   0.00 |   0.00 |   0.00 |
|       using O6 output only |   3002 |    80 |   667 |   1.46 |   0.04 |   0.34 |
|       using O5 and O6      |   1946 |    56 |    34 |   0.95 |   0.03 |   0.02 |
| CLB Registers              | 104542 | 66240 | 35751 |  11.89 |   7.67 |   4.14 |
| CARRY8                     |    990 |   577 |   107 |   1.80 |   1.07 |   0.20 |
| F7 Muxes                   |   2021 |  1037 |   437 |   0.92 |   0.48 |   0.20 |
| F8 Muxes                   |    200 |   260 |     0 |   0.18 |   0.24 |   0.00 |
| F9 Muxes                   |      0 |     0 |     0 |   0.00 |   0.00 |   0.00 |
| Block RAM Tile             |    159 |    90 |    50 |  23.66 |  13.39 |   7.44 |
|   RAMB36/FIFO              |    122 |    90 |    50 |  18.15 |  13.39 |   7.44 |
|   RAMB18                   |     74 |     0 |     0 |   5.51 |   0.00 |   0.00 |
| URAM                       |      0 |     0 |     0 |   0.00 |   0.00 |   0.00 |
| DSPs                       |     76 |     0 |     4 |   2.64 |   0.00 |   0.13 |
| Unique Control Sets        |   3452 |  3176 |  1126 |   3.14 |   2.94 |   1.04 |
+----------------------------+--------+-------+-------+--------+--------+--------+
* Note: Available Control Sets based on CLB Registers / 8


4. SLR IO Utilization
---------------------

+-----------+-----------+---------+------------+----------+------------+----------+-----+
| SLR Index | Used IOBs | (%)IOBs | Used IPADs | (%)IPADs | Used OPADs | (%)OPADs | GTs |
+-----------+-----------+---------+------------+----------+------------+----------+-----+
| SLR2      |         0 |    0.00 |          0 |     0.00 |          0 |     0.00 |   0 |
| SLR1      |         0 |    0.00 |          0 |     0.00 |          0 |     0.00 |   0 |
| SLR0      |        12 |    5.77 |          0 |     0.00 |          0 |     0.00 |  16 |
+-----------+-----------+---------+------------+----------+------------+----------+-----+
| Total     |        12 |         |          0 |          |          0 |          |  16 |
+-----------+-----------+---------+------------+----------+------------+----------+-----+


