Copyright 1986-2022 Xilinx, Inc. All Rights Reserved.
------------------------------------------------------------------------------------------------------------------------------------------------------------------------------------------------------------------------------------------------------------------------------------------------------------------------------------------------------------------------------------------------------------------------------------------------------------------------------------------------------------------
| Tool Version : Vivado v.2022.2 (lin64) Build 3671981 Fri Oct 14 04:59:54 MDT 2022
| Date         : Mon Apr 27 19:02:35 2026
| Host         : advent running 64-bit Ubuntu 20.04.6 LTS
| Command      : report_accelerator_utilization -kernels { attention_score_u55c_kernel:level0_i/ulp/attention_score_u55c_kernel_1/inst:attention_score_u55c_kernel_1 causal_mask_u55c_kernel:level0_i/ulp/causal_mask_u55c_kernel_1/inst:causal_mask_u55c_kernel_1 score_scale_u55c_kernel:level0_i/ulp/score_scale_u55c_kernel_1/inst:score_scale_u55c_kernel_1 softmax_u55c_kernel:level0_i/ulp/softmax_u55c_kernel_1/inst:softmax_u55c_kernel_1} -file kernel_util_synthed.rpt -name kernel_util_synthed -json
| Design       : level0_wrapper
| Device       : xcu55c
| Design State : Synthesized
------------------------------------------------------------------------------------------------------------------------------------------------------------------------------------------------------------------------------------------------------------------------------------------------------------------------------------------------------------------------------------------------------------------------------------------------------------------------------------------------------------------

Accelerator Utilization Design Information

Table of Contents
-----------------
1. System Utilization

1. System Utilization
---------------------

+----------------------------------+-------------------+------------------+-------------------+----------------+---------------+----------------+
| Name                             | LUT               | LUTAsMem         | REG               | BRAM           | URAM          | DSP            |
+----------------------------------+-------------------+------------------+-------------------+----------------+---------------+----------------+
| Platform                         |  146345 [ 11.23%] |  12918 [  2.15%] |  188675 [  7.24%] |  198 [  9.82%] |   0 [  0.00%] |    4 [  0.04%] |
| User Budget                      | 1157335 [100.00%] | 588042 [100.00%] | 2418685 [100.00%] | 1818 [100.00%] | 960 [100.00%] | 9020 [100.00%] |
|    Used Resources                |   20372 [  1.76%] |   4936 [  0.84%] |   26080 [  1.08%] |   99 [  5.45%] |   0 [  0.00%] |   76 [  0.84%] |
|    Unused Resources              | 1136963 [ 98.24%] | 583106 [ 99.16%] | 2392605 [ 98.92%] | 1719 [ 94.55%] | 960 [100.00%] | 8944 [ 99.16%] |
| attention_score_u55c_kernel      |    6389 [  0.55%] |   1800 [  0.31%] |    7886 [  0.33%] |   51 [  2.81%] |   0 [  0.00%] |   64 [  0.71%] |
|    attention_score_u55c_kernel_1 |    6389 [  0.55%] |   1800 [  0.31%] |    7886 [  0.33%] |   51 [  2.81%] |   0 [  0.00%] |   64 [  0.71%] |
| causal_mask_u55c_kernel          |    3833 [  0.33%] |   1000 [  0.17%] |    5449 [  0.23%] |   16 [  0.88%] |   0 [  0.00%] |    0 [  0.00%] |
|    causal_mask_u55c_kernel_1     |    3833 [  0.33%] |   1000 [  0.17%] |    5449 [  0.23%] |   16 [  0.88%] |   0 [  0.00%] |    0 [  0.00%] |
| score_scale_u55c_kernel          |    3909 [  0.34%] |   1011 [  0.17%] |    5549 [  0.23%] |   16 [  0.88%] |   0 [  0.00%] |    3 [  0.03%] |
|    score_scale_u55c_kernel_1     |    3909 [  0.34%] |   1011 [  0.17%] |    5549 [  0.23%] |   16 [  0.88%] |   0 [  0.00%] |    3 [  0.03%] |
| softmax_u55c_kernel              |    6241 [  0.54%] |   1125 [  0.19%] |    7196 [  0.30%] |   16 [  0.88%] |   0 [  0.00%] |    9 [  0.10%] |
|    softmax_u55c_kernel_1         |    6241 [  0.54%] |   1125 [  0.19%] |    7196 [  0.30%] |   16 [  0.88%] |   0 [  0.00%] |    9 [  0.10%] |
+----------------------------------+-------------------+------------------+-------------------+----------------+---------------+----------------+


