INFO: [v++ 60-1306] Additional information associated with this v++ link can be found at:
	Reports: /home/advent/Desktop/RC19/_x/reports/link
	Log files: /home/advent/Desktop/RC19/_x/logs/link
INFO: [v++ 60-1548] Creating build summary session with primary output /home/advent/Desktop/RC19/attention_score_u55c/build/attention_score_chain.xclbin.link_summary, at Mon Apr 27 18:43:34 2026
INFO: [v++ 60-1315] Creating rulecheck session with output '/home/advent/Desktop/RC19/_x/reports/link/v++_link_attention_score_chain_guidance.html', at Mon Apr 27 18:43:34 2026
INFO: [v++ 60-895]   Target platform: /opt/xilinx/platforms/xilinx_u55c_gen3x16_xdma_3_202210_1/xilinx_u55c_gen3x16_xdma_3_202210_1.xpfm
INFO: [v++ 60-1578]   This platform contains Xilinx Shell Archive '/opt/xilinx/platforms/xilinx_u55c_gen3x16_xdma_3_202210_1/hw/hw.xsa'
INFO: [v++ 74-78] Compiler Version string: 2022.2
INFO: [v++ 60-629] Linking for hardware target
INFO: [v++ 60-423]   Target device: xilinx_u55c_gen3x16_xdma_3_202210_1
INFO: [v++ 60-1332] Run 'run_link' status: Not started
INFO: [v++ 60-1443] [18:43:36] Run run_link: Step system_link: Started
INFO: [v++ 60-1453] Command Line: system_link --xo /home/advent/Desktop/RC19/attention_score_u55c/build/attention_score_u55c_kernel.xo --xo /home/advent/Desktop/RC19/attention_score_u55c/build/causal_mask_u55c_kernel.xo --xo /home/advent/Desktop/RC19/attention_score_u55c/build/score_scale_u55c_kernel.xo --xo /home/advent/Desktop/RC19/attention_score_u55c/build/softmax_u55c_kernel.xo --config /home/advent/Desktop/RC19/_x/link/int/syslinkConfig.ini --xpfm /opt/xilinx/platforms/xilinx_u55c_gen3x16_xdma_3_202210_1/xilinx_u55c_gen3x16_xdma_3_202210_1.xpfm --target hw --output_dir /home/advent/Desktop/RC19/_x/link/int --temp_dir /home/advent/Desktop/RC19/_x/link/sys_link
INFO: [v++ 60-1454] Run Directory: /home/advent/Desktop/RC19/_x/link/run_link
INFO: [SYSTEM_LINK 82-70] Extracting xo v3 file /home/advent/Desktop/RC19/attention_score_u55c/build/attention_score_u55c_kernel.xo
INFO: [SYSTEM_LINK 82-70] Extracting xo v3 file /home/advent/Desktop/RC19/attention_score_u55c/build/causal_mask_u55c_kernel.xo
INFO: [SYSTEM_LINK 82-70] Extracting xo v3 file /home/advent/Desktop/RC19/attention_score_u55c/build/score_scale_u55c_kernel.xo
INFO: [SYSTEM_LINK 82-70] Extracting xo v3 file /home/advent/Desktop/RC19/attention_score_u55c/build/softmax_u55c_kernel.xo
INFO: [SYSTEM_LINK 82-53] Creating IP database /home/advent/Desktop/RC19/_x/link/sys_link/_sysl/.cdb/xd_ip_db.xml
INFO: [SYSTEM_LINK 82-38] [18:43:37] build_xd_ip_db started: /home/advent/Vivado/Vitis/2022.2/bin/build_xd_ip_db -ip_search 0  -sds-pf /home/advent/Desktop/RC19/_x/link/sys_link/hw.hpfm -clkid 0 -ip /home/advent/Desktop/RC19/_x/link/sys_link/iprepo/xilinx_com_hls_softmax_u55c_kernel_1_0,softmax_u55c_kernel -ip /home/advent/Desktop/RC19/_x/link/sys_link/iprepo/xilinx_com_hls_attention_score_u55c_kernel_1_0,attention_score_u55c_kernel -ip /home/advent/Desktop/RC19/_x/link/sys_link/iprepo/xilinx_com_hls_score_scale_u55c_kernel_1_0,score_scale_u55c_kernel -ip /home/advent/Desktop/RC19/_x/link/sys_link/iprepo/xilinx_com_hls_causal_mask_u55c_kernel_1_0,causal_mask_u55c_kernel -o /home/advent/Desktop/RC19/_x/link/sys_link/_sysl/.cdb/xd_ip_db.xml
INFO: [SYSTEM_LINK 82-37] [18:43:40] build_xd_ip_db finished successfully
Time (s): cpu = 00:00:03 ; elapsed = 00:00:03 . Memory (MB): peak = 431.824 ; gain = 0.000 ; free physical = 10293 ; free virtual = 26816
INFO: [SYSTEM_LINK 82-51] Create system connectivity graph
INFO: [SYSTEM_LINK 82-102] Applying explicit connections to the system connectivity graph: /home/advent/Desktop/RC19/_x/link/sys_link/cfgraph/cfgen_cfgraph.xml
INFO: [SYSTEM_LINK 82-38] [18:43:40] cfgen started: /home/advent/Vivado/Vitis/2022.2/bin/cfgen  -sp attention_score_u55c_kernel_1.q_tile:HBM[0] -sp attention_score_u55c_kernel_1.k_tile:HBM[1] -sp attention_score_u55c_kernel_1.score_tile:HBM[2] -sp causal_mask_u55c_kernel_1.score_in:HBM[2] -sp causal_mask_u55c_kernel_1.score_out:HBM[3] -sp score_scale_u55c_kernel_1.score_in:HBM[3] -sp score_scale_u55c_kernel_1.score_out:HBM[4] -sp softmax_u55c_kernel_1.score_in:HBM[4] -sp softmax_u55c_kernel_1.prob_out:HBM[5] -dpa_mem_offload false -dmclkid 0 -r /home/advent/Desktop/RC19/_x/link/sys_link/_sysl/.cdb/xd_ip_db.xml -o /home/advent/Desktop/RC19/_x/link/sys_link/cfgraph/cfgen_cfgraph.xml
INFO: [CFGEN 83-0] Kernel Specs: 
INFO: [CFGEN 83-0]   kernel: attention_score_u55c_kernel, num: 1  {attention_score_u55c_kernel_1}
INFO: [CFGEN 83-0]   kernel: causal_mask_u55c_kernel, num: 1  {causal_mask_u55c_kernel_1}
INFO: [CFGEN 83-0]   kernel: score_scale_u55c_kernel, num: 1  {score_scale_u55c_kernel_1}
INFO: [CFGEN 83-0]   kernel: softmax_u55c_kernel, num: 1  {softmax_u55c_kernel_1}
INFO: [CFGEN 83-0] Port Specs: 
INFO: [CFGEN 83-0]   kernel: attention_score_u55c_kernel_1, k_port: q_tile, sptag: HBM[0]
INFO: [CFGEN 83-0]   kernel: attention_score_u55c_kernel_1, k_port: k_tile, sptag: HBM[1]
INFO: [CFGEN 83-0]   kernel: attention_score_u55c_kernel_1, k_port: score_tile, sptag: HBM[2]
INFO: [CFGEN 83-0]   kernel: causal_mask_u55c_kernel_1, k_port: score_in, sptag: HBM[2]
INFO: [CFGEN 83-0]   kernel: causal_mask_u55c_kernel_1, k_port: score_out, sptag: HBM[3]
INFO: [CFGEN 83-0]   kernel: score_scale_u55c_kernel_1, k_port: score_in, sptag: HBM[3]
INFO: [CFGEN 83-0]   kernel: score_scale_u55c_kernel_1, k_port: score_out, sptag: HBM[4]
INFO: [CFGEN 83-0]   kernel: softmax_u55c_kernel_1, k_port: score_in, sptag: HBM[4]
INFO: [CFGEN 83-0]   kernel: softmax_u55c_kernel_1, k_port: prob_out, sptag: HBM[5]
INFO: [SYSTEM_LINK 82-37] [18:43:44] cfgen finished successfully
Time (s): cpu = 00:00:04 ; elapsed = 00:00:04 . Memory (MB): peak = 431.824 ; gain = 0.000 ; free physical = 10294 ; free virtual = 26818
INFO: [SYSTEM_LINK 82-52] Create top-level block diagram
INFO: [SYSTEM_LINK 82-38] [18:43:44] cf2bd started: /home/advent/Vivado/Vitis/2022.2/bin/cf2bd  --linux --trace_buffer 1024 --input_file /home/advent/Desktop/RC19/_x/link/sys_link/cfgraph/cfgen_cfgraph.xml --ip_db /home/advent/Desktop/RC19/_x/link/sys_link/_sysl/.cdb/xd_ip_db.xml --cf_name dr --working_dir /home/advent/Desktop/RC19/_x/link/sys_link/_sysl/.xsd --temp_dir /home/advent/Desktop/RC19/_x/link/sys_link --output_dir /home/advent/Desktop/RC19/_x/link/int --target_bd ulp.bd
INFO: [CF2BD 82-31] Launching cf2xd: cf2xd -linux -trace-buffer 1024 -i /home/advent/Desktop/RC19/_x/link/sys_link/cfgraph/cfgen_cfgraph.xml -r /home/advent/Desktop/RC19/_x/link/sys_link/_sysl/.cdb/xd_ip_db.xml -o dr.xml
INFO: [CF2BD 82-28] cf2xd finished successfully
INFO: [CF2BD 82-31] Launching cf_xsd: cf_xsd -disable-address-gen -bd ulp.bd -dn dr -dp /home/advent/Desktop/RC19/_x/link/sys_link/_sysl/.xsd
INFO: [CF2BD 82-28] cf_xsd finished successfully
INFO: [SYSTEM_LINK 82-37] [18:43:47] cf2bd finished successfully
Time (s): cpu = 00:00:02 ; elapsed = 00:00:02 . Memory (MB): peak = 431.824 ; gain = 0.000 ; free physical = 10282 ; free virtual = 26811
INFO: [v++ 60-1441] [18:43:47] Run run_link: Step system_link: Completed
Time (s): cpu = 00:00:11 ; elapsed = 00:00:11 . Memory (MB): peak = 459.035 ; gain = 0.000 ; free physical = 10348 ; free virtual = 26871
INFO: [v++ 60-1443] [18:43:47] Run run_link: Step cf2sw: Started
INFO: [v++ 60-1453] Command Line: cf2sw -sdsl /home/advent/Desktop/RC19/_x/link/int/sdsl.dat -rtd /home/advent/Desktop/RC19/_x/link/int/cf2sw.rtd -nofilter /home/advent/Desktop/RC19/_x/link/int/cf2sw_full.rtd -xclbin /home/advent/Desktop/RC19/_x/link/int/xclbin_orig.xml -o /home/advent/Desktop/RC19/_x/link/int/xclbin_orig.1.xml
INFO: [v++ 60-1454] Run Directory: /home/advent/Desktop/RC19/_x/link/run_link
INFO: [v++ 60-1441] [18:43:50] Run run_link: Step cf2sw: Completed
Time (s): cpu = 00:00:03 ; elapsed = 00:00:03 . Memory (MB): peak = 459.035 ; gain = 0.000 ; free physical = 10354 ; free virtual = 26877
INFO: [v++ 60-1443] [18:43:50] Run run_link: Step rtd2_system_diagram: Started
INFO: [v++ 60-1453] Command Line: rtd2SystemDiagram
INFO: [v++ 60-1454] Run Directory: /home/advent/Desktop/RC19/_x/link/run_link
INFO: [v++ 60-1441] [18:43:50] Run run_link: Step rtd2_system_diagram: Completed
Time (s): cpu = 00:00:00 ; elapsed = 00:00:00.15 . Memory (MB): peak = 459.035 ; gain = 0.000 ; free physical = 10327 ; free virtual = 26851
INFO: [v++ 60-1443] [18:43:50] Run run_link: Step vpl: Started
INFO: [v++ 60-1453] Command Line: vpl -t hw -f /opt/xilinx/platforms/xilinx_u55c_gen3x16_xdma_3_202210_1/xilinx_u55c_gen3x16_xdma_3_202210_1.xpfm --remote_ip_cache /home/advent/Desktop/RC19/.ipcache --output_dir /home/advent/Desktop/RC19/_x/link/int --log_dir /home/advent/Desktop/RC19/_x/logs/link --report_dir /home/advent/Desktop/RC19/_x/reports/link --config /home/advent/Desktop/RC19/_x/link/int/vplConfig.ini -k /home/advent/Desktop/RC19/_x/link/int/kernel_info.dat --webtalk_flag Vitis --temp_dir /home/advent/Desktop/RC19/_x/link --no-info --iprepo /home/advent/Desktop/RC19/_x/link/int/xo/ip_repo/xilinx_com_hls_softmax_u55c_kernel_1_0 --iprepo /home/advent/Desktop/RC19/_x/link/int/xo/ip_repo/xilinx_com_hls_attention_score_u55c_kernel_1_0 --iprepo /home/advent/Desktop/RC19/_x/link/int/xo/ip_repo/xilinx_com_hls_causal_mask_u55c_kernel_1_0 --iprepo /home/advent/Desktop/RC19/_x/link/int/xo/ip_repo/xilinx_com_hls_score_scale_u55c_kernel_1_0 --messageDb /home/advent/Desktop/RC19/_x/link/run_link/vpl.pb /home/advent/Desktop/RC19/_x/link/int/dr.bd.tcl
INFO: [v++ 60-1454] Run Directory: /home/advent/Desktop/RC19/_x/link/run_link

****** vpl v2022.2 (64-bit)
  **** SW Build 3671529 on 2022-10-13-17:52:11
    ** Copyright 1986-2022 Xilinx, Inc. All Rights Reserved.

INFO: [VPL 60-839] Read in kernel information from file '/home/advent/Desktop/RC19/_x/link/int/kernel_info.dat'.
INFO: [VPL 74-78] Compiler Version string: 2022.2
INFO: [VPL 60-423]   Target device: xilinx_u55c_gen3x16_xdma_3_202210_1
INFO: [VPL 60-1032] Extracting hardware platform to /home/advent/Desktop/RC19/_x/link/vivado/vpl/.local/hw_platform
[18:43:56] Run vpl: Step create_project: Started
Creating Vivado project.
[18:43:59] Run vpl: Step create_project: Completed
[18:43:59] Run vpl: Step create_bd: Started
[18:44:14] Run vpl: Step create_bd: Completed
[18:44:14] Run vpl: Step update_bd: Started
[18:44:14] Run vpl: Step update_bd: Completed
[18:44:14] Run vpl: Step generate_target: Started
[18:44:45] Run vpl: Step generate_target: Completed
[18:44:45] Run vpl: Step config_hw_runs: Started
[18:45:12] Run vpl: Step config_hw_runs: Completed
[18:45:12] Run vpl: Step synth: Started
[18:45:43] Block-level synthesis in progress, 0 of 167 jobs complete, 8 jobs running.
[18:46:13] Block-level synthesis in progress, 3 of 167 jobs complete, 7 jobs running.
[18:46:43] Block-level synthesis in progress, 19 of 167 jobs complete, 3 jobs running.
[18:47:13] Block-level synthesis in progress, 24 of 167 jobs complete, 7 jobs running.
[18:47:43] Block-level synthesis in progress, 30 of 167 jobs complete, 5 jobs running.
[18:48:13] Block-level synthesis in progress, 34 of 167 jobs complete, 8 jobs running.
[18:48:44] Block-level synthesis in progress, 38 of 167 jobs complete, 6 jobs running.
[18:49:14] Block-level synthesis in progress, 42 of 167 jobs complete, 7 jobs running.
[18:49:44] Block-level synthesis in progress, 47 of 167 jobs complete, 7 jobs running.
[18:50:14] Block-level synthesis in progress, 52 of 167 jobs complete, 6 jobs running.
[18:50:44] Block-level synthesis in progress, 61 of 167 jobs complete, 4 jobs running.
[18:51:15] Block-level synthesis in progress, 76 of 167 jobs complete, 5 jobs running.
[18:51:45] Block-level synthesis in progress, 87 of 167 jobs complete, 5 jobs running.
[18:52:15] Block-level synthesis in progress, 99 of 167 jobs complete, 4 jobs running.
[18:52:46] Block-level synthesis in progress, 104 of 167 jobs complete, 8 jobs running.
[18:53:16] Block-level synthesis in progress, 111 of 167 jobs complete, 6 jobs running.
[18:53:46] Block-level synthesis in progress, 124 of 167 jobs complete, 5 jobs running.
[18:54:17] Block-level synthesis in progress, 127 of 167 jobs complete, 8 jobs running.
[18:54:47] Block-level synthesis in progress, 135 of 167 jobs complete, 7 jobs running.
[18:55:17] Block-level synthesis in progress, 138 of 167 jobs complete, 7 jobs running.
[18:55:48] Block-level synthesis in progress, 147 of 167 jobs complete, 6 jobs running.
[18:56:18] Block-level synthesis in progress, 155 of 167 jobs complete, 7 jobs running.
[18:56:49] Block-level synthesis in progress, 158 of 167 jobs complete, 8 jobs running.
[18:57:19] Block-level synthesis in progress, 163 of 167 jobs complete, 4 jobs running.
[18:57:49] Top-level synthesis in progress.
[18:58:21] Run vpl: Step synth: Completed
[18:58:21] Run vpl: Step impl: Started
[19:02:53] Finished 2nd of 6 tasks (FPGA linking synthesized kernels to platform). Elapsed time: 00h 19m 02s 

[19:02:53] Starting logic optimization..
[19:03:24] Phase 1 Retarget
[19:03:54] Phase 2 Constant propagation
[19:03:54] Phase 3 Sweep
[19:03:54] Phase 4 BUFG optimization
[19:04:24] Phase 5 Shift Register Optimization
[19:04:24] Phase 6 Post Processing Netlist
[19:04:54] Finished 3rd of 6 tasks (FPGA logic optimization). Elapsed time: 00h 02m 00s 

[19:04:54] Starting logic placement..
[19:04:54] Phase 1 Placer Initialization
[19:04:54] Phase 1.1 Placer Initialization Netlist Sorting
[19:06:55] Phase 1.2 IO Placement/ Clock Placement/ Build Placer Device
[19:06:55] Phase 1.3 Build Placer Netlist Model
[19:07:56] Phase 1.4 Constrain Clocks/Macros
[19:07:56] Phase 2 Global Placement
[19:07:56] Phase 2.1 Floorplanning
[19:08:26] Phase 2.1.1 Partition Driven Placement
[19:08:26] Phase 2.1.1.1 PBP: Partition Driven Placement
[19:08:26] Phase 2.1.1.2 PBP: Clock Region Placement
[19:08:56] Phase 2.1.1.3 PBP: Compute Congestion
[19:08:56] Phase 2.1.1.4 PBP: UpdateTiming
[19:08:56] Phase 2.1.1.5 PBP: Add part constraints
[19:08:56] Phase 2.2 Physical Synthesis After Floorplan
[19:09:27] Phase 2.3 Update Timing before SLR Path Opt
[19:09:27] Phase 2.4 Post-Processing in Floorplanning
[19:09:27] Phase 2.5 Global Placement Core
[19:13:29] Phase 2.5.1 UpdateTiming Before Physical Synthesis
[19:13:29] Phase 2.5.2 Physical Synthesis In Placer
[19:14:29] Phase 3 Detail Placement
[19:14:29] Phase 3.1 Commit Multi Column Macros
[19:14:29] Phase 3.2 Commit Most Macros & LUTRAMs
[19:15:00] Phase 3.3 Small Shape DP
[19:15:00] Phase 3.3.1 Small Shape Clustering
[19:15:30] Phase 3.3.2 Flow Legalize Slice Clusters
[19:15:30] Phase 3.3.3 Slice Area Swap
[19:15:30] Phase 3.3.3.1 Slice Area Swap Initial
[19:16:00] Phase 3.4 Place Remaining
[19:16:00] Phase 3.5 Re-assign LUT pins
[19:16:00] Phase 3.6 Pipeline Register Optimization
[19:16:00] Phase 3.7 Fast Optimization
[19:16:31] Phase 4 Post Placement Optimization and Clean-Up
[19:16:31] Phase 4.1 Post Commit Optimization
[19:17:01] Phase 4.1.1 Post Placement Optimization
[19:17:01] Phase 4.1.1.1 BUFG Insertion
[19:17:01] Phase 1 Physical Synthesis Initialization
[19:17:01] Phase 4.1.1.2 BUFG Replication
[19:17:01] Phase 4.1.1.3 Post Placement Timing Optimization
[19:18:01] Phase 4.1.1.4 Replication
[19:18:01] Phase 4.2 Post Placement Cleanup
[19:18:32] Phase 4.3 Placer Reporting
[19:18:32] Phase 4.3.1 Print Estimated Congestion
[19:18:32] Phase 4.4 Final Placement Cleanup
[19:20:02] Finished 4th of 6 tasks (FPGA logic placement). Elapsed time: 00h 15m 08s 

[19:20:02] Starting logic routing..
[19:20:02] Phase 1 Build RT Design
[19:21:03] Phase 2 Router Initialization
[19:21:03] Phase 2.1 Fix Topology Constraints
[19:21:03] Phase 2.2 Pre Route Cleanup
[19:21:03] Phase 2.3 Global Clock Net Routing
[19:21:33] Phase 2.4 Update Timing
[19:22:04] Phase 2.5 Update Timing for Bus Skew
[19:22:04] Phase 2.5.1 Update Timing
[19:22:34] Phase 3 Initial Routing
[19:22:34] Phase 3.1 Global Routing
[19:23:04] Phase 4 Rip-up And Reroute
[19:23:04] Phase 4.1 Global Iteration 0
[19:25:05] Phase 4.2 Global Iteration 1
[19:25:36] Phase 4.3 Global Iteration 2
[19:26:06] Phase 5 Delay and Skew Optimization
[19:26:06] Phase 5.1 Delay CleanUp
[19:26:06] Phase 5.1.1 Update Timing
[19:26:36] Phase 5.1.2 Update Timing
[19:26:36] Phase 5.2 Clock Skew Optimization
[19:26:36] Phase 6 Post Hold Fix
[19:26:36] Phase 6.1 Hold Fix Iter
[19:27:06] Phase 6.1.1 Update Timing
[19:27:06] Phase 7 Leaf Clock Prog Delay Opt
[19:27:37] Phase 7.1 Delay CleanUp
[19:27:37] Phase 7.1.1 Update Timing
[19:28:07] Phase 7.1.2 Update Timing
[19:28:07] Phase 7.2 Hold Fix Iter
[19:28:37] Phase 7.2.1 Update Timing
[19:29:08] Phase 8 Route finalize
[19:29:08] Phase 9 Verifying routed nets
[19:29:08] Phase 10 Depositing Routes
[19:29:38] Phase 11 Resolve XTalk
[19:29:38] Phase 12 Post Router Timing
[19:30:08] Finished 5th of 6 tasks (FPGA routing). Elapsed time: 00h 10m 05s 

[19:30:08] Starting bitstream generation..
[19:34:10] Creating bitmap...
[19:40:14] Writing bitstream ./level0_i_ulp_my_rm_partial.bit...
[19:40:14] Finished 6th of 6 tasks (FPGA bitstream generation). Elapsed time: 00h 10m 05s 
Check VPL, containing 1 checks, has run: 0 errors
[19:40:35] Run vpl: Step impl: Completed
[19:40:35] Run vpl: FINISHED. Run Status: impl Complete!
INFO: [v++ 60-1441] [19:40:35] Run run_link: Step vpl: Completed
Time (s): cpu = 00:00:30 ; elapsed = 00:56:45 . Memory (MB): peak = 459.035 ; gain = 0.000 ; free physical = 19217 ; free virtual = 25533
INFO: [v++ 60-1443] [19:40:35] Run run_link: Step rtdgen: Started
INFO: [v++ 60-1453] Command Line: rtdgen
INFO: [v++ 60-1454] Run Directory: /home/advent/Desktop/RC19/_x/link/run_link
INFO: [v++ 60-991] clock name 'ulp_ucs/aclk_kernel_01' (clock ID '1') is being mapped to clock name 'KERNEL_CLK' in the xclbin
INFO: [v++ 60-991] clock name 'ulp_ucs/aclk_kernel_00' (clock ID '0') is being mapped to clock name 'DATA_CLK' in the xclbin
INFO: [v++ 60-991] clock name 'hbm_aclk' (clock ID '') is being mapped to clock name 'hbm_aclk' in the xclbin
INFO: [v++ 60-1230] The compiler selected the following frequencies for the runtime controllable kernel clock(s) and scalable system clock(s): System (SYSTEM) clock: hbm_aclk = 450, Kernel (KERNEL) clock: ulp_ucs/aclk_kernel_01 = 500, Kernel (DATA) clock: ulp_ucs/aclk_kernel_00 = 300
INFO: [v++ 60-1453] Command Line: cf2sw -a /home/advent/Desktop/RC19/_x/link/int/address_map.xml -sdsl /home/advent/Desktop/RC19/_x/link/int/sdsl.dat -xclbin /home/advent/Desktop/RC19/_x/link/int/xclbin_orig.xml -rtd /home/advent/Desktop/RC19/_x/link/int/attention_score_chain.rtd -o /home/advent/Desktop/RC19/_x/link/int/attention_score_chain.xml
INFO: [v++ 60-1652] Cf2sw returned exit code: 0
INFO: [v++ 60-1441] [19:40:38] Run run_link: Step rtdgen: Completed
Time (s): cpu = 00:00:03 ; elapsed = 00:00:03 . Memory (MB): peak = 459.035 ; gain = 0.000 ; free physical = 19607 ; free virtual = 25953
INFO: [v++ 60-1443] [19:40:38] Run run_link: Step xclbinutil: Started
INFO: [v++ 60-1453] Command Line: xclbinutil --add-section BITSTREAM:RAW:/home/advent/Desktop/RC19/_x/link/int/partial.bit --force --target hw --key-value SYS:dfx_enable:true --add-section :JSON:/home/advent/Desktop/RC19/_x/link/int/attention_score_chain.rtd --append-section :JSON:/home/advent/Desktop/RC19/_x/link/int/appendSection.rtd --add-section CLOCK_FREQ_TOPOLOGY:JSON:/home/advent/Desktop/RC19/_x/link/int/attention_score_chain_xml.rtd --add-section BUILD_METADATA:JSON:/home/advent/Desktop/RC19/_x/link/int/attention_score_chain_build.rtd --add-section EMBEDDED_METADATA:RAW:/home/advent/Desktop/RC19/_x/link/int/attention_score_chain.xml --add-section SYSTEM_METADATA:RAW:/home/advent/Desktop/RC19/_x/link/int/systemDiagramModelSlrBaseAddress.json --key-value SYS:PlatformVBNV:xilinx_u55c_gen3x16_xdma_3_202210_1 --output /home/advent/Desktop/RC19/attention_score_u55c/build/attention_score_chain.xclbin
INFO: [v++ 60-1454] Run Directory: /home/advent/Desktop/RC19/_x/link/run_link
XRT Build Version: 2.14.354 (2022.2)
       Build Date: 2022-10-08 09:49:58
          Hash ID: 43926231f7183688add2dccfd391b36a1f000bea
Creating a default 'in-memory' xclbin image.

Section: 'BITSTREAM'(0) was successfully added.
Size   : 46888618 bytes
Format : RAW
File   : '/home/advent/Desktop/RC19/_x/link/int/partial.bit'

Section: 'MEM_TOPOLOGY'(6) was successfully added.
Format : JSON
File   : 'mem_topology'

Section: 'IP_LAYOUT'(8) was successfully added.
Format : JSON
File   : 'ip_layout'

Section: 'CONNECTIVITY'(7) was successfully added.
Format : JSON
File   : 'connectivity'

Section: 'CLOCK_FREQ_TOPOLOGY'(11) was successfully added.
Size   : 410 bytes
Format : JSON
File   : '/home/advent/Desktop/RC19/_x/link/int/attention_score_chain_xml.rtd'

Section: 'BUILD_METADATA'(14) was successfully added.
Size   : 6937 bytes
Format : JSON
File   : '/home/advent/Desktop/RC19/_x/link/int/attention_score_chain_build.rtd'

Section: 'EMBEDDED_METADATA'(2) was successfully added.
Size   : 31808 bytes
Format : RAW
File   : '/home/advent/Desktop/RC19/_x/link/int/attention_score_chain.xml'

Section: 'SYSTEM_METADATA'(22) was successfully added.
Size   : 59013 bytes
Format : RAW
File   : '/home/advent/Desktop/RC19/_x/link/int/systemDiagramModelSlrBaseAddress.json'

Section: 'PARTITION_METADATA'(20) was successfully appended to.
Format : JSON
File   : 'partition_metadata'

Section: 'IP_LAYOUT'(8) was successfully appended to.
Format : JSON
File   : 'ip_layout'
Successfully wrote (47020628 bytes) to the output file: /home/advent/Desktop/RC19/attention_score_u55c/build/attention_score_chain.xclbin
Leaving xclbinutil.
INFO: [v++ 60-1441] [19:40:38] Run run_link: Step xclbinutil: Completed
Time (s): cpu = 00:00:00.07 ; elapsed = 00:00:00.12 . Memory (MB): peak = 459.035 ; gain = 0.000 ; free physical = 20168 ; free virtual = 26562
INFO: [v++ 60-1443] [19:40:38] Run run_link: Step xclbinutilinfo: Started
INFO: [v++ 60-1453] Command Line: xclbinutil --quiet --force --info /home/advent/Desktop/RC19/attention_score_u55c/build/attention_score_chain.xclbin.info --input /home/advent/Desktop/RC19/attention_score_u55c/build/attention_score_chain.xclbin
INFO: [v++ 60-1454] Run Directory: /home/advent/Desktop/RC19/_x/link/run_link
INFO: [v++ 60-1441] [19:40:39] Run run_link: Step xclbinutilinfo: Completed
Time (s): cpu = 00:00:00.22 ; elapsed = 00:00:00.25 . Memory (MB): peak = 459.035 ; gain = 0.000 ; free physical = 21982 ; free virtual = 28377
INFO: [v++ 60-1443] [19:40:39] Run run_link: Step generate_sc_driver: Started
INFO: [v++ 60-1453] Command Line: 
INFO: [v++ 60-1454] Run Directory: /home/advent/Desktop/RC19/_x/link/run_link
INFO: [v++ 60-1441] [19:40:39] Run run_link: Step generate_sc_driver: Completed
Time (s): cpu = 00:00:00 ; elapsed = 00:00:00 . Memory (MB): peak = 459.035 ; gain = 0.000 ; free physical = 21982 ; free virtual = 28377
INFO: [v++ 60-244] Generating system estimate report...
INFO: [v++ 60-1092] Generated system estimate report: /home/advent/Desktop/RC19/_x/reports/link/system_estimate_attention_score_chain.xtxt
INFO: [v++ 60-586] Created /home/advent/Desktop/RC19/attention_score_u55c/build/attention_score_chain.ltx
INFO: [v++ 60-586] Created attention_score_u55c/build/attention_score_chain.xclbin
INFO: [v++ 60-1307] Run completed. Additional information can be found in:
	Guidance: /home/advent/Desktop/RC19/_x/reports/link/v++_link_attention_score_chain_guidance.html
	Timing Report: /home/advent/Desktop/RC19/_x/reports/link/imp/impl_1_hw_bb_locked_timing_summary_routed.rpt
	Vivado Log: /home/advent/Desktop/RC19/_x/logs/link/vivado.log
	Steps Log File: /home/advent/Desktop/RC19/_x/logs/link/link.steps.log

INFO: [v++ 60-2343] Use the vitis_analyzer tool to visualize and navigate the relevant reports. Run the following command. 
    vitis_analyzer /home/advent/Desktop/RC19/attention_score_u55c/build/attention_score_chain.xclbin.link_summary 
INFO: [v++ 60-791] Total elapsed time: 0h 57m 15s
