Copyright 1986-2022 Xilinx, Inc. All Rights Reserved.
------------------------------------------------------------------------------------------
| Tool Version : Vivado v.2022.2 (lin64) Build 3671981 Fri Oct 14 04:59:54 MDT 2022
| Date         : Mon May  4 20:50:49 2026
| Host         : advent running 64-bit Ubuntu 20.04.6 LTS
| Command      : report_utilization -slr -file slr_util_routed.rpt -pb slr_util_routed.pb
| Design       : level0_wrapper
| Device       : xcu55c-fsvh2892-2L-e
| Speed File   : -2L
| Design State : Routed
------------------------------------------------------------------------------------------

Utilization Design Information

Table of Contents
-----------------
1. SLR Connectivity
2. SLR Connectivity Matrix
3. SLR CLB Logic and Dedicated Block Utilization
4. SLR IO Utilization

1. SLR Connectivity
-------------------

+----------------------------------+-------+-------+-----------+-------+
|                                  |  Used | Fixed | Available | Util% |
+----------------------------------+-------+-------+-----------+-------+
| SLR2 <-> SLR1                    |  5104 |       |     23040 | 22.15 |
|   SLR1 -> SLR2                   |  2592 |       |           | 11.25 |
|     Using TX_REG only            |     0 |     0 |           |       |
|     Using RX_REG only            |     0 |     0 |           |       |
|     Using Both TX_REG and RX_REG |     0 |     0 |           |       |
|   SLR2 -> SLR1                   |  2512 |       |           | 10.90 |
|     Using TX_REG only            |     0 |     0 |           |       |
|     Using RX_REG only            |     0 |     0 |           |       |
|     Using Both TX_REG and RX_REG |     0 |     0 |           |       |
| SLR1 <-> SLR0                    |  5337 |       |     23040 | 23.16 |
|   SLR0 -> SLR1                   |  2765 |       |           | 12.00 |
|     Using TX_REG only            |     0 |     0 |           |       |
|     Using RX_REG only            |     0 |     0 |           |       |
|     Using Both TX_REG and RX_REG |     0 |     0 |           |       |
|   SLR1 -> SLR0                   |  2572 |       |           | 11.16 |
|     Using TX_REG only            |     0 |     0 |           |       |
|     Using RX_REG only            |     0 |     0 |           |       |
|     Using Both TX_REG and RX_REG |     0 |     0 |           |       |
+----------------------------------+-------+-------+-----------+-------+
| Total SLLs Used                  | 10441 |       |           |       |
+----------------------------------+-------+-------+-----------+-------+


2. SLR Connectivity Matrix
--------------------------

+-----------+------+------+------+
| FROM \ TO | SLR2 | SLR1 | SLR0 |
+-----------+------+------+------+
| SLR2      |    0 | 2409 |  103 |
| SLR1      | 2527 |    0 | 2469 |
| SLR0      |   65 | 2700 |    0 |
+-----------+------+------+------+


3. SLR CLB Logic and Dedicated Block Utilization
------------------------------------------------

+----------------------------+--------+-------+-------+--------+--------+--------+
|          Site Type         |  SLR0  |  SLR1 |  SLR2 | SLR0 % | SLR1 % | SLR2 % |
+----------------------------+--------+-------+-------+--------+--------+--------+
| CLB                        |  34223 | 11470 |  6621 |  62.27 |  21.24 |  12.26 |
|   CLBL                     |  16859 |  6224 |  3470 |  57.58 |  21.26 |  11.85 |
|   CLBM                     |  17364 |  5246 |  3151 |  67.62 |  21.22 |  12.75 |
| CLB LUTs                   | 163516 | 62246 | 25650 |  37.19 |  14.41 |   5.94 |
|   LUT as Logic             | 105575 | 58561 | 24129 |  24.01 |  13.56 |   5.59 |
|     using O5 output only   |   2124 |   910 |   431 |   0.48 |   0.21 |   0.10 |
|     using O6 output only   |  70306 | 43787 | 17118 |  15.99 |  10.14 |   3.96 |
|     using O5 and O6        |  33145 | 13864 |  6580 |   7.54 |   3.21 |   1.52 |
|   LUT as Memory            |  57941 |  3685 |  1521 |  28.20 |   1.86 |   0.77 |
|     LUT as Distributed RAM |  13975 |  3532 |   820 |   6.80 |   1.79 |   0.41 |
|       using O5 output only |      0 |     0 |     0 |   0.00 |   0.00 |   0.00 |
|       using O6 output only |   4711 |   386 |     0 |   2.29 |   0.20 |   0.00 |
|       using O5 and O6      |   9264 |  3146 |   820 |   4.51 |   1.59 |   0.41 |
|     LUT as Shift Register  |  43966 |   153 |   701 |  21.40 |   0.08 |   0.35 |
|       using O5 output only |      0 |     0 |     0 |   0.00 |   0.00 |   0.00 |
|       using O6 output only |  39639 |    97 |   667 |  19.29 |   0.05 |   0.34 |
|       using O5 and O6      |   4327 |    56 |    34 |   2.11 |   0.03 |   0.02 |
| CLB Registers              | 213714 | 73123 | 35533 |  24.30 |   8.46 |   4.11 |
| CARRY8                     |   3472 |   659 |   107 |   6.32 |   1.22 |   0.20 |
| F7 Muxes                   |   3805 |  1479 |   437 |   1.73 |   0.68 |   0.20 |
| F8 Muxes                   |    713 |   266 |     0 |   0.65 |   0.25 |   0.00 |
| F9 Muxes                   |      0 |     0 |     0 |   0.00 |   0.00 |   0.00 |
| Block RAM Tile             |  210.5 |    90 |    50 |  31.32 |  13.39 |   7.44 |
|   RAMB36/FIFO              |    165 |    90 |    50 |  24.55 |  13.39 |   7.44 |
|   RAMB18                   |     91 |     0 |     0 |   6.77 |   0.00 |   0.00 |
| URAM                       |      4 |     0 |     0 |   1.25 |   0.00 |   0.00 |
| DSPs                       |    805 |     0 |     4 |  27.95 |   0.00 |   0.13 |
| Unique Control Sets        |   5532 |  3409 |  1109 |   5.03 |   3.16 |   1.03 |
+----------------------------+--------+-------+-------+--------+--------+--------+
* Note: Available Control Sets based on CLB Registers / 8


4. SLR IO Utilization
---------------------

+-----------+-----------+---------+------------+----------+------------+----------+-----+
| SLR Index | Used IOBs | (%)IOBs | Used IPADs | (%)IPADs | Used OPADs | (%)OPADs | GTs |
+-----------+-----------+---------+------------+----------+------------+----------+-----+
| SLR2      |         0 |    0.00 |          0 |     0.00 |          0 |     0.00 |   0 |
| SLR1      |         0 |    0.00 |          0 |     0.00 |          0 |     0.00 |   0 |
| SLR0      |        12 |    5.77 |          0 |     0.00 |          0 |     0.00 |  16 |
+-----------+-----------+---------+------------+----------+------------+----------+-----+
| Total     |        12 |         |          0 |          |          0 |          |  16 |
+-----------+-----------+---------+------------+----------+------------+----------+-----+


