Copyright 1986-2022 Xilinx, Inc. All Rights Reserved.
---------------------------------------------------------------------------------------
| Tool Version : Vivado v.2022.2 (lin64) Build 3671981 Fri Oct 14 04:59:54 MDT 2022
| Date         : Mon May  4 20:51:26 2026
| Host         : advent running 64-bit Ubuntu 20.04.6 LTS
| Command      : report_utilization -file full_util_routed.rpt -pb full_util_routed.pb
| Design       : level0_wrapper
| Device       : xcu55c-fsvh2892-2L-e
| Speed File   : -2L
| Design State : Routed
---------------------------------------------------------------------------------------

Utilization Design Information

Table of Contents
-----------------
1. CLB Logic
1.1 Summary of Registers by Type
2. CLB Logic Distribution
3. BLOCKRAM
4. ARITHMETIC
5. I/O
6. CLOCK
7. ADVANCED
8. CONFIGURATION
9. Primitives
10. Black Boxes
11. Instantiated Netlists
12. SLR Connectivity
13. SLR Connectivity Matrix
14. SLR CLB Logic and Dedicated Block Utilization
15. SLR IO Utilization

1. CLB Logic
------------

+----------------------------+--------+--------+------------+-----------+-------+
|          Site Type         |  Used  |  Fixed | Prohibited | Available | Util% |
+----------------------------+--------+--------+------------+-----------+-------+
| CLB LUTs                   | 251412 | 107889 |          0 |   1303680 | 19.28 |
|   LUT as Logic             | 188265 | 101912 |          0 |   1303680 | 14.44 |
|   LUT as Memory            |  63147 |   5977 |          0 |    600960 | 10.51 |
|     LUT as Distributed RAM |  18327 |   4564 |            |           |       |
|     LUT as Shift Register  |  44820 |   1413 |            |           |       |
| CLB Registers              | 322370 | 136116 |          0 |   2607360 | 12.36 |
|   Register as Flip Flop    | 322366 | 136112 |          0 |   2607360 | 12.36 |
|   Register as Latch        |      0 |      0 |          0 |   2607360 |  0.00 |
|   Register as AND/OR       |      4 |      4 |          0 |   2607360 | <0.01 |
| CARRY8                     |   4238 |    946 |          0 |    162960 |  2.60 |
| F7 Muxes                   |   5721 |   1684 |          0 |    651840 |  0.88 |
| F8 Muxes                   |    979 |    451 |          0 |    325920 |  0.30 |
| F9 Muxes                   |      0 |      0 |          0 |    162960 |  0.00 |
+----------------------------+--------+--------+------------+-----------+-------+
* Warning! LUT value is adjusted to account for LUT combining.


1.1 Summary of Registers by Type
--------------------------------

+--------+--------------+-------------+--------------+
|  Total | Clock Enable | Synchronous | Asynchronous |
+--------+--------------+-------------+--------------+
| 4      |            _ |           - |            - |
| 0      |            _ |           - |          Set |
| 0      |            _ |           - |        Reset |
| 0      |            _ |         Set |            - |
| 0      |            _ |       Reset |            - |
| 0      |          Yes |           - |            - |
| 392    |          Yes |           - |          Set |
| 4384   |          Yes |           - |        Reset |
| 4612   |          Yes |         Set |            - |
| 312978 |          Yes |       Reset |            - |
+--------+--------------+-------------+--------------+


2. CLB Logic Distribution
-------------------------

+--------------------------------------------+--------+--------+------------+-----------+-------+
|                  Site Type                 |  Used  |  Fixed | Prohibited | Available | Util% |
+--------------------------------------------+--------+--------+------------+-----------+-------+
| CLB                                        |  52314 |      0 |          0 |    162960 | 32.10 |
|   CLBL                                     |  26553 |      0 |            |           |       |
|   CLBM                                     |  25761 |      0 |            |           |       |
| LUT as Logic                               | 188265 | 101912 |          0 |   1303680 | 14.44 |
|   using O5 output only                     |   3465 |        |            |           |       |
|   using O6 output only                     | 131211 |        |            |           |       |
|   using O5 and O6                          |  53589 |        |            |           |       |
| LUT as Memory                              |  63147 |   5977 |          0 |    600960 | 10.51 |
|   LUT as Distributed RAM                   |  18327 |   4564 |            |           |       |
|     using O5 output only                   |      0 |        |            |           |       |
|     using O6 output only                   |   5097 |        |            |           |       |
|     using O5 and O6                        |  13230 |        |            |           |       |
|   LUT as Shift Register                    |  44820 |   1413 |            |           |       |
|     using O5 output only                   |      0 |        |            |           |       |
|     using O6 output only                   |  40403 |        |            |           |       |
|     using O5 and O6                        |   4417 |        |            |           |       |
| CLB Registers                              | 322370 |      0 |          0 |   2607360 | 12.36 |
|   Register driven from within the CLB      | 149456 |        |            |           |       |
|   Register driven from outside the CLB     | 172914 |        |            |           |       |
|     LUT in front of the register is unused | 112596 |        |            |           |       |
|     LUT in front of the register is used   |  60318 |        |            |           |       |
| Unique Control Sets                        |   9982 |        |          0 |    325920 |  3.06 |
+--------------------------------------------+--------+--------+------------+-----------+-------+
* * Note: Available Control Sets calculated as Slices * 2, Review the Control Sets Report for more information regarding control sets.


3. BLOCKRAM
-----------

+-------------------+-------+-------+------------+-----------+-------+
|     Site Type     |  Used | Fixed | Prohibited | Available | Util% |
+-------------------+-------+-------+------------+-----------+-------+
| Block RAM Tile    | 350.5 |     0 |          0 |      2016 | 17.39 |
|   RAMB36/FIFO*    |   305 |   193 |          0 |      2016 | 15.13 |
|     RAMB36E2 only |   305 |       |            |           |       |
|   RAMB18          |    91 |     6 |          0 |      4032 |  2.26 |
|     RAMB18E2 only |    91 |       |            |           |       |
| URAM              |     4 |     0 |          0 |       960 |  0.42 |
+-------------------+-------+-------+------------+-----------+-------+
* Note: Each Block RAM Tile only has one FIFO logic available and therefore can accommodate only one FIFO36E2 or one FIFO18E2. However, if a FIFO18E2 occupies a Block RAM Tile, that tile can still accommodate a RAMB18E2


4. ARITHMETIC
-------------

+----------------+------+-------+------------+-----------+-------+
|    Site Type   | Used | Fixed | Prohibited | Available | Util% |
+----------------+------+-------+------------+-----------+-------+
| DSPs           |  809 |     4 |          0 |      9024 |  8.96 |
|   DSP48E2 only |  809 |       |            |           |       |
+----------------+------+-------+------------+-----------+-------+


5. I/O
------

+------------------+------+-------+------------+-----------+-------+
|     Site Type    | Used | Fixed | Prohibited | Available | Util% |
+------------------+------+-------+------------+-----------+-------+
| Bonded IOB       |   12 |    12 |          0 |       624 |  1.92 |
| HPIOB_M          |    6 |     6 |          0 |       288 |  2.08 |
|   INPUT          |    3 |       |            |           |       |
|   OUTPUT         |    3 |       |            |           |       |
|   BIDIR          |    0 |       |            |           |       |
| HPIOB_S          |    5 |     5 |          0 |       288 |  1.74 |
|   INPUT          |    5 |       |            |           |       |
|   OUTPUT         |    0 |       |            |           |       |
|   BIDIR          |    0 |       |            |           |       |
| HPIOB_SNGL       |    1 |     1 |          0 |        48 |  2.08 |
|   INPUT          |    1 |       |            |           |       |
|   OUTPUT         |    0 |       |            |           |       |
|   BIDIR          |    0 |       |            |           |       |
| HPIOBDIFFINBUF   |    1 |     1 |          0 |       288 |  0.35 |
|   DIFFINBUF      |    1 |     1 |            |           |       |
| HPIOBDIFFOUTBUF  |    0 |     0 |          0 |       288 |  0.00 |
| BITSLICE_CONTROL |    0 |     0 |          0 |        96 |  0.00 |
| BITSLICE_RX_TX   |    0 |     0 |          0 |      3744 |  0.00 |
| BITSLICE_TX      |    0 |     0 |          0 |        96 |  0.00 |
| RIU_OR           |    0 |     0 |          0 |        48 |  0.00 |
+------------------+------+-------+------------+-----------+-------+


6. CLOCK
--------

+----------------------+------+-------+------------+-----------+-------+
|       Site Type      | Used | Fixed | Prohibited | Available | Util% |
+----------------------+------+-------+------------+-----------+-------+
| GLOBAL CLOCK BUFFERs |   42 |    31 |          0 |      1008 |  4.17 |
|   BUFGCE             |   17 |     6 |          0 |       288 |  5.90 |
|   BUFGCE_DIV         |    1 |     1 |          0 |        48 |  2.08 |
|   BUFG_GT            |   22 |    22 |          0 |       576 |  3.82 |
|   BUFGCTRL*          |    1 |     1 |          0 |        96 |  1.04 |
| PLL                  |    1 |     1 |          0 |        24 |  4.17 |
| MMCM                 |    3 |     1 |          0 |        12 | 25.00 |
+----------------------+------+-------+------------+-----------+-------+
* Note: Each used BUFGCTRL counts as two GLOBAL CLOCK BUFFERs. This table does not include global clocking resources, only buffer cell usage. See the Clock Utilization Report (report_clock_utilization) for detailed accounting of global clocking resource availability.


7. ADVANCED
-----------

+----------------------+------+-------+------------+-----------+--------+
|       Site Type      | Used | Fixed | Prohibited | Available |  Util% |
+----------------------+------+-------+------------+-----------+--------+
| CMACE4               |    0 |     0 |          0 |         8 |   0.00 |
| GTYE4_CHANNEL        |   16 |    16 |          0 |        40 |  40.00 |
| GTYE4_COMMON         |    4 |     4 |          0 |        10 |  40.00 |
| HBM_REF_CLK          |    2 |     2 |          0 |         2 | 100.00 |
| HBM_SNGLBLI_INTF_APB |    2 |     2 |          0 |        32 |   6.25 |
| HBM_SNGLBLI_INTF_AXI |   32 |    32 |          0 |        32 | 100.00 |
| ILKNE4               |    0 |     0 |          0 |         4 |   0.00 |
| OBUFDS_GTE4          |    0 |     0 |          0 |        20 |   0.00 |
| OBUFDS_GTE4_ADV      |    0 |     0 |          0 |        20 |   0.00 |
| PCIE40E4             |    0 |     0 |          0 |         2 |   0.00 |
| PCIE4CE4             |    1 |     1 |          0 |         4 |  25.00 |
| SYSMONE4             |    0 |     0 |          0 |         3 |   0.00 |
+----------------------+------+-------+------------+-----------+--------+


8. CONFIGURATION
----------------

+-------------+------+-------+------------+-----------+-------+
|  Site Type  | Used | Fixed | Prohibited | Available | Util% |
+-------------+------+-------+------------+-----------+-------+
| BSCANE2     |    1 |     1 |          0 |        12 |  8.33 |
| DNA_PORTE2  |    0 |     0 |          0 |         3 |  0.00 |
| EFUSE_USR   |    0 |     0 |          0 |         3 |  0.00 |
| FRAME_ECCE4 |    0 |     0 |          0 |         3 |  0.00 |
| ICAPE3      |    1 |     1 |          0 |         6 | 16.67 |
| MASTER_JTAG |    0 |     0 |          0 |         3 |  0.00 |
| STARTUPE3   |    1 |     1 |          0 |         3 | 33.33 |
+-------------+------+-------+------------+-----------+-------+


9. Primitives
-------------

+----------------------+--------+---------------------+
|       Ref Name       |  Used  | Functional Category |
+----------------------+--------+---------------------+
| FDRE                 | 312978 |            Register |
| LUT6                 |  66473 |                 CLB |
| LUT3                 |  63529 |                 CLB |
| LUT4                 |  42394 |                 CLB |
| SRLC32E              |  37058 |                 CLB |
| LUT5                 |  36561 |                 CLB |
| LUT2                 |  27988 |                 CLB |
| RAMD32               |  23510 |                 CLB |
| SRL16E               |  12165 |                 CLB |
| MUXF7                |   5721 |                 CLB |
| RAMD64E              |   4944 |                 CLB |
| LUT1                 |   4909 |                 CLB |
| FDSE                 |   4612 |            Register |
| FDCE                 |   4384 |            Register |
| CARRY8               |   4238 |                 CLB |
| RAMS32               |   3032 |                 CLB |
| MUXF8                |    979 |                 CLB |
| DSP48E2              |    809 |          Arithmetic |
| FDPE                 |    392 |            Register |
| RAMB36E2             |    305 |            BLOCKRAM |
| RAMB18E2             |     91 |            BLOCKRAM |
| RAMS64E              |     71 |                 CLB |
| HBM_SNGLBLI_INTF_AXI |     32 |            Advanced |
| BUFG_GT              |     22 |               Clock |
| BUFG_GT_SYNC         |     17 |               Clock |
| BUFGCE               |     17 |               Clock |
| GTYE4_CHANNEL        |     16 |            Advanced |
| SRLC16E              |     14 |                 CLB |
| IBUFCTRL             |      8 |              Others |
| INBUF                |      7 |                 I/O |
| URAM288              |      4 |            BLOCKRAM |
| GTYE4_COMMON         |      4 |            Advanced |
| AND2B1L              |      4 |              Others |
| OBUF                 |      3 |                 I/O |
| MMCME4_ADV           |      3 |               Clock |
| HBM_SNGLBLI_INTF_APB |      2 |            Advanced |
| HBM_REF_CLK          |      2 |            Advanced |
| STARTUPE3            |      1 |       Configuration |
| PLLE4_ADV            |      1 |               Clock |
| PCIE4CE4             |      1 |            Advanced |
| ICAPE3               |      1 |       Configuration |
| IBUFDS_GTE4          |      1 |                 I/O |
| DIFFINBUF            |      1 |                 I/O |
| BUFGCTRL             |      1 |               Clock |
| BUFGCE_DIV           |      1 |               Clock |
| BSCANE2              |      1 |       Configuration |
+----------------------+--------+---------------------+


10. Black Boxes
---------------

+----------+------+
| Ref Name | Used |
+----------+------+


11. Instantiated Netlists
-------------------------

+--------------------------------------------+------+
|                  Ref Name                  | Used |
+--------------------------------------------+------+
| xsdbm                                      |    1 |
| ulp_xbar_1                                 |    1 |
| ulp_xbar_0                                 |    1 |
| ulp_vws_res_1_0                            |    1 |
| ulp_v_weighted_sum_u55c_kernel_1_0         |    1 |
| ulp_ulp_ucs_0                              |    1 |
| ulp_ulp_cmp_0                              |    1 |
| ulp_softmax_u55c_kernel_1_0                |    1 |
| ulp_softmax_full_row_u55c_kernel_1_0       |    1 |
| ulp_sms_res_1_0                            |    1 |
| ulp_sfr_res_1_0                            |    1 |
| ulp_score_mask_scale_u55c_kernel_1_0       |    1 |
| ulp_s00_regslice_17                        |    1 |
| ulp_s00_regslice_16                        |    1 |
| ulp_s00_regslice_15                        |    1 |
| ulp_regslice_control_userpf_2              |    1 |
| ulp_regslice_control_userpf_1              |    1 |
| ulp_regslice_control_userpf_0              |    1 |
| ulp_proc_sys_reset_kernel_slr0_0           |    1 |
| ulp_proc_sys_reset_ctrl_slr2_0             |    1 |
| ulp_proc_sys_reset_ctrl_slr1_0             |    1 |
| ulp_proc_sys_reset_ctrl_slr0_0             |    1 |
| ulp_m07_regslice_0                         |    1 |
| ulp_m06_regslice_0                         |    1 |
| ulp_m05_regslice_0                         |    1 |
| ulp_m04_regslice_0                         |    1 |
| ulp_m03_regslice_0                         |    1 |
| ulp_m02_regslice_0                         |    1 |
| ulp_m01_regslice_0                         |    1 |
| ulp_m00_regslice_0                         |    1 |
| ulp_ii_level0_wire_0                       |    1 |
| ulp_hmss_0_0                               |    1 |
| ulp_axi_vip_data_0                         |    1 |
| ulp_axi_vip_ctrl_userpf_2                  |    1 |
| ulp_axi_vip_ctrl_userpf_1                  |    1 |
| ulp_axi_vip_ctrl_userpf_0                  |    1 |
| ulp_axi_gpio_null_2                        |    1 |
| ulp_axi_gpio_null_1                        |    1 |
| ulp_axi_gpio_null_0                        |    1 |
| ulp_auto_cc_9                              |    1 |
| ulp_auto_cc_8                              |    1 |
| ulp_auto_cc_7                              |    1 |
| ulp_auto_cc_6                              |    1 |
| ulp_auto_cc_5                              |    1 |
| ulp_auto_cc_4                              |    1 |
| ulp_auto_cc_3                              |    1 |
| ulp_auto_cc_2                              |    1 |
| ulp_auto_cc_1                              |    1 |
| ulp_auto_cc_0                              |    1 |
| ulp                                        |    1 |
| level0_ii_level0_pipe_0                    |    1 |
| blp_wrapper                                |    1 |
| bd_85ad_vip_S18_0                          |    1 |
| bd_85ad_vip_S17_0                          |    1 |
| bd_85ad_vip_S16_0                          |    1 |
| bd_85ad_vip_S15_0                          |    1 |
| bd_85ad_vip_S14_0                          |    1 |
| bd_85ad_vip_S13_0                          |    1 |
| bd_85ad_vip_S12_0                          |    1 |
| bd_85ad_vip_S11_0                          |    1 |
| bd_85ad_vip_S10_0                          |    1 |
| bd_85ad_vip_S09_0                          |    1 |
| bd_85ad_vip_S08_0                          |    1 |
| bd_85ad_vip_S07_0                          |    1 |
| bd_85ad_vip_S06_0                          |    1 |
| bd_85ad_vip_S05_0                          |    1 |
| bd_85ad_vip_S04_0                          |    1 |
| bd_85ad_vip_S03_0                          |    1 |
| bd_85ad_vip_S02_0                          |    1 |
| bd_85ad_vip_S01_0                          |    1 |
| bd_85ad_vip_S00_0                          |    1 |
| bd_85ad_util_vector_logic_0                |    1 |
| bd_85ad_slice9_8_0                         |    1 |
| bd_85ad_slice8_7_0                         |    1 |
| bd_85ad_slice7_6_0                         |    1 |
| bd_85ad_slice6_5_0                         |    1 |
| bd_85ad_slice5_4_0                         |    1 |
| bd_85ad_slice4_3_0                         |    1 |
| bd_85ad_slice3_2_0                         |    1 |
| bd_85ad_slice2_1_0                         |    1 |
| bd_85ad_slice1_0_0                         |    1 |
| bd_85ad_slice18_16_0                       |    1 |
| bd_85ad_slice17_18_0                       |    1 |
| bd_85ad_slice16_14_0                       |    1 |
| bd_85ad_slice15_15_0                       |    1 |
| bd_85ad_slice14_12_0                       |    1 |
| bd_85ad_slice13_13_0                       |    1 |
| bd_85ad_slice12_11_0                       |    1 |
| bd_85ad_slice11_9_0                        |    1 |
| bd_85ad_slice10_10_0                       |    1 |
| bd_85ad_slice0_19_0                        |    1 |
| bd_85ad_interconnect9_8_0                  |    1 |
| bd_85ad_interconnect8_7_0                  |    1 |
| bd_85ad_interconnect7_6_0                  |    1 |
| bd_85ad_interconnect6_5_0                  |    1 |
| bd_85ad_interconnect5_4_0                  |    1 |
| bd_85ad_interconnect4_3_0                  |    1 |
| bd_85ad_interconnect3_2_0                  |    1 |
| bd_85ad_interconnect2_1_0                  |    1 |
| bd_85ad_interconnect1_0_0                  |    1 |
| bd_85ad_interconnect18_16_0                |    1 |
| bd_85ad_interconnect17_18_0                |    1 |
| bd_85ad_interconnect16_14_0                |    1 |
| bd_85ad_interconnect15_15_0                |    1 |
| bd_85ad_interconnect14_12_0                |    1 |
| bd_85ad_interconnect13_13_0                |    1 |
| bd_85ad_interconnect12_11_0                |    1 |
| bd_85ad_interconnect11_9_0                 |    1 |
| bd_85ad_interconnect10_10_0                |    1 |
| bd_85ad_interconnect0_19_0                 |    1 |
| bd_85ad_init_reduce_0                      |    1 |
| bd_85ad_hbm_reset_sync_SLR2_0              |    1 |
| bd_85ad_hbm_reset_sync_SLR0_0              |    1 |
| bd_85ad_hbm_inst_0                         |    1 |
| bd_85ad_axi_apb_bridge_inst_0              |    1 |
| bd_7cf0_bsip_0                             |    1 |
| bd_7cf0_bs_switch_1_0                      |    1 |
| bd_7cf0_axi_jtag_0                         |    1 |
| bd_58f6_xsdbm_0                            |    1 |
| bd_58f6_lut_buffer_0                       |    1 |
| bd_22c0_xbar_1                             |    1 |
| bd_22c0_xbar_0                             |    1 |
| bd_22c0_psreset_kernel_01_0                |    1 |
| bd_22c0_psreset_kernel_00_0                |    1 |
| bd_22c0_psreset_hbm_0                      |    1 |
| bd_22c0_psreset_aclk_freerun_0             |    1 |
| bd_22c0_gpio_ucs_control_status_0          |    1 |
| bd_22c0_gpio_gapping_demand_0              |    1 |
| bd_22c0_gapping_demand_update_0            |    1 |
| bd_22c0_gapping_demand_toggle_0            |    1 |
| bd_22c0_frequency_counter_aclk_kernel_01_0 |    1 |
| bd_22c0_frequency_counter_aclk_kernel_00_0 |    1 |
| bd_22c0_frequency_counter_aclk_hbm_0       |    1 |
| bd_22c0_frequency_counter_aclk_0           |    1 |
| bd_22c0_fanout_aresetn_pcie_slr2_4_0       |    1 |
| bd_22c0_fanout_aresetn_pcie_slr2_3_0       |    1 |
| bd_22c0_fanout_aresetn_pcie_slr2_2_0       |    1 |
| bd_22c0_fanout_aresetn_pcie_slr2_1_0       |    1 |
| bd_22c0_fanout_aresetn_pcie_slr1_4_0       |    1 |
| bd_22c0_fanout_aresetn_pcie_slr1_3_0       |    1 |
| bd_22c0_fanout_aresetn_pcie_slr1_2_0       |    1 |
| bd_22c0_fanout_aresetn_pcie_slr1_1_0       |    1 |
| bd_22c0_fanout_aresetn_pcie_slr0_4_0       |    1 |
| bd_22c0_fanout_aresetn_pcie_slr0_3_0       |    1 |
| bd_22c0_fanout_aresetn_pcie_slr0_2_0       |    1 |
| bd_22c0_fanout_aresetn_pcie_slr0_1_0       |    1 |
| bd_22c0_fanout_aresetn_kernel_01_slr2_4_0  |    1 |
| bd_22c0_fanout_aresetn_kernel_01_slr2_3_0  |    1 |
| bd_22c0_fanout_aresetn_kernel_01_slr2_2_0  |    1 |
| bd_22c0_fanout_aresetn_kernel_01_slr2_1_0  |    1 |
| bd_22c0_fanout_aresetn_kernel_01_slr1_4_0  |    1 |
| bd_22c0_fanout_aresetn_kernel_01_slr1_3_0  |    1 |
| bd_22c0_fanout_aresetn_kernel_01_slr1_2_0  |    1 |
| bd_22c0_fanout_aresetn_kernel_01_slr1_1_0  |    1 |
| bd_22c0_fanout_aresetn_kernel_01_slr0_4_0  |    1 |
| bd_22c0_fanout_aresetn_kernel_01_slr0_3_0  |    1 |
| bd_22c0_fanout_aresetn_kernel_01_slr0_2_0  |    1 |
| bd_22c0_fanout_aresetn_kernel_01_slr0_1_0  |    1 |
| bd_22c0_fanout_aresetn_kernel_00_slr2_4_0  |    1 |
| bd_22c0_fanout_aresetn_kernel_00_slr2_3_0  |    1 |
| bd_22c0_fanout_aresetn_kernel_00_slr2_2_0  |    1 |
| bd_22c0_fanout_aresetn_kernel_00_slr2_1_0  |    1 |
| bd_22c0_fanout_aresetn_kernel_00_slr1_4_0  |    1 |
| bd_22c0_fanout_aresetn_kernel_00_slr1_3_0  |    1 |
| bd_22c0_fanout_aresetn_kernel_00_slr1_2_0  |    1 |
| bd_22c0_fanout_aresetn_kernel_00_slr1_1_0  |    1 |
| bd_22c0_fanout_aresetn_kernel_00_slr0_4_0  |    1 |
| bd_22c0_fanout_aresetn_kernel_00_slr0_3_0  |    1 |
| bd_22c0_fanout_aresetn_kernel_00_slr0_2_0  |    1 |
| bd_22c0_fanout_aresetn_kernel_00_slr0_1_0  |    1 |
| bd_22c0_fanout_aresetn_hbm_0               |    1 |
| bd_22c0_fanout_aresetn_ctrl_slr2_4_0       |    1 |
| bd_22c0_fanout_aresetn_ctrl_slr2_3_0       |    1 |
| bd_22c0_fanout_aresetn_ctrl_slr2_2_0       |    1 |
| bd_22c0_fanout_aresetn_ctrl_slr2_1_0       |    1 |
| bd_22c0_fanout_aresetn_ctrl_slr1_4_0       |    1 |
| bd_22c0_fanout_aresetn_ctrl_slr1_3_0       |    1 |
| bd_22c0_fanout_aresetn_ctrl_slr1_2_0       |    1 |
| bd_22c0_fanout_aresetn_ctrl_slr1_1_0       |    1 |
| bd_22c0_fanout_aresetn_ctrl_slr0_4_0       |    1 |
| bd_22c0_fanout_aresetn_ctrl_slr0_3_0       |    1 |
| bd_22c0_fanout_aresetn_ctrl_slr0_2_0       |    1 |
| bd_22c0_fanout_aresetn_ctrl_slr0_1_0       |    1 |
| bd_22c0_clock_throttling_avg_0             |    1 |
| bd_22c0_clock_throttling_aclk_kernel_01_0  |    1 |
| bd_22c0_clock_throttling_aclk_kernel_00_0  |    1 |
| bd_22c0_clock_shutdown_latch_0             |    1 |
| bd_22c0_clkwiz_hbm_0                       |    1 |
| bd_22c0_clkwiz_aclk_kernel_01_0            |    1 |
| bd_22c0_clkwiz_aclk_kernel_00_0            |    1 |
| bd_22c0_clk_hbm_adapt_0                    |    1 |
| bd_22c0_build_info_0                       |    1 |
| bd_22c0_auto_cc_0                          |    1 |
| bd_22c0_aclk_kernel_01_cont_adapt_0        |    1 |
| bd_22c0_aclk_kernel_01_adapt_0             |    1 |
| bd_22c0_aclk_kernel_00_cont_adapt_0        |    1 |
| bd_22c0_aclk_kernel_00_adapt_0             |    1 |
| bd_097b_user_debug_hub_0                   |    1 |
| bd_097b_user_debug_bridge_0                |    1 |
| bd_097b_build_info_0                       |    1 |
+--------------------------------------------+------+


12. SLR Connectivity
--------------------

+----------------------------------+-------+-------+-----------+-------+
|                                  |  Used | Fixed | Available | Util% |
+----------------------------------+-------+-------+-----------+-------+
| SLR2 <-> SLR1                    |  5104 |       |     23040 | 22.15 |
|   SLR1 -> SLR2                   |  2592 |       |           | 11.25 |
|     Using TX_REG only            |     0 |     0 |           |       |
|     Using RX_REG only            |     0 |     0 |           |       |
|     Using Both TX_REG and RX_REG |     0 |     0 |           |       |
|   SLR2 -> SLR1                   |  2512 |       |           | 10.90 |
|     Using TX_REG only            |     0 |     0 |           |       |
|     Using RX_REG only            |     0 |     0 |           |       |
|     Using Both TX_REG and RX_REG |     0 |     0 |           |       |
| SLR1 <-> SLR0                    |  5337 |       |     23040 | 23.16 |
|   SLR0 -> SLR1                   |  2765 |       |           | 12.00 |
|     Using TX_REG only            |     0 |     0 |           |       |
|     Using RX_REG only            |     0 |     0 |           |       |
|     Using Both TX_REG and RX_REG |     0 |     0 |           |       |
|   SLR1 -> SLR0                   |  2572 |       |           | 11.16 |
|     Using TX_REG only            |     0 |     0 |           |       |
|     Using RX_REG only            |     0 |     0 |           |       |
|     Using Both TX_REG and RX_REG |     0 |     0 |           |       |
+----------------------------------+-------+-------+-----------+-------+
| Total SLLs Used                  | 10441 |       |           |       |
+----------------------------------+-------+-------+-----------+-------+


13. SLR Connectivity Matrix
---------------------------

+-----------+------+------+------+
| FROM \ TO | SLR2 | SLR1 | SLR0 |
+-----------+------+------+------+
| SLR2      |    0 | 2409 |  103 |
| SLR1      | 2527 |    0 | 2469 |
| SLR0      |   65 | 2700 |    0 |
+-----------+------+------+------+


14. SLR CLB Logic and Dedicated Block Utilization
-------------------------------------------------

+----------------------------+--------+-------+-------+--------+--------+--------+
|          Site Type         |  SLR0  |  SLR1 |  SLR2 | SLR0 % | SLR1 % | SLR2 % |
+----------------------------+--------+-------+-------+--------+--------+--------+
| CLB                        |  34223 | 11470 |  6621 |  62.27 |  21.24 |  12.26 |
|   CLBL                     |  16859 |  6224 |  3470 |  57.58 |  21.26 |  11.85 |
|   CLBM                     |  17364 |  5246 |  3151 |  67.62 |  21.22 |  12.75 |
| CLB LUTs                   | 163516 | 62246 | 25650 |  37.19 |  14.41 |   5.94 |
|   LUT as Logic             | 105575 | 58561 | 24129 |  24.01 |  13.56 |   5.59 |
|     using O5 output only   |   2124 |   910 |   431 |   0.48 |   0.21 |   0.10 |
|     using O6 output only   |  70306 | 43787 | 17118 |  15.99 |  10.14 |   3.96 |
|     using O5 and O6        |  33145 | 13864 |  6580 |   7.54 |   3.21 |   1.52 |
|   LUT as Memory            |  57941 |  3685 |  1521 |  28.20 |   1.86 |   0.77 |
|     LUT as Distributed RAM |  13975 |  3532 |   820 |   6.80 |   1.79 |   0.41 |
|       using O5 output only |      0 |     0 |     0 |   0.00 |   0.00 |   0.00 |
|       using O6 output only |   4711 |   386 |     0 |   2.29 |   0.20 |   0.00 |
|       using O5 and O6      |   9264 |  3146 |   820 |   4.51 |   1.59 |   0.41 |
|     LUT as Shift Register  |  43966 |   153 |   701 |  21.40 |   0.08 |   0.35 |
|       using O5 output only |      0 |     0 |     0 |   0.00 |   0.00 |   0.00 |
|       using O6 output only |  39639 |    97 |   667 |  19.29 |   0.05 |   0.34 |
|       using O5 and O6      |   4327 |    56 |    34 |   2.11 |   0.03 |   0.02 |
| CLB Registers              | 213714 | 73123 | 35533 |  24.30 |   8.46 |   4.11 |
| CARRY8                     |   3472 |   659 |   107 |   6.32 |   1.22 |   0.20 |
| F7 Muxes                   |   3805 |  1479 |   437 |   1.73 |   0.68 |   0.20 |
| F8 Muxes                   |    713 |   266 |     0 |   0.65 |   0.25 |   0.00 |
| F9 Muxes                   |      0 |     0 |     0 |   0.00 |   0.00 |   0.00 |
| Block RAM Tile             |  210.5 |    90 |    50 |  31.32 |  13.39 |   7.44 |
|   RAMB36/FIFO              |    165 |    90 |    50 |  24.55 |  13.39 |   7.44 |
|   RAMB18                   |     91 |     0 |     0 |   6.77 |   0.00 |   0.00 |
| URAM                       |      4 |     0 |     0 |   1.25 |   0.00 |   0.00 |
| DSPs                       |    805 |     0 |     4 |  27.95 |   0.00 |   0.13 |
| Unique Control Sets        |   5532 |  3409 |  1109 |   5.03 |   3.16 |   1.03 |
+----------------------------+--------+-------+-------+--------+--------+--------+
* Note: Available Control Sets based on CLB Registers / 8


15. SLR IO Utilization
----------------------

+-----------+-----------+---------+------------+----------+------------+----------+-----+
| SLR Index | Used IOBs | (%)IOBs | Used IPADs | (%)IPADs | Used OPADs | (%)OPADs | GTs |
+-----------+-----------+---------+------------+----------+------------+----------+-----+
| SLR2      |         0 |    0.00 |          0 |     0.00 |          0 |     0.00 |   0 |
| SLR1      |         0 |    0.00 |          0 |     0.00 |          0 |     0.00 |   0 |
| SLR0      |        12 |    5.77 |          0 |     0.00 |          0 |     0.00 |  16 |
+-----------+-----------+---------+------------+----------+------------+----------+-----+
| Total     |        12 |         |          0 |          |          0 |          |  16 |
+-----------+-----------+---------+------------+----------+------------+----------+-----+


