Copyright 1986-2022 Xilinx, Inc. All Rights Reserved.
-----------------------------------------------------------------------------------------------------------------------------------------------------------------------------------------------------------------------------------------------------------------------------------------------------------------------------------------------------------------------------------------------------------------------------------------------------------------------------------------------------------------------------------------------------------------------------------------------------------------------------------------------------------------------------------------------------------------------------------------------------------------------------
| Tool Version : Vivado v.2022.2 (lin64) Build 3671981 Fri Oct 14 04:59:54 MDT 2022
| Date         : Mon May  4 20:50:29 2026
| Host         : advent running 64-bit Ubuntu 20.04.6 LTS
| Command      : report_accelerator_utilization -kernels { score_mask_scale_u55c_kernel:level0_i/ulp/score_mask_scale_u55c_kernel_1/inst:score_mask_scale_u55c_kernel_1 softmax_full_row_resident_u55c_kernel:level0_i/ulp/sfr_res_1/inst:sfr_res_1 score_mask_scale_resident_u55c_kernel:level0_i/ulp/sms_res_1/inst:sms_res_1 softmax_full_row_u55c_kernel:level0_i/ulp/softmax_full_row_u55c_kernel_1/inst:softmax_full_row_u55c_kernel_1 softmax_u55c_kernel:level0_i/ulp/softmax_u55c_kernel_1/inst:softmax_u55c_kernel_1 v_weighted_sum_u55c_kernel:level0_i/ulp/v_weighted_sum_u55c_kernel_1/inst:v_weighted_sum_u55c_kernel_1 v_weighted_sum_resident_u55c_kernel:level0_i/ulp/vws_res_1/inst:vws_res_1} -file kernel_util_routed.rpt -name kernel_util_routed -json
| Design       : level0_wrapper
| Device       : xcu55c
| Design State : Routed
-----------------------------------------------------------------------------------------------------------------------------------------------------------------------------------------------------------------------------------------------------------------------------------------------------------------------------------------------------------------------------------------------------------------------------------------------------------------------------------------------------------------------------------------------------------------------------------------------------------------------------------------------------------------------------------------------------------------------------------------------------------------------------

Accelerator Utilization Design Information

Table of Contents
-----------------
1. System Utilization

1. System Utilization
---------------------

+---------------------------------------+-------------------+------------------+-------------------+----------------+---------------+----------------+
| Name                                  | LUT               | LUTAsMem         | REG               | BRAM           | URAM          | DSP            |
+---------------------------------------+-------------------+------------------+-------------------+----------------+---------------+----------------+
| Platform                              |  138932 [ 10.66%] |  13598 [  2.26%] |  197780 [  7.59%] |  200 [  9.92%] |   0 [  0.00%] |    4 [  0.04%] |
| User Budget                           | 1164748 [100.00%] | 587362 [100.00%] | 2409580 [100.00%] | 1816 [100.00%] | 960 [100.00%] | 9020 [100.00%] |
|    Used Resources                     |  112490 [  9.66%] |  49549 [  8.44%] |  124590 [  5.17%] |  148 [  8.15%] |   4 [  0.42%] |  805 [  8.92%] |
|    Unused Resources                   | 1052258 [ 90.34%] | 537813 [ 91.56%] | 2284990 [ 94.83%] | 1668 [ 91.85%] | 956 [ 99.58%] | 8215 [ 91.08%] |
| score_mask_scale_resident_u55c_kernel |    7210 [  0.62%] |   3478 [  0.59%] |    6264 [  0.26%] |    3 [  0.17%] |   0 [  0.00%] |   68 [  0.75%] |
|    sms_res_1                          |    7210 [  0.62%] |   3478 [  0.59%] |    6264 [  0.26%] |    3 [  0.17%] |   0 [  0.00%] |   68 [  0.75%] |
| score_mask_scale_u55c_kernel          |    8663 [  0.74%] |   3666 [  0.62%] |    9985 [  0.41%] |   23 [  1.27%] |   0 [  0.00%] |   67 [  0.74%] |
|    score_mask_scale_u55c_kernel_1     |    8663 [  0.74%] |   3666 [  0.62%] |    9985 [  0.41%] |   23 [  1.27%] |   0 [  0.00%] |   67 [  0.74%] |
| softmax_full_row_resident_u55c_kernel |    4680 [  0.40%] |    595 [  0.10%] |    4362 [  0.18%] |    1 [  0.06%] |   2 [  0.21%] |   11 [  0.12%] |
|    sfr_res_1                          |    4680 [  0.40%] |    595 [  0.10%] |    4362 [  0.18%] |    1 [  0.06%] |   2 [  0.21%] |   11 [  0.12%] |
| softmax_full_row_u55c_kernel          |    5738 [  0.49%] |    759 [  0.13%] |    7113 [  0.30%] |   16 [  0.88%] |   2 [  0.21%] |    9 [  0.10%] |
|    softmax_full_row_u55c_kernel_1     |    5738 [  0.49%] |    759 [  0.13%] |    7113 [  0.30%] |   16 [  0.88%] |   2 [  0.21%] |    9 [  0.10%] |
| softmax_u55c_kernel                   |    5681 [  0.49%] |    786 [  0.13%] |    7060 [  0.29%] |   16 [  0.88%] |   0 [  0.00%] |    9 [  0.10%] |
|    softmax_u55c_kernel_1              |    5681 [  0.49%] |    786 [  0.13%] |    7060 [  0.29%] |   16 [  0.88%] |   0 [  0.00%] |    9 [  0.10%] |
| v_weighted_sum_resident_u55c_kernel   |   39696 [  3.41%] |  20150 [  3.43%] |   43531 [  1.81%] |   34 [  1.87%] |   0 [  0.00%] |  321 [  3.56%] |
|    vws_res_1                          |   39696 [  3.41%] |  20150 [  3.43%] |   43531 [  1.81%] |   34 [  1.87%] |   0 [  0.00%] |  321 [  3.56%] |
| v_weighted_sum_u55c_kernel            |   40822 [  3.50%] |  20115 [  3.42%] |   46275 [  1.92%] |   55 [  3.03%] |   0 [  0.00%] |  320 [  3.55%] |
|    v_weighted_sum_u55c_kernel_1       |   40822 [  3.50%] |  20115 [  3.42%] |   46275 [  1.92%] |   55 [  3.03%] |   0 [  0.00%] |  320 [  3.55%] |
+---------------------------------------+-------------------+------------------+-------------------+----------------+---------------+----------------+


