Copyright 1986-2022 Xilinx, Inc. All Rights Reserved.
------------------------------------------------------------------------------------------------------------------------------------------------------------------------------------------------------------------------------------------------------------------------------------------------------------------------------------------------------
| Tool Version : Vivado v.2022.2 (lin64) Build 3671981 Fri Oct 14 04:59:54 MDT 2022
| Date         : Wed May  6 12:01:24 2026
| Host         : advent running 64-bit Ubuntu 20.04.6 LTS
| Command      : report_accelerator_utilization -kernels { softmax_full_row_resident_u55c_kernel:level0_i/ulp/sfr_res_1/inst:sfr_res_1 score_mask_scale_resident_u55c_kernel:level0_i/ulp/sms_res_1/inst:sms_res_1 v_weighted_sum_multik_u55c_kernel:level0_i/ulp/vws_mk_1/inst:vws_mk_1} -file kernel_util_placed.rpt -name kernel_util_placed -json
| Design       : level0_wrapper
| Device       : xcu55c
| Design State : Fully Placed
------------------------------------------------------------------------------------------------------------------------------------------------------------------------------------------------------------------------------------------------------------------------------------------------------------------------------------------------------

Accelerator Utilization Design Information

Table of Contents
-----------------
1. System Utilization

1. System Utilization
---------------------

+---------------------------------------+-------------------+------------------+-------------------+----------------+---------------+----------------+
| Name                                  | LUT               | LUTAsMem         | REG               | BRAM           | URAM          | DSP            |
+---------------------------------------+-------------------+------------------+-------------------+----------------+---------------+----------------+
| Platform                              |  126849 [  9.73%] |   9759 [  1.62%] |  174902 [  6.71%] |  198 [  9.82%] |   0 [  0.00%] |    4 [  0.04%] |
| User Budget                           | 1176831 [100.00%] | 591201 [100.00%] | 2432458 [100.00%] | 1818 [100.00%] | 960 [100.00%] | 9020 [100.00%] |
|    Used Resources                     |   88380 [  7.51%] |   6980 [  1.18%] |  163180 [  6.71%] |   13 [  0.72%] |   2 [  0.21%] |  739 [  8.19%] |
|    Unused Resources                   | 1088451 [ 92.49%] | 584221 [ 98.82%] | 2269278 [ 93.29%] | 1805 [ 99.28%] | 958 [ 99.79%] | 8281 [ 91.81%] |
| score_mask_scale_resident_u55c_kernel |    7209 [  0.61%] |   3478 [  0.59%] |    6211 [  0.26%] |    3 [  0.17%] |   0 [  0.00%] |   68 [  0.75%] |
|    sms_res_1                          |    7209 [  0.61%] |   3478 [  0.59%] |    6211 [  0.26%] |    3 [  0.17%] |   0 [  0.00%] |   68 [  0.75%] |
| softmax_full_row_resident_u55c_kernel |    4681 [  0.40%] |    595 [  0.10%] |    4362 [  0.18%] |    1 [  0.06%] |   2 [  0.21%] |   11 [  0.12%] |
|    sfr_res_1                          |    4681 [  0.40%] |    595 [  0.10%] |    4362 [  0.18%] |    1 [  0.06%] |   2 [  0.21%] |   11 [  0.12%] |
| v_weighted_sum_multik_u55c_kernel     |   76490 [  6.50%] |   2907 [  0.49%] |  152607 [  6.27%] |    9 [  0.50%] |   0 [  0.00%] |  660 [  7.32%] |
|    vws_mk_1                           |   76490 [  6.50%] |   2907 [  0.49%] |  152607 [  6.27%] |    9 [  0.50%] |   0 [  0.00%] |  660 [  7.32%] |
+---------------------------------------+-------------------+------------------+-------------------+----------------+---------------+----------------+


