Copyright 1986-2022 Xilinx, Inc. All Rights Reserved.
------------------------------------------------------------------------------------------------------------------------------------------------------------------------------------------------------------------------------------------------------------------------------------------------------------------------------------------------------
| Tool Version : Vivado v.2022.2 (lin64) Build 3671981 Fri Oct 14 04:59:54 MDT 2022
| Date         : Wed May  6 13:28:24 2026
| Host         : advent running 64-bit Ubuntu 20.04.6 LTS
| Command      : report_accelerator_utilization -kernels { softmax_full_row_resident_u55c_kernel:level0_i/ulp/sfr_res_1/inst:sfr_res_1 score_mask_scale_resident_u55c_kernel:level0_i/ulp/sms_res_1/inst:sms_res_1 v_weighted_sum_multik_u55c_kernel:level0_i/ulp/vws_mk_1/inst:vws_mk_1} -file kernel_util_placed.rpt -name kernel_util_placed -json
| Design       : level0_wrapper
| Device       : xcu55c
| Design State : Fully Placed
------------------------------------------------------------------------------------------------------------------------------------------------------------------------------------------------------------------------------------------------------------------------------------------------------------------------------------------------------

Accelerator Utilization Design Information

Table of Contents
-----------------
1. System Utilization

1. System Utilization
---------------------

+---------------------------------------+-------------------+------------------+-------------------+----------------+---------------+----------------+
| Name                                  | LUT               | LUTAsMem         | REG               | BRAM           | URAM          | DSP            |
+---------------------------------------+-------------------+------------------+-------------------+----------------+---------------+----------------+
| Platform                              |  126868 [  9.73%] |   9759 [  1.62%] |  174892 [  6.71%] |  198 [  9.82%] |   0 [  0.00%] |    4 [  0.04%] |
| User Budget                           | 1176812 [100.00%] | 591201 [100.00%] | 2432468 [100.00%] | 1818 [100.00%] | 960 [100.00%] | 9020 [100.00%] |
|    Used Resources                     |   72952 [  6.20%] |   5883 [  1.00%] |  131485 [  5.41%] |    9 [  0.50%] |   2 [  0.21%] |  419 [  4.65%] |
|    Unused Resources                   | 1103860 [ 93.80%] | 585318 [ 99.00%] | 2300983 [ 94.59%] | 1809 [ 99.50%] | 958 [ 99.79%] | 8601 [ 95.35%] |
| score_mask_scale_resident_u55c_kernel |    7225 [  0.61%] |   3478 [  0.59%] |    6210 [  0.26%] |    3 [  0.17%] |   0 [  0.00%] |   68 [  0.75%] |
|    sms_res_1                          |    7225 [  0.61%] |   3478 [  0.59%] |    6210 [  0.26%] |    3 [  0.17%] |   0 [  0.00%] |   68 [  0.75%] |
| softmax_full_row_resident_u55c_kernel |    4705 [  0.40%] |    595 [  0.10%] |    4369 [  0.18%] |    1 [  0.06%] |   2 [  0.21%] |   11 [  0.12%] |
|    sfr_res_1                          |    4705 [  0.40%] |    595 [  0.10%] |    4369 [  0.18%] |    1 [  0.06%] |   2 [  0.21%] |   11 [  0.12%] |
| v_weighted_sum_multik_u55c_kernel     |   61022 [  5.19%] |   1810 [  0.31%] |  120906 [  4.97%] |    5 [  0.28%] |   0 [  0.00%] |  340 [  3.77%] |
|    vws_mk_1                           |   61022 [  5.19%] |   1810 [  0.31%] |  120906 [  4.97%] |    5 [  0.28%] |   0 [  0.00%] |  340 [  3.77%] |
+---------------------------------------+-------------------+------------------+-------------------+----------------+---------------+----------------+


