Copyright 1986-2022 Xilinx, Inc. All Rights Reserved.
------------------------------------------------------------------------------------------------------------------------------------------------------------------------------------------------------------------------------------------------------------------------------------------------------------------------------------------------------
| Tool Version : Vivado v.2022.2 (lin64) Build 3671981 Fri Oct 14 04:59:54 MDT 2022
| Date         : Wed May  6 21:52:38 2026
| Host         : advent running 64-bit Ubuntu 20.04.6 LTS
| Command      : report_accelerator_utilization -kernels { softmax_full_row_resident_u55c_kernel:level0_i/ulp/sfr_res_1/inst:sfr_res_1 score_mask_scale_resident_u55c_kernel:level0_i/ulp/sms_res_1/inst:sms_res_1 v_weighted_sum_multik_u55c_kernel:level0_i/ulp/vws_mk_1/inst:vws_mk_1} -file kernel_util_routed.rpt -name kernel_util_routed -json
| Design       : level0_wrapper
| Device       : xcu55c
| Design State : Routed
------------------------------------------------------------------------------------------------------------------------------------------------------------------------------------------------------------------------------------------------------------------------------------------------------------------------------------------------------

Accelerator Utilization Design Information

Table of Contents
-----------------
1. System Utilization

1. System Utilization
---------------------

+---------------------------------------+-------------------+------------------+-------------------+----------------+---------------+----------------+
| Name                                  | LUT               | LUTAsMem         | REG               | BRAM           | URAM          | DSP            |
+---------------------------------------+-------------------+------------------+-------------------+----------------+---------------+----------------+
| Platform                              |  126893 [  9.73%] |   9759 [  1.62%] |  174896 [  6.71%] |  198 [  9.82%] |   0 [  0.00%] |    4 [  0.04%] |
| User Budget                           | 1176787 [100.00%] | 591201 [100.00%] | 2432464 [100.00%] | 1818 [100.00%] | 960 [100.00%] | 9020 [100.00%] |
|    Used Resources                     |   43772 [  3.72%] |  17100 [  2.89%] |   65133 [  2.68%] |    9 [  0.50%] |   2 [  0.21%] |  251 [  2.78%] |
|    Unused Resources                   | 1133015 [ 96.28%] | 574101 [ 97.11%] | 2367331 [ 97.32%] | 1809 [ 99.50%] | 958 [ 99.79%] | 8769 [ 97.22%] |
| score_mask_scale_resident_u55c_kernel |    7212 [  0.61%] |   3478 [  0.59%] |    6223 [  0.26%] |    3 [  0.17%] |   0 [  0.00%] |   68 [  0.75%] |
|    sms_res_1                          |    7212 [  0.61%] |   3478 [  0.59%] |    6223 [  0.26%] |    3 [  0.17%] |   0 [  0.00%] |   68 [  0.75%] |
| softmax_full_row_resident_u55c_kernel |    4679 [  0.40%] |    595 [  0.10%] |    4362 [  0.18%] |    1 [  0.06%] |   2 [  0.21%] |   11 [  0.12%] |
|    sfr_res_1                          |    4679 [  0.40%] |    595 [  0.10%] |    4362 [  0.18%] |    1 [  0.06%] |   2 [  0.21%] |   11 [  0.12%] |
| v_weighted_sum_multik_u55c_kernel     |   31881 [  2.71%] |  13027 [  2.20%] |   54548 [  2.24%] |    5 [  0.28%] |   0 [  0.00%] |  172 [  1.91%] |
|    vws_mk_1                           |   31881 [  2.71%] |  13027 [  2.20%] |   54548 [  2.24%] |    5 [  0.28%] |   0 [  0.00%] |  172 [  1.91%] |
+---------------------------------------+-------------------+------------------+-------------------+----------------+---------------+----------------+


