Copyright 1986-2022 Xilinx, Inc. All Rights Reserved.
------------------------------------------------------------------------------------------
| Tool Version : Vivado v.2022.2 (lin64) Build 3671981 Fri Oct 14 04:59:54 MDT 2022
| Date         : Wed May  6 12:01:39 2026
| Host         : advent running 64-bit Ubuntu 20.04.6 LTS
| Command      : report_utilization -slr -file slr_util_placed.rpt -pb slr_util_placed.pb
| Design       : level0_wrapper
| Device       : xcu55c-fsvh2892-2L-e
| Speed File   : -2L
| Design State : Fully Placed
------------------------------------------------------------------------------------------

Utilization Design Information

Table of Contents
-----------------
1. SLR Connectivity
2. SLR Connectivity Matrix
3. SLR CLB Logic and Dedicated Block Utilization
4. SLR IO Utilization

1. SLR Connectivity
-------------------

+----------------------------------+-------+-------+-----------+-------+
|                                  |  Used | Fixed | Available | Util% |
+----------------------------------+-------+-------+-----------+-------+
| SLR2 <-> SLR1                    |  5111 |       |     23040 | 22.18 |
|   SLR1 -> SLR2                   |  2589 |       |           | 11.24 |
|     Using TX_REG only            |     0 |     0 |           |       |
|     Using RX_REG only            |     0 |     0 |           |       |
|     Using Both TX_REG and RX_REG |     0 |     0 |           |       |
|   SLR2 -> SLR1                   |  2522 |       |           | 10.95 |
|     Using TX_REG only            |     0 |     0 |           |       |
|     Using RX_REG only            |     0 |     0 |           |       |
|     Using Both TX_REG and RX_REG |     0 |     0 |           |       |
| SLR1 <-> SLR0                    |  5325 |       |     23040 | 23.11 |
|   SLR0 -> SLR1                   |  2768 |       |           | 12.01 |
|     Using TX_REG only            |     0 |     0 |           |       |
|     Using RX_REG only            |     0 |     0 |           |       |
|     Using Both TX_REG and RX_REG |     0 |     0 |           |       |
|   SLR1 -> SLR0                   |  2557 |       |           | 11.10 |
|     Using TX_REG only            |     0 |     0 |           |       |
|     Using RX_REG only            |     0 |     0 |           |       |
|     Using Both TX_REG and RX_REG |     0 |     0 |           |       |
+----------------------------------+-------+-------+-----------+-------+
| Total SLLs Used                  | 10436 |       |           |       |
+----------------------------------+-------+-------+-----------+-------+


2. SLR Connectivity Matrix
--------------------------

+-----------+------+------+------+
| FROM \ TO | SLR2 | SLR1 | SLR0 |
+-----------+------+------+------+
| SLR2      |    0 | 2419 |  103 |
| SLR1      | 2525 |    0 | 2454 |
| SLR0      |   64 | 2704 |    0 |
+-----------+------+------+------+


3. SLR CLB Logic and Dedicated Block Utilization
------------------------------------------------

+----------------------------+--------+-------+-------+--------+--------+--------+
|          Site Type         |  SLR0  |  SLR1 |  SLR2 | SLR0 % | SLR1 % | SLR2 % |
+----------------------------+--------+-------+-------+--------+--------+--------+
| CLB                        |  31873 | 10766 |  6650 |  57.99 |  19.94 |  12.31 |
|   CLBL                     |  16432 |  5802 |  3430 |  56.12 |  19.82 |  11.71 |
|   CLBM                     |  15441 |  4964 |  3220 |  60.13 |  20.08 |  13.03 |
| CLB LUTs                   | 127382 | 62105 | 25737 |  28.97 |  14.38 |   5.96 |
|   LUT as Logic             | 115849 | 58420 | 24216 |  26.35 |  13.52 |   5.61 |
|     using O5 output only   |   1550 |   903 |   447 |   0.35 |   0.21 |   0.10 |
|     using O6 output only   |  65418 | 43692 | 17173 |  14.88 |  10.11 |   3.98 |
|     using O5 and O6        |  48881 | 13825 |  6596 |  11.12 |   3.20 |   1.53 |
|   LUT as Memory            |  11533 |  3685 |  1521 |   5.61 |   1.86 |   0.77 |
|     LUT as Distributed RAM |   7288 |  3532 |   820 |   3.55 |   1.79 |   0.41 |
|       using O5 output only |      0 |     0 |     0 |   0.00 |   0.00 |   0.00 |
|       using O6 output only |   2448 |   386 |     0 |   1.19 |   0.20 |   0.00 |
|       using O5 and O6      |   4840 |  3146 |   820 |   2.36 |   1.59 |   0.41 |
|     LUT as Shift Register  |   4245 |   153 |   701 |   2.07 |   0.08 |   0.35 |
|       using O5 output only |      0 |     0 |     0 |   0.00 |   0.00 |   0.00 |
|       using O6 output only |   3329 |    97 |   667 |   1.62 |   0.05 |   0.34 |
|       using O5 and O6      |    916 |    56 |    34 |   0.45 |   0.03 |   0.02 |
| CLB Registers              | 229458 | 72979 | 35645 |  26.09 |   8.45 |   4.13 |
| CARRY8                     |   2725 |   659 |   107 |   4.96 |   1.22 |   0.20 |
| F7 Muxes                   |   8529 |  1470 |   437 |   3.88 |   0.68 |   0.20 |
| F8 Muxes                   |   3522 |   266 |     0 |   3.20 |   0.25 |   0.00 |
| F9 Muxes                   |      0 |     0 |     0 |   0.00 |   0.00 |   0.00 |
| Block RAM Tile             |     72 |    90 |    50 |  10.71 |  13.39 |   7.44 |
|   RAMB36/FIFO              |     57 |    90 |    50 |   8.48 |  13.39 |   7.44 |
|   RAMB18                   |     30 |     0 |     0 |   2.23 |   0.00 |   0.00 |
| URAM                       |      2 |     0 |     0 |   0.63 |   0.00 |   0.00 |
| DSPs                       |    739 |     0 |     4 |  25.66 |   0.00 |   0.13 |
| Unique Control Sets        |   4585 |  3401 |  1122 |   4.17 |   3.15 |   1.04 |
+----------------------------+--------+-------+-------+--------+--------+--------+
* Note: Available Control Sets based on CLB Registers / 8


4. SLR IO Utilization
---------------------

+-----------+-----------+---------+------------+----------+------------+----------+-----+
| SLR Index | Used IOBs | (%)IOBs | Used IPADs | (%)IPADs | Used OPADs | (%)OPADs | GTs |
+-----------+-----------+---------+------------+----------+------------+----------+-----+
| SLR2      |         0 |    0.00 |          0 |     0.00 |          0 |     0.00 |   0 |
| SLR1      |         0 |    0.00 |          0 |     0.00 |          0 |     0.00 |   0 |
| SLR0      |        12 |    5.77 |          0 |     0.00 |          0 |     0.00 |  16 |
+-----------+-----------+---------+------------+----------+------------+----------+-----+
| Total     |        12 |         |          0 |          |          0 |          |  16 |
+-----------+-----------+---------+------------+----------+------------+----------+-----+


