Copyright 1986-2022 Xilinx, Inc. All Rights Reserved.
-----------------------------------------------------------------------------------------------------------------------------------------------------------------------------------------------------------------------------------------------------------------------------------------------------------------------------------------------------------------------------------------------------------------------------------------------------------------------------------------------------------------------------------------------------------------------------------------------------------------------------------------------------------------------------------------------------------------------------------------------------------------------------------------------------------------------------------------------------
| Tool Version : Vivado v.2022.2 (lin64) Build 3671981 Fri Oct 14 04:59:54 MDT 2022
| Date         : Tue May  5 20:56:08 2026
| Host         : advent running 64-bit Ubuntu 20.04.6 LTS
| Command      : report_accelerator_utilization -kernels { score_mask_scale_u55c_kernel:level0_i/ulp/score_mask_scale_u55c_kernel_1/inst:score_mask_scale_u55c_kernel_1 softmax_full_row_resident_u55c_kernel:level0_i/ulp/sfr_res_1/inst:sfr_res_1 score_mask_scale_resident_u55c_kernel:level0_i/ulp/sms_res_1/inst:sms_res_1 softmax_full_row_u55c_kernel:level0_i/ulp/softmax_full_row_u55c_kernel_1/inst:softmax_full_row_u55c_kernel_1 softmax_u55c_kernel:level0_i/ulp/softmax_u55c_kernel_1/inst:softmax_u55c_kernel_1 v_weighted_sum_u55c_kernel:level0_i/ulp/v_weighted_sum_u55c_kernel_1/inst:v_weighted_sum_u55c_kernel_1 v_weighted_sum_multik_u55c_kernel:level0_i/ulp/vws_mk_1/inst:vws_mk_1 v_weighted_sum_resident_u55c_kernel:level0_i/ulp/vws_res_1/inst:vws_res_1} -file kernel_util_synthed.rpt -name kernel_util_synthed -json
| Design       : level0_wrapper
| Device       : xcu55c
| Design State : Synthesized
-----------------------------------------------------------------------------------------------------------------------------------------------------------------------------------------------------------------------------------------------------------------------------------------------------------------------------------------------------------------------------------------------------------------------------------------------------------------------------------------------------------------------------------------------------------------------------------------------------------------------------------------------------------------------------------------------------------------------------------------------------------------------------------------------------------------------------------------------------

Accelerator Utilization Design Information

Table of Contents
-----------------
1. System Utilization

1. System Utilization
---------------------

+---------------------------------------+-------------------+------------------+-------------------+----------------+---------------+----------------+
| Name                                  | LUT               | LUTAsMem         | REG               | BRAM           | URAM          | DSP            |
+---------------------------------------+-------------------+------------------+-------------------+----------------+---------------+----------------+
| Platform                              |  161228 [ 12.37%] |  16251 [  2.70%] |  217852 [  8.36%] |  200 [  9.92%] |   0 [  0.00%] |    4 [  0.04%] |
| User Budget                           | 1142452 [100.00%] | 584709 [100.00%] | 2389508 [100.00%] | 1816 [100.00%] | 960 [100.00%] | 9020 [100.00%] |
|    Used Resources                     |  499943 [ 43.76%] |  55973 [  9.57%] |  722549 [ 30.24%] |  149 [  8.20%] |   4 [  0.42%] | 3385 [ 37.53%] |
|    Unused Resources                   |  642509 [ 56.24%] | 528736 [ 90.43%] | 1666959 [ 69.76%] | 1667 [ 91.80%] | 956 [ 99.58%] | 5635 [ 62.47%] |
| score_mask_scale_resident_u55c_kernel |    7733 [  0.68%] |   3740 [  0.64%] |    6362 [  0.27%] |    3 [  0.17%] |   0 [  0.00%] |   68 [  0.75%] |
|    sms_res_1                          |    7733 [  0.68%] |   3740 [  0.64%] |    6362 [  0.27%] |    3 [  0.17%] |   0 [  0.00%] |   68 [  0.75%] |
| score_mask_scale_u55c_kernel          |    9386 [  0.82%] |   4196 [  0.72%] |   10067 [  0.42%] |   23 [  1.27%] |   0 [  0.00%] |   67 [  0.74%] |
|    score_mask_scale_u55c_kernel_1     |    9386 [  0.82%] |   4196 [  0.72%] |   10067 [  0.42%] |   23 [  1.27%] |   0 [  0.00%] |   67 [  0.74%] |
| softmax_full_row_resident_u55c_kernel |    4951 [  0.43%] |    666 [  0.11%] |    4499 [  0.19%] |    1 [  0.06%] |   2 [  0.21%] |   11 [  0.12%] |
|    sfr_res_1                          |    4951 [  0.43%] |    666 [  0.11%] |    4499 [  0.19%] |    1 [  0.06%] |   2 [  0.21%] |   11 [  0.12%] |
| softmax_full_row_u55c_kernel          |    6288 [  0.55%] |   1101 [  0.19%] |    7225 [  0.30%] |   16 [  0.88%] |   2 [  0.21%] |    9 [  0.10%] |
|    softmax_full_row_u55c_kernel_1     |    6288 [  0.55%] |   1101 [  0.19%] |    7225 [  0.30%] |   16 [  0.88%] |   2 [  0.21%] |    9 [  0.10%] |
| softmax_u55c_kernel                   |    6241 [  0.55%] |   1125 [  0.19%] |    7196 [  0.30%] |   16 [  0.88%] |   0 [  0.00%] |    9 [  0.10%] |
|    softmax_u55c_kernel_1              |    6241 [  0.55%] |   1125 [  0.19%] |    7196 [  0.30%] |   16 [  0.88%] |   0 [  0.00%] |    9 [  0.10%] |
| v_weighted_sum_multik_u55c_kernel     |  375302 [ 32.85%] |   1400 [  0.24%] |  596554 [ 24.97%] |    1 [  0.06%] |   0 [  0.00%] | 2580 [ 28.60%] |
|    vws_mk_1                           |  375302 [ 32.85%] |   1400 [  0.24%] |  596554 [ 24.97%] |    1 [  0.06%] |   0 [  0.00%] | 2580 [ 28.60%] |
| v_weighted_sum_resident_u55c_kernel   |   44296 [  3.88%] |  21756 [  3.72%] |   43968 [  1.84%] |   34 [  1.87%] |   0 [  0.00%] |  321 [  3.56%] |
|    vws_res_1                          |   44296 [  3.88%] |  21756 [  3.72%] |   43968 [  1.84%] |   34 [  1.87%] |   0 [  0.00%] |  321 [  3.56%] |
| v_weighted_sum_u55c_kernel            |   45746 [  4.00%] |  21989 [  3.76%] |   46678 [  1.95%] |   55 [  3.03%] |   0 [  0.00%] |  320 [  3.55%] |
|    v_weighted_sum_u55c_kernel_1       |   45746 [  4.00%] |  21989 [  3.76%] |   46678 [  1.95%] |   55 [  3.03%] |   0 [  0.00%] |  320 [  3.55%] |
+---------------------------------------+-------------------+------------------+-------------------+----------------+---------------+----------------+


