Copyright 1986-2022 Xilinx, Inc. All Rights Reserved.
------------------------------------------------------------------------------------------
| Tool Version : Vivado v.2022.2 (lin64) Build 3671981 Fri Oct 14 04:59:54 MDT 2022
| Date         : Wed May  6 21:52:52 2026
| Host         : advent running 64-bit Ubuntu 20.04.6 LTS
| Command      : report_utilization -slr -file slr_util_routed.rpt -pb slr_util_routed.pb
| Design       : level0_wrapper
| Device       : xcu55c-fsvh2892-2L-e
| Speed File   : -2L
| Design State : Routed
------------------------------------------------------------------------------------------

Utilization Design Information

Table of Contents
-----------------
1. SLR Connectivity
2. SLR Connectivity Matrix
3. SLR CLB Logic and Dedicated Block Utilization
4. SLR IO Utilization

1. SLR Connectivity
-------------------

+----------------------------------+-------+-------+-----------+-------+
|                                  |  Used | Fixed | Available | Util% |
+----------------------------------+-------+-------+-----------+-------+
| SLR2 <-> SLR1                    |  5103 |       |     23040 | 22.15 |
|   SLR1 -> SLR2                   |  2591 |       |           | 11.25 |
|     Using TX_REG only            |     0 |     0 |           |       |
|     Using RX_REG only            |     0 |     0 |           |       |
|     Using Both TX_REG and RX_REG |     0 |     0 |           |       |
|   SLR2 -> SLR1                   |  2512 |       |           | 10.90 |
|     Using TX_REG only            |     0 |     0 |           |       |
|     Using RX_REG only            |     0 |     0 |           |       |
|     Using Both TX_REG and RX_REG |     0 |     0 |           |       |
| SLR1 <-> SLR0                    |  5401 |       |     23040 | 23.44 |
|   SLR0 -> SLR1                   |  2820 |       |           | 12.24 |
|     Using TX_REG only            |     0 |     0 |           |       |
|     Using RX_REG only            |     0 |     0 |           |       |
|     Using Both TX_REG and RX_REG |     0 |     0 |           |       |
|   SLR1 -> SLR0                   |  2581 |       |           | 11.20 |
|     Using TX_REG only            |     0 |     0 |           |       |
|     Using RX_REG only            |     0 |     0 |           |       |
|     Using Both TX_REG and RX_REG |     0 |     0 |           |       |
+----------------------------------+-------+-------+-----------+-------+
| Total SLLs Used                  | 10504 |       |           |       |
+----------------------------------+-------+-------+-----------+-------+


2. SLR Connectivity Matrix
--------------------------

+-----------+------+------+------+
| FROM \ TO | SLR2 | SLR1 | SLR0 |
+-----------+------+------+------+
| SLR2      |    0 | 2377 |  135 |
| SLR1      | 2526 |    0 | 2446 |
| SLR0      |   65 | 2755 |    0 |
+-----------+------+------+------+


3. SLR CLB Logic and Dedicated Block Utilization
------------------------------------------------

+----------------------------+--------+-------+-------+--------+--------+--------+
|          Site Type         |  SLR0  |  SLR1 |  SLR2 | SLR0 % | SLR1 % | SLR2 % |
+----------------------------+--------+-------+-------+--------+--------+--------+
| CLB                        |  25001 | 10055 |  6767 |  45.49 |  18.62 |  12.53 |
|   CLBL                     |  10934 |  5482 |  3493 |  37.34 |  18.72 |  11.93 |
|   CLBM                     |  14067 |  4573 |  3274 |  54.78 |  18.50 |  13.24 |
| CLB LUTs                   |  86770 | 58231 | 25660 |  19.73 |  13.48 |   5.94 |
|   LUT as Logic             |  65101 | 54562 | 24139 |  14.81 |  12.63 |   5.59 |
|     using O5 output only   |   1523 |   866 |   445 |   0.35 |   0.20 |   0.10 |
|     using O6 output only   |  47436 | 40416 | 17118 |  10.79 |   9.36 |   3.96 |
|     using O5 and O6        |  16142 | 13280 |  6576 |   3.67 |   3.07 |   1.52 |
|   LUT as Memory            |  21669 |  3669 |  1521 |  10.55 |   1.86 |   0.77 |
|     LUT as Distributed RAM |  17464 |  3532 |   820 |   8.50 |   1.79 |   0.41 |
|       using O5 output only |      0 |     0 |     0 |   0.00 |   0.00 |   0.00 |
|       using O6 output only |   9488 |   386 |     0 |   4.62 |   0.20 |   0.00 |
|       using O5 and O6      |   7976 |  3146 |   820 |   3.88 |   1.59 |   0.41 |
|     LUT as Shift Register  |   4205 |   137 |   701 |   2.05 |   0.07 |   0.35 |
|       using O5 output only |      0 |     0 |     0 |   0.00 |   0.00 |   0.00 |
|       using O6 output only |   3282 |    81 |   667 |   1.60 |   0.04 |   0.34 |
|       using O5 and O6      |    923 |    56 |    34 |   0.45 |   0.03 |   0.02 |
| CLB Registers              | 138054 | 66455 | 35520 |  15.70 |   7.69 |   4.11 |
| CARRY8                     |   1535 |   577 |   107 |   2.79 |   1.07 |   0.20 |
| F7 Muxes                   |   5796 |  1037 |   437 |   2.64 |   0.48 |   0.20 |
| F8 Muxes                   |   2024 |   260 |     0 |   1.84 |   0.24 |   0.00 |
| F9 Muxes                   |      0 |     0 |     0 |   0.00 |   0.00 |   0.00 |
| Block RAM Tile             |     68 |    90 |    50 |  10.12 |  13.39 |   7.44 |
|   RAMB36/FIFO              |     57 |    90 |    50 |   8.48 |  13.39 |   7.44 |
|   RAMB18                   |     22 |     0 |     0 |   1.64 |   0.00 |   0.00 |
| URAM                       |      2 |     0 |     0 |   0.63 |   0.00 |   0.00 |
| DSPs                       |    251 |     0 |     4 |   8.72 |   0.00 |   0.13 |
| Unique Control Sets        |   4192 |  3186 |  1109 |   3.81 |   2.95 |   1.03 |
+----------------------------+--------+-------+-------+--------+--------+--------+
* Note: Available Control Sets based on CLB Registers / 8


4. SLR IO Utilization
---------------------

+-----------+-----------+---------+------------+----------+------------+----------+-----+
| SLR Index | Used IOBs | (%)IOBs | Used IPADs | (%)IPADs | Used OPADs | (%)OPADs | GTs |
+-----------+-----------+---------+------------+----------+------------+----------+-----+
| SLR2      |         0 |    0.00 |          0 |     0.00 |          0 |     0.00 |   0 |
| SLR1      |         0 |    0.00 |          0 |     0.00 |          0 |     0.00 |   0 |
| SLR0      |        12 |    5.77 |          0 |     0.00 |          0 |     0.00 |  16 |
+-----------+-----------+---------+------------+----------+------------+----------+-----+
| Total     |        12 |         |          0 |          |          0 |          |  16 |
+-----------+-----------+---------+------------+----------+------------+----------+-----+


