Copyright 1986-2022 Xilinx, Inc. All Rights Reserved.
------------------------------------------------------------------------------------------
| Tool Version : Vivado v.2022.2 (lin64) Build 3671981 Fri Oct 14 04:59:54 MDT 2022
| Date         : Wed May  6 13:28:38 2026
| Host         : advent running 64-bit Ubuntu 20.04.6 LTS
| Command      : report_utilization -slr -file slr_util_placed.rpt -pb slr_util_placed.pb
| Design       : level0_wrapper
| Device       : xcu55c-fsvh2892-2L-e
| Speed File   : -2L
| Design State : Fully Placed
------------------------------------------------------------------------------------------

Utilization Design Information

Table of Contents
-----------------
1. SLR Connectivity
2. SLR Connectivity Matrix
3. SLR CLB Logic and Dedicated Block Utilization
4. SLR IO Utilization

1. SLR Connectivity
-------------------

+----------------------------------+-------+-------+-----------+-------+
|                                  |  Used | Fixed | Available | Util% |
+----------------------------------+-------+-------+-----------+-------+
| SLR2 <-> SLR1                    |  5098 |       |     23040 | 22.13 |
|   SLR1 -> SLR2                   |  2589 |       |           | 11.24 |
|     Using TX_REG only            |     0 |     0 |           |       |
|     Using RX_REG only            |     0 |     0 |           |       |
|     Using Both TX_REG and RX_REG |     0 |     0 |           |       |
|   SLR2 -> SLR1                   |  2509 |       |           | 10.89 |
|     Using TX_REG only            |     0 |     0 |           |       |
|     Using RX_REG only            |     0 |     0 |           |       |
|     Using Both TX_REG and RX_REG |     0 |     0 |           |       |
| SLR1 <-> SLR0                    |  5369 |       |     23040 | 23.30 |
|   SLR0 -> SLR1                   |  2789 |       |           | 12.11 |
|     Using TX_REG only            |     0 |     0 |           |       |
|     Using RX_REG only            |     0 |     0 |           |       |
|     Using Both TX_REG and RX_REG |     0 |     0 |           |       |
|   SLR1 -> SLR0                   |  2580 |       |           | 11.20 |
|     Using TX_REG only            |     0 |     0 |           |       |
|     Using RX_REG only            |     0 |     0 |           |       |
|     Using Both TX_REG and RX_REG |     0 |     0 |           |       |
+----------------------------------+-------+-------+-----------+-------+
| Total SLLs Used                  | 10467 |       |           |       |
+----------------------------------+-------+-------+-----------+-------+


2. SLR Connectivity Matrix
--------------------------

+-----------+------+------+------+
| FROM \ TO | SLR2 | SLR1 | SLR0 |
+-----------+------+------+------+
| SLR2      |    0 | 2406 |  103 |
| SLR1      | 2525 |    0 | 2477 |
| SLR0      |   64 | 2725 |    0 |
+-----------+------+------+------+


3. SLR CLB Logic and Dedicated Block Utilization
------------------------------------------------

+----------------------------+--------+-------+-------+--------+--------+--------+
|          Site Type         |  SLR0  |  SLR1 |  SLR2 | SLR0 % | SLR1 % | SLR2 % |
+----------------------------+--------+-------+-------+--------+--------+--------+
| CLB                        |  29174 | 10422 |  6591 |  53.08 |  19.30 |  12.21 |
|   CLBL                     |  15219 |  5651 |  3365 |  51.98 |  19.30 |  11.49 |
|   CLBM                     |  13955 |  4771 |  3226 |  54.34 |  19.30 |  13.05 |
| CLB LUTs                   | 111995 | 62046 | 25776 |  25.47 |  14.36 |   5.97 |
|   LUT as Logic             | 101558 | 58362 | 24255 |  23.10 |  13.51 |   5.61 |
|     using O5 output only   |   1539 |   906 |   448 |   0.35 |   0.21 |   0.10 |
|     using O6 output only   |  58048 | 43657 | 17195 |  13.20 |  10.11 |   3.98 |
|     using O5 and O6        |  41971 | 13799 |  6612 |   9.55 |   3.19 |   1.53 |
|   LUT as Memory            |  10437 |  3684 |  1521 |   5.08 |   1.86 |   0.77 |
|     LUT as Distributed RAM |   6264 |  3532 |   820 |   3.05 |   1.79 |   0.41 |
|       using O5 output only |      0 |     0 |     0 |   0.00 |   0.00 |   0.00 |
|       using O6 output only |   2448 |   386 |     0 |   1.19 |   0.20 |   0.00 |
|       using O5 and O6      |   3816 |  3146 |   820 |   1.86 |   1.59 |   0.41 |
|     LUT as Shift Register  |   4173 |   152 |   701 |   2.03 |   0.08 |   0.35 |
|       using O5 output only |      0 |     0 |     0 |   0.00 |   0.00 |   0.00 |
|       using O6 output only |   3250 |    96 |   667 |   1.58 |   0.05 |   0.34 |
|       using O5 and O6      |    923 |    56 |    34 |   0.45 |   0.03 |   0.02 |
| CLB Registers              | 198016 | 72601 | 35760 |  22.52 |   8.40 |   4.14 |
| CARRY8                     |   1905 |   647 |   107 |   3.47 |   1.20 |   0.20 |
| F7 Muxes                   |   8522 |  1479 |   437 |   3.88 |   0.68 |   0.20 |
| F8 Muxes                   |   3522 |   266 |     0 |   3.20 |   0.25 |   0.00 |
| F9 Muxes                   |      0 |     0 |     0 |   0.00 |   0.00 |   0.00 |
| Block RAM Tile             |     68 |    90 |    50 |  10.12 |  13.39 |   7.44 |
|   RAMB36/FIFO              |     57 |    90 |    50 |   8.48 |  13.39 |   7.44 |
|   RAMB18                   |     22 |     0 |     0 |   1.64 |   0.00 |   0.00 |
| URAM                       |      2 |     0 |     0 |   0.63 |   0.00 |   0.00 |
| DSPs                       |    419 |     0 |     4 |  14.55 |   0.00 |   0.13 |
| Unique Control Sets        |   4139 |  3386 |  1125 |   3.77 |   3.14 |   1.04 |
+----------------------------+--------+-------+-------+--------+--------+--------+
* Note: Available Control Sets based on CLB Registers / 8


4. SLR IO Utilization
---------------------

+-----------+-----------+---------+------------+----------+------------+----------+-----+
| SLR Index | Used IOBs | (%)IOBs | Used IPADs | (%)IPADs | Used OPADs | (%)OPADs | GTs |
+-----------+-----------+---------+------------+----------+------------+----------+-----+
| SLR2      |         0 |    0.00 |          0 |     0.00 |          0 |     0.00 |   0 |
| SLR1      |         0 |    0.00 |          0 |     0.00 |          0 |     0.00 |   0 |
| SLR0      |        12 |    5.77 |          0 |     0.00 |          0 |     0.00 |  16 |
+-----------+-----------+---------+------------+----------+------------+----------+-----+
| Total     |        12 |         |          0 |          |          0 |          |  16 |
+-----------+-----------+---------+------------+----------+------------+----------+-----+


