Copyright 1986-2022 Xilinx, Inc. All Rights Reserved.
--------------------------------------------------------------------------------------------------------------------------------------------------------------------------------------------------------------------------------------------------------------------------------------------------------------------------------------------------------
| Tool Version : Vivado v.2022.2 (lin64) Build 3671981 Fri Oct 14 04:59:54 MDT 2022
| Date         : Wed May  6 11:38:04 2026
| Host         : advent running 64-bit Ubuntu 20.04.6 LTS
| Command      : report_accelerator_utilization -kernels { softmax_full_row_resident_u55c_kernel:level0_i/ulp/sfr_res_1/inst:sfr_res_1 score_mask_scale_resident_u55c_kernel:level0_i/ulp/sms_res_1/inst:sms_res_1 v_weighted_sum_multik_u55c_kernel:level0_i/ulp/vws_mk_1/inst:vws_mk_1} -file kernel_util_synthed.rpt -name kernel_util_synthed -json
| Design       : level0_wrapper
| Device       : xcu55c
| Design State : Synthesized
--------------------------------------------------------------------------------------------------------------------------------------------------------------------------------------------------------------------------------------------------------------------------------------------------------------------------------------------------------

Accelerator Utilization Design Information

Table of Contents
-----------------
1. System Utilization

1. System Utilization
---------------------

+---------------------------------------+-------------------+------------------+-------------------+----------------+---------------+----------------+
| Name                                  | LUT               | LUTAsMem         | REG               | BRAM           | URAM          | DSP            |
+---------------------------------------+-------------------+------------------+-------------------+----------------+---------------+----------------+
| Platform                              |  142939 [ 10.96%] |  11355 [  1.89%] |  181986 [  6.98%] |  198 [  9.82%] |   0 [  0.00%] |    4 [  0.04%] |
| User Budget                           | 1160741 [100.00%] | 589605 [100.00%] | 2425374 [100.00%] | 1818 [100.00%] | 960 [100.00%] | 9020 [100.00%] |
|    Used Resources                     |   97931 [  8.44%] |   9649 [  1.64%] |  163938 [  6.76%] |   13 [  0.72%] |   2 [  0.21%] |  739 [  8.19%] |
|    Unused Resources                   | 1062810 [ 91.56%] | 579956 [ 98.36%] | 2261436 [ 93.24%] | 1805 [ 99.28%] | 958 [ 99.79%] | 8281 [ 91.81%] |
| score_mask_scale_resident_u55c_kernel |    7733 [  0.67%] |   3740 [  0.63%] |    6362 [  0.26%] |    3 [  0.17%] |   0 [  0.00%] |   68 [  0.75%] |
|    sms_res_1                          |    7733 [  0.67%] |   3740 [  0.63%] |    6362 [  0.26%] |    3 [  0.17%] |   0 [  0.00%] |   68 [  0.75%] |
| softmax_full_row_resident_u55c_kernel |    4951 [  0.43%] |    666 [  0.11%] |    4499 [  0.19%] |    1 [  0.06%] |   2 [  0.21%] |   11 [  0.12%] |
|    sfr_res_1                          |    4951 [  0.43%] |    666 [  0.11%] |    4499 [  0.19%] |    1 [  0.06%] |   2 [  0.21%] |   11 [  0.12%] |
| v_weighted_sum_multik_u55c_kernel     |   85247 [  7.34%] |   5243 [  0.89%] |  153077 [  6.31%] |    9 [  0.50%] |   0 [  0.00%] |  660 [  7.32%] |
|    vws_mk_1                           |   85247 [  7.34%] |   5243 [  0.89%] |  153077 [  6.31%] |    9 [  0.50%] |   0 [  0.00%] |  660 [  7.32%] |
+---------------------------------------+-------------------+------------------+-------------------+----------------+---------------+----------------+


