Copyright 1986-2022 Xilinx, Inc. All Rights Reserved.
------------------------------------------------------------------------------------------
| Tool Version : Vivado v.2022.2 (lin64) Build 3671981 Fri Oct 14 04:59:54 MDT 2022
| Date         : Sun May  3 18:38:11 2026
| Host         : advent running 64-bit Ubuntu 20.04.6 LTS
| Command      : report_utilization -slr -file slr_util_routed.rpt -pb slr_util_routed.pb
| Design       : level0_wrapper
| Device       : xcu55c-fsvh2892-2L-e
| Speed File   : -2L
| Design State : Routed
------------------------------------------------------------------------------------------

Utilization Design Information

Table of Contents
-----------------
1. SLR Connectivity
2. SLR Connectivity Matrix
3. SLR CLB Logic and Dedicated Block Utilization
4. SLR IO Utilization

1. SLR Connectivity
-------------------

+----------------------------------+-------+-------+-----------+-------+
|                                  |  Used | Fixed | Available | Util% |
+----------------------------------+-------+-------+-----------+-------+
| SLR2 <-> SLR1                    |  5109 |       |     23040 | 22.17 |
|   SLR1 -> SLR2                   |  2591 |       |           | 11.25 |
|     Using TX_REG only            |     0 |     0 |           |       |
|     Using RX_REG only            |     0 |     0 |           |       |
|     Using Both TX_REG and RX_REG |     0 |     0 |           |       |
|   SLR2 -> SLR1                   |  2518 |       |           | 10.93 |
|     Using TX_REG only            |     0 |     0 |           |       |
|     Using RX_REG only            |     0 |     0 |           |       |
|     Using Both TX_REG and RX_REG |     0 |     0 |           |       |
| SLR1 <-> SLR0                    |  5374 |       |     23040 | 23.32 |
|   SLR0 -> SLR1                   |  2796 |       |           | 12.14 |
|     Using TX_REG only            |     0 |     0 |           |       |
|     Using RX_REG only            |     0 |     0 |           |       |
|     Using Both TX_REG and RX_REG |     0 |     0 |           |       |
|   SLR1 -> SLR0                   |  2578 |       |           | 11.19 |
|     Using TX_REG only            |     0 |     0 |           |       |
|     Using RX_REG only            |     0 |     0 |           |       |
|     Using Both TX_REG and RX_REG |     0 |     0 |           |       |
+----------------------------------+-------+-------+-----------+-------+
| Total SLLs Used                  | 10483 |       |           |       |
+----------------------------------+-------+-------+-----------+-------+


2. SLR Connectivity Matrix
--------------------------

+-----------+------+------+------+
| FROM \ TO | SLR2 | SLR1 | SLR0 |
+-----------+------+------+------+
| SLR2      |    0 | 2415 |  103 |
| SLR1      | 2526 |    0 | 2475 |
| SLR0      |   65 | 2731 |    0 |
+-----------+------+------+------+


3. SLR CLB Logic and Dedicated Block Utilization
------------------------------------------------

+----------------------------+--------+-------+-------+--------+--------+--------+
|          Site Type         |  SLR0  |  SLR1 |  SLR2 | SLR0 % | SLR1 % | SLR2 % |
+----------------------------+--------+-------+-------+--------+--------+--------+
| CLB                        |  23044 | 11531 |  7209 |  41.93 |  21.35 |  13.35 |
|   CLBL                     |  11600 |  6373 |  3722 |  39.62 |  21.77 |  12.71 |
|   CLBM                     |  11444 |  5158 |  3487 |  44.56 |  20.87 |  14.11 |
| CLB LUTs                   | 108933 | 62063 | 25506 |  24.78 |  14.37 |   5.90 |
|   LUT as Logic             |  75947 | 58378 | 23981 |  17.27 |  13.51 |   5.55 |
|     using O5 output only   |   1695 |   916 |   438 |   0.39 |   0.21 |   0.10 |
|     using O6 output only   |  52278 | 43665 | 17032 |  11.89 |  10.11 |   3.94 |
|     using O5 and O6        |  21974 | 13797 |  6511 |   5.00 |   3.19 |   1.51 |
|   LUT as Memory            |  32986 |  3685 |  1525 |  16.06 |   1.86 |   0.77 |
|     LUT as Distributed RAM |   8981 |  3532 |   820 |   4.37 |   1.79 |   0.41 |
|       using O5 output only |      0 |     0 |     0 |   0.00 |   0.00 |   0.00 |
|       using O6 output only |   2527 |   386 |     4 |   1.23 |   0.20 |  <0.01 |
|       using O5 and O6      |   6454 |  3146 |   816 |   3.14 |   1.59 |   0.41 |
|     LUT as Shift Register  |  24005 |   153 |   705 |  11.68 |   0.08 |   0.36 |
|       using O5 output only |      0 |     0 |     0 |   0.00 |   0.00 |   0.00 |
|       using O6 output only |  20696 |    97 |   671 |  10.07 |   0.05 |   0.34 |
|       using O5 and O6      |   3309 |    56 |    34 |   1.61 |   0.03 |   0.02 |
| CLB Registers              | 152896 | 72691 | 35272 |  17.39 |   8.41 |   4.08 |
| CARRY8                     |   2038 |   647 |   107 |   3.71 |   1.20 |   0.20 |
| F7 Muxes                   |   2467 |  1478 |   437 |   1.12 |   0.68 |   0.20 |
| F8 Muxes                   |    453 |   266 |     0 |   0.41 |   0.25 |   0.00 |
| F9 Muxes                   |      0 |     0 |     0 |   0.00 |   0.00 |   0.00 |
| Block RAM Tile             |  186.5 |    90 |    50 |  27.75 |  13.39 |   7.44 |
|   RAMB36/FIFO              |    161 |    90 |    50 |  23.96 |  13.39 |   7.44 |
|   RAMB18                   |     51 |     0 |     0 |   3.79 |   0.00 |   0.00 |
| URAM                       |      2 |     0 |     0 |   0.63 |   0.00 |   0.00 |
| DSPs                       |    405 |     0 |     4 |  14.06 |   0.00 |   0.13 |
| Unique Control Sets        |   4015 |  3395 |  1104 |   3.65 |   3.14 |   1.02 |
+----------------------------+--------+-------+-------+--------+--------+--------+
* Note: Available Control Sets based on CLB Registers / 8


4. SLR IO Utilization
---------------------

+-----------+-----------+---------+------------+----------+------------+----------+-----+
| SLR Index | Used IOBs | (%)IOBs | Used IPADs | (%)IPADs | Used OPADs | (%)OPADs | GTs |
+-----------+-----------+---------+------------+----------+------------+----------+-----+
| SLR2      |         0 |    0.00 |          0 |     0.00 |          0 |     0.00 |   0 |
| SLR1      |         0 |    0.00 |          0 |     0.00 |          0 |     0.00 |   0 |
| SLR0      |        12 |    5.77 |          0 |     0.00 |          0 |     0.00 |  16 |
+-----------+-----------+---------+------------+----------+------------+----------+-----+
| Total     |        12 |         |          0 |          |          0 |          |  16 |
+-----------+-----------+---------+------------+----------+------------+----------+-----+


