Copyright 1986-2022 Xilinx, Inc. All Rights Reserved.
-------------------------------------------------------------------------------------------------------------------------------------------------------------------------------------------------------------------------------------------------------------------------------------------------------------------------------------------------------------------------------------------------------------------------------------------------------------------------------------------------------------------------------------------
| Tool Version : Vivado v.2022.2 (lin64) Build 3671981 Fri Oct 14 04:59:54 MDT 2022
| Date         : Mon May  4 12:28:14 2026
| Host         : advent running 64-bit Ubuntu 20.04.6 LTS
| Command      : report_accelerator_utilization -kernels { score_mask_scale_u55c_kernel:level0_i/ulp/score_mask_scale_u55c_kernel_1/inst:score_mask_scale_u55c_kernel_1 softmax_full_row_u55c_kernel:level0_i/ulp/softmax_full_row_u55c_kernel_1/inst:softmax_full_row_u55c_kernel_1 softmax_u55c_kernel:level0_i/ulp/softmax_u55c_kernel_1/inst:softmax_u55c_kernel_1 v_weighted_sum_u55c_kernel:level0_i/ulp/v_weighted_sum_u55c_kernel_1/inst:v_weighted_sum_u55c_kernel_1} -file kernel_util_routed.rpt -name kernel_util_routed -json
| Design       : level0_wrapper
| Device       : xcu55c
| Design State : Routed
-------------------------------------------------------------------------------------------------------------------------------------------------------------------------------------------------------------------------------------------------------------------------------------------------------------------------------------------------------------------------------------------------------------------------------------------------------------------------------------------------------------------------------------------

Accelerator Utilization Design Information

Table of Contents
-----------------
1. System Utilization

1. System Utilization
---------------------

+-----------------------------------+-------------------+------------------+-------------------+----------------+---------------+----------------+
| Name                              | LUT               | LUTAsMem         | REG               | BRAM           | URAM          | DSP            |
+-----------------------------------+-------------------+------------------+-------------------+----------------+---------------+----------------+
| Platform                          |  130671 [ 10.02%] |  11634 [  1.94%] |  182987 [  7.02%] |  198 [  9.82%] |   0 [  0.00%] |    4 [  0.04%] |
| User Budget                       | 1173009 [100.00%] | 589326 [100.00%] | 2424373 [100.00%] | 1818 [100.00%] | 960 [100.00%] | 9020 [100.00%] |
|    Used Resources                 |   60983 [  5.20%] |  25326 [  4.30%] |   70401 [  2.90%] |  110 [  6.05%] |   2 [  0.21%] |  405 [  4.49%] |
|    Unused Resources               | 1112026 [ 94.80%] | 564000 [ 95.70%] | 2353972 [ 97.10%] | 1708 [ 93.95%] | 958 [ 99.79%] | 8615 [ 95.51%] |
| score_mask_scale_u55c_kernel      |    8707 [  0.74%] |   3666 [  0.62%] |    9947 [  0.41%] |   23 [  1.27%] |   0 [  0.00%] |   67 [  0.74%] |
|    score_mask_scale_u55c_kernel_1 |    8707 [  0.74%] |   3666 [  0.62%] |    9947 [  0.41%] |   23 [  1.27%] |   0 [  0.00%] |   67 [  0.74%] |
| softmax_full_row_u55c_kernel      |    5750 [  0.49%] |    759 [  0.13%] |    7100 [  0.29%] |   16 [  0.88%] |   2 [  0.21%] |    9 [  0.10%] |
|    softmax_full_row_u55c_kernel_1 |    5750 [  0.49%] |    759 [  0.13%] |    7100 [  0.29%] |   16 [  0.88%] |   2 [  0.21%] |    9 [  0.10%] |
| softmax_u55c_kernel               |    5687 [  0.48%] |    786 [  0.13%] |    7076 [  0.29%] |   16 [  0.88%] |   0 [  0.00%] |    9 [  0.10%] |
|    softmax_u55c_kernel_1          |    5687 [  0.48%] |    786 [  0.13%] |    7076 [  0.29%] |   16 [  0.88%] |   0 [  0.00%] |    9 [  0.10%] |
| v_weighted_sum_u55c_kernel        |   40839 [  3.48%] |  20115 [  3.41%] |   46278 [  1.91%] |   55 [  3.03%] |   0 [  0.00%] |  320 [  3.55%] |
|    v_weighted_sum_u55c_kernel_1   |   40839 [  3.48%] |  20115 [  3.41%] |   46278 [  1.91%] |   55 [  3.03%] |   0 [  0.00%] |  320 [  3.55%] |
+-----------------------------------+-------------------+------------------+-------------------+----------------+---------------+----------------+


